 
SCALAR_VEC
 
0.5808000000000001 0.5830000000000002 0.6270000000000002 0.6292000000000002

real	0m1.156s
user	0m1.209s
sys	0m0.096s
 
46.0284 46.03060000000001 50.20620000000001 50.2084

real	0m0.745s
user	0m0.790s
sys	0m0.104s
 
29876.5456 29876.5478 32592.58860000001 32592.59080000001

real	0m0.258s
user	0m0.603s
sys	0m0.169s
 
VEC_VEC
 
174.0387

real	0m0.395s
user	0m0.439s
sys	0m0.106s
 
9698907.6634

real	0m0.040s
user	0m0.067s
sys	0m0.050s
 
24900423491.092

real	0m0.104s
user	0m0.147s
sys	0m0.106s
 
24900741320632.73

real	0m0.145s
user	0m0.202s
sys	0m0.093s
 
2.490083360868392e+16

real	0m0.390s
user	0m0.423s
sys	0m0.116s
 
VEC_MAT
 
178.7929000000001 178.8030000000001 201.2149000000001 201.2250000000001

real	0m0.572s
user	0m0.604s
sys	0m0.117s
 
992.6821000000002 992.6922000000003 1117.3464 1117.3565

real	0m0.273s
user	0m0.596s
sys	0m0.220s
 
390.3932 390.4204 450.7772000000001 450.8044

real	0m0.702s
user	0m0.747s
sys	0m0.105s
 
2166.9797 2167.0069 2502.7093 2502.7365

real	0m0.288s
user	0m0.554s
sys	0m0.307s
 
157975690.7399001 164380665.8450001

real	0m0.124s
user	0m0.171s
sys	0m0.103s
 
27065907086.64701 28163538210.734

real	0m0.134s
user	0m0.173s
sys	0m0.110s
 
128614163.4403001 133441028.6954 138267893.9505

real	0m0.166s
user	0m0.200s
sys	0m0.116s
 
17202407856.50201 17848340807.389 18494273758.276

real	0m0.168s
user	0m0.210s
sys	0m0.107s
 
2.2266 2.2836 2.3406 2.397600000000001

real	0m0.365s
user	0m0.407s
sys	0m0.108s
 
73.52180000000001 74.6944 86.4204 87.593

real	0m0.576s
user	0m0.607s
sys	0m0.118s
 
609.1862 615.0844 774.3357999999999 780.2339999999999

real	0m0.502s
user	0m0.551s
sys	0m0.101s
 
31020069.54 31057579.08 45948866.46 45986376

real	0m0.158s
user	0m0.391s
sys	0m0.081s
 
3948765877.8095 3955170852.914599 5863853434.234401 5870258409.3395

real	0m0.138s
user	0m0.407s
sys	0m0.004s
 
629070346650.9373 630167977775.0238 934211799147.1232 935309430271.2095

real	0m0.388s
user	0m1.102s
sys	0m0.056s
 
72549439.01660001 72565446.85880004 108086848.7006 108102856.5428

real	0m0.169s
user	0m0.482s
sys	0m0.020s
 
324096005.618 324108897.3360001 483218480.8920001 483231372.6100001

real	0m0.400s
user	0m1.134s
sys	0m0.060s
 
10829665.1294 10829701.4254 15310551.5134 15310587.8094

real	0m0.450s
user	0m1.269s
sys	0m0.072s
 
107135690886253.9 108233331157374.9 147748380917734.3 148846021188855.2

real	0m0.313s
user	0m0.863s
sys	0m0.068s
 
MAT_VEC
 
178.7929000000001 178.8030000000001 201.2149000000001 201.2250000000001

real	0m0.294s
user	0m0.331s
sys	0m0.112s
 
992.6821000000002 992.6922000000003 1117.3464 1117.3565

real	0m0.258s
user	0m0.456s
sys	0m0.316s
 
390.3932 390.4204 450.7772000000001 450.8044

real	0m0.467s
user	0m0.535s
sys	0m0.081s
 
2166.9797 2167.0069 2502.7093 2502.7365

real	0m0.300s
user	0m0.664s
sys	0m0.236s
 
157975690.7399002 164380665.8449999

real	0m0.150s
user	0m0.194s
sys	0m0.105s
 
27065907086.64701 28163538210.73399

real	0m0.079s
user	0m0.201s
sys	0m0.035s
 
128614163.4403001 133441028.6954 138267893.9504999

real	0m0.171s
user	0m0.212s
sys	0m0.108s
 
17202407856.50198 17848340807.38902 18494273758.27598

real	0m0.084s
user	0m0.224s
sys	0m0.024s
 
2.2266 2.283600000000001 2.3406 2.397600000000001

real	0m0.308s
user	0m0.348s
sys	0m0.109s
 
73.52180000000001 74.6944 86.4204 87.59300000000002

real	0m0.564s
user	0m0.616s
sys	0m0.097s
 
609.1862 615.0844 774.3358000000001 780.2340000000002

real	0m0.458s
user	0m0.484s
sys	0m0.123s
 
31020069.54 31057579.08 45948866.45999999 45986376.00000001

real	0m0.319s
user	0m0.841s
sys	0m0.113s
 
3948765877.809499 3955170852.914599 5863853434.234398 5870258409.339503

real	0m0.239s
user	0m0.702s
sys	0m0.012s
 
629070346650.9357 630167977775.0227 934211799147.1244 935309430271.2021

real	0m0.548s
user	0m1.598s
sys	0m0.040s
 
72549439.01660001 72565446.85879999 108086848.7006 108102856.5428

real	0m0.174s
user	0m0.486s
sys	0m0.032s
 
324096005.618 324108897.3359999 483218480.892 483231372.6099998

real	0m0.381s
user	0m1.089s
sys	0m0.048s
 
10829665.1294 10829701.4254 15310551.5134 15310587.8094

real	0m0.331s
user	0m0.881s
sys	0m0.104s
 
107135690886258.2 108233331157375.3 147748380917735 148846021188851.3

real	0m0.860s
user	0m2.507s
sys	0m0.064s
 
OUTER
 
101.277 104.346 110.4774 113.8252

real	0m4.072s
user	0m4.129s
sys	0m0.092s
 
96.84840000000001 99.04950000000002 108.045 110.446

real	0m3.944s
user	0m3.978s
sys	0m0.116s
 
94.13800000000002 95.84960000000002 106.419 108.286

real	0m3.289s
user	0m3.338s
sys	0m0.100s
 
14.5684 14.5728 16.60140000000001 16.606

real	0m1.557s
user	0m1.610s
sys	0m0.096s
 
10.164 10.2025 11.913 11.9548

real	0m1.194s
user	0m1.247s
sys	0m0.096s
 
955.9242 956.3004 1135.8438 1136.254

real	0m0.942s
user	0m0.984s
sys	0m0.108s
 
86477.05440000001 86480.57660000001 102897.9582 102901.8004

real	0m0.926s
user	0m2.695s
sys	0m0.076s
 
27312.9912 27313.3443 32486.685 32487.07

real	0m0.468s
user	0m1.360s
sys	0m0.040s
 
MAT_MAT
 
8054296.570500001 8377212.6174 11041896.7806 11521723.026

real	0m0.979s
user	0m1.039s
sys	0m0.089s
 
67005585.504 69693523.28640004 92209626.63899991 96222702.65399997

real	0m1.263s
user	0m1.304s
sys	0m0.108s
 
56602.02200000002 58658.48450000003 83130.86099999998 86296.01680000003

real	0m0.476s
user	0m0.534s
sys	0m0.092s
 
297546749.5919999 308581623.7315001 440770097.5830001 457946307.1219998

real	0m0.595s
user	0m0.633s
sys	0m0.111s
 
8054296.570500001 8144829.910200001 11426434.8318 11521723.026

real	0m0.621s
user	0m0.650s
sys	0m0.120s
 
67005585.504 67746880.83150002 95442432.6726 96222702.65399997

real	0m0.813s
user	0m0.870s
sys	0m0.092s
 
56602.02200000002 56765.4044 86117.12820000001 86296.01680000001

real	0m0.338s
user	0m0.372s
sys	0m0.115s
 
297546749.5919999 299613096.1240001 455678605.331 457946307.1219998

real	0m0.397s
user	0m0.435s
sys	0m0.112s
 
301.3441 301.7106 379.168 379.584

real	0m0.644s
user	0m0.701s
sys	0m0.092s
 
45022.4809 45027.16379999999 57025.89409999999 57031.22599999999

real	0m0.648s
user	0m1.902s
sys	0m0.040s
 
79343.34260000002 79353.49420000002 105856.4262 105868.395

real	0m0.393s
user	0m1.156s
sys	0m0.020s
 
77470.43700000001 77485.73999999999 107948.34 107966.91

real	0m0.113s
user	0m0.304s
sys	0m0.032s
 
109.241 111.7864 142.1856 145.251

real	0m0.589s
user	0m0.674s
sys	0m0.065s
 
1739639.1343 1765026.6362 3156552.835599999 3194056.931000001

real	0m0.367s
user	0m0.420s
sys	0m0.096s
 
40128631.9895 40455680.77900001 81101463.51099998 81608296.35000002

real	0m0.103s
user	0m0.300s
sys	0m0.008s
 
185145.8628 186726.9552000001 353878.6176 356259.936

real	0m0.302s
user	0m0.334s
sys	0m0.117s
 
5650057.303000003 5674398.905999999 11835110.684 11873364.25000001

real	0m0.098s
user	0m0.262s
sys	0m0.028s
 
3539227257.462001 3543179262.324001 8019509498.519999 8025995052.400002

real	0m0.023s
user	0m0.058s
sys	0m0.007s
 
66219776245.92162 66260257446.0572 151986883006.37 152053753059.55

real	0m0.030s
user	0m0.069s
sys	0m0.016s
 
166212294937.399 166288626284.4981 382568140639.0101 382694366833.3

real	0m0.030s
user	0m0.076s
sys	0m0.008s
 
608720333715.4656 608956501509.1868 1405127495482.165 1405518727998.904

real	0m0.054s
user	0m0.120s
sys	0m0.036s
 
TRANS1
 
8054296.570500001 8377212.6174 11041896.7806 11521723.026

real	0m0.955s
user	0m1.007s
sys	0m0.097s
 
67005585.504 69693523.28640004 92209626.63899991 96222702.65399997

real	0m1.256s
user	0m1.293s
sys	0m0.112s
 
56602.02200000002 58658.48450000003 83130.86099999998 86296.01680000003

real	0m0.471s
user	0m0.507s
sys	0m0.113s
 
297546749.5919999 308581623.7315001 440770097.5830001 457946307.1219998

real	0m0.593s
user	0m0.647s
sys	0m0.096s
 
8054296.570500001 8144829.910200001 11426434.8318 11521723.026

real	0m0.588s
user	0m0.625s
sys	0m0.113s
 
67005585.504 67746880.83150002 95442432.6726 96222702.65399997

real	0m0.744s
user	0m0.793s
sys	0m0.101s
 
56602.02200000002 56765.4044 86117.12820000001 86296.01680000001

real	0m0.323s
user	0m0.379s
sys	0m0.093s
 
297546749.5919999 299613096.1240001 455678605.331 457946307.1219998

real	0m0.351s
user	0m0.397s
sys	0m0.103s
 
301.3441 301.7106 379.168 379.584

real	0m0.646s
user	0m0.683s
sys	0m0.112s
 
45022.4809 45027.16379999999 57025.89409999999 57031.22599999999

real	0m0.649s
user	0m1.895s
sys	0m0.048s
 
79343.34260000002 79353.49420000002 105856.4262 105868.395

real	0m0.389s
user	0m1.145s
sys	0m0.020s
 
77470.43700000001 77485.73999999999 107948.34 107966.91

real	0m0.114s
user	0m0.317s
sys	0m0.020s
 
109.241 111.7864 142.1856 145.251

real	0m0.593s
user	0m0.646s
sys	0m0.096s
 
1739639.1343 1765026.6362 3156552.835599999 3194056.931000001

real	0m0.367s
user	0m0.414s
sys	0m0.102s
 
40128631.9895 40455680.77900001 81101463.51099998 81608296.35000002

real	0m0.102s
user	0m0.295s
sys	0m0.008s
 
185145.8628 186726.9552000001 353878.6176 356259.936

real	0m0.299s
user	0m0.349s
sys	0m0.099s
 
5650057.303000003 5674398.905999999 11835110.684 11873364.25000001

real	0m0.096s
user	0m0.279s
sys	0m0.008s
 
3539227257.462001 3543179262.324001 8019509498.519999 8025995052.400002

real	0m0.023s
user	0m0.065s
sys	0m0.000s
 
66219776245.92162 66260257446.0572 151986883006.37 152053753059.55

real	0m0.033s
user	0m0.071s
sys	0m0.025s
 
166212294937.399 166288626284.4981 382568140639.0101 382694366833.3

real	0m0.032s
user	0m0.059s
sys	0m0.033s
 
608720333715.4656 608956501509.1868 1405127495482.165 1405518727998.904

real	0m0.064s
user	0m0.141s
sys	0m0.044s
 
1512441.733 1524415.266 2968657.650000001 2986772.5

real	0m0.250s
user	0m0.284s
sys	0m0.116s
 
608720333715.4656 608956501509.1868 1405127495482.165 1405518727998.904

real	0m0.048s
user	0m0.087s
sys	0m0.054s
 
TRANS2
 
8054296.570500001 8377212.6174 11041896.7806 11521723.026

real	0m0.967s
user	0m1.012s
sys	0m0.104s
 
67005585.504 69693523.28640004 92209626.63899991 96222702.65399997

real	0m1.259s
user	0m1.304s
sys	0m0.104s
 
56602.02200000002 58658.48450000003 83130.86099999998 86296.01680000003

real	0m0.475s
user	0m0.549s
sys	0m0.076s
 
297546749.5919999 308581623.7315001 440770097.5830001 457946307.1219998

real	0m0.586s
user	0m0.636s
sys	0m0.099s
 
8054296.570500001 8144829.910200001 11426434.8318 11521723.026

real	0m0.625s
user	0m0.669s
sys	0m0.105s
 
67005585.504 67746880.83150002 95442432.6726 96222702.65399997

real	0m0.822s
user	0m0.859s
sys	0m0.112s
 
56602.02200000002 56765.4044 86117.12820000001 86296.01680000001

real	0m0.342s
user	0m0.382s
sys	0m0.109s
 
297546749.5919999 299613096.1240001 455678605.331 457946307.1219998

real	0m0.397s
user	0m0.435s
sys	0m0.112s
 
301.3441 301.7106 379.168 379.584

real	0m0.646s
user	0m0.680s
sys	0m0.115s
 
45022.4809 45027.16379999999 57025.89409999999 57031.22599999999

real	0m0.649s
user	0m1.924s
sys	0m0.020s
 
79343.34260000002 79353.49420000002 105856.4262 105868.395

real	0m0.398s
user	0m1.170s
sys	0m0.020s
 
77470.43700000001 77485.73999999999 107948.34 107966.91

real	0m0.112s
user	0m0.325s
sys	0m0.008s
 
109.241 111.7864 142.1856 145.251

real	0m0.620s
user	0m0.668s
sys	0m0.101s
 
1739639.1343 1765026.6362 3156552.835599999 3194056.931000001

real	0m0.368s
user	0m0.421s
sys	0m0.096s
 
40128631.9895 40455680.77900001 81101463.51099998 81608296.35000002

real	0m0.107s
user	0m0.300s
sys	0m0.021s
 
185145.8628 186726.9552000001 353878.6176 356259.936

real	0m0.289s
user	0m0.334s
sys	0m0.105s
 
5650057.303000003 5674398.905999999 11835110.684 11873364.25000001

real	0m0.099s
user	0m0.294s
sys	0m0.000s
 
3539227257.462001 3543179262.324001 8019509498.519999 8025995052.400002

real	0m0.023s
user	0m0.059s
sys	0m0.008s
 
66219776245.92162 66260257446.0572 151986883006.37 152053753059.55

real	0m0.031s
user	0m0.083s
sys	0m0.008s
 
166212294937.399 166288626284.4981 382568140639.0101 382694366833.3

real	0m0.033s
user	0m0.063s
sys	0m0.032s
 
608720333715.4656 608956501509.1868 1405127495482.165 1405518727998.904

real	0m0.066s
user	0m0.119s
sys	0m0.074s
 
1512441.733 1524415.266 2968657.650000001 2986772.5

real	0m0.249s
user	0m0.302s
sys	0m0.096s
 
608720333715.4656 608956501509.1868 1405127495482.165 1405518727998.904

real	0m0.049s
user	0m0.099s
sys	0m0.044s
 
TRANS12
 
8054296.570500001 8377212.6174 11041896.7806 11521723.026

real	0m0.939s
user	0m1.007s
sys	0m0.081s
 
67005585.504 69693523.28640004 92209626.63899991 96222702.65399997

real	0m1.214s
user	0m1.264s
sys	0m0.100s
 
56602.02200000002 58658.48450000003 83130.86099999998 86296.01680000003

real	0m0.472s
user	0m0.522s
sys	0m0.100s
 
297546749.5919999 308581623.7315001 440770097.5830001 457946307.1219998

real	0m0.590s
user	0m0.639s
sys	0m0.100s
 
8054296.570500001 8144829.910200001 11426434.8318 11521723.026

real	0m0.589s
user	0m0.629s
sys	0m0.109s
 
67005585.504 67746880.83150002 95442432.6726 96222702.65399997

real	0m0.756s
user	0m0.800s
sys	0m0.105s
 
56602.02200000002 56765.4044 86117.12820000001 86296.01680000001

real	0m0.327s
user	0m0.372s
sys	0m0.105s
 
297546749.5919999 299613096.1240001 455678605.331 457946307.1219998

real	0m0.351s
user	0m0.385s
sys	0m0.115s
 
301.3441 301.7106 379.168 379.584

real	0m0.642s
user	0m0.699s
sys	0m0.092s
 
45022.4809 45027.16379999999 57025.89409999999 57031.22599999999

real	0m0.646s
user	0m1.911s
sys	0m0.024s
 
79343.34260000002 79353.49420000002 105856.4262 105868.395

real	0m0.389s
user	0m1.155s
sys	0m0.008s
 
77470.43700000001 77485.73999999999 107948.34 107966.91

real	0m0.114s
user	0m0.318s
sys	0m0.020s
 
109.241 111.7864 142.1856 145.251

real	0m0.759s
user	0m0.815s
sys	0m0.093s
 
1739639.1343 1765026.6362 3156552.835599999 3194056.931000001

real	0m0.364s
user	0m0.409s
sys	0m0.105s
 
40128631.9895 40455680.77900001 81101463.51099998 81608296.35000002

real	0m0.106s
user	0m0.271s
sys	0m0.044s
 
185145.8628 186726.9552000001 353878.6176 356259.936

real	0m0.289s
user	0m0.339s
sys	0m0.100s
 
5650057.303000003 5674398.905999999 11835110.684 11873364.25000001

real	0m0.098s
user	0m0.292s
sys	0m0.000s
 
3539227257.462001 3543179262.324001 8019509498.519999 8025995052.400002

real	0m0.023s
user	0m0.062s
sys	0m0.004s
 
66219776245.92162 66260257446.0572 151986883006.37 152053753059.55

real	0m0.035s
user	0m0.080s
sys	0m0.021s
 
166212294937.399 166288626284.4981 382568140639.0101 382694366833.3

real	0m0.036s
user	0m0.082s
sys	0m0.020s
 
608720333715.4656 608956501509.1868 1405127495482.165 1405518727998.904

real	0m0.075s
user	0m0.136s
sys	0m0.084s
 
SPECIAL
 
0.04840000000000001

real	0m0.723s
user	0m0.788s
sys	0m0.084s
 
0.04840000000000001

real	0m0.757s
user	0m0.794s
sys	0m0.112s
 
0.04840000000000001

real	0m0.204s
user	0m0.246s
sys	0m0.107s
 
53.79660000000001 53.79880000000001 58.68060000000001 58.68280000000001

real	0m0.965s
user	0m1.006s
sys	0m0.108s
 
53.79660000000001 53.79880000000001 58.68060000000001 58.68280000000001

real	0m1.335s
user	0m1.392s
sys	0m0.092s
 
9698907.6634

real	0m0.174s
user	0m0.252s
sys	0m0.071s
 
9698907.6634

real	0m0.151s
user	0m0.204s
sys	0m0.096s
 
0.04840000000000001

real	0m3.374s
user	0m3.423s
sys	0m0.100s
 
53.79660000000001 53.79880000000001 58.68060000000001 58.68280000000001

real	0m2.541s
user	0m2.583s
sys	0m0.108s
 
53.79660000000001 53.79880000000001 58.68060000000001 58.68280000000001

real	0m6.073s
user	0m6.122s
sys	0m0.100s
 
9698907.663400002

real	0m0.934s
user	0m0.971s
sys	0m0.112s
 
3948765877.809501 3955170852.9146 5863853434.234401 5870258409.3395

real	0m1.397s
user	0m1.446s
sys	0m0.100s
 
3948765877.809501 3955170852.9146 5863853434.234398 5870258409.3395

real	0m2.373s
user	0m2.434s
sys	0m0.088s
 
0.04840000000000001

real	0m2.943s
user	0m3.000s
sys	0m0.092s
 
53.79660000000001 53.79880000000001 58.68060000000001 58.68280000000001

real	0m2.905s
user	0m2.946s
sys	0m0.108s
 
53.79660000000001 53.79880000000001 58.68060000000001 58.68280000000001

real	0m6.075s
user	0m6.128s
sys	0m0.096s
 
9698907.663400002

real	0m0.804s
user	0m0.864s
sys	0m0.088s
 
3948765877.809501 3955170852.9146 5863853434.234401 5870258409.3395

real	0m1.081s
user	0m1.142s
sys	0m0.088s
 
3948765877.809501 3955170852.9146 5863853434.234398 5870258409.3395

real	0m2.405s
user	0m2.450s
sys	0m0.104s
 
0.04840000000000001

real	0m2.971s
user	0m3.025s
sys	0m0.096s
 
53.79660000000001 53.79880000000001 58.68060000000001 58.68280000000001

real	0m2.542s
user	0m2.575s
sys	0m0.116s
 
53.79660000000001 53.79880000000001 58.68060000000001 58.68280000000001

real	0m5.757s
user	0m5.810s
sys	0m0.096s
 
9698907.663400002

real	0m1.004s
user	0m1.045s
sys	0m0.108s
 
3948765877.809501 3955170852.9146 5863853434.234401 5870258409.3395

real	0m1.393s
user	0m1.426s
sys	0m0.116s
 
3948765877.809501 3955170852.9146 5863853434.234398 5870258409.3395

real	0m2.296s
user	0m2.333s
sys	0m0.112s
 
0.04840000000000001

real	0m2.975s
user	0m3.020s
sys	0m0.104s
 
53.79660000000001 53.79880000000001 58.68060000000001 58.68280000000001

real	0m2.896s
user	0m2.941s
sys	0m0.104s
 
53.79660000000001 53.79880000000001 58.68060000000001 58.68280000000001

real	0m5.779s
user	0m5.816s
sys	0m0.112s
 
9698907.663400002

real	0m0.873s
user	0m0.923s
sys	0m0.100s
 
3948765877.809501 3955170852.9146 5863853434.234401 5870258409.3395

real	0m1.069s
user	0m1.122s
sys	0m0.096s
 
3948765877.809501 3955170852.9146 5863853434.234398 5870258409.3395

real	0m2.253s
user	0m2.298s
sys	0m0.104s
 
3037.1121 3037.6632 3611.409 3612.01

real	0m0.740s
user	0m0.793s
sys	0m0.096s
 
3037.1121 3037.6632 3611.409 3612.01

real	0m0.739s
user	0m0.777s
sys	0m0.112s
 
3037.1121 3037.6632 3611.409 3612.01

real	0m0.739s
user	0m0.793s
sys	0m0.096s
 
3037.1121 3037.6632 3611.409 3612.01

real	0m0.739s
user	0m0.771s
sys	0m0.116s
 
SEQUENCE
 
37624.35618 38872.44188000001 52954.76458 54712.31628

real	0m0.543s
user	0m0.615s
sys	0m0.077s
 
4350478614.186048 4405620767.88845 7321622135.843185 7393481577.214199

real	0m0.188s
user	0m0.214s
sys	0m0.123s
 
48832437279.89182 49241016265.74162 88512227219.28575 89040617812.03201

real	0m0.248s
user	0m0.695s
sys	0m0.048s
 
18696443068.18007 18840087100.15867 37617583432.7108 37823564976.34861

real	0m0.060s
user	0m0.146s
sys	0m0.032s
 
4.901614166865181e+18 4.91272329645545e+18 1.084442578747925e+19 1.086100449795465e+19

real	0m0.029s
user	0m0.071s
sys	0m0.012s
 
1.647418946230568e+16 1.649160037624474e+16 3.76846597969705e+16 3.771108024027195e+16

real	0m0.034s
user	0m0.095s
sys	0m0.004s
 
4.488811165018215e+17 4.490640601531965e+17 1.037309346016861e+18 1.03758774958278e+18

real	0m0.032s
user	0m0.069s
sys	0m0.023s
 
4.488811165018215e+17 4.490640601531965e+17 1.037309346016861e+18 1.03758774958278e+18

real	0m0.060s
user	0m0.137s
sys	0m0.039s
 
4.488811165018215e+17 4.490640601531965e+17 1.037309346016861e+18 1.03758774958278e+18

real	0m0.061s
user	0m0.151s
sys	0m0.028s
 
8.382424294553982e+29 8.385850640122292e+29 1.937388035390321e+30 1.937907243392919e+30

real	0m0.037s
user	0m0.077s
sys	0m0.028s
 
8.382424294553982e+29 8.385850640122292e+29 1.937388035390321e+30 1.937907243392919e+30

real	0m0.049s
user	0m0.104s
sys	0m0.037s
 
8.382424294553982e+29 8.385850640122292e+29 1.937388035390321e+30 1.937907243392919e+30

real	0m0.048s
user	0m0.093s
sys	0m0.045s
 
8.382424294553982e+29 8.385850640122292e+29 1.937388035390321e+30 1.937907243392919e+30

real	0m0.050s
user	0m0.100s
sys	0m0.044s
 
8.382424294553982e+29 8.385850640122292e+29 1.937388035390321e+30 1.937907243392919e+30

real	0m0.048s
user	0m0.093s
sys	0m0.045s
 
8.382424294553982e+29 8.385850640122292e+29 1.937388035390321e+30 1.937907243392919e+30

real	0m0.048s
user	0m0.081s
sys	0m0.057s
 
374124590164.9393 378323909405.2969 483306890414.2386 487506209654.5963

real	0m0.192s
user	0m0.218s
sys	0m0.123s
 
8003498375443.188 8040830216224.576 11400695886549.59 11438027727330.98

real	0m0.060s
user	0m0.174s
sys	0m0.004s
 
467292080353.7709 473215316635.7608 603526514839.5374 609449751121.5272

real	0m0.194s
user	0m0.234s
sys	0m0.109s
 
22856685758006.32 23032721850853.32 32186598678896.98 32362634771743.98

real	0m0.247s
user	0m0.473s
sys	0m0.267s
