 
SCALAR_VEC
 
0.5808000000000001 0.5830000000000002 0.6270000000000002 0.6292000000000002

real	0m1.232s
user	0m1.232s
sys	0m0.000s
 
46.0284 46.03060000000001 50.20620000000001 50.2084

real	0m1.642s
user	0m1.642s
sys	0m0.000s
 
29876.5456 29876.5478 32592.58860000001 32592.59080000001

real	0m0.362s
user	0m0.358s
sys	0m0.004s
 
VEC_VEC
 
174.0387

real	0m0.489s
user	0m0.489s
sys	0m0.000s
 
9698907.663399996

real	0m0.446s
user	0m0.446s
sys	0m0.000s
 
24900423491.09201

real	0m0.635s
user	0m0.635s
sys	0m0.000s
 
24900741320632.71

real	0m0.637s
user	0m0.637s
sys	0m0.000s
 
2.490083360868967e+16

real	0m0.694s
user	0m0.686s
sys	0m0.008s
 
VEC_MAT
 
178.7929000000001 178.8030000000001 201.2149000000001 201.2250000000001

real	0m1.164s
user	0m1.164s
sys	0m0.000s
 
992.6821000000002 992.6922000000003 1117.3464 1117.3565

real	0m0.645s
user	0m0.645s
sys	0m0.000s
 
390.3932 390.4204 450.7772000000001 450.8044

real	0m1.391s
user	0m1.390s
sys	0m0.000s
 
2166.9797 2167.0069 2502.7093 2502.7365

real	0m0.774s
user	0m0.774s
sys	0m0.000s
 
157975690.7399002 164380665.8450001

real	0m0.231s
user	0m0.231s
sys	0m0.000s
 
27065907086.64726 28163538210.734

real	0m0.255s
user	0m0.255s
sys	0m0.000s
 
128614163.4402999 133441028.6953997 138267893.9505

real	0m0.417s
user	0m0.417s
sys	0m0.000s
 
17202407856.50187 17848340807.38918 18494273758.27599

real	0m0.427s
user	0m0.427s
sys	0m0.000s
 
2.2266 2.2836 2.3406 2.397600000000001

real	0m0.231s
user	0m0.231s
sys	0m0.000s
 
73.52180000000001 74.6944 86.4204 87.59300000000002

real	0m0.766s
user	0m0.766s
sys	0m0.000s
 
609.1862 615.0844000000001 774.3358000000001 780.2340000000002

real	0m0.975s
user	0m0.971s
sys	0m0.004s
 
31020069.53999998 31057579.07999998 45948866.45999996 45986376.00000001

real	0m1.635s
user	0m1.635s
sys	0m0.000s
 
3948765877.809497 3955170852.914604 5863853434.234404 5870258409.339499

real	0m1.387s
user	0m1.387s
sys	0m0.000s
 
629070346650.9426 630167977775.031 934211799147.1235 935309430271.2021

real	0m0.768s
user	0m0.760s
sys	0m0.008s
 
72549439.0166 72565446.85879999 108086848.7006 108102856.5428001

real	0m1.366s
user	0m1.366s
sys	0m0.000s
 
324096005.6180002 324108897.3359997 483218480.892 483231372.6099998

real	0m0.989s
user	0m0.985s
sys	0m0.004s
 
10829665.1294 10829701.4254 15310551.5134 15310587.8094

real	0m0.556s
user	0m0.548s
sys	0m0.008s
 
107135690886248 108233331157370.3 147748380917728.1 148846021188851.3

real	0m0.558s
user	0m0.550s
sys	0m0.008s
 
MAT_VEC
 
178.7929000000001 178.8030000000001 201.2149000000001 201.2250000000001

real	0m0.260s
user	0m0.260s
sys	0m0.000s
 
992.6821000000002 992.6922000000003 1117.3464 1117.3565

real	0m0.196s
user	0m0.196s
sys	0m0.000s
 
390.3932 390.4204 450.7772000000001 450.8044

real	0m0.454s
user	0m0.454s
sys	0m0.000s
 
2166.9797 2167.0069 2502.7093 2502.7365

real	0m0.302s
user	0m0.302s
sys	0m0.000s
 
157975690.7399002 164380665.8450001

real	0m0.326s
user	0m0.326s
sys	0m0.000s
 
27065907086.64726 28163538210.734

real	0m0.368s
user	0m0.368s
sys	0m0.000s
 
128614163.4402999 133441028.6953997 138267893.9505

real	0m0.375s
user	0m0.375s
sys	0m0.000s
 
17202407856.50187 17848340807.38918 18494273758.27599

real	0m0.388s
user	0m0.388s
sys	0m0.000s
 
2.2266 2.2836 2.3406 2.397600000000001

real	0m0.188s
user	0m0.188s
sys	0m0.000s
 
73.52180000000001 74.6944 86.4204 87.59300000000002

real	0m0.547s
user	0m0.547s
sys	0m0.000s
 
609.1862 615.0844000000001 774.3358000000001 780.2340000000002

real	0m0.506s
user	0m0.506s
sys	0m0.000s
 
31020069.53999998 31057579.07999998 45948866.45999996 45986376.00000001

real	0m0.447s
user	0m0.447s
sys	0m0.000s
 
3948765877.809497 3955170852.914604 5863853434.234404 5870258409.339499

real	0m0.435s
user	0m0.435s
sys	0m0.000s
 
629070346650.9426 630167977775.031 934211799147.1235 935309430271.2021

real	0m0.663s
user	0m0.659s
sys	0m0.004s
 
72549439.0166 72565446.85879999 108086848.7006 108102856.5428001

real	0m0.417s
user	0m0.413s
sys	0m0.004s
 
324096005.6180002 324108897.3359997 483218480.892 483231372.6099998

real	0m0.481s
user	0m0.473s
sys	0m0.008s
 
10829665.1294 10829701.4254 15310551.5134 15310587.8094

real	0m0.372s
user	0m0.368s
sys	0m0.004s
 
107135690886248 108233331157370.3 147748380917728.1 148846021188851.3

real	0m0.546s
user	0m0.533s
sys	0m0.012s
 
OUTER
 
101.277 104.346 110.4774 113.8252

real	0m3.268s
user	0m3.268s
sys	0m0.000s
 
96.84840000000001 99.04950000000002 108.045 110.446

real	0m3.074s
user	0m3.074s
sys	0m0.000s
 
94.13800000000002 95.84960000000002 106.419 108.286

real	0m2.456s
user	0m2.455s
sys	0m0.000s
 
14.5684 14.5728 16.60140000000001 16.606

real	0m0.235s
user	0m0.235s
sys	0m0.000s
 
10.164 10.2025 11.913 11.9548

real	0m0.394s
user	0m0.390s
sys	0m0.004s
 
955.9242 956.3004 1135.8438 1136.254

real	0m1.227s
user	0m1.227s
sys	0m0.000s
 
86477.05440000001 86480.57660000001 102897.9582 102901.8004

real	0m0.542s
user	0m0.526s
sys	0m0.016s
 
27312.9912 27313.3443 32486.685 32487.07

real	0m0.346s
user	0m0.338s
sys	0m0.008s
 
MAT_MAT
 
8054296.570499997 8377212.617400005 11041896.78059999 11521723.02599998

real	0m0.869s
user	0m0.869s
sys	0m0.000s
 
67005585.50399998 69693523.28640002 92209626.6390001 96222702.65399998

real	0m1.063s
user	0m1.063s
sys	0m0.000s
 
56602.02200000002 58658.48450000003 83130.86099999996 86296.01680000003

real	0m0.571s
user	0m0.571s
sys	0m0.000s
 
297546749.5919997 308581623.7314994 440770097.583 457946307.1219999

real	0m0.538s
user	0m0.538s
sys	0m0.000s
 
8054296.570499997 8144829.910200007 11426434.83180001 11521723.02599998

real	0m0.222s
user	0m0.222s
sys	0m0.000s
 
67005585.50399998 67746880.83150004 95442432.67260008 96222702.65399998

real	0m0.276s
user	0m0.276s
sys	0m0.000s
 
56602.02200000002 56765.4044 86117.12820000002 86296.01680000003

real	0m0.145s
user	0m0.145s
sys	0m0.000s
 
297546749.5919997 299613096.1240003 455678605.3310006 457946307.1219999

real	0m0.196s
user	0m0.192s
sys	0m0.004s
 
301.3441 301.7106 379.168 379.5840000000001

real	0m0.737s
user	0m0.737s
sys	0m0.000s
 
45022.4809 45027.16379999999 57025.89409999999 57031.226

real	0m0.742s
user	0m0.738s
sys	0m0.004s
 
79343.34260000002 79353.49420000002 105856.4262 105868.395

real	0m0.442s
user	0m0.438s
sys	0m0.004s
 
77470.43699999999 77485.73999999999 107948.34 107966.91

real	0m0.331s
user	0m0.331s
sys	0m0.000s
 
109.241 111.7864 142.1856 145.251

real	0m0.524s
user	0m0.524s
sys	0m0.000s
 
1739639.1343 1765026.6362 3156552.835599999 3194056.931000001

real	0m0.500s
user	0m0.500s
sys	0m0.000s
 
40128631.98950006 40455680.77900002 81101463.51099998 81608296.35000008

real	0m0.327s
user	0m0.323s
sys	0m0.004s
 
185145.8628 186726.9552 353878.6176 356259.936

real	0m0.421s
user	0m0.421s
sys	0m0.000s
 
5650057.303000003 5674398.905999999 11835110.684 11873364.25000001

real	0m0.349s
user	0m0.345s
sys	0m0.004s
 
3539227257.462 3543179262.324003 8019509498.519998 8025995052.400001

real	0m0.137s
user	0m0.137s
sys	0m0.000s
 
66219776245.92168 66260257446.05717 151986883006.3699 152053753059.55

real	0m0.170s
user	0m0.166s
sys	0m0.004s
 
166212294937.3991 166288626284.498 382568140639.0098 382694366833.2999

real	0m0.201s
user	0m0.197s
sys	0m0.004s
 
608720333715.4655 608956501509.1871 1405127495482.165 1405518727998.903

real	0m0.559s
user	0m0.543s
sys	0m0.016s
 
TRANS1
 
8054296.570499997 8377212.617400005 11041896.78059999 11521723.02599998

real	0m0.481s
user	0m0.481s
sys	0m0.000s
 
67005585.50399998 69693523.28640002 92209626.6390001 96222702.65399998

real	0m0.603s
user	0m0.603s
sys	0m0.000s
 
56602.02200000002 58658.48450000003 83130.86099999996 86296.01680000003

real	0m0.455s
user	0m0.455s
sys	0m0.000s
 
297546749.5919997 308581623.7314994 440770097.583 457946307.1219999

real	0m0.486s
user	0m0.486s
sys	0m0.000s
 
8054296.570499997 8144829.910200007 11426434.83180001 11521723.02599998

real	0m0.466s
user	0m0.466s
sys	0m0.000s
 
67005585.50399998 67746880.83150004 95442432.67260008 96222702.65399998

real	0m0.595s
user	0m0.595s
sys	0m0.000s
 
56602.02200000002 56765.4044 86117.12820000002 86296.01680000003

real	0m0.405s
user	0m0.401s
sys	0m0.004s
 
297546749.5919997 299613096.1240003 455678605.3310006 457946307.1219999

real	0m0.464s
user	0m0.464s
sys	0m0.000s
 
301.3441 301.7106 379.168 379.5840000000001

real	0m1.259s
user	0m1.259s
sys	0m0.000s
 
45022.4809 45027.16379999999 57025.89409999999 57031.226

real	0m0.941s
user	0m0.937s
sys	0m0.004s
 
79343.34260000002 79353.49420000002 105856.4262 105868.395

real	0m0.717s
user	0m0.717s
sys	0m0.000s
 
77470.43699999999 77485.73999999999 107948.34 107966.91

real	0m0.432s
user	0m0.428s
sys	0m0.004s
 
109.241 111.7864 142.1856 145.251

real	0m0.499s
user	0m0.499s
sys	0m0.000s
 
1739639.1343 1765026.6362 3156552.835599999 3194056.931000001

real	0m0.940s
user	0m0.940s
sys	0m0.000s
 
40128631.98950006 40455680.77900002 81101463.51099998 81608296.35000008

real	0m0.721s
user	0m0.721s
sys	0m0.000s
 
185145.8628 186726.9552 353878.6176 356259.936

real	0m1.044s
user	0m1.044s
sys	0m0.000s
 
5650057.303000003 5674398.905999999 11835110.684 11873364.25000001

real	0m0.920s
user	0m0.920s
sys	0m0.000s
 
3539227257.462 3543179262.324003 8019509498.519998 8025995052.400001

real	0m0.322s
user	0m0.322s
sys	0m0.000s
 
66219776245.92168 66260257446.05717 151986883006.3699 152053753059.55

real	0m0.384s
user	0m0.380s
sys	0m0.004s
 
166212294937.3991 166288626284.498 382568140639.0098 382694366833.2999

real	0m0.366s
user	0m0.362s
sys	0m0.004s
 
608720333715.4655 608956501509.1871 1405127495482.165 1405518727998.903

real	0m0.758s
user	0m0.742s
sys	0m0.016s
 
1512441.733 1524415.266 2968657.650000001 2986772.5

real	0m0.951s
user	0m0.951s
sys	0m0.000s
 
608720333715.4655 608956501509.1871 1405127495482.165 1405518727998.903

real	0m0.712s
user	0m0.708s
sys	0m0.004s
 
TRANS2
 
8054296.570499997 8377212.617400005 11041896.78059999 11521723.02599998

real	0m1.015s
user	0m1.015s
sys	0m0.000s
 
67005585.50399998 69693523.28640002 92209626.6390001 96222702.65399998

real	0m1.415s
user	0m1.415s
sys	0m0.000s
 
56602.02200000002 58658.48450000003 83130.86099999996 86296.01680000003

real	0m0.600s
user	0m0.600s
sys	0m0.000s
 
297546749.5919997 308581623.7314994 440770097.583 457946307.1219999

real	0m0.788s
user	0m0.788s
sys	0m0.000s
 
8054296.570499997 8144829.910200007 11426434.83180001 11521723.02599998

real	0m0.216s
user	0m0.216s
sys	0m0.000s
 
67005585.50399998 67746880.83150004 95442432.67260008 96222702.65399998

real	0m0.295s
user	0m0.295s
sys	0m0.000s
 
56602.02200000002 56765.4044 86117.12820000002 86296.01680000003

real	0m0.145s
user	0m0.145s
sys	0m0.000s
 
297546749.5919997 299613096.1240003 455678605.3310006 457946307.1219999

real	0m0.192s
user	0m0.192s
sys	0m0.000s
 
301.3441 301.7106 379.168 379.5840000000001

real	0m0.765s
user	0m0.765s
sys	0m0.000s
 
45022.4809 45027.16379999999 57025.89409999999 57031.226

real	0m0.745s
user	0m0.737s
sys	0m0.008s
 
79343.34260000002 79353.49420000002 105856.4262 105868.395

real	0m0.439s
user	0m0.435s
sys	0m0.004s
 
77470.43699999999 77485.73999999999 107948.34 107966.91

real	0m0.333s
user	0m0.328s
sys	0m0.004s
 
109.241 111.7864 142.1856 145.251

real	0m0.533s
user	0m0.529s
sys	0m0.004s
 
1739639.1343 1765026.6362 3156552.835599999 3194056.931000001

real	0m0.528s
user	0m0.528s
sys	0m0.000s
 
40128631.98950006 40455680.77900002 81101463.51099998 81608296.35000008

real	0m0.357s
user	0m0.357s
sys	0m0.000s
 
185145.8628 186726.9552 353878.6176 356259.936

real	0m0.454s
user	0m0.454s
sys	0m0.000s
 
5650057.303000003 5674398.905999999 11835110.684 11873364.25000001

real	0m0.383s
user	0m0.383s
sys	0m0.000s
 
3539227257.462 3543179262.324003 8019509498.519998 8025995052.400001

real	0m0.150s
user	0m0.150s
sys	0m0.000s
 
66219776245.92168 66260257446.05717 151986883006.3699 152053753059.55

real	0m0.185s
user	0m0.185s
sys	0m0.000s
 
166212294937.3991 166288626284.498 382568140639.0098 382694366833.2999

real	0m0.229s
user	0m0.229s
sys	0m0.000s
 
608720333715.4655 608956501509.1871 1405127495482.165 1405518727998.903

real	0m0.541s
user	0m0.525s
sys	0m0.016s
 
1512441.733 1524415.266 2968657.650000001 2986772.5

real	0m0.384s
user	0m0.384s
sys	0m0.000s
 
608720333715.4655 608956501509.1871 1405127495482.165 1405518727998.903

real	0m0.418s
user	0m0.418s
sys	0m0.000s
 
TRANS12
 
8054296.570499997 8377212.617400005 11041896.78059999 11521723.02599998

real	0m0.940s
user	0m0.936s
sys	0m0.004s
 
67005585.50399998 69693523.28640002 92209626.6390001 96222702.65399998

real	0m1.290s
user	0m1.290s
sys	0m0.000s
 
56602.02200000002 58658.48450000003 83130.86099999996 86296.01680000003

real	0m0.533s
user	0m0.533s
sys	0m0.000s
 
297546749.5919997 308581623.7314994 440770097.583 457946307.1219999

real	0m0.993s
user	0m0.993s
sys	0m0.000s
 
8054296.570499997 8144829.910200007 11426434.83180001 11521723.02599998

real	0m0.894s
user	0m0.894s
sys	0m0.000s
 
67005585.50399998 67746880.83150004 95442432.67260008 96222702.65399998

real	0m1.127s
user	0m1.127s
sys	0m0.000s
 
56602.02200000002 56765.4044 86117.12820000002 86296.01680000003

real	0m0.633s
user	0m0.633s
sys	0m0.000s
 
297546749.5919997 299613096.1240003 455678605.3310006 457946307.1219999

real	0m0.912s
user	0m0.912s
sys	0m0.000s
 
301.3441 301.7106 379.168 379.5840000000001

real	0m1.104s
user	0m1.104s
sys	0m0.000s
 
45022.4809 45027.16379999999 57025.89409999999 57031.226

real	0m0.840s
user	0m0.836s
sys	0m0.004s
 
79343.34260000002 79353.49420000002 105856.4262 105868.395

real	0m0.626s
user	0m0.622s
sys	0m0.004s
 
77470.43699999999 77485.73999999999 107948.34 107966.91

real	0m0.470s
user	0m0.470s
sys	0m0.000s
 
109.241 111.7864 142.1856 145.251

real	0m0.548s
user	0m0.548s
sys	0m0.000s
 
1739639.1343 1765026.6362 3156552.835599999 3194056.931000001

real	0m1.687s
user	0m1.687s
sys	0m0.000s
 
40128631.98950006 40455680.77900002 81101463.51099998 81608296.35000008

real	0m1.399s
user	0m1.399s
sys	0m0.000s
 
185145.8628 186726.9552 353878.6176 356259.936

real	0m1.757s
user	0m1.757s
sys	0m0.000s
 
5650057.303000003 5674398.905999999 11835110.684 11873364.25000001

real	0m1.643s
user	0m1.643s
sys	0m0.000s
 
3539227257.462 3543179262.324003 8019509498.519998 8025995052.400001

real	0m0.627s
user	0m0.623s
sys	0m0.004s
 
66219776245.92168 66260257446.05717 151986883006.3699 152053753059.55

real	0m0.791s
user	0m0.791s
sys	0m0.000s
 
166212294937.3991 166288626284.498 382568140639.0098 382694366833.2999

real	0m0.782s
user	0m0.773s
sys	0m0.008s
 
608720333715.4655 608956501509.1871 1405127495482.165 1405518727998.903

real	0m2.892s
user	0m2.876s
sys	0m0.016s
 
SPECIAL
 
0.04840000000000001

real	0m0.417s
user	0m0.417s
sys	0m0.000s
 
0.04840000000000001

real	0m0.410s
user	0m0.410s
sys	0m0.000s
 
0.04840000000000001

real	0m0.163s
user	0m0.163s
sys	0m0.000s
 
53.79660000000001 53.79880000000001 58.68060000000001 58.68280000000001

real	0m0.657s
user	0m0.653s
sys	0m0.004s
 
53.79660000000001 53.79880000000001 58.68060000000001 58.68280000000001

real	0m2.714s
user	0m2.714s
sys	0m0.000s
 
9698907.663399996

real	0m0.617s
user	0m0.617s
sys	0m0.000s
 
9698907.663399996

real	0m0.468s
user	0m0.468s
sys	0m0.000s
 
0.04840000000000001

real	0m0.410s
user	0m0.410s
sys	0m0.000s
 
53.79660000000001 53.79880000000001 58.68060000000001 58.68280000000001

real	0m0.524s
user	0m0.524s
sys	0m0.000s
 
53.79660000000001 53.79880000000001 58.68060000000001 58.68280000000001

real	0m4.574s
user	0m4.574s
sys	0m0.000s
 
9698907.663399996

real	0m0.615s
user	0m0.611s
sys	0m0.004s
 
3948765877.809497 3955170852.914604 5863853434.234404 5870258409.339499

real	0m0.298s
user	0m0.294s
sys	0m0.004s
 
3948765877.809497 3955170852.914604 5863853434.234404 5870258409.339499

real	0m1.707s
user	0m1.707s
sys	0m0.000s
 
0.04840000000000001

real	0m0.448s
user	0m0.444s
sys	0m0.004s
 
53.79660000000001 53.79880000000001 58.68060000000001 58.68280000000001

real	0m2.311s
user	0m2.311s
sys	0m0.000s
 
53.79660000000001 53.79880000000001 58.68060000000001 58.68280000000001

real	0m4.278s
user	0m4.278s
sys	0m0.000s
 
9698907.663399996

real	0m0.470s
user	0m0.470s
sys	0m0.000s
 
3948765877.809497 3955170852.914604 5863853434.234404 5870258409.339499

real	0m1.041s
user	0m1.041s
sys	0m0.000s
 
3948765877.809497 3955170852.914604 5863853434.234404 5870258409.339499

real	0m1.044s
user	0m1.040s
sys	0m0.004s
 
0.04840000000000001

real	0m0.441s
user	0m0.437s
sys	0m0.004s
 
53.79660000000001 53.79880000000001 58.68060000000001 58.68280000000001

real	0m0.476s
user	0m0.476s
sys	0m0.000s
 
53.79660000000001 53.79880000000001 58.68060000000001 58.68280000000001

real	0m3.778s
user	0m3.778s
sys	0m0.000s
 
9698907.663399996

real	0m0.619s
user	0m0.619s
sys	0m0.000s
 
3948765877.809497 3955170852.914604 5863853434.234404 5870258409.339499

real	0m0.311s
user	0m0.311s
sys	0m0.000s
 
3948765877.809497 3955170852.914604 5863853434.234404 5870258409.339499

real	0m2.529s
user	0m2.529s
sys	0m0.000s
 
0.04840000000000001

real	0m0.518s
user	0m0.518s
sys	0m0.000s
 
53.79660000000001 53.79880000000001 58.68060000000001 58.68280000000001

real	0m3.455s
user	0m3.455s
sys	0m0.000s
 
53.79660000000001 53.79880000000001 58.68060000000001 58.68280000000001

real	0m2.792s
user	0m2.788s
sys	0m0.004s
 
9698907.663399996

real	0m0.470s
user	0m0.470s
sys	0m0.000s
 
3948765877.809497 3955170852.914604 5863853434.234404 5870258409.339499

real	0m2.047s
user	0m2.047s
sys	0m0.000s
 
3948765877.809497 3955170852.914604 5863853434.234404 5870258409.339499

real	0m1.492s
user	0m1.492s
sys	0m0.000s
 
3037.1121 3037.6632 3611.409 3612.01

real	0m0.930s
user	0m0.930s
sys	0m0.000s
 
3037.1121 3037.6632 3611.409 3612.01

real	0m0.870s
user	0m0.866s
sys	0m0.004s
 
3037.1121 3037.6632 3611.409 3612.01

real	0m1.223s
user	0m1.223s
sys	0m0.000s
 
3037.1121 3037.6632 3611.409 3612.01

real	0m1.083s
user	0m1.083s
sys	0m0.000s
 
SEQUENCE
 
37624.35618 38872.44188 52954.76458 54712.31628

real	0m0.765s
user	0m0.765s
sys	0m0.000s
 
4350478614.186048 4405620767.888449 7321622135.843186 7393481577.214199

real	0m0.202s
user	0m0.202s
sys	0m0.000s
 
48832437279.8918 49241016265.74157 88512227219.28583 89040617812.03206

real	0m0.865s
user	0m0.865s
sys	0m0.000s
 
18696443068.18007 18840087100.15867 37617583432.7108 37823564976.3486

real	0m0.194s
user	0m0.194s
sys	0m0.000s
 
4.901614166865179e+18 4.912723296455448e+18 1.084442578747924e+19 1.086100449795465e+19

real	0m0.146s
user	0m0.146s
sys	0m0.000s
 
1.647418946230568e+16 1.649160037624473e+16 3.768465979697054e+16 3.771108024027194e+16

real	0m0.191s
user	0m0.187s
sys	0m0.004s
 
4.48881116501821e+17 4.490640601531962e+17 1.03730934601686e+18 1.03758774958278e+18

real	0m0.198s
user	0m0.194s
sys	0m0.004s
 
4.48881116501821e+17 4.490640601531962e+17 1.03730934601686e+18 1.03758774958278e+18

real	0m0.583s
user	0m0.575s
sys	0m0.008s
 
4.48881116501821e+17 4.490640601531962e+17 1.03730934601686e+18 1.03758774958278e+18

real	0m0.696s
user	0m0.687s
sys	0m0.008s
 
8.382424294553979e+29 8.385850640122295e+29 1.937388035390321e+30 1.93790724339292e+30

real	0m0.212s
user	0m0.200s
sys	0m0.012s
 
8.382424294553979e+29 8.385850640122295e+29 1.937388035390321e+30 1.93790724339292e+30

real	0m0.373s
user	0m0.365s
sys	0m0.008s
 
8.382424294553979e+29 8.385850640122295e+29 1.937388035390321e+30 1.93790724339292e+30

real	0m0.399s
user	0m0.391s
sys	0m0.008s
 
8.382424294553979e+29 8.385850640122295e+29 1.937388035390321e+30 1.93790724339292e+30

real	0m0.442s
user	0m0.434s
sys	0m0.008s
 
8.382424294553979e+29 8.385850640122295e+29 1.937388035390321e+30 1.93790724339292e+30

real	0m0.448s
user	0m0.432s
sys	0m0.016s
 
8.382424294553979e+29 8.385850640122295e+29 1.937388035390321e+30 1.93790724339292e+30

real	0m0.398s
user	0m0.382s
sys	0m0.016s
 
374124590164.9393 378323909405.297 483306890414.2386 487506209654.5964

real	0m0.214s
user	0m0.214s
sys	0m0.000s
 
8003498375443.188 8040830216224.574 11400695886549.59 11438027727330.98

real	0m0.199s
user	0m0.199s
sys	0m0.000s
 
467292080353.7709 473215316635.7608 603526514839.5372 609449751121.5272

real	0m0.232s
user	0m0.232s
sys	0m0.000s
 
22856685758006.32 23032721850853.32 32186598678896.97 32362634771743.98

real	0m0.204s
user	0m0.204s
sys	0m0.000s
