 
SCALAR_VEC
 
0.5808000000000001 0.5830000000000002 0.6270000000000002 0.6292000000000002

real	0m1.595s
user	0m1.595s
sys	0m0.000s
 
46.0284 46.03060000000001 50.20620000000001 50.2084

real	0m2.482s
user	0m2.482s
sys	0m0.000s
 
29876.5456 29876.5478 32592.58860000001 32592.59080000001

real	0m0.513s
user	0m0.512s
sys	0m0.000s
 
VEC_VEC
 
174.0387

real	0m0.489s
user	0m0.489s
sys	0m0.000s
 
9698907.663399996

real	0m0.446s
user	0m0.446s
sys	0m0.000s
 
24900423491.09201

real	0m0.634s
user	0m0.634s
sys	0m0.000s
 
24900741320632.71

real	0m0.637s
user	0m0.637s
sys	0m0.000s
 
2.490083360868967e+16

real	0m0.692s
user	0m0.692s
sys	0m0.000s
 
VEC_MAT
 
178.7929000000001 178.8030000000001 201.2149000000001 201.2250000000001

real	0m1.308s
user	0m1.308s
sys	0m0.000s
 
992.6821000000002 992.6922000000003 1117.3464 1117.3565

real	0m0.723s
user	0m0.723s
sys	0m0.000s
 
390.3932 390.4204 450.7772000000001 450.8044

real	0m1.655s
user	0m1.655s
sys	0m0.000s
 
2166.9797 2167.0069 2502.7093 2502.7365

real	0m0.916s
user	0m0.916s
sys	0m0.000s
 
157975690.7399002 164380665.8450001

real	0m0.456s
user	0m0.456s
sys	0m0.000s
 
27065907086.64726 28163538210.734

real	0m0.508s
user	0m0.508s
sys	0m0.000s
 
128614163.4402999 133441028.6953997 138267893.9505

real	0m0.619s
user	0m0.619s
sys	0m0.000s
 
17202407856.50187 17848340807.38918 18494273758.27599

real	0m0.639s
user	0m0.639s
sys	0m0.000s
 
2.2266 2.2836 2.3406 2.397600000000001

real	0m0.199s
user	0m0.199s
sys	0m0.000s
 
73.52180000000001 74.6944 86.4204 87.59300000000002

real	0m0.835s
user	0m0.835s
sys	0m0.000s
 
609.1862 615.0844000000001 774.3358000000001 780.2340000000002

real	0m1.177s
user	0m1.177s
sys	0m0.000s
 
31020069.53999998 31057579.07999998 45948866.45999996 45986376.00000001

real	0m2.952s
user	0m2.952s
sys	0m0.000s
 
3948765877.809497 3955170852.914604 5863853434.234404 5870258409.339499

real	0m2.715s
user	0m2.711s
sys	0m0.004s
 
629070346650.9426 630167977775.031 934211799147.1235 935309430271.2021

real	0m1.467s
user	0m1.459s
sys	0m0.008s
 
72549439.0166 72565446.85879999 108086848.7006 108102856.5428001

real	0m2.383s
user	0m2.383s
sys	0m0.000s
 
324096005.6180002 324108897.3359997 483218480.892 483231372.6099998

real	0m1.250s
user	0m1.246s
sys	0m0.004s
 
10829665.1294 10829701.4254 15310551.5134 15310587.8094

real	0m0.610s
user	0m0.598s
sys	0m0.012s
 
107135690886248 108233331157370.3 147748380917728.1 148846021188851.3

real	0m1.036s
user	0m1.024s
sys	0m0.012s
 
MAT_VEC
 
178.7929000000001 178.8030000000001 201.2149000000001 201.2250000000001

real	0m0.370s
user	0m0.370s
sys	0m0.000s
 
992.6821000000002 992.6922000000003 1117.3464 1117.3565

real	0m0.264s
user	0m0.260s
sys	0m0.004s
 
390.3932 390.4204 450.7772000000001 450.8044

real	0m0.449s
user	0m0.449s
sys	0m0.000s
 
2166.9797 2167.0069 2502.7093 2502.7365

real	0m0.291s
user	0m0.291s
sys	0m0.000s
 
157975690.7399002 164380665.8450001

real	0m0.384s
user	0m0.384s
sys	0m0.000s
 
27065907086.64726 28163538210.734

real	0m0.418s
user	0m0.418s
sys	0m0.000s
 
128614163.4402999 133441028.6953997 138267893.9505

real	0m0.428s
user	0m0.428s
sys	0m0.000s
 
17202407856.50187 17848340807.38918 18494273758.27599

real	0m0.431s
user	0m0.431s
sys	0m0.000s
 
2.2266 2.2836 2.3406 2.397600000000001

real	0m0.268s
user	0m0.268s
sys	0m0.000s
 
73.52180000000001 74.6944 86.4204 87.59300000000002

real	0m0.653s
user	0m0.653s
sys	0m0.000s
 
609.1862 615.0844000000001 774.3358000000001 780.2340000000002

real	0m0.568s
user	0m0.568s
sys	0m0.000s
 
31020069.53999998 31057579.07999998 45948866.45999996 45986376.00000001

real	0m0.542s
user	0m0.538s
sys	0m0.004s
 
3948765877.809497 3955170852.914604 5863853434.234404 5870258409.339499

real	0m0.465s
user	0m0.465s
sys	0m0.000s
 
629070346650.9426 630167977775.031 934211799147.1235 935309430271.2021

real	0m0.661s
user	0m0.653s
sys	0m0.008s
 
72549439.0166 72565446.85879999 108086848.7006 108102856.5428001

real	0m0.478s
user	0m0.474s
sys	0m0.004s
 
324096005.6180002 324108897.3359997 483218480.892 483231372.6099998

real	0m0.547s
user	0m0.539s
sys	0m0.008s
 
10829665.1294 10829701.4254 15310551.5134 15310587.8094

real	0m0.428s
user	0m0.416s
sys	0m0.012s
 
107135690886248 108233331157370.3 147748380917728.1 148846021188851.3

real	0m0.437s
user	0m0.429s
sys	0m0.008s
 
OUTER
 
101.277 104.346 110.4774 113.8252

real	0m9.291s
user	0m9.291s
sys	0m0.000s
 
96.84840000000001 99.04950000000002 108.045 110.446

real	0m7.033s
user	0m7.033s
sys	0m0.000s
 
94.13800000000002 95.84960000000002 106.419 108.286

real	0m4.368s
user	0m4.368s
sys	0m0.000s
 
14.5684 14.5728 16.60140000000001 16.606

real	0m0.528s
user	0m0.528s
sys	0m0.000s
 
10.164 10.2025 11.913 11.9548

real	0m1.041s
user	0m1.041s
sys	0m0.000s
 
955.9242 956.3004 1135.8438 1136.254

real	0m0.674s
user	0m0.674s
sys	0m0.000s
 
86477.05440000001 86480.57660000001 102897.9582 102901.8004

real	0m0.396s
user	0m0.388s
sys	0m0.008s
 
27312.9912 27313.3443 32486.685 32487.07

real	0m0.253s
user	0m0.245s
sys	0m0.008s
 
MAT_MAT
 
8054296.570499997 8377212.617400005 11041896.78059999 11521723.02599998

real	0m1.499s
user	0m1.499s
sys	0m0.000s
 
67005585.50399998 69693523.28640002 92209626.6390001 96222702.65399998

real	0m1.859s
user	0m1.859s
sys	0m0.000s
 
56602.02200000002 58658.48450000003 83130.86099999996 86296.01680000003

real	0m0.934s
user	0m0.934s
sys	0m0.000s
 
297546749.5919997 308581623.7314994 440770097.583 457946307.1219999

real	0m0.872s
user	0m0.872s
sys	0m0.000s
 
8054296.570499997 8144829.910200007 11426434.83180001 11521723.02599998

real	0m0.310s
user	0m0.310s
sys	0m0.000s
 
67005585.50399998 67746880.83150004 95442432.67260008 96222702.65399998

real	0m0.407s
user	0m0.407s
sys	0m0.000s
 
56602.02200000002 56765.4044 86117.12820000002 86296.01680000003

real	0m0.173s
user	0m0.173s
sys	0m0.000s
 
297546749.5919997 299613096.1240003 455678605.3310006 457946307.1219999

real	0m0.263s
user	0m0.259s
sys	0m0.004s
 
301.3441 301.7106 379.168 379.5840000000001

real	0m0.485s
user	0m0.485s
sys	0m0.000s
 
45022.4809 45027.16379999999 57025.89409999999 57031.226

real	0m0.543s
user	0m0.539s
sys	0m0.004s
 
79343.34260000002 79353.49420000002 105856.4262 105868.395

real	0m0.377s
user	0m0.373s
sys	0m0.004s
 
77470.43699999999 77485.73999999999 107948.34 107966.91

real	0m0.256s
user	0m0.252s
sys	0m0.004s
 
109.241 111.7864 142.1856 145.251

real	0m0.917s
user	0m0.917s
sys	0m0.000s
 
1739639.1343 1765026.6362 3156552.835599999 3194056.931000001

real	0m0.874s
user	0m0.874s
sys	0m0.000s
 
40128631.98950006 40455680.77900002 81101463.51099998 81608296.35000008

real	0m0.466s
user	0m0.465s
sys	0m0.000s
 
185145.8628 186726.9552 353878.6176 356259.936

real	0m0.575s
user	0m0.575s
sys	0m0.000s
 
5650057.303000003 5674398.905999999 11835110.684 11873364.25000001

real	0m0.537s
user	0m0.533s
sys	0m0.004s
 
3539227257.462 3543179262.324003 8019509498.519998 8025995052.400001

real	0m0.201s
user	0m0.201s
sys	0m0.000s
 
66219776245.92168 66260257446.05717 151986883006.3699 152053753059.55

real	0m0.249s
user	0m0.245s
sys	0m0.004s
 
166212294937.3991 166288626284.498 382568140639.0098 382694366833.2999

real	0m0.348s
user	0m0.340s
sys	0m0.008s
 
608720333715.4655 608956501509.1871 1405127495482.165 1405518727998.903

real	0m0.858s
user	0m0.842s
sys	0m0.016s
 
TRANS1
 
8054296.570499997 8377212.617400005 11041896.78059999 11521723.02599998

real	0m1.705s
user	0m1.705s
sys	0m0.000s
 
67005585.50399998 69693523.28640002 92209626.6390001 96222702.65399998

real	0m2.199s
user	0m2.199s
sys	0m0.000s
 
56602.02200000002 58658.48450000003 83130.86099999996 86296.01680000003

real	0m0.820s
user	0m0.820s
sys	0m0.000s
 
297546749.5919997 308581623.7314994 440770097.583 457946307.1219999

real	0m1.348s
user	0m1.344s
sys	0m0.004s
 
8054296.570499997 8144829.910200007 11426434.83180001 11521723.02599998

real	0m1.689s
user	0m1.689s
sys	0m0.000s
 
67005585.50399998 67746880.83150004 95442432.67260008 96222702.65399998

real	0m2.191s
user	0m2.191s
sys	0m0.000s
 
56602.02200000002 56765.4044 86117.12820000002 86296.01680000003

real	0m0.807s
user	0m0.803s
sys	0m0.004s
 
297546749.5919997 299613096.1240003 455678605.3310006 457946307.1219999

real	0m1.346s
user	0m1.346s
sys	0m0.000s
 
301.3441 301.7106 379.168 379.5840000000001

real	0m2.148s
user	0m2.148s
sys	0m0.000s
 
45022.4809 45027.16379999999 57025.89409999999 57031.226

real	0m1.616s
user	0m1.612s
sys	0m0.004s
 
79343.34260000002 79353.49420000002 105856.4262 105868.395

real	0m1.212s
user	0m1.208s
sys	0m0.004s
 
77470.43699999999 77485.73999999999 107948.34 107966.91

real	0m0.607s
user	0m0.607s
sys	0m0.000s
 
109.241 111.7864 142.1856 145.251

real	0m0.624s
user	0m0.620s
sys	0m0.004s
 
1739639.1343 1765026.6362 3156552.835599999 3194056.931000001

real	0m2.916s
user	0m2.912s
sys	0m0.004s
 
40128631.98950006 40455680.77900002 81101463.51099998 81608296.35000008

real	0m2.581s
user	0m2.580s
sys	0m0.000s
 
185145.8628 186726.9552 353878.6176 356259.936

real	0m2.469s
user	0m2.469s
sys	0m0.000s
 
5650057.303000003 5674398.905999999 11835110.684 11873364.25000001

real	0m2.582s
user	0m2.582s
sys	0m0.000s
 
3539227257.462 3543179262.324003 8019509498.519998 8025995052.400001

real	0m1.147s
user	0m1.146s
sys	0m0.000s
 
66219776245.92168 66260257446.05717 151986883006.3699 152053753059.55

real	0m1.392s
user	0m1.388s
sys	0m0.004s
 
166212294937.3991 166288626284.498 382568140639.0098 382694366833.2999

real	0m1.263s
user	0m1.255s
sys	0m0.008s
 
608720333715.4655 608956501509.1871 1405127495482.165 1405518727998.903

real	0m2.580s
user	0m2.576s
sys	0m0.004s
 
1512441.733 1524415.266 2968657.650000001 2986772.5

real	0m1.471s
user	0m1.471s
sys	0m0.000s
 
608720333715.4655 608956501509.1871 1405127495482.165 1405518727998.903

real	0m1.294s
user	0m1.290s
sys	0m0.004s
 
TRANS2
 
8054296.570499997 8377212.617400005 11041896.78059999 11521723.02599998

real	0m1.666s
user	0m1.666s
sys	0m0.000s
 
67005585.50399998 69693523.28640002 92209626.6390001 96222702.65399998

real	0m2.076s
user	0m2.076s
sys	0m0.000s
 
56602.02200000002 58658.48450000003 83130.86099999996 86296.01680000003

real	0m0.960s
user	0m0.960s
sys	0m0.000s
 
297546749.5919997 308581623.7314994 440770097.583 457946307.1219999

real	0m1.203s
user	0m1.203s
sys	0m0.000s
 
8054296.570499997 8144829.910200007 11426434.83180001 11521723.02599998

real	0m0.336s
user	0m0.336s
sys	0m0.000s
 
67005585.50399998 67746880.83150004 95442432.67260008 96222702.65399998

real	0m0.406s
user	0m0.405s
sys	0m0.000s
 
56602.02200000002 56765.4044 86117.12820000002 86296.01680000003

real	0m0.184s
user	0m0.184s
sys	0m0.000s
 
297546749.5919997 299613096.1240003 455678605.3310006 457946307.1219999

real	0m0.272s
user	0m0.272s
sys	0m0.000s
 
301.3441 301.7106 379.168 379.5840000000001

real	0m0.503s
user	0m0.503s
sys	0m0.000s
 
45022.4809 45027.16379999999 57025.89409999999 57031.226

real	0m0.547s
user	0m0.543s
sys	0m0.004s
 
79343.34260000002 79353.49420000002 105856.4262 105868.395

real	0m0.374s
user	0m0.366s
sys	0m0.008s
 
77470.43699999999 77485.73999999999 107948.34 107966.91

real	0m0.251s
user	0m0.251s
sys	0m0.000s
 
109.241 111.7864 142.1856 145.251

real	0m0.926s
user	0m0.926s
sys	0m0.000s
 
1739639.1343 1765026.6362 3156552.835599999 3194056.931000001

real	0m0.916s
user	0m0.916s
sys	0m0.000s
 
40128631.98950006 40455680.77900002 81101463.51099998 81608296.35000008

real	0m0.534s
user	0m0.534s
sys	0m0.000s
 
185145.8628 186726.9552 353878.6176 356259.936

real	0m0.615s
user	0m0.611s
sys	0m0.004s
 
5650057.303000003 5674398.905999999 11835110.684 11873364.25000001

real	0m0.561s
user	0m0.561s
sys	0m0.000s
 
3539227257.462 3543179262.324003 8019509498.519998 8025995052.400001

real	0m0.206s
user	0m0.202s
sys	0m0.004s
 
66219776245.92168 66260257446.05717 151986883006.3699 152053753059.55

real	0m0.269s
user	0m0.269s
sys	0m0.000s
 
166212294937.3991 166288626284.498 382568140639.0098 382694366833.2999

real	0m0.381s
user	0m0.381s
sys	0m0.000s
 
608720333715.4655 608956501509.1871 1405127495482.165 1405518727998.903

real	0m0.936s
user	0m0.928s
sys	0m0.008s
 
1512441.733 1524415.266 2968657.650000001 2986772.5

real	0m0.539s
user	0m0.538s
sys	0m0.000s
 
608720333715.4655 608956501509.1871 1405127495482.165 1405518727998.903

real	0m0.588s
user	0m0.580s
sys	0m0.008s
 
TRANS12
 
8054296.570499997 8377212.617400005 11041896.78059999 11521723.02599998

real	0m1.772s
user	0m1.772s
sys	0m0.000s
 
67005585.50399998 69693523.28640002 92209626.6390001 96222702.65399998

real	0m2.257s
user	0m2.257s
sys	0m0.000s
 
56602.02200000002 58658.48450000003 83130.86099999996 86296.01680000003

real	0m0.896s
user	0m0.896s
sys	0m0.000s
 
297546749.5919997 308581623.7314994 440770097.583 457946307.1219999

real	0m1.391s
user	0m1.391s
sys	0m0.000s
 
8054296.570499997 8144829.910200007 11426434.83180001 11521723.02599998

real	0m1.735s
user	0m1.735s
sys	0m0.000s
 
67005585.50399998 67746880.83150004 95442432.67260008 96222702.65399998

real	0m2.218s
user	0m2.218s
sys	0m0.000s
 
56602.02200000002 56765.4044 86117.12820000002 86296.01680000003

real	0m0.882s
user	0m0.882s
sys	0m0.000s
 
297546749.5919997 299613096.1240003 455678605.3310006 457946307.1219999

real	0m1.361s
user	0m1.357s
sys	0m0.004s
 
301.3441 301.7106 379.168 379.5840000000001

real	0m1.895s
user	0m1.895s
sys	0m0.000s
 
45022.4809 45027.16379999999 57025.89409999999 57031.226

real	0m1.420s
user	0m1.420s
sys	0m0.000s
 
79343.34260000002 79353.49420000002 105856.4262 105868.395

real	0m1.152s
user	0m1.152s
sys	0m0.000s
 
77470.43699999999 77485.73999999999 107948.34 107966.91

real	0m0.770s
user	0m0.766s
sys	0m0.004s
 
109.241 111.7864 142.1856 145.251

real	0m0.812s
user	0m0.812s
sys	0m0.000s
 
1739639.1343 1765026.6362 3156552.835599999 3194056.931000001

real	0m3.142s
user	0m3.142s
sys	0m0.000s
 
40128631.98950006 40455680.77900002 81101463.51099998 81608296.35000008

real	0m2.682s
user	0m2.678s
sys	0m0.004s
 
185145.8628 186726.9552 353878.6176 356259.936

real	0m2.784s
user	0m2.783s
sys	0m0.000s
 
5650057.303000003 5674398.905999999 11835110.684 11873364.25000001

real	0m2.928s
user	0m2.928s
sys	0m0.000s
 
3539227257.462 3543179262.324003 8019509498.519998 8025995052.400001

real	0m1.199s
user	0m1.199s
sys	0m0.000s
 
66219776245.92168 66260257446.05717 151986883006.3699 152053753059.55

real	0m1.436s
user	0m1.431s
sys	0m0.004s
 
166212294937.3991 166288626284.498 382568140639.0098 382694366833.2999

real	0m1.307s
user	0m1.298s
sys	0m0.008s
 
608720333715.4655 608956501509.1871 1405127495482.165 1405518727998.903

real	0m5.380s
user	0m5.372s
sys	0m0.008s
 
SPECIAL
 
0.04840000000000001

real	0m0.448s
user	0m0.448s
sys	0m0.000s
 
0.04840000000000001

real	0m0.433s
user	0m0.433s
sys	0m0.000s
 
0.04840000000000001

real	0m0.165s
user	0m0.165s
sys	0m0.000s
 
53.79660000000001 53.79880000000001 58.68060000000001 58.68280000000001

real	0m0.655s
user	0m0.655s
sys	0m0.000s
 
53.79660000000001 53.79880000000001 58.68060000000001 58.68280000000001

real	0m4.134s
user	0m4.134s
sys	0m0.000s
 
9698907.663399996

real	0m0.787s
user	0m0.787s
sys	0m0.000s
 
9698907.663399996

real	0m0.468s
user	0m0.468s
sys	0m0.000s
 
0.04840000000000001

real	0m0.587s
user	0m0.587s
sys	0m0.000s
 
53.79660000000001 53.79880000000001 58.68060000000001 58.68280000000001

real	0m0.665s
user	0m0.665s
sys	0m0.000s
 
53.79660000000001 53.79880000000001 58.68060000000001 58.68280000000001

real	0m13.238s
user	0m13.238s
sys	0m0.000s
 
9698907.663399996

real	0m0.759s
user	0m0.759s
sys	0m0.000s
 
3948765877.809497 3955170852.914604 5863853434.234404 5870258409.339499

real	0m0.349s
user	0m0.345s
sys	0m0.004s
 
3948765877.809497 3955170852.914604 5863853434.234404 5870258409.339499

real	0m3.372s
user	0m3.371s
sys	0m0.000s
 
0.04840000000000001

real	0m0.496s
user	0m0.496s
sys	0m0.000s
 
53.79660000000001 53.79880000000001 58.68060000000001 58.68280000000001

real	0m3.453s
user	0m3.452s
sys	0m0.000s
 
53.79660000000001 53.79880000000001 58.68060000000001 58.68280000000001

real	0m5.201s
user	0m5.201s
sys	0m0.000s
 
9698907.663399996

real	0m0.469s
user	0m0.469s
sys	0m0.000s
 
3948765877.809497 3955170852.914604 5863853434.234404 5870258409.339499

real	0m2.039s
user	0m2.039s
sys	0m0.000s
 
3948765877.809497 3955170852.914604 5863853434.234404 5870258409.339499

real	0m2.041s
user	0m2.033s
sys	0m0.008s
 
0.04840000000000001

real	0m0.664s
user	0m0.664s
sys	0m0.000s
 
53.79660000000001 53.79880000000001 58.68060000000001 58.68280000000001

real	0m0.669s
user	0m0.669s
sys	0m0.000s
 
53.79660000000001 53.79880000000001 58.68060000000001 58.68280000000001

real	0m14.416s
user	0m14.416s
sys	0m0.000s
 
9698907.663399996

real	0m0.763s
user	0m0.762s
sys	0m0.000s
 
3948765877.809497 3955170852.914604 5863853434.234404 5870258409.339499

real	0m0.357s
user	0m0.357s
sys	0m0.000s
 
3948765877.809497 3955170852.914604 5863853434.234404 5870258409.339499

real	0m3.768s
user	0m3.768s
sys	0m0.000s
 
0.04840000000000001

real	0m0.522s
user	0m0.521s
sys	0m0.000s
 
53.79660000000001 53.79880000000001 58.68060000000001 58.68280000000001

real	0m3.454s
user	0m3.454s
sys	0m0.000s
 
53.79660000000001 53.79880000000001 58.68060000000001 58.68280000000001

real	0m5.407s
user	0m5.407s
sys	0m0.000s
 
9698907.663399996

real	0m0.470s
user	0m0.470s
sys	0m0.000s
 
3948765877.809497 3955170852.914604 5863853434.234404 5870258409.339499

real	0m2.050s
user	0m2.046s
sys	0m0.004s
 
3948765877.809497 3955170852.914604 5863853434.234404 5870258409.339499

real	0m2.103s
user	0m2.103s
sys	0m0.000s
 
3037.1121 3037.6632 3611.409 3612.01

real	0m0.409s
user	0m0.405s
sys	0m0.004s
 
3037.1121 3037.6632 3611.409 3612.01

real	0m0.410s
user	0m0.410s
sys	0m0.000s
 
3037.1121 3037.6632 3611.409 3612.01

real	0m1.945s
user	0m1.945s
sys	0m0.000s
 
3037.1121 3037.6632 3611.409 3612.01

real	0m1.947s
user	0m1.943s
sys	0m0.004s
 
SEQUENCE
 
37624.35618 38872.44188 52954.76458 54712.31628

real	0m1.159s
user	0m1.159s
sys	0m0.000s
 
4350478614.186048 4405620767.888449 7321622135.843186 7393481577.214199

real	0m0.336s
user	0m0.336s
sys	0m0.000s
 
48832437279.8918 49241016265.74157 88512227219.28583 89040617812.03206

real	0m1.110s
user	0m1.110s
sys	0m0.000s
 
18696443068.18007 18840087100.15867 37617583432.7108 37823564976.3486

real	0m0.280s
user	0m0.280s
sys	0m0.000s
 
4.901614166865179e+18 4.912723296455448e+18 1.084442578747924e+19 1.086100449795465e+19

real	0m0.216s
user	0m0.216s
sys	0m0.000s
 
1.647418946230568e+16 1.649160037624473e+16 3.768465979697054e+16 3.771108024027194e+16

real	0m0.280s
user	0m0.276s
sys	0m0.004s
 
4.48881116501821e+17 4.490640601531962e+17 1.03730934601686e+18 1.03758774958278e+18

real	0m0.324s
user	0m0.324s
sys	0m0.000s
 
4.48881116501821e+17 4.490640601531962e+17 1.03730934601686e+18 1.03758774958278e+18

real	0m1.767s
user	0m1.763s
sys	0m0.004s
 
4.48881116501821e+17 4.490640601531962e+17 1.03730934601686e+18 1.03758774958278e+18

real	0m2.376s
user	0m2.368s
sys	0m0.008s
 
8.382424294553979e+29 8.385850640122295e+29 1.937388035390321e+30 1.93790724339292e+30

real	0m0.340s
user	0m0.332s
sys	0m0.008s
 
8.382424294553979e+29 8.385850640122295e+29 1.937388035390321e+30 1.93790724339292e+30

real	0m1.195s
user	0m1.183s
sys	0m0.012s
 
8.382424294553979e+29 8.385850640122295e+29 1.937388035390321e+30 1.93790724339292e+30

real	0m1.328s
user	0m1.316s
sys	0m0.012s
 
8.382424294553979e+29 8.385850640122295e+29 1.937388035390321e+30 1.93790724339292e+30

real	0m1.335s
user	0m1.323s
sys	0m0.012s
 
8.382424294553979e+29 8.385850640122295e+29 1.937388035390321e+30 1.93790724339292e+30

real	0m1.189s
user	0m1.177s
sys	0m0.012s
 
8.382424294553979e+29 8.385850640122295e+29 1.937388035390321e+30 1.93790724339292e+30

real	0m1.246s
user	0m1.238s
sys	0m0.008s
 
374124590164.9393 378323909405.297 483306890414.2386 487506209654.5964

real	0m0.341s
user	0m0.341s
sys	0m0.000s
 
8003498375443.188 8040830216224.574 11400695886549.59 11438027727330.98

real	0m0.285s
user	0m0.277s
sys	0m0.008s
 
467292080353.7709 473215316635.7608 603526514839.5372 609449751121.5272

real	0m0.258s
user	0m0.258s
sys	0m0.000s
 
22856685758006.32 23032721850853.32 32186598678896.97 32362634771743.98

real	0m0.227s
user	0m0.227s
sys	0m0.000s
