 
SCALAR_VEC
 
0.5808000000000001 0.5830000000000002 0.6270000000000002 0.6292000000000002

real	0m1.094s
user	0m1.171s
sys	0m0.072s
 
46.0284 46.03060000000001 50.20620000000001 50.2084

real	0m0.767s
user	0m0.819s
sys	0m0.097s
 
29876.5456 29876.5478 32592.58860000001 32592.59080000001

real	0m0.262s
user	0m0.627s
sys	0m0.156s
 
VEC_VEC
 
174.0387

real	0m0.409s
user	0m0.435s
sys	0m0.124s
 
9698907.6634

real	0m0.066s
user	0m0.099s
sys	0m0.096s
 
24900423491.092

real	0m0.141s
user	0m0.167s
sys	0m0.123s
 
24900741320632.73

real	0m0.155s
user	0m0.202s
sys	0m0.103s
 
2.490083360868392e+16

real	0m0.390s
user	0m0.432s
sys	0m0.108s
 
VEC_MAT
 
178.7929000000001 178.8030000000001 201.2149000000001 201.2250000000001

real	0m0.598s
user	0m0.647s
sys	0m0.100s
 
992.6821000000002 992.6922000000003 1117.3464 1117.3565

real	0m0.288s
user	0m0.582s
sys	0m0.279s
 
390.3932 390.4204 450.7772000000001 450.8044

real	0m0.735s
user	0m0.789s
sys	0m0.096s
 
2166.9797 2167.0069 2502.7093 2502.7365

real	0m0.294s
user	0m0.647s
sys	0m0.233s
 
157975690.7399001 164380665.8450001

real	0m0.125s
user	0m0.169s
sys	0m0.105s
 
27065907086.64701 28163538210.734

real	0m0.134s
user	0m0.193s
sys	0m0.090s
 
128614163.4403001 133441028.6954 138267893.9505

real	0m0.168s
user	0m0.222s
sys	0m0.095s
 
17202407856.50201 17848340807.389 18494273758.276

real	0m0.182s
user	0m0.231s
sys	0m0.100s
 
2.2266 2.2836 2.3406 2.397600000000001

real	0m0.365s
user	0m0.401s
sys	0m0.113s
 
73.52180000000001 74.6944 86.4204 87.593

real	0m0.589s
user	0m0.639s
sys	0m0.100s
 
609.1862 615.0844 774.3357999999999 780.2339999999999

real	0m0.546s
user	0m0.600s
sys	0m0.095s
 
31020069.54 31057579.08 45948866.46 45986376

real	0m0.191s
user	0m0.493s
sys	0m0.077s
 
3948765877.8095 3955170852.914599 5863853434.234401 5870258409.3395

real	0m0.151s
user	0m0.446s
sys	0m0.004s
 
629070346650.9373 630167977775.0238 934211799147.1232 935309430271.2095

real	0m0.386s
user	0m1.124s
sys	0m0.028s
 
72549439.01660001 72565446.85880004 108086848.7006 108102856.5428

real	0m0.171s
user	0m0.501s
sys	0m0.008s
 
324096005.618 324108897.3360001 483218480.8920001 483231372.6100001

real	0m0.405s
user	0m1.157s
sys	0m0.052s
 
10829665.1294 10829701.4254 15310551.5134 15310587.8094

real	0m0.453s
user	0m1.250s
sys	0m0.100s
 
107135690886253.9 108233331157374.9 147748380917734.3 148846021188855.2

real	0m0.312s
user	0m0.867s
sys	0m0.060s
 
MAT_VEC
 
178.7929000000001 178.8030000000001 201.2149000000001 201.2250000000001

real	0m0.325s
user	0m0.377s
sys	0m0.097s
 
992.6821000000002 992.6922000000003 1117.3464 1117.3565

real	0m0.266s
user	0m0.511s
sys	0m0.285s
 
390.3932 390.4204 450.7772000000001 450.8044

real	0m0.525s
user	0m0.583s
sys	0m0.092s
 
2166.9797 2167.0069 2502.7093 2502.7365

real	0m0.307s
user	0m0.639s
sys	0m0.281s
 
157975690.7399002 164380665.8449999

real	0m0.148s
user	0m0.194s
sys	0m0.103s
 
27065907086.64701 28163538210.73399

real	0m0.081s
user	0m0.193s
sys	0m0.048s
 
128614163.4403001 133441028.6954 138267893.9504999

real	0m0.170s
user	0m0.219s
sys	0m0.101s
 
17202407856.50198 17848340807.38902 18494273758.27598

real	0m0.091s
user	0m0.229s
sys	0m0.043s
 
2.2266 2.283600000000001 2.3406 2.397600000000001

real	0m0.311s
user	0m0.344s
sys	0m0.116s
 
73.52180000000001 74.6944 86.4204 87.59300000000002

real	0m0.592s
user	0m0.645s
sys	0m0.097s
 
609.1862 615.0844 774.3358000000001 780.2340000000002

real	0m0.574s
user	0m0.622s
sys	0m0.101s
 
31020069.54 31057579.08 45948866.45999999 45986376.00000001

real	0m0.320s
user	0m0.851s
sys	0m0.108s
 
3948765877.809499 3955170852.914599 5863853434.234398 5870258409.339503

real	0m0.253s
user	0m0.742s
sys	0m0.016s
 
629070346650.9357 630167977775.0227 934211799147.1244 935309430271.2021

real	0m0.571s
user	0m1.631s
sys	0m0.076s
 
72549439.01660001 72565446.85879999 108086848.7006 108102856.5428

real	0m0.170s
user	0m0.483s
sys	0m0.024s
 
324096005.618 324108897.3359999 483218480.892 483231372.6099998

real	0m0.389s
user	0m1.120s
sys	0m0.040s
 
10829665.1294 10829701.4254 15310551.5134 15310587.8094

real	0m0.325s
user	0m0.888s
sys	0m0.080s
 
107135690886258.2 108233331157375.3 147748380917735 148846021188851.3

real	0m0.986s
user	0m2.695s
sys	0m0.256s
 
OUTER
 
101.277 104.346 110.4774 113.8252

real	0m4.105s
user	0m4.166s
sys	0m0.088s
 
96.84840000000001 99.04950000000002 108.045 110.446

real	0m3.953s
user	0m4.030s
sys	0m0.072s
 
94.13800000000002 95.84960000000002 106.419 108.286

real	0m3.321s
user	0m3.362s
sys	0m0.108s
 
14.5684 14.5728 16.60140000000001 16.606

real	0m1.570s
user	0m1.623s
sys	0m0.096s
 
10.164 10.2025 11.913 11.9548

real	0m1.195s
user	0m1.257s
sys	0m0.088s
 
955.9242 956.3004 1135.8438 1136.254

real	0m0.951s
user	0m1.004s
sys	0m0.096s
 
86477.05440000001 86480.57660000001 102897.9582 102901.8004

real	0m0.923s
user	0m2.721s
sys	0m0.040s
 
27312.9912 27313.3443 32486.685 32487.07

real	0m0.470s
user	0m1.391s
sys	0m0.016s
 
MAT_MAT
 
8054296.570500001 8377212.6174 11041896.7806 11521723.026

real	0m0.993s
user	0m1.031s
sys	0m0.112s
 
67005585.504 69693523.28640004 92209626.63899991 96222702.65399997

real	0m1.259s
user	0m1.312s
sys	0m0.096s
 
56602.02200000002 58658.48450000003 83130.86099999998 86296.01680000003

real	0m0.483s
user	0m0.537s
sys	0m0.095s
 
297546749.5919999 308581623.7315001 440770097.5830001 457946307.1219998

real	0m0.592s
user	0m0.625s
sys	0m0.115s
 
8054296.570500001 8144829.910200001 11426434.8318 11521723.026

real	0m0.624s
user	0m0.677s
sys	0m0.096s
 
67005585.504 67746880.83150002 95442432.6726 96222702.65399997

real	0m0.812s
user	0m0.850s
sys	0m0.112s
 
56602.02200000002 56765.4044 86117.12820000001 86296.01680000001

real	0m0.337s
user	0m0.394s
sys	0m0.092s
 
297546749.5919999 299613096.1240001 455678605.331 457946307.1219998

real	0m0.391s
user	0m0.453s
sys	0m0.087s
 
301.3441 301.7106 379.168 379.584

real	0m0.643s
user	0m0.692s
sys	0m0.100s
 
45022.4809 45027.16379999999 57025.89409999999 57031.22599999999

real	0m0.639s
user	0m1.872s
sys	0m0.040s
 
79343.34260000002 79353.49420000002 105856.4262 105868.395

real	0m0.389s
user	0m1.152s
sys	0m0.012s
 
77470.43700000001 77485.73999999999 107948.34 107966.91

real	0m0.114s
user	0m0.315s
sys	0m0.024s
 
109.241 111.7864 142.1856 145.251

real	0m0.590s
user	0m0.644s
sys	0m0.095s
 
1739639.1343 1765026.6362 3156552.835599999 3194056.931000001

real	0m0.373s
user	0m0.433s
sys	0m0.089s
 
40128631.9895 40455680.77900001 81101463.51099998 81608296.35000002

real	0m0.104s
user	0m0.301s
sys	0m0.008s
 
185145.8628 186726.9552000001 353878.6176 356259.936

real	0m0.300s
user	0m0.338s
sys	0m0.111s
 
5650057.303000003 5674398.905999999 11835110.684 11873364.25000001

real	0m0.097s
user	0m0.289s
sys	0m0.000s
 
3539227257.462001 3543179262.324001 8019509498.519999 8025995052.400002

real	0m0.023s
user	0m0.054s
sys	0m0.011s
 
66219776245.92162 66260257446.0572 151986883006.37 152053753059.55

real	0m0.030s
user	0m0.077s
sys	0m0.008s
 
166212294937.399 166288626284.4981 382568140639.0101 382694366833.3

real	0m0.030s
user	0m0.066s
sys	0m0.019s
 
608720333715.4656 608956501509.1868 1405127495482.165 1405518727998.904

real	0m0.054s
user	0m0.129s
sys	0m0.028s
 
TRANS1
 
8054296.570500001 8377212.6174 11041896.7806 11521723.026

real	0m0.963s
user	0m1.031s
sys	0m0.081s
 
67005585.504 69693523.28640004 92209626.63899991 96222702.65399997

real	0m1.249s
user	0m1.306s
sys	0m0.092s
 
56602.02200000002 58658.48450000003 83130.86099999998 86296.01680000003

real	0m0.475s
user	0m0.515s
sys	0m0.109s
 
297546749.5919999 308581623.7315001 440770097.5830001 457946307.1219998

real	0m0.597s
user	0m0.659s
sys	0m0.088s
 
8054296.570500001 8144829.910200001 11426434.8318 11521723.026

real	0m0.583s
user	0m0.623s
sys	0m0.109s
 
67005585.504 67746880.83150002 95442432.6726 96222702.65399997

real	0m0.740s
user	0m0.781s
sys	0m0.108s
 
56602.02200000002 56765.4044 86117.12820000001 86296.01680000001

real	0m0.325s
user	0m0.372s
sys	0m0.103s
 
297546749.5919999 299613096.1240001 455678605.331 457946307.1219998

real	0m0.349s
user	0m0.409s
sys	0m0.089s
 
301.3441 301.7106 379.168 379.584

real	0m0.645s
user	0m0.699s
sys	0m0.096s
 
45022.4809 45027.16379999999 57025.89409999999 57031.22599999999

real	0m0.636s
user	0m1.887s
sys	0m0.016s
 
79343.34260000002 79353.49420000002 105856.4262 105868.395

real	0m0.388s
user	0m1.145s
sys	0m0.016s
 
77470.43700000001 77485.73999999999 107948.34 107966.91

real	0m0.112s
user	0m0.318s
sys	0m0.016s
 
109.241 111.7864 142.1856 145.251

real	0m0.592s
user	0m0.621s
sys	0m0.121s
 
1739639.1343 1765026.6362 3156552.835599999 3194056.931000001

real	0m0.368s
user	0m0.397s
sys	0m0.120s
 
40128631.9895 40455680.77900001 81101463.51099998 81608296.35000002

real	0m0.103s
user	0m0.295s
sys	0m0.012s
 
185145.8628 186726.9552000001 353878.6176 356259.936

real	0m0.300s
user	0m0.360s
sys	0m0.089s
 
5650057.303000003 5674398.905999999 11835110.684 11873364.25000001

real	0m0.096s
user	0m0.277s
sys	0m0.008s
 
3539227257.462001 3543179262.324001 8019509498.519999 8025995052.400002

real	0m0.023s
user	0m0.061s
sys	0m0.004s
 
66219776245.92162 66260257446.0572 151986883006.37 152053753059.55

real	0m0.034s
user	0m0.076s
sys	0m0.020s
 
166212294937.399 166288626284.4981 382568140639.0101 382694366833.3

real	0m0.032s
user	0m0.067s
sys	0m0.025s
 
608720333715.4656 608956501509.1868 1405127495482.165 1405518727998.904

real	0m0.064s
user	0m0.132s
sys	0m0.053s
 
1512441.733 1524415.266 2968657.650000001 2986772.5

real	0m0.253s
user	0m0.294s
sys	0m0.109s
 
608720333715.4656 608956501509.1868 1405127495482.165 1405518727998.904

real	0m0.050s
user	0m0.092s
sys	0m0.052s
 
TRANS2
 
8054296.570500001 8377212.6174 11041896.7806 11521723.026

real	0m0.961s
user	0m0.994s
sys	0m0.116s
 
67005585.504 69693523.28640004 92209626.63899991 96222702.65399997

real	0m1.234s
user	0m1.287s
sys	0m0.096s
 
56602.02200000002 58658.48450000003 83130.86099999998 86296.01680000003

real	0m0.495s
user	0m0.565s
sys	0m0.080s
 
297546749.5919999 308581623.7315001 440770097.5830001 457946307.1219998

real	0m0.581s
user	0m0.634s
sys	0m0.096s
 
8054296.570500001 8144829.910200001 11426434.8318 11521723.026

real	0m0.625s
user	0m0.666s
sys	0m0.108s
 
67005585.504 67746880.83150002 95442432.6726 96222702.65399997

real	0m0.817s
user	0m0.853s
sys	0m0.113s
 
56602.02200000002 56765.4044 86117.12820000001 86296.01680000001

real	0m0.344s
user	0m0.384s
sys	0m0.109s
 
297546749.5919999 299613096.1240001 455678605.331 457946307.1219998

real	0m0.390s
user	0m0.442s
sys	0m0.096s
 
301.3441 301.7106 379.168 379.584

real	0m0.643s
user	0m0.685s
sys	0m0.107s
 
45022.4809 45027.16379999999 57025.89409999999 57031.22599999999

real	0m0.644s
user	0m1.872s
sys	0m0.056s
 
79343.34260000002 79353.49420000002 105856.4262 105868.395

real	0m0.389s
user	0m1.140s
sys	0m0.024s
 
77470.43700000001 77485.73999999999 107948.34 107966.91

real	0m0.113s
user	0m0.323s
sys	0m0.012s
 
109.241 111.7864 142.1856 145.251

real	0m0.632s
user	0m0.677s
sys	0m0.104s
 
1739639.1343 1765026.6362 3156552.835599999 3194056.931000001

real	0m0.359s
user	0m0.409s
sys	0m0.099s
 
40128631.9895 40455680.77900001 81101463.51099998 81608296.35000002

real	0m0.108s
user	0m0.309s
sys	0m0.012s
 
185145.8628 186726.9552000001 353878.6176 356259.936

real	0m0.296s
user	0m0.346s
sys	0m0.099s
 
5650057.303000003 5674398.905999999 11835110.684 11873364.25000001

real	0m0.098s
user	0m0.280s
sys	0m0.012s
 
3539227257.462001 3543179262.324001 8019509498.519999 8025995052.400002

real	0m0.023s
user	0m0.063s
sys	0m0.004s
 
66219776245.92162 66260257446.0572 151986883006.37 152053753059.55

real	0m0.031s
user	0m0.071s
sys	0m0.019s
 
166212294937.399 166288626284.4981 382568140639.0101 382694366833.3

real	0m0.033s
user	0m0.071s
sys	0m0.024s
 
608720333715.4656 608956501509.1868 1405127495482.165 1405518727998.904

real	0m0.066s
user	0m0.129s
sys	0m0.062s
 
1512441.733 1524415.266 2968657.650000001 2986772.5

real	0m0.249s
user	0m0.291s
sys	0m0.107s
 
608720333715.4656 608956501509.1868 1405127495482.165 1405518727998.904

real	0m0.049s
user	0m0.103s
sys	0m0.039s
 
TRANS12
 
8054296.570500001 8377212.6174 11041896.7806 11521723.026

real	0m0.949s
user	0m0.986s
sys	0m0.112s
 
67005585.504 69693523.28640004 92209626.63899991 96222702.65399997

real	0m1.228s
user	0m1.297s
sys	0m0.080s
 
56602.02200000002 58658.48450000003 83130.86099999998 86296.01680000003

real	0m0.484s
user	0m0.534s
sys	0m0.100s
 
297546749.5919999 308581623.7315001 440770097.5830001 457946307.1219998

real	0m0.590s
user	0m0.631s
sys	0m0.108s
 
8054296.570500001 8144829.910200001 11426434.8318 11521723.026

real	0m0.588s
user	0m0.649s
sys	0m0.089s
 
67005585.504 67746880.83150002 95442432.6726 96222702.65399997

real	0m0.755s
user	0m0.780s
sys	0m0.125s
 
56602.02200000002 56765.4044 86117.12820000001 86296.01680000001

real	0m0.327s
user	0m0.369s
sys	0m0.107s
 
297546749.5919999 299613096.1240001 455678605.331 457946307.1219998

real	0m0.350s
user	0m0.379s
sys	0m0.120s
 
301.3441 301.7106 379.168 379.584

real	0m0.642s
user	0m0.703s
sys	0m0.088s
 
45022.4809 45027.16379999999 57025.89409999999 57031.22599999999

real	0m0.644s
user	0m1.915s
sys	0m0.012s
 
79343.34260000002 79353.49420000002 105856.4262 105868.395

real	0m0.393s
user	0m1.163s
sys	0m0.012s
 
77470.43700000001 77485.73999999999 107948.34 107966.91

real	0m0.113s
user	0m0.288s
sys	0m0.048s
 
109.241 111.7864 142.1856 145.251

real	0m0.645s
user	0m0.705s
sys	0m0.089s
 
1739639.1343 1765026.6362 3156552.835599999 3194056.931000001

real	0m0.366s
user	0m0.410s
sys	0m0.105s
 
40128631.9895 40455680.77900001 81101463.51099998 81608296.35000002

real	0m0.105s
user	0m0.310s
sys	0m0.004s
 
185145.8628 186726.9552000001 353878.6176 356259.936

real	0m0.291s
user	0m0.360s
sys	0m0.081s
 
5650057.303000003 5674398.905999999 11835110.684 11873364.25000001

real	0m0.098s
user	0m0.277s
sys	0m0.016s
 
3539227257.462001 3543179262.324001 8019509498.519999 8025995052.400002

real	0m0.024s
user	0m0.053s
sys	0m0.015s
 
66219776245.92162 66260257446.0572 151986883006.37 152053753059.55

real	0m0.035s
user	0m0.080s
sys	0m0.021s
 
166212294937.399 166288626284.4981 382568140639.0101 382694366833.3

real	0m0.036s
user	0m0.057s
sys	0m0.045s
 
608720333715.4656 608956501509.1868 1405127495482.165 1405518727998.904

real	0m0.075s
user	0m0.155s
sys	0m0.064s
 
SPECIAL
 
0.04840000000000001

real	0m0.720s
user	0m0.769s
sys	0m0.101s
 
0.04840000000000001

real	0m0.771s
user	0m0.824s
sys	0m0.096s
 
0.04840000000000001

real	0m0.204s
user	0m0.266s
sys	0m0.087s
 
53.79660000000001 53.79880000000001 58.68060000000001 58.68280000000001

real	0m1.115s
user	0m1.161s
sys	0m0.104s
 
53.79660000000001 53.79880000000001 58.68060000000001 58.68280000000001

real	0m1.426s
user	0m1.459s
sys	0m0.116s
 
9698907.6634

real	0m0.174s
user	0m0.241s
sys	0m0.082s
 
9698907.6634

real	0m0.152s
user	0m0.202s
sys	0m0.099s
 
0.04840000000000001

real	0m2.978s
user	0m3.019s
sys	0m0.108s
 
53.79660000000001 53.79880000000001 58.68060000000001 58.68280000000001

real	0m2.564s
user	0m2.617s
sys	0m0.096s
 
53.79660000000001 53.79880000000001 58.68060000000001 58.68280000000001

real	0m6.087s
user	0m6.144s
sys	0m0.092s
 
9698907.663400002

real	0m0.934s
user	0m0.967s
sys	0m0.116s
 
3948765877.809501 3955170852.9146 5863853434.234401 5870258409.3395

real	0m1.413s
user	0m1.466s
sys	0m0.096s
 
3948765877.809501 3955170852.9146 5863853434.234398 5870258409.3395

real	0m2.431s
user	0m2.468s
sys	0m0.112s
 
0.04840000000000001

real	0m2.940s
user	0m2.977s
sys	0m0.112s
 
53.79660000000001 53.79880000000001 58.68060000000001 58.68280000000001

real	0m2.925s
user	0m2.979s
sys	0m0.096s
 
53.79660000000001 53.79880000000001 58.68060000000001 58.68280000000001

real	0m6.062s
user	0m6.123s
sys	0m0.088s
 
9698907.663400002

real	0m0.803s
user	0m0.845s
sys	0m0.108s
 
3948765877.809501 3955170852.9146 5863853434.234401 5870258409.3395

real	0m1.088s
user	0m1.148s
sys	0m0.089s
 
3948765877.809501 3955170852.9146 5863853434.234398 5870258409.3395

real	0m2.387s
user	0m2.424s
sys	0m0.113s
 
0.04840000000000001

real	0m2.971s
user	0m3.012s
sys	0m0.108s
 
53.79660000000001 53.79880000000001 58.68060000000001 58.68280000000001

real	0m2.565s
user	0m2.630s
sys	0m0.084s
 
53.79660000000001 53.79880000000001 58.68060000000001 58.68280000000001

real	0m5.726s
user	0m5.791s
sys	0m0.084s
 
9698907.663400002

real	0m0.998s
user	0m1.035s
sys	0m0.112s
 
3948765877.809501 3955170852.9146 5863853434.234401 5870258409.3395

real	0m1.415s
user	0m1.489s
sys	0m0.076s
 
3948765877.809501 3955170852.9146 5863853434.234398 5870258409.3395

real	0m2.306s
user	0m2.367s
sys	0m0.088s
 
0.04840000000000001

real	0m2.973s
user	0m3.018s
sys	0m0.104s
 
53.79660000000001 53.79880000000001 58.68060000000001 58.68280000000001

real	0m2.922s
user	0m2.963s
sys	0m0.108s
 
53.79660000000001 53.79880000000001 58.68060000000001 58.68280000000001

real	0m5.732s
user	0m5.777s
sys	0m0.104s
 
9698907.663400002

real	0m0.875s
user	0m0.915s
sys	0m0.109s
 
3948765877.809501 3955170852.9146 5863853434.234401 5870258409.3395

real	0m1.086s
user	0m1.123s
sys	0m0.112s
 
3948765877.809501 3955170852.9146 5863853434.234398 5870258409.3395

real	0m2.244s
user	0m2.281s
sys	0m0.112s
 
3037.1121 3037.6632 3611.409 3612.01

real	0m0.747s
user	0m0.779s
sys	0m0.117s
 
3037.1121 3037.6632 3611.409 3612.01

real	0m0.747s
user	0m0.784s
sys	0m0.113s
 
3037.1121 3037.6632 3611.409 3612.01

real	0m0.747s
user	0m0.777s
sys	0m0.120s
 
3037.1121 3037.6632 3611.409 3612.01

real	0m0.747s
user	0m0.805s
sys	0m0.092s
 
SEQUENCE
 
37624.35618 38872.44188000001 52954.76458 54712.31628

real	0m0.542s
user	0m0.611s
sys	0m0.080s
 
4350478614.186048 4405620767.88845 7321622135.843185 7393481577.214199

real	0m0.189s
user	0m0.225s
sys	0m0.113s
 
48832437279.89182 49241016265.74162 88512227219.28575 89040617812.03201

real	0m0.256s
user	0m0.738s
sys	0m0.028s
 
18696443068.18007 18840087100.15867 37617583432.7108 37823564976.34861

real	0m0.059s
user	0m0.172s
sys	0m0.004s
 
4.901614166865181e+18 4.91272329645545e+18 1.084442578747925e+19 1.086100449795465e+19

real	0m0.029s
user	0m0.076s
sys	0m0.008s
 
1.647418946230568e+16 1.649160037624474e+16 3.76846597969705e+16 3.771108024027195e+16

real	0m0.034s
user	0m0.087s
sys	0m0.012s
 
4.488811165018215e+17 4.490640601531965e+17 1.037309346016861e+18 1.03758774958278e+18

real	0m0.032s
user	0m0.067s
sys	0m0.025s
 
4.488811165018215e+17 4.490640601531965e+17 1.037309346016861e+18 1.03758774958278e+18

real	0m0.060s
user	0m0.147s
sys	0m0.029s
 
4.488811165018215e+17 4.490640601531965e+17 1.037309346016861e+18 1.03758774958278e+18

real	0m0.061s
user	0m0.130s
sys	0m0.049s
 
8.382424294553982e+29 8.385850640122292e+29 1.937388035390321e+30 1.937907243392919e+30

real	0m0.037s
user	0m0.076s
sys	0m0.029s
 
8.382424294553982e+29 8.385850640122292e+29 1.937388035390321e+30 1.937907243392919e+30

real	0m0.049s
user	0m0.099s
sys	0m0.043s
 
8.382424294553982e+29 8.385850640122292e+29 1.937388035390321e+30 1.937907243392919e+30

real	0m0.048s
user	0m0.092s
sys	0m0.048s
 
8.382424294553982e+29 8.385850640122292e+29 1.937388035390321e+30 1.937907243392919e+30

real	0m0.050s
user	0m0.099s
sys	0m0.045s
 
8.382424294553982e+29 8.385850640122292e+29 1.937388035390321e+30 1.937907243392919e+30

real	0m0.048s
user	0m0.093s
sys	0m0.045s
 
8.382424294553982e+29 8.385850640122292e+29 1.937388035390321e+30 1.937907243392919e+30

real	0m0.047s
user	0m0.084s
sys	0m0.052s
 
374124590164.9393 378323909405.2969 483306890414.2386 487506209654.5963

real	0m0.193s
user	0m0.231s
sys	0m0.111s
 
8003498375443.188 8040830216224.576 11400695886549.59 11438027727330.98

real	0m0.061s
user	0m0.155s
sys	0m0.024s
 
467292080353.7709 473215316635.7608 603526514839.5374 609449751121.5272

real	0m0.220s
user	0m0.278s
sys	0m0.091s
 
22856685758006.32 23032721850853.32 32186598678896.98 32362634771743.98

real	0m0.250s
user	0m0.495s
sys	0m0.253s
