 
SCALAR_VEC
 
0.5808000000000001 0.5830000000000002 0.6270000000000002 0.6292000000000002

real	0m1.156s
user	0m1.228s
sys	0m0.152s
 
46.0284 46.03060000000001 50.20620000000001 50.2084

real	0m0.748s
user	0m0.814s
sys	0m0.157s
 
29876.5456 29876.5478 32592.58860000001 32592.59080000001

real	0m0.267s
user	0m0.816s
sys	0m0.246s
 
VEC_VEC
 
174.0387

real	0m0.407s
user	0m0.509s
sys	0m0.122s
 
9698907.6634

real	0m0.041s
user	0m0.069s
sys	0m0.091s
 
24900423491.092

real	0m0.112s
user	0m0.184s
sys	0m0.152s
 
24900741320632.73

real	0m0.156s
user	0m0.208s
sys	0m0.172s
 
2.490083360868392e+16

real	0m0.389s
user	0m0.465s
sys	0m0.147s
 
VEC_MAT
 
178.7929000000001 178.8030000000001 201.2149000000001 201.2250000000001

real	0m0.574s
user	0m0.651s
sys	0m0.147s
 
992.6821000000002 992.6922000000003 1117.3464 1117.3565

real	0m0.308s
user	0m0.790s
sys	0m0.439s
 
390.3932 390.4204 450.7772000000001 450.8044

real	0m0.706s
user	0m0.766s
sys	0m0.164s
 
2166.9797 2167.0069 2502.7093 2502.7365

real	0m0.312s
user	0m0.818s
sys	0m0.427s
 
157975690.7399001 164380665.8450001

real	0m0.128s
user	0m0.202s
sys	0m0.150s
 
27065907086.64701 28163538210.734

real	0m0.135s
user	0m0.213s
sys	0m0.146s
 
128614163.4403001 133441028.6954 138267893.9505

real	0m0.170s
user	0m0.217s
sys	0m0.177s
 
17202407856.50201 17848340807.389 18494273758.276

real	0m0.170s
user	0m0.221s
sys	0m0.172s
 
2.2266 2.2836 2.3406 2.397600000000001

real	0m0.428s
user	0m0.509s
sys	0m0.143s
 
73.52180000000001 74.6944 86.4204 87.593

real	0m0.623s
user	0m0.680s
sys	0m0.167s
 
609.1862 615.0844 774.3357999999999 780.2339999999999

real	0m0.508s
user	0m0.561s
sys	0m0.171s
 
31020069.54 31057579.08 45948866.46 45986376

real	0m0.131s
user	0m0.408s
sys	0m0.113s
 
3948765877.8095 3955170852.914599 5863853434.234399 5870258409.3395

real	0m0.118s
user	0m0.469s
sys	0m0.000s
 
629070346650.9373 630167977775.0238 934211799147.1238 935309430271.2104

real	0m0.387s
user	0m1.479s
sys	0m0.060s
 
72549439.01660001 72565446.85880004 108086848.7006 108102856.5428

real	0m0.140s
user	0m0.507s
sys	0m0.047s
 
324096005.618 324108897.3360001 483218480.8920001 483231372.6100001

real	0m0.411s
user	0m1.558s
sys	0m0.076s
 
10829665.1294 10829701.4254 15310551.5134 15310587.8094

real	0m0.425s
user	0m1.569s
sys	0m0.116s
 
107135690886253.9 108233331157374.9 147748380917734.3 148846021188855.2

real	0m0.307s
user	0m1.108s
sys	0m0.108s
 
MAT_VEC
 
178.7929000000001 178.8030000000001 201.2149000000001 201.2250000000001

real	0m0.293s
user	0m0.346s
sys	0m0.171s
 
992.6821000000002 992.6922000000003 1117.3464 1117.3565

real	0m0.309s
user	0m0.650s
sys	0m0.582s
 
390.3932 390.4204 450.7772000000001 450.8044

real	0m0.475s
user	0m0.558s
sys	0m0.141s
 
2166.9797 2167.0069 2502.7093 2502.7365

real	0m0.316s
user	0m0.705s
sys	0m0.556s
 
157975690.7399002 164380665.8449999

real	0m0.154s
user	0m0.222s
sys	0m0.156s
 
27065907086.64702 28163538210.734

real	0m0.074s
user	0m0.190s
sys	0m0.105s
 
128614163.4403001 133441028.6954 138267893.9504999

real	0m0.173s
user	0m0.237s
sys	0m0.159s
 
17202407856.50201 17848340807.38902 18494273758.27599

real	0m0.077s
user	0m0.204s
sys	0m0.100s
 
2.2266 2.283600000000001 2.3406 2.397600000000001

real	0m0.310s
user	0m0.362s
sys	0m0.171s
 
73.52180000000001 74.6944 86.4204 87.59300000000002

real	0m0.567s
user	0m0.645s
sys	0m0.145s
 
609.1862 615.0844 774.3358000000001 780.2340000000002

real	0m0.452s
user	0m0.525s
sys	0m0.151s
 
31020069.54 31057579.08 45948866.45999999 45986376.00000001

real	0m0.265s
user	0m0.973s
sys	0m0.084s
 
3948765877.809499 3955170852.914599 5863853434.234404 5870258409.339499

real	0m0.261s
user	0m0.948s
sys	0m0.092s
 
629070346650.9357 630167977775.0227 934211799147.1235 935309430271.2021

real	0m0.526s
user	0m2.028s
sys	0m0.068s
 
72549439.01660001 72565446.85879999 108086848.7006 108102856.5428001

real	0m0.141s
user	0m0.493s
sys	0m0.065s
 
324096005.618 324108897.3359999 483218480.892 483231372.6099998

real	0m0.387s
user	0m1.491s
sys	0m0.048s
 
10829665.1294 10829701.4254 15310551.5134 15310587.8094

real	0m0.331s
user	0m1.238s
sys	0m0.072s
 
107135690886258.2 108233331157375.3 147748380917735 148846021188851.3

real	0m1.019s
user	0m3.530s
sys	0m0.533s
 
OUTER
 
101.277 104.346 110.4774 113.8252

real	0m4.064s
user	0m4.124s
sys	0m0.164s
 
96.84840000000001 99.04950000000002 108.045 110.446

real	0m3.949s
user	0m4.029s
sys	0m0.144s
 
94.13800000000002 95.84960000000002 106.419 108.286

real	0m3.281s
user	0m3.361s
sys	0m0.144s
 
14.5684 14.5728 16.60140000000001 16.606

real	0m1.556s
user	0m1.632s
sys	0m0.148s
 
10.164 10.2025 11.913 11.9548

real	0m1.192s
user	0m1.248s
sys	0m0.168s
 
955.9242 956.3004 1135.8438 1136.254

real	0m0.945s
user	0m0.993s
sys	0m0.176s
 
86477.05440000001 86480.57660000001 102897.9582 102901.8004

real	0m0.976s
user	0m3.821s
sys	0m0.072s
 
27312.9912 27313.3443 32486.685 32487.07

real	0m0.478s
user	0m1.882s
sys	0m0.024s
 
MAT_MAT
 
8054296.570500001 8377212.6174 11041896.7806 11521723.026

real	0m0.977s
user	0m1.061s
sys	0m0.140s
 
67005585.504 69693523.28640004 92209626.63899991 96222702.65399997

real	0m1.260s
user	0m1.308s
sys	0m0.175s
 
56602.02200000002 58658.48450000003 83130.86099999998 86296.01680000003

real	0m0.480s
user	0m0.556s
sys	0m0.147s
 
297546749.5919999 308581623.7315001 440770097.5830001 457946307.1219998

real	0m0.595s
user	0m0.659s
sys	0m0.160s
 
8054296.570500001 8144829.910200001 11426434.8318 11521723.026

real	0m0.616s
user	0m0.685s
sys	0m0.155s
 
67005585.504 67746880.83150002 95442432.6726 96222702.65399997

real	0m0.818s
user	0m0.878s
sys	0m0.164s
 
56602.02200000002 56765.4044 86117.12820000001 86296.01680000001

real	0m0.339s
user	0m0.385s
sys	0m0.178s
 
297546749.5919999 299613096.1240001 455678605.331 457946307.1219998

real	0m0.397s
user	0m0.470s
sys	0m0.151s
 
301.3441 301.7106 379.168 379.584

real	0m0.645s
user	0m0.704s
sys	0m0.165s
 
45022.4809 45027.16379999999 57025.89409999999 57031.22599999999

real	0m0.674s
user	0m2.684s
sys	0m0.008s
 
79343.34260000002 79353.49420000002 105856.4262 105868.395

real	0m0.404s
user	0m1.544s
sys	0m0.068s
 
77470.43700000001 77485.73999999999 107948.34 107966.91

real	0m0.099s
user	0m0.366s
sys	0m0.024s
 
109.241 111.7864 142.1856 145.251

real	0m0.618s
user	0m0.671s
sys	0m0.171s
 
1739639.1343 1765026.6362 3156552.835599999 3194056.931000001

real	0m0.375s
user	0m0.475s
sys	0m0.124s
 
40128631.9895 40455680.77900001 81101463.51100001 81608296.34999999

real	0m0.083s
user	0m0.313s
sys	0m0.016s
 
185145.8628 186726.9552000001 353878.6176 356259.936

real	0m0.304s
user	0m0.381s
sys	0m0.147s
 
5650057.303000003 5674398.905999999 11835110.684 11873364.25000001

real	0m0.086s
user	0m0.333s
sys	0m0.008s
 
3539227257.462001 3543179262.324001 8019509498.519999 8025995052.400002

real	0m0.019s
user	0m0.072s
sys	0m0.000s
 
66219776245.92162 66260257446.0572 151986883006.37 152053753059.55

real	0m0.026s
user	0m0.066s
sys	0m0.031s
 
166212294937.399 166288626284.4981 382568140639.0101 382694366833.3

real	0m0.027s
user	0m0.074s
sys	0m0.029s
 
608720333715.4656 608956501509.1868 1405127495482.165 1405518727998.904

real	0m0.048s
user	0m0.139s
sys	0m0.045s
 
TRANS1
 
8054296.570500001 8377212.6174 11041896.7806 11521723.026

real	0m0.964s
user	0m1.025s
sys	0m0.163s
 
67005585.504 69693523.28640004 92209626.63899991 96222702.65399997

real	0m1.271s
user	0m1.352s
sys	0m0.144s
 
56602.02200000002 58658.48450000003 83130.86099999998 86296.01680000003

real	0m0.476s
user	0m0.537s
sys	0m0.163s
 
297546749.5919999 308581623.7315001 440770097.5830001 457946307.1219998

real	0m0.594s
user	0m0.659s
sys	0m0.159s
 
8054296.570500001 8144829.910200001 11426434.8318 11521723.026

real	0m0.588s
user	0m0.645s
sys	0m0.167s
 
67005585.504 67746880.83150002 95442432.6726 96222702.65399997

real	0m0.753s
user	0m0.825s
sys	0m0.151s
 
56602.02200000002 56765.4044 86117.12820000001 86296.01680000001

real	0m0.332s
user	0m0.401s
sys	0m0.155s
 
297546749.5919999 299613096.1240001 455678605.331 457946307.1219998

real	0m0.351s
user	0m0.408s
sys	0m0.166s
 
301.3441 301.7106 379.168 379.584

real	0m0.648s
user	0m0.733s
sys	0m0.139s
 
45022.4809 45027.16379999999 57025.89409999999 57031.22599999999

real	0m0.677s
user	0m2.669s
sys	0m0.032s
 
79343.34260000002 79353.49420000002 105856.4262 105868.395

real	0m0.412s
user	0m1.612s
sys	0m0.032s
 
77470.43700000001 77485.73999999999 107948.34 107966.91

real	0m0.096s
user	0m0.340s
sys	0m0.040s
 
109.241 111.7864 142.1856 145.251

real	0m0.594s
user	0m0.651s
sys	0m0.167s
 
1739639.1343 1765026.6362 3156552.835599999 3194056.931000001

real	0m0.372s
user	0m0.461s
sys	0m0.135s
 
40128631.9895 40455680.77900001 81101463.51100001 81608296.34999999

real	0m0.082s
user	0m0.287s
sys	0m0.036s
 
185145.8628 186726.9552000001 353878.6176 356259.936

real	0m0.305s
user	0m0.350s
sys	0m0.179s
 
5650057.303000003 5674398.905999999 11835110.684 11873364.25000001

real	0m0.085s
user	0m0.320s
sys	0m0.016s
 
3539227257.462001 3543179262.324001 8019509498.519999 8025995052.400002

real	0m0.019s
user	0m0.072s
sys	0m0.000s
 
66219776245.92162 66260257446.0572 151986883006.37 152053753059.55

real	0m0.030s
user	0m0.082s
sys	0m0.030s
 
166212294937.399 166288626284.4981 382568140639.0101 382694366833.3

real	0m0.030s
user	0m0.088s
sys	0m0.024s
 
608720333715.4656 608956501509.1868 1405127495482.165 1405518727998.904

real	0m0.058s
user	0m0.150s
sys	0m0.073s
 
1512441.733 1524415.266 2968657.650000001 2986772.5

real	0m0.254s
user	0m0.326s
sys	0m0.151s
 
608720333715.4656 608956501509.1868 1405127495482.165 1405518727998.904

real	0m0.045s
user	0m0.106s
sys	0m0.066s
 
TRANS2
 
8054296.570500001 8377212.6174 11041896.7806 11521723.026

real	0m0.974s
user	0m1.050s
sys	0m0.148s
 
67005585.504 69693523.28640004 92209626.63899991 96222702.65399997

real	0m1.218s
user	0m1.283s
sys	0m0.159s
 
56602.02200000002 58658.48450000003 83130.86099999998 86296.01680000003

real	0m0.493s
user	0m0.563s
sys	0m0.154s
 
297546749.5919999 308581623.7315001 440770097.5830001 457946307.1219998

real	0m0.588s
user	0m0.653s
sys	0m0.159s
 
8054296.570500001 8144829.910200001 11426434.8318 11521723.026

real	0m0.627s
user	0m0.715s
sys	0m0.135s
 
67005585.504 67746880.83150002 95442432.6726 96222702.65399997

real	0m0.830s
user	0m0.890s
sys	0m0.164s
 
56602.02200000002 56765.4044 86117.12820000001 86296.01680000001

real	0m0.341s
user	0m0.417s
sys	0m0.147s
 
297546749.5919999 299613096.1240001 455678605.331 457946307.1219998

real	0m0.395s
user	0m0.472s
sys	0m0.147s
 
301.3441 301.7106 379.168 379.584

real	0m0.645s
user	0m0.713s
sys	0m0.156s
 
45022.4809 45027.16379999999 57025.89409999999 57031.22599999999

real	0m0.666s
user	0m2.610s
sys	0m0.048s
 
79343.34260000002 79353.49420000002 105856.4262 105868.395

real	0m0.407s
user	0m1.620s
sys	0m0.004s
 
77470.43700000001 77485.73999999999 107948.34 107966.91

real	0m0.097s
user	0m0.347s
sys	0m0.036s
 
109.241 111.7864 142.1856 145.251

real	0m0.624s
user	0m0.704s
sys	0m0.143s
 
1739639.1343 1765026.6362 3156552.835599999 3194056.931000001

real	0m0.368s
user	0m0.429s
sys	0m0.163s
 
40128631.9895 40455680.77900001 81101463.51100001 81608296.34999999

real	0m0.084s
user	0m0.308s
sys	0m0.024s
 
185145.8628 186726.9552000001 353878.6176 356259.936

real	0m0.294s
user	0m0.380s
sys	0m0.139s
 
5650057.303000003 5674398.905999999 11835110.684 11873364.25000001

real	0m0.089s
user	0m0.324s
sys	0m0.028s
 
3539227257.462001 3543179262.324001 8019509498.519999 8025995052.400002

real	0m0.020s
user	0m0.056s
sys	0m0.018s
 
66219776245.92162 66260257446.0572 151986883006.37 152053753059.55

real	0m0.027s
user	0m0.064s
sys	0m0.038s
 
166212294937.399 166288626284.4981 382568140639.0101 382694366833.3

real	0m0.031s
user	0m0.084s
sys	0m0.032s
 
608720333715.4656 608956501509.1868 1405127495482.165 1405518727998.904

real	0m0.059s
user	0m0.152s
sys	0m0.076s
 
1512441.733 1524415.266 2968657.650000001 2986772.5

real	0m0.250s
user	0m0.312s
sys	0m0.162s
 
608720333715.4656 608956501509.1868 1405127495482.165 1405518727998.904

real	0m0.046s
user	0m0.096s
sys	0m0.080s
 
TRANS12
 
8054296.570500001 8377212.6174 11041896.7806 11521723.026

real	0m0.954s
user	0m1.031s
sys	0m0.147s
 
67005585.504 69693523.28640004 92209626.63899991 96222702.65399997

real	0m1.234s
user	0m1.302s
sys	0m0.156s
 
56602.02200000002 58658.48450000003 83130.86099999998 86296.01680000003

real	0m0.498s
user	0m0.555s
sys	0m0.167s
 
297546749.5919999 308581623.7315001 440770097.5830001 457946307.1219998

real	0m0.589s
user	0m0.660s
sys	0m0.153s
 
8054296.570500001 8144829.910200001 11426434.8318 11521723.026

real	0m0.591s
user	0m0.648s
sys	0m0.167s
 
67005585.504 67746880.83150002 95442432.6726 96222702.65399997

real	0m0.756s
user	0m0.813s
sys	0m0.167s
 
56602.02200000002 56765.4044 86117.12820000001 86296.01680000001

real	0m0.336s
user	0m0.381s
sys	0m0.179s
 
297546749.5919999 299613096.1240001 455678605.331 457946307.1219998

real	0m0.353s
user	0m0.457s
sys	0m0.119s
 
301.3441 301.7106 379.168 379.584

real	0m0.645s
user	0m0.706s
sys	0m0.163s
 
45022.4809 45027.16379999999 57025.89409999999 57031.22599999999

real	0m0.680s
user	0m2.672s
sys	0m0.044s
 
79343.34260000002 79353.49420000002 105856.4262 105868.395

real	0m0.415s
user	0m1.597s
sys	0m0.056s
 
77470.43700000001 77485.73999999999 107948.34 107966.91

real	0m0.096s
user	0m0.333s
sys	0m0.048s
 
109.241 111.7864 142.1856 145.251

real	0m0.626s
user	0m0.723s
sys	0m0.127s
 
1739639.1343 1765026.6362 3156552.835599999 3194056.931000001

real	0m0.359s
user	0m0.437s
sys	0m0.146s
 
40128631.9895 40455680.77900001 81101463.51100001 81608296.34999999

real	0m0.084s
user	0m0.287s
sys	0m0.045s
 
185145.8628 186726.9552000001 353878.6176 356259.936

real	0m0.296s
user	0m0.378s
sys	0m0.142s
 
5650057.303000003 5674398.905999999 11835110.684 11873364.25000001

real	0m0.087s
user	0m0.342s
sys	0m0.004s
 
3539227257.462001 3543179262.324001 8019509498.519999 8025995052.400002

real	0m0.020s
user	0m0.063s
sys	0m0.011s
 
66219776245.92162 66260257446.0572 151986883006.37 152053753059.55

real	0m0.031s
user	0m0.089s
sys	0m0.030s
 
166212294937.399 166288626284.4981 382568140639.0101 382694366833.3

real	0m0.033s
user	0m0.070s
sys	0m0.055s
 
608720333715.4656 608956501509.1868 1405127495482.165 1405518727998.904

real	0m0.069s
user	0m0.179s
sys	0m0.087s
 
SPECIAL
 
0.04840000000000001

real	0m0.725s
user	0m0.798s
sys	0m0.152s
 
0.04840000000000001

real	0m0.805s
user	0m0.873s
sys	0m0.155s
 
0.04840000000000001

real	0m0.206s
user	0m0.272s
sys	0m0.158s
 
53.79660000000001 53.79880000000001 58.68060000000001 58.68280000000001

real	0m0.971s
user	0m1.035s
sys	0m0.160s
 
53.79660000000001 53.79880000000001 58.68060000000001 58.68280000000001

real	0m1.356s
user	0m1.418s
sys	0m0.161s
 
9698907.6634

real	0m0.175s
user	0m0.265s
sys	0m0.134s
 
9698907.6634

real	0m0.156s
user	0m0.234s
sys	0m0.147s
 
0.04840000000000001

real	0m2.956s
user	0m3.015s
sys	0m0.164s
 
53.79660000000001 53.79880000000001 58.68060000000001 58.68280000000001

real	0m2.569s
user	0m2.645s
sys	0m0.148s
 
53.79660000000001 53.79880000000001 58.68060000000001 58.68280000000001

real	0m6.082s
user	0m6.150s
sys	0m0.156s
 
9698907.663400002

real	0m0.932s
user	0m1.001s
sys	0m0.156s
 
3948765877.809501 3955170852.9146 5863853434.234401 5870258409.3395

real	0m1.426s
user	0m1.494s
sys	0m0.155s
 
3948765877.809501 3955170852.9146 5863853434.234398 5870258409.3395

real	0m2.388s
user	0m2.451s
sys	0m0.160s
 
0.04840000000000001

real	0m2.940s
user	0m2.992s
sys	0m0.172s
 
53.79660000000001 53.79880000000001 58.68060000000001 58.68280000000001

real	0m2.912s
user	0m2.979s
sys	0m0.156s
 
53.79660000000001 53.79880000000001 58.68060000000001 58.68280000000001

real	0m6.090s
user	0m6.173s
sys	0m0.140s
 
9698907.663400002

real	0m0.804s
user	0m0.876s
sys	0m0.151s
 
3948765877.809501 3955170852.9146 5863853434.234401 5870258409.3395

real	0m1.068s
user	0m1.136s
sys	0m0.156s
 
3948765877.809501 3955170852.9146 5863853434.234398 5870258409.3395

real	0m2.381s
user	0m2.453s
sys	0m0.152s
 
0.04840000000000001

real	0m2.974s
user	0m3.018s
sys	0m0.180s
 
53.79660000000001 53.79880000000001 58.68060000000001 58.68280000000001

real	0m2.564s
user	0m2.644s
sys	0m0.144s
 
53.79660000000001 53.79880000000001 58.68060000000001 58.68280000000001

real	0m5.754s
user	0m5.833s
sys	0m0.144s
 
9698907.663400002

real	0m1.009s
user	0m1.085s
sys	0m0.148s
 
3948765877.809501 3955170852.9146 5863853434.234401 5870258409.3395

real	0m1.414s
user	0m1.482s
sys	0m0.155s
 
3948765877.809501 3955170852.9146 5863853434.234398 5870258409.3395

real	0m2.294s
user	0m2.370s
sys	0m0.148s
 
0.04840000000000001

real	0m2.974s
user	0m3.026s
sys	0m0.172s
 
53.79660000000001 53.79880000000001 58.68060000000001 58.68280000000001

real	0m2.908s
user	0m2.980s
sys	0m0.152s
 
53.79660000000001 53.79880000000001 58.68060000000001 58.68280000000001

real	0m5.758s
user	0m5.798s
sys	0m0.184s
 
9698907.663400002

real	0m0.872s
user	0m0.967s
sys	0m0.129s
 
3948765877.809501 3955170852.9146 5863853434.234401 5870258409.3395

real	0m1.078s
user	0m1.153s
sys	0m0.149s
 
3948765877.809501 3955170852.9146 5863853434.234398 5870258409.3395

real	0m2.320s
user	0m2.384s
sys	0m0.160s
 
3037.1121 3037.6632 3611.409 3612.01

real	0m0.741s
user	0m0.785s
sys	0m0.179s
 
3037.1121 3037.6632 3611.409 3612.01

real	0m0.740s
user	0m0.797s
sys	0m0.167s
 
3037.1121 3037.6632 3611.409 3612.01

real	0m0.741s
user	0m0.795s
sys	0m0.170s
 
3037.1121 3037.6632 3611.409 3612.01

real	0m0.741s
user	0m0.820s
sys	0m0.145s
 
SEQUENCE
 
37624.35618 38872.44188000001 52954.76458 54712.31628

real	0m0.545s
user	0m0.609s
sys	0m0.159s
 
4350478614.186048 4405620767.88845 7321622135.843185 7393481577.214199

real	0m0.190s
user	0m0.272s
sys	0m0.142s
 
48832437279.89182 49241016265.74162 88512227219.28575 89040617812.03201

real	0m0.229s
user	0m0.836s
sys	0m0.076s
 
18696443068.18007 18840087100.15867 37617583432.71079 37823564976.34861

real	0m0.049s
user	0m0.170s
sys	0m0.024s
 
4.901614166865181e+18 4.91272329645545e+18 1.084442578747925e+19 1.086100449795465e+19

real	0m0.022s
user	0m0.079s
sys	0m0.007s
 
1.647418946230568e+16 1.649160037624474e+16 3.76846597969705e+16 3.771108024027195e+16

real	0m0.028s
user	0m0.092s
sys	0m0.015s
 
4.488811165018215e+17 4.490640601531965e+17 1.037309346016861e+18 1.03758774958278e+18

real	0m0.030s
user	0m0.083s
sys	0m0.028s
 
4.488811165018215e+17 4.490640601531965e+17 1.037309346016861e+18 1.03758774958278e+18

real	0m0.055s
user	0m0.140s
sys	0m0.072s
 
4.488811165018215e+17 4.490640601531965e+17 1.037309346016861e+18 1.03758774958278e+18

real	0m0.055s
user	0m0.153s
sys	0m0.060s
 
8.382424294553982e+29 8.385850640122292e+29 1.93738803539032e+30 1.937907243392919e+30

real	0m0.034s
user	0m0.079s
sys	0m0.048s
 
8.382424294553982e+29 8.385850640122292e+29 1.93738803539032e+30 1.937907243392919e+30

real	0m0.046s
user	0m0.113s
sys	0m0.062s
 
8.382424294553982e+29 8.385850640122292e+29 1.93738803539032e+30 1.937907243392919e+30

real	0m0.045s
user	0m0.108s
sys	0m0.064s
 
8.382424294553982e+29 8.385850640122292e+29 1.93738803539032e+30 1.937907243392919e+30

real	0m0.047s
user	0m0.108s
sys	0m0.072s
 
8.382424294553982e+29 8.385850640122292e+29 1.93738803539032e+30 1.937907243392919e+30

real	0m0.044s
user	0m0.120s
sys	0m0.050s
 
8.382424294553982e+29 8.385850640122292e+29 1.93738803539032e+30 1.937907243392919e+30

real	0m0.044s
user	0m0.099s
sys	0m0.070s
 
374124590164.9393 378323909405.2969 483306890414.2386 487506209654.5963

real	0m0.195s
user	0m0.257s
sys	0m0.162s
 
8003498375443.188 8040830216224.576 11400695886549.59 11438027727330.98

real	0m0.050s
user	0m0.169s
sys	0m0.029s
 
467292080353.7709 473215316635.7608 603526514839.5374 609449751121.5272

real	0m0.193s
user	0m0.262s
sys	0m0.155s
 
22856685758006.32 23032721850853.32 32186598678896.98 32362634771743.98

real	0m0.255s
user	0m0.606s
sys	0m0.412s
