 
SCALAR_VEC
 
0.5808000000000001 0.5830000000000002 0.6270000000000002 0.6292000000000002

real	0m1.604s
user	0m1.604s
sys	0m0.000s
 
46.0284 46.03060000000001 50.20620000000001 50.2084

real	0m2.426s
user	0m2.426s
sys	0m0.000s
 
29876.5456 29876.5478 32592.58860000001 32592.59080000001

real	0m0.523s
user	0m0.519s
sys	0m0.004s
 
VEC_VEC
 
174.0387

real	0m0.505s
user	0m0.505s
sys	0m0.000s
 
9698907.663399996

real	0m0.446s
user	0m0.446s
sys	0m0.000s
 
24900423491.09201

real	0m0.635s
user	0m0.635s
sys	0m0.000s
 
24900741320632.71

real	0m0.637s
user	0m0.637s
sys	0m0.000s
 
2.490083360868967e+16

real	0m0.693s
user	0m0.689s
sys	0m0.004s
 
VEC_MAT
 
178.7929000000001 178.8030000000001 201.2149000000001 201.2250000000001

real	0m1.284s
user	0m1.284s
sys	0m0.000s
 
992.6821000000002 992.6922000000003 1117.3464 1117.3565

real	0m0.711s
user	0m0.711s
sys	0m0.000s
 
390.3932 390.4204 450.7772000000001 450.8044

real	0m1.627s
user	0m1.627s
sys	0m0.000s
 
2166.9797 2167.0069 2502.7093 2502.7365

real	0m0.904s
user	0m0.903s
sys	0m0.000s
 
157975690.7399002 164380665.8450001

real	0m0.456s
user	0m0.456s
sys	0m0.000s
 
27065907086.64726 28163538210.734

real	0m0.508s
user	0m0.508s
sys	0m0.000s
 
128614163.4402999 133441028.6953997 138267893.9505

real	0m0.617s
user	0m0.617s
sys	0m0.000s
 
17202407856.50187 17848340807.38918 18494273758.27599

real	0m0.638s
user	0m0.634s
sys	0m0.004s
 
2.2266 2.2836 2.3406 2.397600000000001

real	0m0.198s
user	0m0.198s
sys	0m0.000s
 
73.52180000000001 74.6944 86.4204 87.59300000000002

real	0m0.712s
user	0m0.708s
sys	0m0.004s
 
609.1862 615.0844000000001 774.3358000000001 780.2340000000002

real	0m1.160s
user	0m1.160s
sys	0m0.000s
 
31020069.53999998 31057579.07999998 45948866.45999996 45986376.00000001

real	0m2.937s
user	0m2.936s
sys	0m0.000s
 
3948765877.809497 3955170852.914604 5863853434.234404 5870258409.339499

real	0m2.712s
user	0m2.712s
sys	0m0.000s
 
629070346650.9426 630167977775.031 934211799147.1235 935309430271.2021

real	0m1.468s
user	0m1.468s
sys	0m0.000s
 
72549439.0166 72565446.85879999 108086848.7006 108102856.5428001

real	0m2.376s
user	0m2.376s
sys	0m0.000s
 
324096005.6180002 324108897.3359997 483218480.892 483231372.6099998

real	0m1.242s
user	0m1.234s
sys	0m0.008s
 
10829665.1294 10829701.4254 15310551.5134 15310587.8094

real	0m0.607s
user	0m0.603s
sys	0m0.004s
 
107135690886248 108233331157370.3 147748380917728.1 148846021188851.3

real	0m1.035s
user	0m1.027s
sys	0m0.008s
 
MAT_VEC
 
178.7929000000001 178.8030000000001 201.2149000000001 201.2250000000001

real	0m0.287s
user	0m0.287s
sys	0m0.000s
 
992.6821000000002 992.6922000000003 1117.3464 1117.3565

real	0m0.230s
user	0m0.230s
sys	0m0.000s
 
390.3932 390.4204 450.7772000000001 450.8044

real	0m0.325s
user	0m0.325s
sys	0m0.000s
 
2166.9797 2167.0069 2502.7093 2502.7365

real	0m0.260s
user	0m0.260s
sys	0m0.000s
 
157975690.7399002 164380665.8450001

real	0m0.383s
user	0m0.383s
sys	0m0.000s
 
27065907086.64726 28163538210.734

real	0m0.419s
user	0m0.419s
sys	0m0.000s
 
128614163.4402999 133441028.6953997 138267893.9505

real	0m0.428s
user	0m0.428s
sys	0m0.000s
 
17202407856.50187 17848340807.38918 18494273758.27599

real	0m0.432s
user	0m0.432s
sys	0m0.000s
 
2.2266 2.2836 2.3406 2.397600000000001

real	0m0.263s
user	0m0.263s
sys	0m0.000s
 
73.52180000000001 74.6944 86.4204 87.59300000000002

real	0m0.717s
user	0m0.716s
sys	0m0.000s
 
609.1862 615.0844000000001 774.3358000000001 780.2340000000002

real	0m0.545s
user	0m0.545s
sys	0m0.000s
 
31020069.53999998 31057579.07999998 45948866.45999996 45986376.00000001

real	0m0.417s
user	0m0.417s
sys	0m0.000s
 
3948765877.809497 3955170852.914604 5863853434.234404 5870258409.339499

real	0m0.437s
user	0m0.429s
sys	0m0.008s
 
629070346650.9426 630167977775.031 934211799147.1235 935309430271.2021

real	0m0.630s
user	0m0.626s
sys	0m0.004s
 
72549439.0166 72565446.85879999 108086848.7006 108102856.5428001

real	0m0.425s
user	0m0.421s
sys	0m0.004s
 
324096005.6180002 324108897.3359997 483218480.892 483231372.6099998

real	0m0.530s
user	0m0.526s
sys	0m0.004s
 
10829665.1294 10829701.4254 15310551.5134 15310587.8094

real	0m0.423s
user	0m0.419s
sys	0m0.004s
 
107135690886248 108233331157370.3 147748380917728.1 148846021188851.3

real	0m0.437s
user	0m0.433s
sys	0m0.004s
 
OUTER
 
101.277 104.346 110.4774 113.8252

real	0m9.197s
user	0m9.197s
sys	0m0.000s
 
96.84840000000001 99.04950000000002 108.045 110.446

real	0m7.065s
user	0m7.065s
sys	0m0.000s
 
94.13800000000002 95.84960000000002 106.419 108.286

real	0m4.235s
user	0m4.235s
sys	0m0.000s
 
14.5684 14.5728 16.60140000000001 16.606

real	0m0.454s
user	0m0.454s
sys	0m0.000s
 
10.164 10.2025 11.913 11.9548

real	0m1.035s
user	0m1.035s
sys	0m0.000s
 
955.9242 956.3004 1135.8438 1136.254

real	0m0.618s
user	0m0.618s
sys	0m0.000s
 
86477.05440000001 86480.57660000001 102897.9582 102901.8004

real	0m0.363s
user	0m0.351s
sys	0m0.012s
 
27312.9912 27313.3443 32486.685 32487.07

real	0m0.248s
user	0m0.244s
sys	0m0.004s
 
MAT_MAT
 
8054296.570499997 8377212.617400005 11041896.78059999 11521723.02599998

real	0m1.497s
user	0m1.497s
sys	0m0.000s
 
67005585.50399998 69693523.28640002 92209626.6390001 96222702.65399998

real	0m1.859s
user	0m1.858s
sys	0m0.000s
 
56602.02200000002 58658.48450000003 83130.86099999996 86296.01680000003

real	0m0.933s
user	0m0.933s
sys	0m0.000s
 
297546749.5919997 308581623.7314994 440770097.583 457946307.1219999

real	0m0.873s
user	0m0.869s
sys	0m0.004s
 
8054296.570499997 8144829.910200007 11426434.83180001 11521723.02599998

real	0m0.311s
user	0m0.311s
sys	0m0.000s
 
67005585.50399998 67746880.83150004 95442432.67260008 96222702.65399998

real	0m0.403s
user	0m0.399s
sys	0m0.004s
 
56602.02200000002 56765.4044 86117.12820000002 86296.01680000003

real	0m0.130s
user	0m0.130s
sys	0m0.000s
 
297546749.5919997 299613096.1240003 455678605.3310006 457946307.1219999

real	0m0.250s
user	0m0.250s
sys	0m0.000s
 
301.3441 301.7106 379.168 379.5840000000001

real	0m0.474s
user	0m0.474s
sys	0m0.000s
 
45022.4809 45027.16379999999 57025.89409999999 57031.226

real	0m0.475s
user	0m0.467s
sys	0m0.008s
 
79343.34260000002 79353.49420000002 105856.4262 105868.395

real	0m0.314s
user	0m0.314s
sys	0m0.000s
 
77470.43699999999 77485.73999999999 107948.34 107966.91

real	0m0.258s
user	0m0.255s
sys	0m0.004s
 
109.241 111.7864 142.1856 145.251

real	0m0.917s
user	0m0.917s
sys	0m0.000s
 
1739639.1343 1765026.6362 3156552.835599999 3194056.931000001

real	0m0.877s
user	0m0.877s
sys	0m0.000s
 
40128631.98950006 40455680.77900002 81101463.51099998 81608296.35000008

real	0m0.402s
user	0m0.402s
sys	0m0.000s
 
185145.8628 186726.9552 353878.6176 356259.936

real	0m0.574s
user	0m0.574s
sys	0m0.000s
 
5650057.303000003 5674398.905999999 11835110.684 11873364.25000001

real	0m0.425s
user	0m0.425s
sys	0m0.000s
 
3539227257.462 3543179262.324003 8019509498.519998 8025995052.400001

real	0m0.182s
user	0m0.182s
sys	0m0.000s
 
66219776245.92168 66260257446.05717 151986883006.3699 152053753059.55

real	0m0.234s
user	0m0.230s
sys	0m0.004s
 
166212294937.3991 166288626284.498 382568140639.0098 382694366833.2999

real	0m0.329s
user	0m0.325s
sys	0m0.004s
 
608720333715.4655 608956501509.1871 1405127495482.165 1405518727998.903

real	0m0.848s
user	0m0.836s
sys	0m0.012s
 
TRANS1
 
8054296.570499997 8377212.617400005 11041896.78059999 11521723.02599998

real	0m1.704s
user	0m1.704s
sys	0m0.000s
 
67005585.50399998 69693523.28640002 92209626.6390001 96222702.65399998

real	0m2.198s
user	0m2.198s
sys	0m0.000s
 
56602.02200000002 58658.48450000003 83130.86099999996 86296.01680000003

real	0m0.818s
user	0m0.818s
sys	0m0.000s
 
297546749.5919997 308581623.7314994 440770097.583 457946307.1219999

real	0m1.347s
user	0m1.347s
sys	0m0.000s
 
8054296.570499997 8144829.910200007 11426434.83180001 11521723.02599998

real	0m1.688s
user	0m1.688s
sys	0m0.000s
 
67005585.50399998 67746880.83150004 95442432.67260008 96222702.65399998

real	0m2.190s
user	0m2.190s
sys	0m0.000s
 
56602.02200000002 56765.4044 86117.12820000002 86296.01680000003

real	0m0.807s
user	0m0.803s
sys	0m0.004s
 
297546749.5919997 299613096.1240003 455678605.3310006 457946307.1219999

real	0m1.346s
user	0m1.346s
sys	0m0.000s
 
301.3441 301.7106 379.168 379.5840000000001

real	0m2.145s
user	0m2.145s
sys	0m0.000s
 
45022.4809 45027.16379999999 57025.89409999999 57031.226

real	0m1.616s
user	0m1.612s
sys	0m0.004s
 
79343.34260000002 79353.49420000002 105856.4262 105868.395

real	0m1.212s
user	0m1.212s
sys	0m0.000s
 
77470.43699999999 77485.73999999999 107948.34 107966.91

real	0m0.558s
user	0m0.554s
sys	0m0.004s
 
109.241 111.7864 142.1856 145.251

real	0m0.589s
user	0m0.589s
sys	0m0.000s
 
1739639.1343 1765026.6362 3156552.835599999 3194056.931000001

real	0m2.875s
user	0m2.875s
sys	0m0.000s
 
40128631.98950006 40455680.77900002 81101463.51099998 81608296.35000008

real	0m2.581s
user	0m2.581s
sys	0m0.000s
 
185145.8628 186726.9552 353878.6176 356259.936

real	0m2.419s
user	0m2.419s
sys	0m0.000s
 
5650057.303000003 5674398.905999999 11835110.684 11873364.25000001

real	0m2.580s
user	0m2.580s
sys	0m0.000s
 
3539227257.462 3543179262.324003 8019509498.519998 8025995052.400001

real	0m1.143s
user	0m1.143s
sys	0m0.000s
 
66219776245.92168 66260257446.05717 151986883006.3699 152053753059.55

real	0m1.393s
user	0m1.393s
sys	0m0.000s
 
166212294937.3991 166288626284.498 382568140639.0098 382694366833.2999

real	0m1.261s
user	0m1.253s
sys	0m0.008s
 
608720333715.4655 608956501509.1871 1405127495482.165 1405518727998.903

real	0m2.579s
user	0m2.567s
sys	0m0.012s
 
1512441.733 1524415.266 2968657.650000001 2986772.5

real	0m1.471s
user	0m1.471s
sys	0m0.000s
 
608720333715.4655 608956501509.1871 1405127495482.165 1405518727998.903

real	0m1.294s
user	0m1.290s
sys	0m0.004s
 
TRANS2
 
8054296.570499997 8377212.617400005 11041896.78059999 11521723.02599998

real	0m1.602s
user	0m1.602s
sys	0m0.000s
 
67005585.50399998 69693523.28640002 92209626.6390001 96222702.65399998

real	0m2.126s
user	0m2.126s
sys	0m0.000s
 
56602.02200000002 58658.48450000003 83130.86099999996 86296.01680000003

real	0m0.955s
user	0m0.955s
sys	0m0.000s
 
297546749.5919997 308581623.7314994 440770097.583 457946307.1219999

real	0m1.224s
user	0m1.224s
sys	0m0.000s
 
8054296.570499997 8144829.910200007 11426434.83180001 11521723.02599998

real	0m0.301s
user	0m0.301s
sys	0m0.000s
 
67005585.50399998 67746880.83150004 95442432.67260008 96222702.65399998

real	0m0.443s
user	0m0.443s
sys	0m0.000s
 
56602.02200000002 56765.4044 86117.12820000002 86296.01680000003

real	0m0.132s
user	0m0.132s
sys	0m0.000s
 
297546749.5919997 299613096.1240003 455678605.3310006 457946307.1219999

real	0m0.248s
user	0m0.248s
sys	0m0.000s
 
301.3441 301.7106 379.168 379.5840000000001

real	0m0.485s
user	0m0.485s
sys	0m0.000s
 
45022.4809 45027.16379999999 57025.89409999999 57031.226

real	0m0.479s
user	0m0.475s
sys	0m0.004s
 
79343.34260000002 79353.49420000002 105856.4262 105868.395

real	0m0.313s
user	0m0.309s
sys	0m0.004s
 
77470.43699999999 77485.73999999999 107948.34 107966.91

real	0m0.258s
user	0m0.254s
sys	0m0.004s
 
109.241 111.7864 142.1856 145.251

real	0m0.927s
user	0m0.927s
sys	0m0.000s
 
1739639.1343 1765026.6362 3156552.835599999 3194056.931000001

real	0m0.903s
user	0m0.903s
sys	0m0.000s
 
40128631.98950006 40455680.77900002 81101463.51099998 81608296.35000008

real	0m0.477s
user	0m0.473s
sys	0m0.004s
 
185145.8628 186726.9552 353878.6176 356259.936

real	0m0.611s
user	0m0.610s
sys	0m0.000s
 
5650057.303000003 5674398.905999999 11835110.684 11873364.25000001

real	0m0.455s
user	0m0.454s
sys	0m0.000s
 
3539227257.462 3543179262.324003 8019509498.519998 8025995052.400001

real	0m0.187s
user	0m0.187s
sys	0m0.000s
 
66219776245.92168 66260257446.05717 151986883006.3699 152053753059.55

real	0m0.233s
user	0m0.233s
sys	0m0.000s
 
166212294937.3991 166288626284.498 382568140639.0098 382694366833.2999

real	0m0.363s
user	0m0.359s
sys	0m0.004s
 
608720333715.4655 608956501509.1871 1405127495482.165 1405518727998.903

real	0m0.930s
user	0m0.922s
sys	0m0.008s
 
1512441.733 1524415.266 2968657.650000001 2986772.5

real	0m0.494s
user	0m0.490s
sys	0m0.004s
 
608720333715.4655 608956501509.1871 1405127495482.165 1405518727998.903

real	0m0.590s
user	0m0.586s
sys	0m0.004s
 
TRANS12
 
8054296.570499997 8377212.617400005 11041896.78059999 11521723.02599998

real	0m1.765s
user	0m1.765s
sys	0m0.000s
 
67005585.50399998 69693523.28640002 92209626.6390001 96222702.65399998

real	0m2.244s
user	0m2.244s
sys	0m0.000s
 
56602.02200000002 58658.48450000003 83130.86099999996 86296.01680000003

real	0m0.890s
user	0m0.890s
sys	0m0.000s
 
297546749.5919997 308581623.7314994 440770097.583 457946307.1219999

real	0m1.379s
user	0m1.375s
sys	0m0.004s
 
8054296.570499997 8144829.910200007 11426434.83180001 11521723.02599998

real	0m1.734s
user	0m1.734s
sys	0m0.000s
 
67005585.50399998 67746880.83150004 95442432.67260008 96222702.65399998

real	0m2.220s
user	0m2.220s
sys	0m0.000s
 
56602.02200000002 56765.4044 86117.12820000002 86296.01680000003

real	0m0.888s
user	0m0.888s
sys	0m0.000s
 
297546749.5919997 299613096.1240003 455678605.3310006 457946307.1219999

real	0m1.361s
user	0m1.361s
sys	0m0.000s
 
301.3441 301.7106 379.168 379.5840000000001

real	0m1.887s
user	0m1.887s
sys	0m0.000s
 
45022.4809 45027.16379999999 57025.89409999999 57031.226

real	0m1.419s
user	0m1.415s
sys	0m0.004s
 
79343.34260000002 79353.49420000002 105856.4262 105868.395

real	0m1.154s
user	0m1.154s
sys	0m0.000s
 
77470.43699999999 77485.73999999999 107948.34 107966.91

real	0m0.816s
user	0m0.815s
sys	0m0.000s
 
109.241 111.7864 142.1856 145.251

real	0m0.813s
user	0m0.813s
sys	0m0.000s
 
1739639.1343 1765026.6362 3156552.835599999 3194056.931000001

real	0m3.143s
user	0m3.143s
sys	0m0.000s
 
40128631.98950006 40455680.77900002 81101463.51099998 81608296.35000008

real	0m2.688s
user	0m2.688s
sys	0m0.000s
 
185145.8628 186726.9552 353878.6176 356259.936

real	0m2.777s
user	0m2.777s
sys	0m0.000s
 
5650057.303000003 5674398.905999999 11835110.684 11873364.25000001

real	0m2.925s
user	0m2.921s
sys	0m0.004s
 
3539227257.462 3543179262.324003 8019509498.519998 8025995052.400001

real	0m1.200s
user	0m1.199s
sys	0m0.000s
 
66219776245.92168 66260257446.05717 151986883006.3699 152053753059.55

real	0m1.439s
user	0m1.435s
sys	0m0.004s
 
166212294937.3991 166288626284.498 382568140639.0098 382694366833.2999

real	0m1.306s
user	0m1.302s
sys	0m0.004s
 
608720333715.4655 608956501509.1871 1405127495482.165 1405518727998.903

real	0m5.106s
user	0m5.094s
sys	0m0.012s
 
SPECIAL
 
0.04840000000000001

real	0m0.449s
user	0m0.449s
sys	0m0.000s
 
0.04840000000000001

real	0m0.433s
user	0m0.433s
sys	0m0.000s
 
0.04840000000000001

real	0m0.163s
user	0m0.163s
sys	0m0.000s
 
53.79660000000001 53.79880000000001 58.68060000000001 58.68280000000001

real	0m0.466s
user	0m0.466s
sys	0m0.000s
 
53.79660000000001 53.79880000000001 58.68060000000001 58.68280000000001

real	0m4.044s
user	0m4.040s
sys	0m0.004s
 
9698907.663399996

real	0m0.787s
user	0m0.783s
sys	0m0.004s
 
9698907.663399996

real	0m0.467s
user	0m0.467s
sys	0m0.000s
 
0.04840000000000001

real	0m0.587s
user	0m0.587s
sys	0m0.000s
 
53.79660000000001 53.79880000000001 58.68060000000001 58.68280000000001

real	0m0.476s
user	0m0.476s
sys	0m0.000s
 
53.79660000000001 53.79880000000001 58.68060000000001 58.68280000000001

real	0m13.244s
user	0m13.244s
sys	0m0.000s
 
9698907.663399996

real	0m0.761s
user	0m0.761s
sys	0m0.000s
 
3948765877.809497 3955170852.914604 5863853434.234404 5870258409.339499

real	0m0.340s
user	0m0.340s
sys	0m0.000s
 
3948765877.809497 3955170852.914604 5863853434.234404 5870258409.339499

real	0m3.367s
user	0m3.367s
sys	0m0.000s
 
0.04840000000000001

real	0m0.496s
user	0m0.496s
sys	0m0.000s
 
53.79660000000001 53.79880000000001 58.68060000000001 58.68280000000001

real	0m3.453s
user	0m3.453s
sys	0m0.000s
 
53.79660000000001 53.79880000000001 58.68060000000001 58.68280000000001

real	0m5.221s
user	0m5.221s
sys	0m0.000s
 
9698907.663399996

real	0m0.469s
user	0m0.469s
sys	0m0.000s
 
3948765877.809497 3955170852.914604 5863853434.234404 5870258409.339499

real	0m2.036s
user	0m2.032s
sys	0m0.004s
 
3948765877.809497 3955170852.914604 5863853434.234404 5870258409.339499

real	0m2.037s
user	0m2.036s
sys	0m0.000s
 
0.04840000000000001

real	0m0.665s
user	0m0.665s
sys	0m0.000s
 
53.79660000000001 53.79880000000001 58.68060000000001 58.68280000000001

real	0m0.474s
user	0m0.473s
sys	0m0.000s
 
53.79660000000001 53.79880000000001 58.68060000000001 58.68280000000001

real	0m14.970s
user	0m14.970s
sys	0m0.000s
 
9698907.663399996

real	0m0.763s
user	0m0.763s
sys	0m0.000s
 
3948765877.809497 3955170852.914604 5863853434.234404 5870258409.339499

real	0m0.339s
user	0m0.339s
sys	0m0.000s
 
3948765877.809497 3955170852.914604 5863853434.234404 5870258409.339499

real	0m3.652s
user	0m3.648s
sys	0m0.004s
 
0.04840000000000001

real	0m0.522s
user	0m0.522s
sys	0m0.000s
 
53.79660000000001 53.79880000000001 58.68060000000001 58.68280000000001

real	0m3.455s
user	0m3.455s
sys	0m0.000s
 
53.79660000000001 53.79880000000001 58.68060000000001 58.68280000000001

real	0m5.411s
user	0m5.411s
sys	0m0.000s
 
9698907.663399996

real	0m0.471s
user	0m0.470s
sys	0m0.000s
 
3948765877.809497 3955170852.914604 5863853434.234404 5870258409.339499

real	0m2.050s
user	0m2.050s
sys	0m0.000s
 
3948765877.809497 3955170852.914604 5863853434.234404 5870258409.339499

real	0m2.227s
user	0m2.226s
sys	0m0.000s
 
3037.1121 3037.6632 3611.409 3612.01

real	0m0.356s
user	0m0.356s
sys	0m0.000s
 
3037.1121 3037.6632 3611.409 3612.01

real	0m0.353s
user	0m0.353s
sys	0m0.000s
 
3037.1121 3037.6632 3611.409 3612.01

real	0m1.945s
user	0m1.945s
sys	0m0.000s
 
3037.1121 3037.6632 3611.409 3612.01

real	0m1.947s
user	0m1.947s
sys	0m0.000s
 
SEQUENCE
 
37624.35618 38872.44188 52954.76458 54712.31628

real	0m1.159s
user	0m1.159s
sys	0m0.000s
 
4350478614.186048 4405620767.888449 7321622135.843186 7393481577.214199

real	0m0.309s
user	0m0.305s
sys	0m0.004s
 
48832437279.8918 49241016265.74157 88512227219.28583 89040617812.03206

real	0m0.987s
user	0m0.987s
sys	0m0.000s
 
18696443068.18007 18840087100.15867 37617583432.7108 37823564976.3486

real	0m0.276s
user	0m0.276s
sys	0m0.000s
 
4.901614166865179e+18 4.912723296455448e+18 1.084442578747924e+19 1.086100449795465e+19

real	0m0.199s
user	0m0.199s
sys	0m0.000s
 
1.647418946230568e+16 1.649160037624473e+16 3.768465979697054e+16 3.771108024027194e+16

real	0m0.279s
user	0m0.275s
sys	0m0.004s
 
4.48881116501821e+17 4.490640601531962e+17 1.03730934601686e+18 1.03758774958278e+18

real	0m0.321s
user	0m0.313s
sys	0m0.008s
 
4.48881116501821e+17 4.490640601531962e+17 1.03730934601686e+18 1.03758774958278e+18

real	0m1.747s
user	0m1.731s
sys	0m0.016s
 
4.48881116501821e+17 4.490640601531962e+17 1.03730934601686e+18 1.03758774958278e+18

real	0m2.375s
user	0m2.371s
sys	0m0.004s
 
8.382424294553979e+29 8.385850640122295e+29 1.937388035390321e+30 1.93790724339292e+30

real	0m0.337s
user	0m0.333s
sys	0m0.004s
 
8.382424294553979e+29 8.385850640122295e+29 1.937388035390321e+30 1.93790724339292e+30

real	0m1.194s
user	0m1.178s
sys	0m0.016s
 
8.382424294553979e+29 8.385850640122295e+29 1.937388035390321e+30 1.93790724339292e+30

real	0m1.326s
user	0m1.318s
sys	0m0.008s
 
8.382424294553979e+29 8.385850640122295e+29 1.937388035390321e+30 1.93790724339292e+30

real	0m1.334s
user	0m1.318s
sys	0m0.016s
 
8.382424294553979e+29 8.385850640122295e+29 1.937388035390321e+30 1.93790724339292e+30

real	0m1.189s
user	0m1.189s
sys	0m0.000s
 
8.382424294553979e+29 8.385850640122295e+29 1.937388035390321e+30 1.93790724339292e+30

real	0m1.245s
user	0m1.237s
sys	0m0.008s
 
374124590164.9393 378323909405.297 483306890414.2386 487506209654.5964

real	0m0.324s
user	0m0.324s
sys	0m0.000s
 
8003498375443.188 8040830216224.574 11400695886549.59 11438027727330.98

real	0m0.280s
user	0m0.280s
sys	0m0.000s
 
467292080353.7709 473215316635.7608 603526514839.5372 609449751121.5272

real	0m0.245s
user	0m0.241s
sys	0m0.004s
 
22856685758006.32 23032721850853.32 32186598678896.97 32362634771743.98

real	0m0.207s
user	0m0.207s
sys	0m0.000s
