 
SCALAR_VEC
 
0.5808000000000001 0.5830000000000002 0.6270000000000002 0.6292000000000002

real	0m1.860s
user	0m1.859s
sys	0m0.000s
 
46.0284 46.03060000000001 50.20620000000001 50.2084

real	0m2.549s
user	0m2.549s
sys	0m0.000s
 
29876.5456 29876.5478 32592.58860000001 32592.59080000001

real	0m0.535s
user	0m0.531s
sys	0m0.004s
 
VEC_VEC
 
174.0387

real	0m0.505s
user	0m0.501s
sys	0m0.004s
 
9698907.663399996

real	0m0.446s
user	0m0.446s
sys	0m0.000s
 
24900423491.09201

real	0m0.635s
user	0m0.635s
sys	0m0.000s
 
24900741320632.71

real	0m0.637s
user	0m0.637s
sys	0m0.000s
 
2.490083360868967e+16

real	0m0.693s
user	0m0.685s
sys	0m0.008s
 
VEC_MAT
 
178.7929000000001 178.8030000000001 201.2149000000001 201.2250000000001

real	0m1.444s
user	0m1.444s
sys	0m0.000s
 
992.6821000000002 992.6922000000003 1117.3464 1117.3565

real	0m0.786s
user	0m0.786s
sys	0m0.000s
 
390.3932 390.4204 450.7772000000001 450.8044

real	0m1.633s
user	0m1.633s
sys	0m0.000s
 
2166.9797 2167.0069 2502.7093 2502.7365

real	0m0.906s
user	0m0.906s
sys	0m0.000s
 
157975690.7399002 164380665.8450001

real	0m0.457s
user	0m0.457s
sys	0m0.000s
 
27065907086.64726 28163538210.734

real	0m0.509s
user	0m0.509s
sys	0m0.000s
 
128614163.4402999 133441028.6953997 138267893.9505

real	0m0.618s
user	0m0.618s
sys	0m0.000s
 
17202407856.50187 17848340807.38918 18494273758.27599

real	0m0.639s
user	0m0.639s
sys	0m0.000s
 
2.2266 2.2836 2.3406 2.397600000000001

real	0m0.277s
user	0m0.277s
sys	0m0.000s
 
73.52180000000001 74.6944 86.4204 87.59300000000002

real	0m0.803s
user	0m0.803s
sys	0m0.000s
 
609.1862 615.0844000000001 774.3358000000001 780.2340000000002

real	0m1.196s
user	0m1.196s
sys	0m0.000s
 
31020069.53999998 31057579.07999998 45948866.45999996 45986376.00000001

real	0m2.964s
user	0m2.963s
sys	0m0.000s
 
3948765877.809497 3955170852.914604 5863853434.234404 5870258409.339499

real	0m2.711s
user	0m2.711s
sys	0m0.000s
 
629070346650.9426 630167977775.031 934211799147.1235 935309430271.2021

real	0m1.467s
user	0m1.463s
sys	0m0.004s
 
72549439.0166 72565446.85879999 108086848.7006 108102856.5428001

real	0m2.383s
user	0m2.383s
sys	0m0.000s
 
324096005.6180002 324108897.3359997 483218480.892 483231372.6099998

real	0m1.243s
user	0m1.239s
sys	0m0.004s
 
10829665.1294 10829701.4254 15310551.5134 15310587.8094

real	0m0.609s
user	0m0.605s
sys	0m0.004s
 
107135690886248 108233331157370.3 147748380917728.1 148846021188851.3

real	0m1.035s
user	0m1.023s
sys	0m0.012s
 
MAT_VEC
 
178.7929000000001 178.8030000000001 201.2149000000001 201.2250000000001

real	0m0.291s
user	0m0.291s
sys	0m0.000s
 
992.6821000000002 992.6922000000003 1117.3464 1117.3565

real	0m0.232s
user	0m0.232s
sys	0m0.000s
 
390.3932 390.4204 450.7772000000001 450.8044

real	0m0.327s
user	0m0.327s
sys	0m0.000s
 
2166.9797 2167.0069 2502.7093 2502.7365

real	0m0.262s
user	0m0.262s
sys	0m0.000s
 
157975690.7399002 164380665.8450001

real	0m0.384s
user	0m0.384s
sys	0m0.000s
 
27065907086.64726 28163538210.734

real	0m0.419s
user	0m0.419s
sys	0m0.000s
 
128614163.4402999 133441028.6953997 138267893.9505

real	0m0.428s
user	0m0.428s
sys	0m0.000s
 
17202407856.50187 17848340807.38918 18494273758.27599

real	0m0.431s
user	0m0.431s
sys	0m0.000s
 
2.2266 2.2836 2.3406 2.397600000000001

real	0m0.307s
user	0m0.307s
sys	0m0.000s
 
73.52180000000001 74.6944 86.4204 87.59300000000002

real	0m0.647s
user	0m0.643s
sys	0m0.004s
 
609.1862 615.0844000000001 774.3358000000001 780.2340000000002

real	0m0.562s
user	0m0.562s
sys	0m0.000s
 
31020069.53999998 31057579.07999998 45948866.45999996 45986376.00000001

real	0m0.419s
user	0m0.419s
sys	0m0.000s
 
3948765877.809497 3955170852.914604 5863853434.234404 5870258409.339499

real	0m0.428s
user	0m0.424s
sys	0m0.004s
 
629070346650.9426 630167977775.031 934211799147.1235 935309430271.2021

real	0m0.626s
user	0m0.618s
sys	0m0.008s
 
72549439.0166 72565446.85879999 108086848.7006 108102856.5428001

real	0m0.406s
user	0m0.406s
sys	0m0.000s
 
324096005.6180002 324108897.3359997 483218480.892 483231372.6099998

real	0m0.531s
user	0m0.523s
sys	0m0.008s
 
10829665.1294 10829701.4254 15310551.5134 15310587.8094

real	0m0.424s
user	0m0.420s
sys	0m0.004s
 
107135690886248 108233331157370.3 147748380917728.1 148846021188851.3

real	0m0.434s
user	0m0.426s
sys	0m0.008s
 
OUTER
 
101.277 104.346 110.4774 113.8252

real	0m8.727s
user	0m8.727s
sys	0m0.000s
 
96.84840000000001 99.04950000000002 108.045 110.446

real	0m6.821s
user	0m6.817s
sys	0m0.004s
 
94.13800000000002 95.84960000000002 106.419 108.286

real	0m4.267s
user	0m4.267s
sys	0m0.000s
 
14.5684 14.5728 16.60140000000001 16.606

real	0m0.452s
user	0m0.452s
sys	0m0.000s
 
10.164 10.2025 11.913 11.9548

real	0m1.026s
user	0m1.026s
sys	0m0.000s
 
955.9242 956.3004 1135.8438 1136.254

real	0m0.626s
user	0m0.626s
sys	0m0.000s
 
86477.05440000001 86480.57660000001 102897.9582 102901.8004

real	0m0.360s
user	0m0.348s
sys	0m0.012s
 
27312.9912 27313.3443 32486.685 32487.07

real	0m0.251s
user	0m0.247s
sys	0m0.004s
 
MAT_MAT
 
8054296.570499997 8377212.617400005 11041896.78059999 11521723.02599998

real	0m1.496s
user	0m1.496s
sys	0m0.000s
 
67005585.50399998 69693523.28640002 92209626.6390001 96222702.65399998

real	0m1.865s
user	0m1.865s
sys	0m0.000s
 
56602.02200000002 58658.48450000003 83130.86099999996 86296.01680000003

real	0m0.938s
user	0m0.938s
sys	0m0.000s
 
297546749.5919997 308581623.7314994 440770097.583 457946307.1219999

real	0m0.877s
user	0m0.877s
sys	0m0.000s
 
8054296.570499997 8144829.910200007 11426434.83180001 11521723.02599998

real	0m0.296s
user	0m0.295s
sys	0m0.000s
 
67005585.50399998 67746880.83150004 95442432.67260008 96222702.65399998

real	0m0.404s
user	0m0.404s
sys	0m0.000s
 
56602.02200000002 56765.4044 86117.12820000002 86296.01680000003

real	0m0.131s
user	0m0.131s
sys	0m0.000s
 
297546749.5919997 299613096.1240003 455678605.3310006 457946307.1219999

real	0m0.237s
user	0m0.237s
sys	0m0.000s
 
301.3441 301.7106 379.168 379.5840000000001

real	0m0.475s
user	0m0.475s
sys	0m0.000s
 
45022.4809 45027.16379999999 57025.89409999999 57031.226

real	0m0.475s
user	0m0.471s
sys	0m0.004s
 
79343.34260000002 79353.49420000002 105856.4262 105868.395

real	0m0.312s
user	0m0.308s
sys	0m0.004s
 
77470.43699999999 77485.73999999999 107948.34 107966.91

real	0m0.258s
user	0m0.253s
sys	0m0.004s
 
109.241 111.7864 142.1856 145.251

real	0m0.925s
user	0m0.925s
sys	0m0.000s
 
1739639.1343 1765026.6362 3156552.835599999 3194056.931000001

real	0m0.878s
user	0m0.878s
sys	0m0.000s
 
40128631.98950006 40455680.77900002 81101463.51099998 81608296.35000008

real	0m0.426s
user	0m0.425s
sys	0m0.000s
 
185145.8628 186726.9552 353878.6176 356259.936

real	0m0.575s
user	0m0.575s
sys	0m0.000s
 
5650057.303000003 5674398.905999999 11835110.684 11873364.25000001

real	0m0.404s
user	0m0.404s
sys	0m0.000s
 
3539227257.462 3543179262.324003 8019509498.519998 8025995052.400001

real	0m0.184s
user	0m0.184s
sys	0m0.000s
 
66219776245.92168 66260257446.05717 151986883006.3699 152053753059.55

real	0m0.209s
user	0m0.205s
sys	0m0.004s
 
166212294937.3991 166288626284.498 382568140639.0098 382694366833.2999

real	0m0.320s
user	0m0.312s
sys	0m0.008s
 
608720333715.4655 608956501509.1871 1405127495482.165 1405518727998.903

real	0m0.868s
user	0m0.856s
sys	0m0.012s
 
TRANS1
 
8054296.570499997 8377212.617400005 11041896.78059999 11521723.02599998

real	0m1.701s
user	0m1.701s
sys	0m0.000s
 
67005585.50399998 69693523.28640002 92209626.6390001 96222702.65399998

real	0m2.197s
user	0m2.197s
sys	0m0.000s
 
56602.02200000002 58658.48450000003 83130.86099999996 86296.01680000003

real	0m0.816s
user	0m0.816s
sys	0m0.000s
 
297546749.5919997 308581623.7314994 440770097.583 457946307.1219999

real	0m1.348s
user	0m1.348s
sys	0m0.000s
 
8054296.570499997 8144829.910200007 11426434.83180001 11521723.02599998

real	0m1.687s
user	0m1.687s
sys	0m0.000s
 
67005585.50399998 67746880.83150004 95442432.67260008 96222702.65399998

real	0m2.191s
user	0m2.191s
sys	0m0.000s
 
56602.02200000002 56765.4044 86117.12820000002 86296.01680000003

real	0m0.811s
user	0m0.811s
sys	0m0.000s
 
297546749.5919997 299613096.1240003 455678605.3310006 457946307.1219999

real	0m1.347s
user	0m1.347s
sys	0m0.000s
 
301.3441 301.7106 379.168 379.5840000000001

real	0m2.145s
user	0m2.145s
sys	0m0.000s
 
45022.4809 45027.16379999999 57025.89409999999 57031.226

real	0m1.617s
user	0m1.613s
sys	0m0.004s
 
79343.34260000002 79353.49420000002 105856.4262 105868.395

real	0m1.212s
user	0m1.208s
sys	0m0.004s
 
77470.43699999999 77485.73999999999 107948.34 107966.91

real	0m0.546s
user	0m0.542s
sys	0m0.004s
 
109.241 111.7864 142.1856 145.251

real	0m0.606s
user	0m0.606s
sys	0m0.000s
 
1739639.1343 1765026.6362 3156552.835599999 3194056.931000001

real	0m2.876s
user	0m2.876s
sys	0m0.000s
 
40128631.98950006 40455680.77900002 81101463.51099998 81608296.35000008

real	0m2.578s
user	0m2.578s
sys	0m0.000s
 
185145.8628 186726.9552 353878.6176 356259.936

real	0m2.426s
user	0m2.426s
sys	0m0.000s
 
5650057.303000003 5674398.905999999 11835110.684 11873364.25000001

real	0m2.576s
user	0m2.572s
sys	0m0.004s
 
3539227257.462 3543179262.324003 8019509498.519998 8025995052.400001

real	0m1.143s
user	0m1.139s
sys	0m0.004s
 
66219776245.92168 66260257446.05717 151986883006.3699 152053753059.55

real	0m1.394s
user	0m1.386s
sys	0m0.008s
 
166212294937.3991 166288626284.498 382568140639.0098 382694366833.2999

real	0m1.260s
user	0m1.252s
sys	0m0.008s
 
608720333715.4655 608956501509.1871 1405127495482.165 1405518727998.903

real	0m2.577s
user	0m2.561s
sys	0m0.016s
 
1512441.733 1524415.266 2968657.650000001 2986772.5

real	0m1.471s
user	0m1.471s
sys	0m0.000s
 
608720333715.4655 608956501509.1871 1405127495482.165 1405518727998.903

real	0m1.296s
user	0m1.288s
sys	0m0.008s
 
TRANS2
 
8054296.570499997 8377212.617400005 11041896.78059999 11521723.02599998

real	0m1.546s
user	0m1.546s
sys	0m0.000s
 
67005585.50399998 69693523.28640002 92209626.6390001 96222702.65399998

real	0m2.249s
user	0m2.249s
sys	0m0.000s
 
56602.02200000002 58658.48450000003 83130.86099999996 86296.01680000003

real	0m0.959s
user	0m0.958s
sys	0m0.000s
 
297546749.5919997 308581623.7314994 440770097.583 457946307.1219999

real	0m1.219s
user	0m1.218s
sys	0m0.000s
 
8054296.570499997 8144829.910200007 11426434.83180001 11521723.02599998

real	0m0.288s
user	0m0.288s
sys	0m0.000s
 
67005585.50399998 67746880.83150004 95442432.67260008 96222702.65399998

real	0m0.414s
user	0m0.414s
sys	0m0.000s
 
56602.02200000002 56765.4044 86117.12820000002 86296.01680000003

real	0m0.134s
user	0m0.134s
sys	0m0.000s
 
297546749.5919997 299613096.1240003 455678605.3310006 457946307.1219999

real	0m0.251s
user	0m0.251s
sys	0m0.000s
 
301.3441 301.7106 379.168 379.5840000000001

real	0m0.497s
user	0m0.497s
sys	0m0.000s
 
45022.4809 45027.16379999999 57025.89409999999 57031.226

real	0m0.475s
user	0m0.471s
sys	0m0.004s
 
79343.34260000002 79353.49420000002 105856.4262 105868.395

real	0m0.311s
user	0m0.307s
sys	0m0.004s
 
77470.43699999999 77485.73999999999 107948.34 107966.91

real	0m0.257s
user	0m0.257s
sys	0m0.000s
 
109.241 111.7864 142.1856 145.251

real	0m0.945s
user	0m0.945s
sys	0m0.000s
 
1739639.1343 1765026.6362 3156552.835599999 3194056.931000001

real	0m0.935s
user	0m0.935s
sys	0m0.000s
 
40128631.98950006 40455680.77900002 81101463.51099998 81608296.35000008

real	0m0.482s
user	0m0.482s
sys	0m0.000s
 
185145.8628 186726.9552 353878.6176 356259.936

real	0m0.613s
user	0m0.613s
sys	0m0.000s
 
5650057.303000003 5674398.905999999 11835110.684 11873364.25000001

real	0m0.432s
user	0m0.432s
sys	0m0.000s
 
3539227257.462 3543179262.324003 8019509498.519998 8025995052.400001

real	0m0.188s
user	0m0.188s
sys	0m0.000s
 
66219776245.92168 66260257446.05717 151986883006.3699 152053753059.55

real	0m0.243s
user	0m0.243s
sys	0m0.000s
 
166212294937.3991 166288626284.498 382568140639.0098 382694366833.2999

real	0m0.359s
user	0m0.359s
sys	0m0.000s
 
608720333715.4655 608956501509.1871 1405127495482.165 1405518727998.903

real	0m0.930s
user	0m0.918s
sys	0m0.012s
 
1512441.733 1524415.266 2968657.650000001 2986772.5

real	0m0.515s
user	0m0.515s
sys	0m0.000s
 
608720333715.4655 608956501509.1871 1405127495482.165 1405518727998.903

real	0m0.591s
user	0m0.587s
sys	0m0.004s
 
TRANS12
 
8054296.570499997 8377212.617400005 11041896.78059999 11521723.02599998

real	0m1.769s
user	0m1.769s
sys	0m0.000s
 
67005585.50399998 69693523.28640002 92209626.6390001 96222702.65399998

real	0m2.268s
user	0m2.268s
sys	0m0.000s
 
56602.02200000002 58658.48450000003 83130.86099999996 86296.01680000003

real	0m0.919s
user	0m0.919s
sys	0m0.000s
 
297546749.5919997 308581623.7314994 440770097.583 457946307.1219999

real	0m1.378s
user	0m1.378s
sys	0m0.000s
 
8054296.570499997 8144829.910200007 11426434.83180001 11521723.02599998

real	0m1.733s
user	0m1.733s
sys	0m0.000s
 
67005585.50399998 67746880.83150004 95442432.67260008 96222702.65399998

real	0m2.217s
user	0m2.217s
sys	0m0.000s
 
56602.02200000002 56765.4044 86117.12820000002 86296.01680000003

real	0m0.882s
user	0m0.882s
sys	0m0.000s
 
297546749.5919997 299613096.1240003 455678605.3310006 457946307.1219999

real	0m1.361s
user	0m1.357s
sys	0m0.004s
 
301.3441 301.7106 379.168 379.5840000000001

real	0m1.893s
user	0m1.893s
sys	0m0.000s
 
45022.4809 45027.16379999999 57025.89409999999 57031.226

real	0m1.419s
user	0m1.411s
sys	0m0.008s
 
79343.34260000002 79353.49420000002 105856.4262 105868.395

real	0m1.153s
user	0m1.149s
sys	0m0.004s
 
77470.43699999999 77485.73999999999 107948.34 107966.91

real	0m0.766s
user	0m0.766s
sys	0m0.000s
 
109.241 111.7864 142.1856 145.251

real	0m0.832s
user	0m0.832s
sys	0m0.000s
 
1739639.1343 1765026.6362 3156552.835599999 3194056.931000001

real	0m3.134s
user	0m3.134s
sys	0m0.000s
 
40128631.98950006 40455680.77900002 81101463.51099998 81608296.35000008

real	0m2.677s
user	0m2.677s
sys	0m0.000s
 
185145.8628 186726.9552 353878.6176 356259.936

real	0m2.777s
user	0m2.777s
sys	0m0.000s
 
5650057.303000003 5674398.905999999 11835110.684 11873364.25000001

real	0m2.943s
user	0m2.943s
sys	0m0.000s
 
3539227257.462 3543179262.324003 8019509498.519998 8025995052.400001

real	0m1.199s
user	0m1.199s
sys	0m0.000s
 
66219776245.92168 66260257446.05717 151986883006.3699 152053753059.55

real	0m1.437s
user	0m1.429s
sys	0m0.008s
 
166212294937.3991 166288626284.498 382568140639.0098 382694366833.2999

real	0m1.306s
user	0m1.302s
sys	0m0.004s
 
608720333715.4655 608956501509.1871 1405127495482.165 1405518727998.903

real	0m5.415s
user	0m5.407s
sys	0m0.008s
 
SPECIAL
 
0.04840000000000001

real	0m0.570s
user	0m0.570s
sys	0m0.000s
 
0.04840000000000001

real	0m0.657s
user	0m0.657s
sys	0m0.000s
 
0.04840000000000001

real	0m0.170s
user	0m0.170s
sys	0m0.000s
 
53.79660000000001 53.79880000000001 58.68060000000001 58.68280000000001

real	0m0.470s
user	0m0.470s
sys	0m0.000s
 
53.79660000000001 53.79880000000001 58.68060000000001 58.68280000000001

real	0m4.250s
user	0m4.250s
sys	0m0.000s
 
9698907.663399996

real	0m0.792s
user	0m0.792s
sys	0m0.000s
 
9698907.663399996

real	0m0.472s
user	0m0.472s
sys	0m0.000s
 
0.04840000000000001

real	0m0.696s
user	0m0.696s
sys	0m0.000s
 
53.79660000000001 53.79880000000001 58.68060000000001 58.68280000000001

real	0m0.475s
user	0m0.475s
sys	0m0.000s
 
53.79660000000001 53.79880000000001 58.68060000000001 58.68280000000001

real	0m12.632s
user	0m12.632s
sys	0m0.000s
 
9698907.663399996

real	0m0.762s
user	0m0.762s
sys	0m0.000s
 
3948765877.809497 3955170852.914604 5863853434.234404 5870258409.339499

real	0m0.339s
user	0m0.339s
sys	0m0.000s
 
3948765877.809497 3955170852.914604 5863853434.234404 5870258409.339499

real	0m3.373s
user	0m3.373s
sys	0m0.000s
 
0.04840000000000001

real	0m0.672s
user	0m0.672s
sys	0m0.000s
 
53.79660000000001 53.79880000000001 58.68060000000001 58.68280000000001

real	0m3.461s
user	0m3.461s
sys	0m0.000s
 
53.79660000000001 53.79880000000001 58.68060000000001 58.68280000000001

real	0m5.223s
user	0m5.223s
sys	0m0.000s
 
9698907.663399996

real	0m0.471s
user	0m0.471s
sys	0m0.000s
 
3948765877.809497 3955170852.914604 5863853434.234404 5870258409.339499

real	0m2.038s
user	0m2.033s
sys	0m0.004s
 
3948765877.809497 3955170852.914604 5863853434.234404 5870258409.339499

real	0m2.037s
user	0m2.037s
sys	0m0.000s
 
0.04840000000000001

real	0m0.849s
user	0m0.849s
sys	0m0.000s
 
53.79660000000001 53.79880000000001 58.68060000000001 58.68280000000001

real	0m0.484s
user	0m0.484s
sys	0m0.000s
 
53.79660000000001 53.79880000000001 58.68060000000001 58.68280000000001

real	0m15.215s
user	0m15.215s
sys	0m0.000s
 
9698907.663399996

real	0m0.765s
user	0m0.765s
sys	0m0.000s
 
3948765877.809497 3955170852.914604 5863853434.234404 5870258409.339499

real	0m0.327s
user	0m0.323s
sys	0m0.004s
 
3948765877.809497 3955170852.914604 5863853434.234404 5870258409.339499

real	0m3.643s
user	0m3.639s
sys	0m0.004s
 
0.04840000000000001

real	0m0.800s
user	0m0.800s
sys	0m0.000s
 
53.79660000000001 53.79880000000001 58.68060000000001 58.68280000000001

real	0m3.477s
user	0m3.477s
sys	0m0.000s
 
53.79660000000001 53.79880000000001 58.68060000000001 58.68280000000001

real	0m5.421s
user	0m5.421s
sys	0m0.000s
 
9698907.663399996

real	0m0.475s
user	0m0.475s
sys	0m0.000s
 
3948765877.809497 3955170852.914604 5863853434.234404 5870258409.339499

real	0m2.050s
user	0m2.046s
sys	0m0.004s
 
3948765877.809497 3955170852.914604 5863853434.234404 5870258409.339499

real	0m2.180s
user	0m2.180s
sys	0m0.000s
 
3037.1121 3037.6632 3611.409 3612.01

real	0m0.352s
user	0m0.352s
sys	0m0.000s
 
3037.1121 3037.6632 3611.409 3612.01

real	0m0.353s
user	0m0.353s
sys	0m0.000s
 
3037.1121 3037.6632 3611.409 3612.01

real	0m1.946s
user	0m1.946s
sys	0m0.000s
 
3037.1121 3037.6632 3611.409 3612.01

real	0m1.946s
user	0m1.942s
sys	0m0.004s
 
SEQUENCE
 
37624.35618 38872.44188 52954.76458 54712.31628

real	0m1.170s
user	0m1.170s
sys	0m0.000s
 
4350478614.186048 4405620767.888449 7321622135.843186 7393481577.214199

real	0m0.313s
user	0m0.313s
sys	0m0.000s
 
48832437279.8918 49241016265.74157 88512227219.28583 89040617812.03206

real	0m1.031s
user	0m1.031s
sys	0m0.000s
 
18696443068.18007 18840087100.15867 37617583432.7108 37823564976.3486

real	0m0.277s
user	0m0.277s
sys	0m0.000s
 
4.901614166865179e+18 4.912723296455448e+18 1.084442578747924e+19 1.086100449795465e+19

real	0m0.198s
user	0m0.198s
sys	0m0.000s
 
1.647418946230568e+16 1.649160037624473e+16 3.768465979697054e+16 3.771108024027194e+16

real	0m0.276s
user	0m0.276s
sys	0m0.000s
 
4.48881116501821e+17 4.490640601531962e+17 1.03730934601686e+18 1.03758774958278e+18

real	0m0.323s
user	0m0.319s
sys	0m0.004s
 
4.48881116501821e+17 4.490640601531962e+17 1.03730934601686e+18 1.03758774958278e+18

real	0m1.749s
user	0m1.741s
sys	0m0.008s
 
4.48881116501821e+17 4.490640601531962e+17 1.03730934601686e+18 1.03758774958278e+18

real	0m2.375s
user	0m2.371s
sys	0m0.004s
 
8.382424294553979e+29 8.385850640122295e+29 1.937388035390321e+30 1.93790724339292e+30

real	0m0.337s
user	0m0.321s
sys	0m0.016s
 
8.382424294553979e+29 8.385850640122295e+29 1.937388035390321e+30 1.93790724339292e+30

real	0m1.192s
user	0m1.184s
sys	0m0.008s
 
8.382424294553979e+29 8.385850640122295e+29 1.937388035390321e+30 1.93790724339292e+30

real	0m1.326s
user	0m1.318s
sys	0m0.008s
 
8.382424294553979e+29 8.385850640122295e+29 1.937388035390321e+30 1.93790724339292e+30

real	0m1.334s
user	0m1.330s
sys	0m0.004s
 
8.382424294553979e+29 8.385850640122295e+29 1.937388035390321e+30 1.93790724339292e+30

real	0m1.187s
user	0m1.175s
sys	0m0.012s
 
8.382424294553979e+29 8.385850640122295e+29 1.937388035390321e+30 1.93790724339292e+30

real	0m1.245s
user	0m1.237s
sys	0m0.008s
 
374124590164.9393 378323909405.297 483306890414.2386 487506209654.5964

real	0m0.327s
user	0m0.323s
sys	0m0.004s
 
8003498375443.188 8040830216224.574 11400695886549.59 11438027727330.98

real	0m0.282s
user	0m0.282s
sys	0m0.000s
 
467292080353.7709 473215316635.7608 603526514839.5372 609449751121.5272

real	0m0.238s
user	0m0.238s
sys	0m0.000s
 
22856685758006.32 23032721850853.32 32186598678896.97 32362634771743.98

real	0m0.217s
user	0m0.217s
sys	0m0.000s
