 
SCALAR_VEC
 
0.5808000000000001 0.5830000000000002 0.6270000000000002 0.6292000000000002

real	0m1.092s
user	0m1.092s
sys	0m0.000s
 
46.0284 46.03060000000001 50.20620000000001 50.2084

real	0m0.759s
user	0m0.759s
sys	0m0.000s
 
29876.5456 29876.5478 32592.58860000001 32592.59080000001

real	0m0.299s
user	0m0.291s
sys	0m0.008s
 
VEC_VEC
 
174.0387

real	0m0.407s
user	0m0.407s
sys	0m0.000s
 
9698907.6634

real	0m0.062s
user	0m0.062s
sys	0m0.000s
 
24900423491.092

real	0m0.139s
user	0m0.139s
sys	0m0.000s
 
24900741320632.73

real	0m0.154s
user	0m0.154s
sys	0m0.000s
 
2.490083360868392e+16

real	0m0.402s
user	0m0.394s
sys	0m0.008s
 
VEC_MAT
 
178.7929000000001 178.8030000000001 201.2149000000001 201.2250000000001

real	0m0.589s
user	0m0.589s
sys	0m0.000s
 
992.6821000000002 992.6922000000003 1117.3464 1117.3565

real	0m0.336s
user	0m0.332s
sys	0m0.004s
 
390.3932 390.4204 450.7772000000001 450.8044

real	0m0.728s
user	0m0.724s
sys	0m0.004s
 
2166.9797 2167.0069 2502.7093 2502.7365

real	0m0.429s
user	0m0.429s
sys	0m0.000s
 
157975690.7399001 164380665.8450001

real	0m0.122s
user	0m0.122s
sys	0m0.000s
 
27065907086.64701 28163538210.734

real	0m0.130s
user	0m0.130s
sys	0m0.000s
 
128614163.4403001 133441028.6954 138267893.9505

real	0m0.164s
user	0m0.164s
sys	0m0.000s
 
17202407856.50201 17848340807.389 18494273758.276

real	0m0.170s
user	0m0.170s
sys	0m0.000s
 
2.2266 2.2836 2.3406 2.397600000000001

real	0m0.363s
user	0m0.363s
sys	0m0.000s
 
73.52180000000001 74.6944 86.4204 87.593

real	0m0.586s
user	0m0.586s
sys	0m0.000s
 
609.1862 615.0844 774.3357999999999 780.2339999999999

real	0m0.508s
user	0m0.508s
sys	0m0.000s
 
31020069.54 31057579.08 45948866.46 45986376

real	0m0.452s
user	0m0.452s
sys	0m0.000s
 
3948765877.8095 3955170852.914599 5863853434.234401 5870258409.3395

real	0m0.410s
user	0m0.406s
sys	0m0.004s
 
629070346650.9373 630167977775.0238 934211799147.1232 935309430271.2095

real	0m0.483s
user	0m0.475s
sys	0m0.008s
 
72549439.01660001 72565446.85880004 108086848.7006 108102856.5427999

real	0m0.437s
user	0m0.437s
sys	0m0.000s
 
324096005.618 324108897.3360001 483218480.892 483231372.6100001

real	0m0.804s
user	0m0.796s
sys	0m0.008s
 
10829665.1294 10829701.4254 15310551.5134 15310587.8094

real	0m0.711s
user	0m0.699s
sys	0m0.012s
 
107135690886253.9 108233331157374.9 147748380917734.3 148846021188855.2

real	0m0.381s
user	0m0.369s
sys	0m0.012s
 
MAT_VEC
 
178.7929000000001 178.8030000000001 201.2149000000001 201.2250000000001

real	0m0.309s
user	0m0.309s
sys	0m0.000s
 
992.6821000000002 992.6922000000003 1117.3464 1117.3565

real	0m0.213s
user	0m0.213s
sys	0m0.000s
 
390.3932 390.4204 450.7772000000001 450.8044

real	0m0.508s
user	0m0.508s
sys	0m0.000s
 
2166.9797 2167.0069 2502.7093 2502.7365

real	0m0.332s
user	0m0.332s
sys	0m0.000s
 
157975690.7399002 164380665.8449999

real	0m0.143s
user	0m0.143s
sys	0m0.000s
 
27065907086.64693 28163538210.7339

real	0m0.162s
user	0m0.162s
sys	0m0.000s
 
128614163.4403001 133441028.6954 138267893.9504999

real	0m0.166s
user	0m0.166s
sys	0m0.000s
 
17202407856.50197 17848340807.38898 18494273758.27607

real	0m0.175s
user	0m0.175s
sys	0m0.000s
 
2.2266 2.283600000000001 2.3406 2.397600000000001

real	0m0.308s
user	0m0.308s
sys	0m0.000s
 
73.52180000000001 74.6944 86.4204 87.59300000000002

real	0m0.589s
user	0m0.589s
sys	0m0.000s
 
609.1862 615.0844 774.3358000000001 780.2340000000002

real	0m0.489s
user	0m0.489s
sys	0m0.000s
 
31020069.54 31057579.08 45948866.45999999 45986376.00000001

real	0m0.523s
user	0m0.523s
sys	0m0.000s
 
3948765877.809499 3955170852.914599 5863853434.234398 5870258409.339499

real	0m0.427s
user	0m0.423s
sys	0m0.004s
 
629070346650.9357 630167977775.0227 934211799147.1244 935309430271.2141

real	0m0.686s
user	0m0.682s
sys	0m0.004s
 
72549439.01660001 72565446.85879999 108086848.7006 108102856.5428001

real	0m0.431s
user	0m0.427s
sys	0m0.004s
 
324096005.618 324108897.3359999 483218480.8919998 483231372.6099998

real	0m0.495s
user	0m0.482s
sys	0m0.012s
 
10829665.1294 10829701.4254 15310551.5134 15310587.8094

real	0m0.397s
user	0m0.389s
sys	0m0.008s
 
107135690886258.2 108233331157375.3 147748380917728.1 148846021188851.3

real	0m0.712s
user	0m0.691s
sys	0m0.020s
 
OUTER
 
101.277 104.346 110.4774 113.8252

real	0m4.169s
user	0m4.169s
sys	0m0.000s
 
96.84840000000001 99.04950000000002 108.045 110.446

real	0m3.931s
user	0m3.931s
sys	0m0.000s
 
94.13800000000002 95.84960000000002 106.419 108.286

real	0m3.326s
user	0m3.322s
sys	0m0.004s
 
14.5684 14.5728 16.60140000000001 16.606

real	0m1.559s
user	0m1.559s
sys	0m0.000s
 
10.164 10.2025 11.913 11.9548

real	0m1.181s
user	0m1.181s
sys	0m0.000s
 
955.9242 956.3004 1135.8438 1136.254

real	0m0.948s
user	0m0.948s
sys	0m0.000s
 
86477.05440000001 86480.57660000001 102897.9582 102901.8004

real	0m0.885s
user	0m0.873s
sys	0m0.012s
 
27312.9912 27313.3443 32486.685 32487.07

real	0m0.481s
user	0m0.473s
sys	0m0.008s
 
MAT_MAT
 
8054296.570500001 8377212.6174 11041896.7806 11521723.026

real	0m0.979s
user	0m0.979s
sys	0m0.000s
 
67005585.504 69693523.28640004 92209626.63899991 96222702.65399997

real	0m1.266s
user	0m1.266s
sys	0m0.000s
 
56602.02200000002 58658.48450000003 83130.86099999998 86296.01680000003

real	0m0.472s
user	0m0.472s
sys	0m0.000s
 
297546749.5919999 308581623.7315001 440770097.5830001 457946307.1219998

real	0m0.589s
user	0m0.589s
sys	0m0.000s
 
8054296.570500001 8144829.910200001 11426434.8318 11521723.026

real	0m0.614s
user	0m0.614s
sys	0m0.000s
 
67005585.504 67746880.83150002 95442432.6726 96222702.65399997

real	0m0.812s
user	0m0.812s
sys	0m0.000s
 
56602.02200000002 56765.4044 86117.12820000001 86296.01680000001

real	0m0.338s
user	0m0.338s
sys	0m0.000s
 
297546749.5919999 299613096.1240001 455678605.331 457946307.1219998

real	0m0.387s
user	0m0.383s
sys	0m0.004s
 
301.3441 301.7106 379.168 379.584

real	0m0.639s
user	0m0.639s
sys	0m0.000s
 
45022.4809 45027.16379999999 57025.89409999999 57031.22599999999

real	0m0.717s
user	0m0.713s
sys	0m0.004s
 
79343.34260000002 79353.49420000002 105856.4262 105868.395

real	0m0.442s
user	0m0.442s
sys	0m0.000s
 
77470.43700000001 77485.73999999999 107948.34 107966.91

real	0m0.227s
user	0m0.223s
sys	0m0.004s
 
109.241 111.7864 142.1856 145.251

real	0m0.593s
user	0m0.593s
sys	0m0.000s
 
1739639.1343 1765026.6362 3156552.835599999 3194056.931000001

real	0m0.365s
user	0m0.365s
sys	0m0.000s
 
40128631.9895 40455680.77900001 81101463.51099998 81608296.35000002

real	0m0.190s
user	0m0.190s
sys	0m0.000s
 
185145.8628 186726.9552000001 353878.6176 356259.936

real	0m0.296s
user	0m0.296s
sys	0m0.000s
 
5650057.303000003 5674398.905999999 11835110.684 11873364.25000001

real	0m0.179s
user	0m0.179s
sys	0m0.000s
 
3539227257.462001 3543179262.324001 8019509498.519999 8025995052.400002

real	0m0.051s
user	0m0.047s
sys	0m0.004s
 
66219776245.92162 66260257446.0572 151986883006.37 152053753059.55

real	0m0.062s
user	0m0.050s
sys	0m0.012s
 
166212294937.399 166288626284.4981 382568140639.0101 382694366833.3

real	0m0.061s
user	0m0.053s
sys	0m0.008s
 
608720333715.4655 608956501509.1869 1405127495482.165 1405518727998.904

real	0m0.116s
user	0m0.100s
sys	0m0.016s
 
TRANS1
 
8054296.570500001 8377212.6174 11041896.7806 11521723.026

real	0m0.967s
user	0m0.967s
sys	0m0.000s
 
67005585.504 69693523.28640004 92209626.63899991 96222702.65399997

real	0m1.253s
user	0m1.253s
sys	0m0.000s
 
56602.02200000002 58658.48450000003 83130.86099999998 86296.01680000003

real	0m0.469s
user	0m0.469s
sys	0m0.000s
 
297546749.5919999 308581623.7315001 440770097.5830001 457946307.1219998

real	0m0.590s
user	0m0.586s
sys	0m0.004s
 
8054296.570500001 8144829.910200001 11426434.8318 11521723.026

real	0m0.583s
user	0m0.583s
sys	0m0.000s
 
67005585.504 67746880.83150002 95442432.6726 96222702.65399997

real	0m0.737s
user	0m0.737s
sys	0m0.000s
 
56602.02200000002 56765.4044 86117.12820000001 86296.01680000001

real	0m0.314s
user	0m0.314s
sys	0m0.000s
 
297546749.5919999 299613096.1240001 455678605.331 457946307.1219998

real	0m0.347s
user	0m0.343s
sys	0m0.004s
 
301.3441 301.7106 379.168 379.584

real	0m0.640s
user	0m0.640s
sys	0m0.000s
 
45022.4809 45027.16379999999 57025.89409999999 57031.22599999999

real	0m0.721s
user	0m0.717s
sys	0m0.004s
 
79343.34260000002 79353.49420000002 105856.4262 105868.395

real	0m0.442s
user	0m0.442s
sys	0m0.000s
 
77470.43700000001 77485.73999999999 107948.34 107966.91

real	0m0.227s
user	0m0.223s
sys	0m0.004s
 
109.241 111.7864 142.1856 145.251

real	0m0.629s
user	0m0.629s
sys	0m0.000s
 
1739639.1343 1765026.6362 3156552.835599999 3194056.931000001

real	0m0.363s
user	0m0.363s
sys	0m0.000s
 
40128631.9895 40455680.77900001 81101463.51099998 81608296.35000002

real	0m0.190s
user	0m0.186s
sys	0m0.004s
 
185145.8628 186726.9552000001 353878.6176 356259.936

real	0m0.296s
user	0m0.296s
sys	0m0.000s
 
5650057.303000003 5674398.905999999 11835110.684 11873364.25000001

real	0m0.178s
user	0m0.178s
sys	0m0.000s
 
3539227257.462001 3543179262.324001 8019509498.519999 8025995052.400002

real	0m0.050s
user	0m0.050s
sys	0m0.000s
 
66219776245.92162 66260257446.0572 151986883006.37 152053753059.55

real	0m0.067s
user	0m0.059s
sys	0m0.008s
 
166212294937.399 166288626284.4981 382568140639.0101 382694366833.3

real	0m0.063s
user	0m0.059s
sys	0m0.004s
 
608720333715.4655 608956501509.1869 1405127495482.165 1405518727998.904

real	0m0.126s
user	0m0.114s
sys	0m0.012s
 
1512441.733 1524415.266 2968657.650000001 2986772.5

real	0m0.249s
user	0m0.249s
sys	0m0.000s
 
608720333715.4656 608956501509.1868 1405127495482.165 1405518727998.904

real	0m0.079s
user	0m0.075s
sys	0m0.004s
 
TRANS2
 
8054296.570500001 8377212.6174 11041896.7806 11521723.026

real	0m0.968s
user	0m0.964s
sys	0m0.004s
 
67005585.504 69693523.28640004 92209626.63899991 96222702.65399997

real	0m1.260s
user	0m1.260s
sys	0m0.000s
 
56602.02200000002 58658.48450000003 83130.86099999998 86296.01680000003

real	0m0.487s
user	0m0.487s
sys	0m0.000s
 
297546749.5919999 308581623.7315001 440770097.5830001 457946307.1219998

real	0m0.601s
user	0m0.601s
sys	0m0.000s
 
8054296.570500001 8144829.910200001 11426434.8318 11521723.026

real	0m0.627s
user	0m0.627s
sys	0m0.000s
 
67005585.504 67746880.83150002 95442432.6726 96222702.65399997

real	0m0.815s
user	0m0.815s
sys	0m0.000s
 
56602.02200000002 56765.4044 86117.12820000001 86296.01680000001

real	0m0.341s
user	0m0.341s
sys	0m0.000s
 
297546749.5919999 299613096.1240001 455678605.331 457946307.1219998

real	0m0.392s
user	0m0.391s
sys	0m0.000s
 
301.3441 301.7106 379.168 379.584

real	0m0.637s
user	0m0.637s
sys	0m0.000s
 
45022.4809 45027.16379999999 57025.89409999999 57031.22599999999

real	0m0.724s
user	0m0.720s
sys	0m0.004s
 
79343.34260000002 79353.49420000002 105856.4262 105868.395

real	0m0.447s
user	0m0.443s
sys	0m0.004s
 
77470.43700000001 77485.73999999999 107948.34 107966.91

real	0m0.231s
user	0m0.227s
sys	0m0.004s
 
109.241 111.7864 142.1856 145.251

real	0m0.622s
user	0m0.618s
sys	0m0.004s
 
1739639.1343 1765026.6362 3156552.835599999 3194056.931000001

real	0m0.363s
user	0m0.359s
sys	0m0.004s
 
40128631.9895 40455680.77900001 81101463.51099998 81608296.35000002

real	0m0.191s
user	0m0.191s
sys	0m0.000s
 
185145.8628 186726.9552000001 353878.6176 356259.936

real	0m0.289s
user	0m0.289s
sys	0m0.000s
 
5650057.303000003 5674398.905999999 11835110.684 11873364.25000001

real	0m0.178s
user	0m0.174s
sys	0m0.004s
 
3539227257.462001 3543179262.324001 8019509498.519999 8025995052.400002

real	0m0.052s
user	0m0.048s
sys	0m0.004s
 
66219776245.92162 66260257446.0572 151986883006.37 152053753059.55

real	0m0.065s
user	0m0.056s
sys	0m0.008s
 
166212294937.399 166288626284.4981 382568140639.0101 382694366833.3

real	0m0.064s
user	0m0.063s
sys	0m0.000s
 
608720333715.4655 608956501509.1869 1405127495482.165 1405518727998.904

real	0m0.128s
user	0m0.107s
sys	0m0.020s
 
1512441.733 1524415.266 2968657.650000001 2986772.5

real	0m0.252s
user	0m0.252s
sys	0m0.000s
 
608720333715.4656 608956501509.1868 1405127495482.165 1405518727998.904

real	0m0.080s
user	0m0.068s
sys	0m0.012s
 
TRANS12
 
8054296.570500001 8377212.6174 11041896.7806 11521723.026

real	0m0.988s
user	0m0.984s
sys	0m0.004s
 
67005585.504 69693523.28640004 92209626.63899991 96222702.65399997

real	0m1.209s
user	0m1.209s
sys	0m0.000s
 
56602.02200000002 58658.48450000003 83130.86099999998 86296.01680000003

real	0m0.486s
user	0m0.486s
sys	0m0.000s
 
297546749.5919999 308581623.7315001 440770097.5830001 457946307.1219998

real	0m0.593s
user	0m0.593s
sys	0m0.000s
 
8054296.570500001 8144829.910200001 11426434.8318 11521723.026

real	0m0.587s
user	0m0.587s
sys	0m0.000s
 
67005585.504 67746880.83150002 95442432.6726 96222702.65399997

real	0m0.751s
user	0m0.751s
sys	0m0.000s
 
56602.02200000002 56765.4044 86117.12820000001 86296.01680000001

real	0m0.319s
user	0m0.319s
sys	0m0.000s
 
297546749.5919999 299613096.1240001 455678605.331 457946307.1219998

real	0m0.348s
user	0m0.348s
sys	0m0.000s
 
301.3441 301.7106 379.168 379.584

real	0m0.637s
user	0m0.637s
sys	0m0.000s
 
45022.4809 45027.16379999999 57025.89409999999 57031.22599999999

real	0m0.727s
user	0m0.723s
sys	0m0.004s
 
79343.34260000002 79353.49420000002 105856.4262 105868.395

real	0m0.446s
user	0m0.446s
sys	0m0.000s
 
77470.43700000001 77485.73999999999 107948.34 107966.91

real	0m0.229s
user	0m0.229s
sys	0m0.000s
 
109.241 111.7864 142.1856 145.251

real	0m0.620s
user	0m0.620s
sys	0m0.000s
 
1739639.1343 1765026.6362 3156552.835599999 3194056.931000001

real	0m0.361s
user	0m0.361s
sys	0m0.000s
 
40128631.9895 40455680.77900001 81101463.51099998 81608296.35000002

real	0m0.191s
user	0m0.191s
sys	0m0.000s
 
185145.8628 186726.9552000001 353878.6176 356259.936

real	0m0.287s
user	0m0.287s
sys	0m0.000s
 
5650057.303000003 5674398.905999999 11835110.684 11873364.25000001

real	0m0.177s
user	0m0.177s
sys	0m0.000s
 
3539227257.462001 3543179262.324001 8019509498.519999 8025995052.400002

real	0m0.051s
user	0m0.051s
sys	0m0.000s
 
66219776245.92162 66260257446.0572 151986883006.37 152053753059.55

real	0m0.068s
user	0m0.060s
sys	0m0.008s
 
166212294937.399 166288626284.4981 382568140639.0101 382694366833.3

real	0m0.066s
user	0m0.066s
sys	0m0.000s
 
608720333715.4655 608956501509.1869 1405127495482.165 1405518727998.904

real	0m0.138s
user	0m0.138s
sys	0m0.000s
 
SPECIAL
 
0.04840000000000001

real	0m0.726s
user	0m0.726s
sys	0m0.000s
 
0.04840000000000001

real	0m0.754s
user	0m0.754s
sys	0m0.000s
 
0.04840000000000001

real	0m0.202s
user	0m0.202s
sys	0m0.000s
 
53.79660000000001 53.79880000000001 58.68060000000001 58.68280000000001

real	0m1.107s
user	0m1.107s
sys	0m0.000s
 
53.79660000000001 53.79880000000001 58.68060000000001 58.68280000000001

real	0m1.405s
user	0m1.405s
sys	0m0.000s
 
9698907.6634

real	0m0.171s
user	0m0.167s
sys	0m0.004s
 
9698907.6634

real	0m0.151s
user	0m0.150s
sys	0m0.000s
 
0.04840000000000001

real	0m2.931s
user	0m2.931s
sys	0m0.000s
 
53.79660000000001 53.79880000000001 58.68060000000001 58.68280000000001

real	0m2.576s
user	0m2.576s
sys	0m0.000s
 
53.79660000000001 53.79880000000001 58.68060000000001 58.68280000000001

real	0m6.058s
user	0m6.054s
sys	0m0.004s
 
9698907.663400002

real	0m0.929s
user	0m0.929s
sys	0m0.000s
 
3948765877.809501 3955170852.9146 5863853434.234401 5870258409.3395

real	0m1.388s
user	0m1.384s
sys	0m0.004s
 
3948765877.809501 3955170852.9146 5863853434.234398 5870258409.3395

real	0m2.396s
user	0m2.392s
sys	0m0.004s
 
0.04840000000000001

real	0m2.911s
user	0m2.907s
sys	0m0.004s
 
53.79660000000001 53.79880000000001 58.68060000000001 58.68280000000001

real	0m2.951s
user	0m2.951s
sys	0m0.000s
 
53.79660000000001 53.79880000000001 58.68060000000001 58.68280000000001

real	0m6.066s
user	0m6.066s
sys	0m0.000s
 
9698907.663400002

real	0m0.798s
user	0m0.794s
sys	0m0.004s
 
3948765877.809501 3955170852.9146 5863853434.234401 5870258409.3395

real	0m1.059s
user	0m1.059s
sys	0m0.000s
 
3948765877.809501 3955170852.9146 5863853434.234398 5870258409.3395

real	0m2.369s
user	0m2.369s
sys	0m0.000s
 
0.04840000000000001

real	0m2.932s
user	0m2.931s
sys	0m0.000s
 
53.79660000000001 53.79880000000001 58.68060000000001 58.68280000000001

real	0m2.588s
user	0m2.588s
sys	0m0.000s
 
53.79660000000001 53.79880000000001 58.68060000000001 58.68280000000001

real	0m5.708s
user	0m5.708s
sys	0m0.000s
 
9698907.663400002

real	0m0.991s
user	0m0.991s
sys	0m0.000s
 
3948765877.809501 3955170852.9146 5863853434.234401 5870258409.3395

real	0m1.393s
user	0m1.393s
sys	0m0.000s
 
3948765877.809501 3955170852.9146 5863853434.234398 5870258409.3395

real	0m2.276s
user	0m2.276s
sys	0m0.000s
 
0.04840000000000001

real	0m2.939s
user	0m2.939s
sys	0m0.000s
 
53.79660000000001 53.79880000000001 58.68060000000001 58.68280000000001

real	0m2.955s
user	0m2.955s
sys	0m0.000s
 
53.79660000000001 53.79880000000001 58.68060000000001 58.68280000000001

real	0m5.718s
user	0m5.714s
sys	0m0.004s
 
9698907.663400002

real	0m0.880s
user	0m0.880s
sys	0m0.000s
 
3948765877.809501 3955170852.9146 5863853434.234401 5870258409.3395

real	0m1.058s
user	0m1.050s
sys	0m0.008s
 
3948765877.809501 3955170852.9146 5863853434.234398 5870258409.3395

real	0m2.269s
user	0m2.268s
sys	0m0.000s
 
3037.1121 3037.6632 3611.409 3612.01

real	0m0.744s
user	0m0.744s
sys	0m0.000s
 
3037.1121 3037.6632 3611.409 3612.01

real	0m0.743s
user	0m0.743s
sys	0m0.000s
 
3037.1121 3037.6632 3611.409 3612.01

real	0m0.744s
user	0m0.740s
sys	0m0.004s
 
3037.1121 3037.6632 3611.409 3612.01

real	0m0.744s
user	0m0.744s
sys	0m0.000s
 
SEQUENCE
 
37624.35618 38872.44188000001 52954.76458 54712.31628

real	0m0.542s
user	0m0.542s
sys	0m0.000s
 
4350478614.186048 4405620767.88845 7321622135.843185 7393481577.214199

real	0m0.186s
user	0m0.186s
sys	0m0.000s
 
48832437279.89182 49241016265.74161 88512227219.28577 89040617812.03198

real	0m0.475s
user	0m0.475s
sys	0m0.000s
 
18696443068.18007 18840087100.15867 37617583432.7108 37823564976.34861

real	0m0.111s
user	0m0.111s
sys	0m0.000s
 
4.901614166865181e+18 4.912723296455449e+18 1.084442578747925e+19 1.086100449795465e+19

real	0m0.059s
user	0m0.059s
sys	0m0.000s
 
1.647418946230568e+16 1.649160037624474e+16 3.76846597969705e+16 3.771108024027195e+16

real	0m0.076s
user	0m0.072s
sys	0m0.004s
 
4.488811165018216e+17 4.490640601531965e+17 1.037309346016861e+18 1.03758774958278e+18

real	0m0.060s
user	0m0.052s
sys	0m0.008s
 
4.488811165018216e+17 4.490640601531965e+17 1.037309346016861e+18 1.03758774958278e+18

real	0m0.116s
user	0m0.112s
sys	0m0.004s
 
4.488811165018216e+17 4.490640601531965e+17 1.037309346016861e+18 1.03758774958278e+18

real	0m0.119s
user	0m0.115s
sys	0m0.004s
 
8.382424294553982e+29 8.385850640122292e+29 1.93738803539032e+30 1.937907243392919e+30

real	0m0.070s
user	0m0.066s
sys	0m0.004s
 
8.382424294553982e+29 8.385850640122292e+29 1.93738803539032e+30 1.937907243392919e+30

real	0m0.080s
user	0m0.068s
sys	0m0.012s
 
8.382424294553982e+29 8.385850640122292e+29 1.93738803539032e+30 1.937907243392919e+30

real	0m0.082s
user	0m0.070s
sys	0m0.012s
 
8.382424294553982e+29 8.385850640122292e+29 1.93738803539032e+30 1.937907243392919e+30

real	0m0.084s
user	0m0.072s
sys	0m0.012s
 
8.382424294553982e+29 8.385850640122292e+29 1.93738803539032e+30 1.937907243392919e+30

real	0m0.080s
user	0m0.064s
sys	0m0.016s
 
8.382424294553982e+29 8.385850640122292e+29 1.93738803539032e+30 1.937907243392919e+30

real	0m0.080s
user	0m0.068s
sys	0m0.012s
 
374124590164.9393 378323909405.2969 483306890414.2386 487506209654.5963

real	0m0.192s
user	0m0.192s
sys	0m0.000s
 
8003498375443.188 8040830216224.576 11400695886549.59 11438027727330.98

real	0m0.111s
user	0m0.111s
sys	0m0.000s
 
467292080353.7709 473215316635.7608 603526514839.5374 609449751121.5272

real	0m0.215s
user	0m0.215s
sys	0m0.000s
 
22856685758006.32 23032721850853.32 32186598678896.98 32362634771743.98

real	0m0.189s
user	0m0.189s
sys	0m0.000s
