 
SCALAR_VEC
 
0.5808000000000001 0.5830000000000002 0.6270000000000002 0.6292000000000002

real	0m0.205s
user	0m0.205s
sys	0m0.000s
 
46.0284 46.03060000000001 50.20620000000001 50.2084

real	0m0.242s
user	0m0.242s
sys	0m0.000s
 
29876.5456 29876.5478 32592.58860000001 32592.59080000001

real	0m0.180s
user	0m0.176s
sys	0m0.004s
 
VEC_VEC
 
174.0387

real	0m0.410s
user	0m0.409s
sys	0m0.000s
 
9698907.663399996

real	0m0.448s
user	0m0.448s
sys	0m0.000s
 
24900423491.09201

real	0m0.635s
user	0m0.635s
sys	0m0.000s
 
24900741320632.71

real	0m0.637s
user	0m0.637s
sys	0m0.000s
 
2.490083360868967e+16

real	0m0.694s
user	0m0.686s
sys	0m0.008s
 
VEC_MAT
 
178.7929000000001 178.8030000000001 201.2149000000001 201.2250000000001

real	0m0.280s
user	0m0.280s
sys	0m0.000s
 
992.6821000000002 992.6922000000003 1117.3464 1117.3565

real	0m0.172s
user	0m0.172s
sys	0m0.000s
 
390.3932 390.4204 450.7772000000001 450.8044

real	0m0.780s
user	0m0.780s
sys	0m0.000s
 
2166.9797 2167.0069 2502.7093 2502.7365

real	0m0.437s
user	0m0.437s
sys	0m0.000s
 
157975690.7399002 164380665.8450001

real	0m0.230s
user	0m0.230s
sys	0m0.000s
 
27065907086.64726 28163538210.734

real	0m0.255s
user	0m0.251s
sys	0m0.004s
 
128614163.4402999 133441028.6953997 138267893.9505

real	0m0.210s
user	0m0.210s
sys	0m0.000s
 
17202407856.50187 17848340807.38918 18494273758.27599

real	0m0.217s
user	0m0.217s
sys	0m0.000s
 
2.2266 2.2836 2.3406 2.397600000000001

real	0m0.157s
user	0m0.157s
sys	0m0.000s
 
73.52180000000001 74.6944 86.4204 87.59300000000002

real	0m0.617s
user	0m0.613s
sys	0m0.004s
 
609.1862 615.0844000000001 774.3358000000001 780.2340000000002

real	0m0.777s
user	0m0.777s
sys	0m0.000s
 
31020069.53999998 31057579.07999998 45948866.45999996 45986376.00000001

real	0m0.893s
user	0m0.893s
sys	0m0.000s
 
3948765877.809497 3955170852.914604 5863853434.234404 5870258409.339499

real	0m0.765s
user	0m0.765s
sys	0m0.000s
 
629070346650.9426 630167977775.031 934211799147.1235 935309430271.2021

real	0m0.619s
user	0m0.611s
sys	0m0.008s
 
72549439.0166 72565446.85879999 108086848.7006 108102856.5428001

real	0m0.738s
user	0m0.731s
sys	0m0.008s
 
324096005.6180002 324108897.3359997 483218480.892 483231372.6099998

real	0m0.813s
user	0m0.805s
sys	0m0.008s
 
10829665.1294 10829701.4254 15310551.5134 15310587.8094

real	0m0.774s
user	0m0.773s
sys	0m0.000s
 
107135690886248 108233331157370.3 147748380917728.1 148846021188851.3

real	0m0.394s
user	0m0.386s
sys	0m0.008s
 
MAT_VEC
 
178.7929000000001 178.8030000000001 201.2149000000001 201.2250000000001

real	0m0.261s
user	0m0.261s
sys	0m0.000s
 
992.6821000000002 992.6922000000003 1117.3464 1117.3565

real	0m0.165s
user	0m0.165s
sys	0m0.000s
 
390.3932 390.4204 450.7772000000001 450.8044

real	0m0.458s
user	0m0.458s
sys	0m0.000s
 
2166.9797 2167.0069 2502.7093 2502.7365

real	0m0.291s
user	0m0.287s
sys	0m0.004s
 
157975690.7399002 164380665.8450001

real	0m0.230s
user	0m0.230s
sys	0m0.000s
 
27065907086.64726 28163538210.734

real	0m0.255s
user	0m0.255s
sys	0m0.000s
 
128614163.4402999 133441028.6953997 138267893.9505

real	0m0.209s
user	0m0.205s
sys	0m0.004s
 
17202407856.50187 17848340807.38918 18494273758.27599

real	0m0.216s
user	0m0.216s
sys	0m0.000s
 
2.2266 2.2836 2.3406 2.397600000000001

real	0m0.093s
user	0m0.093s
sys	0m0.000s
 
73.52180000000001 74.6944 86.4204 87.59300000000002

real	0m0.407s
user	0m0.407s
sys	0m0.000s
 
609.1862 615.0844000000001 774.3358000000001 780.2340000000002

real	0m0.483s
user	0m0.483s
sys	0m0.000s
 
31020069.53999998 31057579.07999998 45948866.45999996 45986376.00000001

real	0m0.702s
user	0m0.702s
sys	0m0.000s
 
3948765877.809497 3955170852.914604 5863853434.234404 5870258409.339499

real	0m0.694s
user	0m0.690s
sys	0m0.004s
 
629070346650.9426 630167977775.031 934211799147.1235 935309430271.2021

real	0m0.740s
user	0m0.736s
sys	0m0.004s
 
72549439.0166 72565446.85879999 108086848.7006 108102856.5428001

real	0m0.579s
user	0m0.579s
sys	0m0.000s
 
324096005.6180002 324108897.3359997 483218480.892 483231372.6099998

real	0m0.509s
user	0m0.505s
sys	0m0.004s
 
10829665.1294 10829701.4254 15310551.5134 15310587.8094

real	0m0.358s
user	0m0.346s
sys	0m0.012s
 
107135690886248 108233331157370.3 147748380917728.1 148846021188851.3

real	0m0.444s
user	0m0.432s
sys	0m0.012s
 
OUTER
 
101.277 104.346 110.4774 113.8252

real	0m0.665s
user	0m0.665s
sys	0m0.000s
 
96.84840000000001 99.04950000000002 108.045 110.446

real	0m0.671s
user	0m0.671s
sys	0m0.000s
 
94.13800000000002 95.84960000000002 106.419 108.286

real	0m0.691s
user	0m0.690s
sys	0m0.000s
 
14.5684 14.5728 16.60140000000001 16.606

real	0m0.327s
user	0m0.327s
sys	0m0.000s
 
10.164 10.2025 11.913 11.9548

real	0m0.290s
user	0m0.290s
sys	0m0.000s
 
955.9242 956.3004 1135.8438 1136.254

real	0m0.379s
user	0m0.379s
sys	0m0.000s
 
86477.05440000001 86480.57660000001 102897.9582 102901.8004

real	0m0.431s
user	0m0.422s
sys	0m0.008s
 
27312.9912 27313.3443 32486.685 32487.07

real	0m0.202s
user	0m0.202s
sys	0m0.000s
 
MAT_MAT
 
8054296.570499997 8377212.617400005 11041896.78059999 11521723.02599998

real	0m0.454s
user	0m0.454s
sys	0m0.000s
 
67005585.50399998 69693523.28640002 92209626.6390001 96222702.65399998

real	0m0.586s
user	0m0.582s
sys	0m0.004s
 
56602.02200000002 58658.48450000003 83130.86099999996 86296.01680000003

real	0m0.405s
user	0m0.405s
sys	0m0.000s
 
297546749.5919997 308581623.7314994 440770097.583 457946307.1219999

real	0m0.405s
user	0m0.405s
sys	0m0.000s
 
8054296.570499997 8144829.910200007 11426434.83180001 11521723.02599998

real	0m0.283s
user	0m0.283s
sys	0m0.000s
 
67005585.50399998 67746880.83150004 95442432.67260008 96222702.65399998

real	0m0.365s
user	0m0.365s
sys	0m0.000s
 
56602.02200000002 56765.4044 86117.12820000002 86296.01680000003

real	0m0.218s
user	0m0.218s
sys	0m0.000s
 
297546749.5919997 299613096.1240003 455678605.3310006 457946307.1219999

real	0m0.235s
user	0m0.235s
sys	0m0.000s
 
301.3441 301.7106 379.168 379.5840000000001

real	0m0.699s
user	0m0.695s
sys	0m0.004s
 
45022.4809 45027.16379999999 57025.89409999999 57031.226

real	0m0.656s
user	0m0.652s
sys	0m0.004s
 
79343.34260000002 79353.49420000002 105856.4262 105868.395

real	0m0.465s
user	0m0.457s
sys	0m0.008s
 
77470.43699999999 77485.73999999999 107948.34 107966.91

real	0m0.341s
user	0m0.341s
sys	0m0.000s
 
109.241 111.7864 142.1856 145.251

real	0m0.389s
user	0m0.385s
sys	0m0.004s
 
1739639.1343 1765026.6362 3156552.835599999 3194056.931000001

real	0m0.577s
user	0m0.577s
sys	0m0.000s
 
40128631.98950006 40455680.77900002 81101463.51099998 81608296.35000008

real	0m0.440s
user	0m0.440s
sys	0m0.000s
 
185145.8628 186726.9552 353878.6176 356259.936

real	0m0.586s
user	0m0.585s
sys	0m0.000s
 
5650057.303000003 5674398.905999999 11835110.684 11873364.25000001

real	0m0.511s
user	0m0.511s
sys	0m0.000s
 
3539227257.462 3543179262.324003 8019509498.519998 8025995052.400001

real	0m0.182s
user	0m0.178s
sys	0m0.004s
 
66219776245.92168 66260257446.05717 151986883006.3699 152053753059.55

real	0m0.213s
user	0m0.212s
sys	0m0.000s
 
166212294937.3991 166288626284.498 382568140639.0098 382694366833.2999

real	0m0.203s
user	0m0.195s
sys	0m0.008s
 
608720333715.4655 608956501509.1871 1405127495482.165 1405518727998.903

real	0m0.395s
user	0m0.379s
sys	0m0.016s
 
TRANS1
 
8054296.570499997 8377212.617400005 11041896.78059999 11521723.02599998

real	0m0.461s
user	0m0.461s
sys	0m0.000s
 
67005585.50399998 69693523.28640002 92209626.6390001 96222702.65399998

real	0m0.598s
user	0m0.598s
sys	0m0.000s
 
56602.02200000002 58658.48450000003 83130.86099999996 86296.01680000003

real	0m0.400s
user	0m0.400s
sys	0m0.000s
 
297546749.5919997 308581623.7314994 440770097.583 457946307.1219999

real	0m0.462s
user	0m0.462s
sys	0m0.000s
 
8054296.570499997 8144829.910200007 11426434.83180001 11521723.02599998

real	0m0.305s
user	0m0.301s
sys	0m0.004s
 
67005585.50399998 67746880.83150004 95442432.67260008 96222702.65399998

real	0m0.379s
user	0m0.379s
sys	0m0.000s
 
56602.02200000002 56765.4044 86117.12820000002 86296.01680000003

real	0m0.307s
user	0m0.303s
sys	0m0.004s
 
297546749.5919997 299613096.1240003 455678605.3310006 457946307.1219999

real	0m0.370s
user	0m0.370s
sys	0m0.000s
 
301.3441 301.7106 379.168 379.5840000000001

real	0m0.299s
user	0m0.299s
sys	0m0.000s
 
45022.4809 45027.16379999999 57025.89409999999 57031.226

real	0m0.298s
user	0m0.290s
sys	0m0.008s
 
79343.34260000002 79353.49420000002 105856.4262 105868.395

real	0m0.396s
user	0m0.396s
sys	0m0.000s
 
77470.43699999999 77485.73999999999 107948.34 107966.91

real	0m0.254s
user	0m0.254s
sys	0m0.000s
 
109.241 111.7864 142.1856 145.251

real	0m0.411s
user	0m0.411s
sys	0m0.000s
 
1739639.1343 1765026.6362 3156552.835599999 3194056.931000001

real	0m0.617s
user	0m0.617s
sys	0m0.000s
 
40128631.98950006 40455680.77900002 81101463.51099998 81608296.35000008

real	0m0.420s
user	0m0.420s
sys	0m0.000s
 
185145.8628 186726.9552 353878.6176 356259.936

real	0m0.673s
user	0m0.673s
sys	0m0.000s
 
5650057.303000003 5674398.905999999 11835110.684 11873364.25000001

real	0m0.521s
user	0m0.521s
sys	0m0.000s
 
3539227257.462 3543179262.324003 8019509498.519998 8025995052.400001

real	0m0.207s
user	0m0.207s
sys	0m0.000s
 
66219776245.92168 66260257446.05717 151986883006.3699 152053753059.55

real	0m0.222s
user	0m0.222s
sys	0m0.000s
 
166212294937.3991 166288626284.498 382568140639.0098 382694366833.2999

real	0m0.218s
user	0m0.210s
sys	0m0.008s
 
608720333715.4655 608956501509.1871 1405127495482.165 1405518727998.903

real	0m0.431s
user	0m0.427s
sys	0m0.004s
 
1512441.733 1524415.266 2968657.650000001 2986772.5

real	0m0.327s
user	0m0.327s
sys	0m0.000s
 
608720333715.4655 608956501509.1871 1405127495482.165 1405518727998.903

real	0m0.226s
user	0m0.222s
sys	0m0.004s
 
TRANS2
 
8054296.570499997 8377212.617400005 11041896.78059999 11521723.02599998

real	0m0.469s
user	0m0.469s
sys	0m0.000s
 
67005585.50399998 69693523.28640002 92209626.6390001 96222702.65399998

real	0m0.682s
user	0m0.682s
sys	0m0.000s
 
56602.02200000002 58658.48450000003 83130.86099999996 86296.01680000003

real	0m0.415s
user	0m0.415s
sys	0m0.000s
 
297546749.5919997 308581623.7314994 440770097.583 457946307.1219999

real	0m0.574s
user	0m0.574s
sys	0m0.000s
 
8054296.570499997 8144829.910200007 11426434.83180001 11521723.02599998

real	0m0.272s
user	0m0.272s
sys	0m0.000s
 
67005585.50399998 67746880.83150004 95442432.67260008 96222702.65399998

real	0m0.333s
user	0m0.333s
sys	0m0.000s
 
56602.02200000002 56765.4044 86117.12820000002 86296.01680000003

real	0m0.212s
user	0m0.208s
sys	0m0.004s
 
297546749.5919997 299613096.1240003 455678605.3310006 457946307.1219999

real	0m0.232s
user	0m0.227s
sys	0m0.004s
 
301.3441 301.7106 379.168 379.5840000000001

real	0m0.692s
user	0m0.692s
sys	0m0.000s
 
45022.4809 45027.16379999999 57025.89409999999 57031.226

real	0m0.572s
user	0m0.568s
sys	0m0.004s
 
79343.34260000002 79353.49420000002 105856.4262 105868.395

real	0m0.414s
user	0m0.410s
sys	0m0.004s
 
77470.43699999999 77485.73999999999 107948.34 107966.91

real	0m0.292s
user	0m0.288s
sys	0m0.004s
 
109.241 111.7864 142.1856 145.251

real	0m0.347s
user	0m0.347s
sys	0m0.000s
 
1739639.1343 1765026.6362 3156552.835599999 3194056.931000001

real	0m0.557s
user	0m0.557s
sys	0m0.000s
 
40128631.98950006 40455680.77900002 81101463.51099998 81608296.35000008

real	0m0.460s
user	0m0.459s
sys	0m0.000s
 
185145.8628 186726.9552 353878.6176 356259.936

real	0m0.571s
user	0m0.571s
sys	0m0.000s
 
5650057.303000003 5674398.905999999 11835110.684 11873364.25000001

real	0m0.508s
user	0m0.508s
sys	0m0.000s
 
3539227257.462 3543179262.324003 8019509498.519998 8025995052.400001

real	0m0.184s
user	0m0.184s
sys	0m0.000s
 
66219776245.92168 66260257446.05717 151986883006.3699 152053753059.55

real	0m0.215s
user	0m0.211s
sys	0m0.004s
 
166212294937.3991 166288626284.498 382568140639.0098 382694366833.2999

real	0m0.212s
user	0m0.204s
sys	0m0.008s
 
608720333715.4655 608956501509.1871 1405127495482.165 1405518727998.903

real	0m0.415s
user	0m0.403s
sys	0m0.012s
 
1512441.733 1524415.266 2968657.650000001 2986772.5

real	0m0.338s
user	0m0.334s
sys	0m0.004s
 
608720333715.4655 608956501509.1871 1405127495482.165 1405518727998.903

real	0m0.215s
user	0m0.207s
sys	0m0.008s
 
TRANS12
 
8054296.570499997 8377212.617400005 11041896.78059999 11521723.02599998

real	0m0.286s
user	0m0.286s
sys	0m0.000s
 
67005585.50399998 69693523.28640002 92209626.6390001 96222702.65399998

real	0m0.353s
user	0m0.353s
sys	0m0.000s
 
56602.02200000002 58658.48450000003 83130.86099999996 86296.01680000003

real	0m0.245s
user	0m0.241s
sys	0m0.004s
 
297546749.5919997 308581623.7314994 440770097.583 457946307.1219999

real	0m0.225s
user	0m0.225s
sys	0m0.000s
 
8054296.570499997 8144829.910200007 11426434.83180001 11521723.02599998

real	0m0.453s
user	0m0.453s
sys	0m0.000s
 
67005585.50399998 67746880.83150004 95442432.67260008 96222702.65399998

real	0m0.586s
user	0m0.586s
sys	0m0.000s
 
56602.02200000002 56765.4044 86117.12820000002 86296.01680000003

real	0m0.422s
user	0m0.421s
sys	0m0.000s
 
297546749.5919997 299613096.1240003 455678605.3310006 457946307.1219999

real	0m0.432s
user	0m0.432s
sys	0m0.000s
 
301.3441 301.7106 379.168 379.5840000000001

real	0m1.197s
user	0m1.197s
sys	0m0.000s
 
45022.4809 45027.16379999999 57025.89409999999 57031.226

real	0m0.977s
user	0m0.976s
sys	0m0.000s
 
79343.34260000002 79353.49420000002 105856.4262 105868.395

real	0m0.691s
user	0m0.691s
sys	0m0.000s
 
77470.43699999999 77485.73999999999 107948.34 107966.91

real	0m0.536s
user	0m0.536s
sys	0m0.000s
 
109.241 111.7864 142.1856 145.251

real	0m0.461s
user	0m0.461s
sys	0m0.000s
 
1739639.1343 1765026.6362 3156552.835599999 3194056.931000001

real	0m0.548s
user	0m0.548s
sys	0m0.000s
 
40128631.98950006 40455680.77900002 81101463.51099998 81608296.35000008

real	0m0.420s
user	0m0.415s
sys	0m0.004s
 
185145.8628 186726.9552 353878.6176 356259.936

real	0m0.614s
user	0m0.614s
sys	0m0.000s
 
5650057.303000003 5674398.905999999 11835110.684 11873364.25000001

real	0m0.530s
user	0m0.530s
sys	0m0.000s
 
3539227257.462 3543179262.324003 8019509498.519998 8025995052.400001

real	0m0.205s
user	0m0.205s
sys	0m0.000s
 
66219776245.92168 66260257446.05717 151986883006.3699 152053753059.55

real	0m0.253s
user	0m0.249s
sys	0m0.004s
 
166212294937.3991 166288626284.498 382568140639.0098 382694366833.2999

real	0m0.230s
user	0m0.223s
sys	0m0.008s
 
608720333715.4655 608956501509.1871 1405127495482.165 1405518727998.903

real	0m0.456s
user	0m0.444s
sys	0m0.012s
 
SPECIAL
 
0.04840000000000001

real	0m0.186s
user	0m0.186s
sys	0m0.000s
 
0.04840000000000001

real	0m0.184s
user	0m0.184s
sys	0m0.000s
 
0.04840000000000001

real	0m0.109s
user	0m0.109s
sys	0m0.000s
 
53.79660000000001 53.79880000000001 58.68060000000001 58.68280000000001

real	0m0.537s
user	0m0.537s
sys	0m0.000s
 
53.79660000000001 53.79880000000001 58.68060000000001 58.68280000000001

real	0m0.545s
user	0m0.545s
sys	0m0.000s
 
9698907.663399996

real	0m0.451s
user	0m0.451s
sys	0m0.000s
 
9698907.663399996

real	0m0.452s
user	0m0.452s
sys	0m0.000s
 
0.04840000000000001

real	0m0.217s
user	0m0.217s
sys	0m0.000s
 
53.79660000000001 53.79880000000001 58.68060000000001 58.68280000000001

real	0m0.554s
user	0m0.554s
sys	0m0.000s
 
53.79660000000001 53.79880000000001 58.68060000000001 58.68280000000001

real	0m0.557s
user	0m0.557s
sys	0m0.000s
 
9698907.663399996

real	0m0.456s
user	0m0.456s
sys	0m0.000s
 
3948765877.809497 3955170852.914604 5863853434.234404 5870258409.339499

real	0m0.463s
user	0m0.463s
sys	0m0.000s
 
3948765877.809497 3955170852.914604 5863853434.234404 5870258409.339499

real	0m0.556s
user	0m0.556s
sys	0m0.000s
 
0.04840000000000001

real	0m0.251s
user	0m0.251s
sys	0m0.000s
 
53.79660000000001 53.79880000000001 58.68060000000001 58.68280000000001

real	0m0.553s
user	0m0.553s
sys	0m0.000s
 
53.79660000000001 53.79880000000001 58.68060000000001 58.68280000000001

real	0m0.551s
user	0m0.551s
sys	0m0.000s
 
9698907.663399996

real	0m0.455s
user	0m0.455s
sys	0m0.000s
 
3948765877.809497 3955170852.914604 5863853434.234404 5870258409.339499

real	0m0.559s
user	0m0.555s
sys	0m0.004s
 
3948765877.809497 3955170852.914604 5863853434.234404 5870258409.339499

real	0m0.559s
user	0m0.559s
sys	0m0.000s
 
0.04840000000000001

real	0m0.226s
user	0m0.226s
sys	0m0.000s
 
53.79660000000001 53.79880000000001 58.68060000000001 58.68280000000001

real	0m0.554s
user	0m0.554s
sys	0m0.000s
 
53.79660000000001 53.79880000000001 58.68060000000001 58.68280000000001

real	0m0.560s
user	0m0.560s
sys	0m0.000s
 
9698907.663399996

real	0m0.457s
user	0m0.457s
sys	0m0.000s
 
3948765877.809497 3955170852.914604 5863853434.234404 5870258409.339499

real	0m0.468s
user	0m0.464s
sys	0m0.004s
 
3948765877.809497 3955170852.914604 5863853434.234404 5870258409.339499

real	0m0.462s
user	0m0.458s
sys	0m0.004s
 
0.04840000000000001

real	0m0.341s
user	0m0.341s
sys	0m0.000s
 
53.79660000000001 53.79880000000001 58.68060000000001 58.68280000000001

real	0m0.551s
user	0m0.551s
sys	0m0.000s
 
53.79660000000001 53.79880000000001 58.68060000000001 58.68280000000001

real	0m0.568s
user	0m0.568s
sys	0m0.000s
 
9698907.663399996

real	0m0.460s
user	0m0.460s
sys	0m0.000s
 
3948765877.809497 3955170852.914604 5863853434.234404 5870258409.339499

real	0m0.559s
user	0m0.559s
sys	0m0.000s
 
3948765877.809497 3955170852.914604 5863853434.234404 5870258409.339499

real	0m0.460s
user	0m0.460s
sys	0m0.000s
 
3037.1121 3037.6632 3611.409 3612.01

real	0m0.301s
user	0m0.301s
sys	0m0.000s
 
3037.1121 3037.6632 3611.409 3612.01

real	0m0.301s
user	0m0.301s
sys	0m0.000s
 
3037.1121 3037.6632 3611.409 3612.01

real	0m0.301s
user	0m0.301s
sys	0m0.000s
 
3037.1121 3037.6632 3611.409 3612.01

real	0m0.301s
user	0m0.297s
sys	0m0.004s
 
SEQUENCE
 
37624.35618 38872.44188 52954.76458 54712.31628

real	0m0.257s
user	0m0.257s
sys	0m0.000s
 
4350478614.186048 4405620767.888449 7321622135.843186 7393481577.214199

real	0m0.283s
user	0m0.283s
sys	0m0.000s
 
48832437279.8918 49241016265.74157 88512227219.28583 89040617812.03206

real	0m1.177s
user	0m1.177s
sys	0m0.000s
 
18696443068.18007 18840087100.15867 37617583432.7108 37823564976.3486

real	0m0.269s
user	0m0.268s
sys	0m0.000s
 
4.901614166865179e+18 4.912723296455448e+18 1.084442578747924e+19 1.086100449795465e+19

real	0m0.191s
user	0m0.187s
sys	0m0.004s
 
1.647418946230568e+16 1.649160037624473e+16 3.768465979697054e+16 3.771108024027194e+16

real	0m0.254s
user	0m0.254s
sys	0m0.000s
 
4.48881116501821e+17 4.490640601531962e+17 1.03730934601686e+18 1.03758774958278e+18

real	0m0.186s
user	0m0.182s
sys	0m0.004s
 
4.48881116501821e+17 4.490640601531962e+17 1.03730934601686e+18 1.03758774958278e+18

real	0m0.387s
user	0m0.379s
sys	0m0.008s
 
4.48881116501821e+17 4.490640601531962e+17 1.03730934601686e+18 1.03758774958278e+18

real	0m0.400s
user	0m0.392s
sys	0m0.008s
 
8.382424294553979e+29 8.385850640122295e+29 1.937388035390321e+30 1.93790724339292e+30

real	0m0.212s
user	0m0.204s
sys	0m0.008s
 
8.382424294553979e+29 8.385850640122295e+29 1.937388035390321e+30 1.93790724339292e+30

real	0m0.233s
user	0m0.225s
sys	0m0.008s
 
8.382424294553979e+29 8.385850640122295e+29 1.937388035390321e+30 1.93790724339292e+30

real	0m0.237s
user	0m0.226s
sys	0m0.012s
 
8.382424294553979e+29 8.385850640122295e+29 1.937388035390321e+30 1.93790724339292e+30

real	0m0.239s
user	0m0.235s
sys	0m0.004s
 
8.382424294553979e+29 8.385850640122295e+29 1.937388035390321e+30 1.93790724339292e+30

real	0m0.224s
user	0m0.220s
sys	0m0.004s
 
8.382424294553979e+29 8.385850640122295e+29 1.937388035390321e+30 1.93790724339292e+30

real	0m0.223s
user	0m0.211s
sys	0m0.012s
 
374124590164.9393 378323909405.297 483306890414.2386 487506209654.5964

real	0m0.287s
user	0m0.287s
sys	0m0.000s
 
8003498375443.188 8040830216224.574 11400695886549.59 11438027727330.98

real	0m0.271s
user	0m0.271s
sys	0m0.000s
 
467292080353.7709 473215316635.7608 603526514839.5372 609449751121.5272

real	0m0.252s
user	0m0.252s
sys	0m0.000s
 
22856685758006.32 23032721850853.32 32186598678896.97 32362634771743.98

real	0m0.285s
user	0m0.285s
sys	0m0.000s
