 
SCALAR_VEC
 
0.5808000000000001 0.5830000000000002 0.6270000000000002 0.6292000000000002

real	0m0.187s
user	0m0.187s
sys	0m0.000s
 
46.0284 46.03060000000001 50.20620000000001 50.2084

real	0m0.177s
user	0m0.177s
sys	0m0.000s
 
29876.5456 29876.5478 32592.58860000001 32592.59080000001

real	0m0.185s
user	0m0.177s
sys	0m0.008s
 
VEC_VEC
 
174.0387

real	0m0.441s
user	0m0.441s
sys	0m0.000s
 
9698907.663399996

real	0m0.445s
user	0m0.445s
sys	0m0.000s
 
24900423491.09201

real	0m0.634s
user	0m0.634s
sys	0m0.000s
 
24900741320632.71

real	0m0.638s
user	0m0.634s
sys	0m0.004s
 
2.490083360868967e+16

real	0m0.703s
user	0m0.699s
sys	0m0.004s
 
VEC_MAT
 
178.7929000000001 178.8030000000001 201.2149000000001 201.2250000000001

real	0m0.265s
user	0m0.265s
sys	0m0.000s
 
992.6821000000002 992.6922000000003 1117.3464 1117.3565

real	0m0.152s
user	0m0.152s
sys	0m0.000s
 
390.3932 390.4204 450.7772000000001 450.8044

real	0m0.778s
user	0m0.778s
sys	0m0.000s
 
2166.9797 2167.0069 2502.7093 2502.7365

real	0m0.437s
user	0m0.437s
sys	0m0.000s
 
157975690.7399002 164380665.8450001

real	0m0.230s
user	0m0.230s
sys	0m0.000s
 
27065907086.64726 28163538210.734

real	0m0.256s
user	0m0.256s
sys	0m0.000s
 
128614163.4402999 133441028.6953997 138267893.9505

real	0m0.210s
user	0m0.210s
sys	0m0.000s
 
17202407856.50187 17848340807.38918 18494273758.27599

real	0m0.214s
user	0m0.214s
sys	0m0.000s
 
2.2266 2.2836 2.3406 2.397600000000001

real	0m0.158s
user	0m0.158s
sys	0m0.000s
 
73.52180000000001 74.6944 86.4204 87.59300000000002

real	0m0.636s
user	0m0.636s
sys	0m0.000s
 
609.1862 615.0844000000001 774.3358000000001 780.2340000000002

real	0m0.775s
user	0m0.775s
sys	0m0.000s
 
31020069.53999998 31057579.07999998 45948866.45999996 45986376.00000001

real	0m0.866s
user	0m0.862s
sys	0m0.004s
 
3948765877.809497 3955170852.914604 5863853434.234404 5870258409.339499

real	0m0.744s
user	0m0.744s
sys	0m0.000s
 
629070346650.9426 630167977775.031 934211799147.1235 935309430271.2021

real	0m0.575s
user	0m0.567s
sys	0m0.008s
 
72549439.0166 72565446.85879999 108086848.7006 108102856.5428001

real	0m0.771s
user	0m0.767s
sys	0m0.004s
 
324096005.6180002 324108897.3359997 483218480.892 483231372.6099998

real	0m0.809s
user	0m0.801s
sys	0m0.008s
 
10829665.1294 10829701.4254 15310551.5134 15310587.8094

real	0m0.591s
user	0m0.579s
sys	0m0.012s
 
107135690886248 108233331157370.3 147748380917728.1 148846021188851.3

real	0m0.390s
user	0m0.386s
sys	0m0.004s
 
MAT_VEC
 
178.7929000000001 178.8030000000001 201.2149000000001 201.2250000000001

real	0m0.172s
user	0m0.168s
sys	0m0.004s
 
992.6821000000002 992.6922000000003 1117.3464 1117.3565

real	0m0.135s
user	0m0.131s
sys	0m0.004s
 
390.3932 390.4204 450.7772000000001 450.8044

real	0m0.337s
user	0m0.337s
sys	0m0.000s
 
2166.9797 2167.0069 2502.7093 2502.7365

real	0m0.234s
user	0m0.230s
sys	0m0.004s
 
157975690.7399002 164380665.8450001

real	0m0.229s
user	0m0.229s
sys	0m0.000s
 
27065907086.64726 28163538210.734

real	0m0.255s
user	0m0.251s
sys	0m0.004s
 
128614163.4402999 133441028.6953997 138267893.9505

real	0m0.209s
user	0m0.209s
sys	0m0.000s
 
17202407856.50187 17848340807.38918 18494273758.27599

real	0m0.214s
user	0m0.214s
sys	0m0.000s
 
2.2266 2.2836 2.3406 2.397600000000001

real	0m0.094s
user	0m0.094s
sys	0m0.000s
 
73.52180000000001 74.6944 86.4204 87.59300000000002

real	0m0.323s
user	0m0.323s
sys	0m0.000s
 
609.1862 615.0844000000001 774.3358000000001 780.2340000000002

real	0m0.371s
user	0m0.371s
sys	0m0.000s
 
31020069.53999998 31057579.07999998 45948866.45999996 45986376.00000001

real	0m0.507s
user	0m0.507s
sys	0m0.000s
 
3948765877.809497 3955170852.914604 5863853434.234404 5870258409.339499

real	0m0.477s
user	0m0.477s
sys	0m0.000s
 
629070346650.9426 630167977775.031 934211799147.1235 935309430271.2021

real	0m0.680s
user	0m0.676s
sys	0m0.004s
 
72549439.0166 72565446.85879999 108086848.7006 108102856.5428001

real	0m0.432s
user	0m0.428s
sys	0m0.004s
 
324096005.6180002 324108897.3359997 483218480.892 483231372.6099998

real	0m0.499s
user	0m0.495s
sys	0m0.004s
 
10829665.1294 10829701.4254 15310551.5134 15310587.8094

real	0m0.372s
user	0m0.364s
sys	0m0.008s
 
107135690886248 108233331157370.3 147748380917728.1 148846021188851.3

real	0m0.411s
user	0m0.399s
sys	0m0.012s
 
OUTER
 
101.277 104.346 110.4774 113.8252

real	0m0.591s
user	0m0.591s
sys	0m0.000s
 
96.84840000000001 99.04950000000002 108.045 110.446

real	0m0.475s
user	0m0.475s
sys	0m0.000s
 
94.13800000000002 95.84960000000002 106.419 108.286

real	0m1.207s
user	0m1.207s
sys	0m0.000s
 
14.5684 14.5728 16.60140000000001 16.606

real	0m0.267s
user	0m0.267s
sys	0m0.000s
 
10.164 10.2025 11.913 11.9548

real	0m0.280s
user	0m0.280s
sys	0m0.000s
 
955.9242 956.3004 1135.8438 1136.254

real	0m0.312s
user	0m0.312s
sys	0m0.000s
 
86477.05440000001 86480.57660000001 102897.9582 102901.8004

real	0m0.431s
user	0m0.411s
sys	0m0.020s
 
27312.9912 27313.3443 32486.685 32487.07

real	0m0.201s
user	0m0.197s
sys	0m0.004s
 
MAT_MAT
 
8054296.570499997 8377212.617400005 11041896.78059999 11521723.02599998

real	0m0.462s
user	0m0.462s
sys	0m0.000s
 
67005585.50399998 69693523.28640002 92209626.6390001 96222702.65399998

real	0m0.593s
user	0m0.593s
sys	0m0.000s
 
56602.02200000002 58658.48450000003 83130.86099999996 86296.01680000003

real	0m0.519s
user	0m0.515s
sys	0m0.004s
 
297546749.5919997 308581623.7314994 440770097.583 457946307.1219999

real	0m0.507s
user	0m0.507s
sys	0m0.000s
 
8054296.570499997 8144829.910200007 11426434.83180001 11521723.02599998

real	0m0.477s
user	0m0.477s
sys	0m0.000s
 
67005585.50399998 67746880.83150004 95442432.67260008 96222702.65399998

real	0m0.604s
user	0m0.604s
sys	0m0.000s
 
56602.02200000002 56765.4044 86117.12820000002 86296.01680000003

real	0m0.364s
user	0m0.364s
sys	0m0.000s
 
297546749.5919997 299613096.1240003 455678605.3310006 457946307.1219999

real	0m0.380s
user	0m0.380s
sys	0m0.000s
 
301.3441 301.7106 379.168 379.5840000000001

real	0m0.698s
user	0m0.698s
sys	0m0.000s
 
45022.4809 45027.16379999999 57025.89409999999 57031.226

real	0m0.573s
user	0m0.569s
sys	0m0.004s
 
79343.34260000002 79353.49420000002 105856.4262 105868.395

real	0m0.509s
user	0m0.509s
sys	0m0.000s
 
77470.43699999999 77485.73999999999 107948.34 107966.91

real	0m0.366s
user	0m0.362s
sys	0m0.004s
 
109.241 111.7864 142.1856 145.251

real	0m0.560s
user	0m0.560s
sys	0m0.000s
 
1739639.1343 1765026.6362 3156552.835599999 3194056.931000001

real	0m0.947s
user	0m0.946s
sys	0m0.000s
 
40128631.98950006 40455680.77900002 81101463.51099998 81608296.35000008

real	0m0.734s
user	0m0.734s
sys	0m0.000s
 
185145.8628 186726.9552 353878.6176 356259.936

real	0m1.055s
user	0m1.055s
sys	0m0.000s
 
5650057.303000003 5674398.905999999 11835110.684 11873364.25000001

real	0m0.913s
user	0m0.913s
sys	0m0.000s
 
3539227257.462 3543179262.324003 8019509498.519998 8025995052.400001

real	0m0.322s
user	0m0.318s
sys	0m0.004s
 
66219776245.92168 66260257446.05717 151986883006.3699 152053753059.55

real	0m0.377s
user	0m0.373s
sys	0m0.004s
 
166212294937.3991 166288626284.498 382568140639.0098 382694366833.2999

real	0m0.344s
user	0m0.340s
sys	0m0.004s
 
608720333715.4655 608956501509.1871 1405127495482.165 1405518727998.903

real	0m0.691s
user	0m0.679s
sys	0m0.012s
 
TRANS1
 
8054296.570499997 8377212.617400005 11041896.78059999 11521723.02599998

real	0m0.466s
user	0m0.466s
sys	0m0.000s
 
67005585.50399998 69693523.28640002 92209626.6390001 96222702.65399998

real	0m0.604s
user	0m0.604s
sys	0m0.000s
 
56602.02200000002 58658.48450000003 83130.86099999996 86296.01680000003

real	0m0.428s
user	0m0.428s
sys	0m0.000s
 
297546749.5919997 308581623.7314994 440770097.583 457946307.1219999

real	0m0.466s
user	0m0.462s
sys	0m0.004s
 
8054296.570499997 8144829.910200007 11426434.83180001 11521723.02599998

real	0m0.379s
user	0m0.379s
sys	0m0.000s
 
67005585.50399998 67746880.83150004 95442432.67260008 96222702.65399998

real	0m0.475s
user	0m0.475s
sys	0m0.000s
 
56602.02200000002 56765.4044 86117.12820000002 86296.01680000003

real	0m0.352s
user	0m0.348s
sys	0m0.004s
 
297546749.5919997 299613096.1240003 455678605.3310006 457946307.1219999

real	0m0.414s
user	0m0.414s
sys	0m0.000s
 
301.3441 301.7106 379.168 379.5840000000001

real	0m0.275s
user	0m0.275s
sys	0m0.000s
 
45022.4809 45027.16379999999 57025.89409999999 57031.226

real	0m0.291s
user	0m0.287s
sys	0m0.004s
 
79343.34260000002 79353.49420000002 105856.4262 105868.395

real	0m0.397s
user	0m0.397s
sys	0m0.000s
 
77470.43699999999 77485.73999999999 107948.34 107966.91

real	0m0.335s
user	0m0.335s
sys	0m0.000s
 
109.241 111.7864 142.1856 145.251

real	0m0.462s
user	0m0.461s
sys	0m0.000s
 
1739639.1343 1765026.6362 3156552.835599999 3194056.931000001

real	0m0.760s
user	0m0.760s
sys	0m0.000s
 
40128631.98950006 40455680.77900002 81101463.51099998 81608296.35000008

real	0m0.557s
user	0m0.556s
sys	0m0.000s
 
185145.8628 186726.9552 353878.6176 356259.936

real	0m0.854s
user	0m0.854s
sys	0m0.000s
 
5650057.303000003 5674398.905999999 11835110.684 11873364.25000001

real	0m0.706s
user	0m0.706s
sys	0m0.000s
 
3539227257.462 3543179262.324003 8019509498.519998 8025995052.400001

real	0m0.255s
user	0m0.250s
sys	0m0.004s
 
66219776245.92168 66260257446.05717 151986883006.3699 152053753059.55

real	0m0.297s
user	0m0.297s
sys	0m0.000s
 
166212294937.3991 166288626284.498 382568140639.0098 382694366833.2999

real	0m0.268s
user	0m0.268s
sys	0m0.000s
 
608720333715.4655 608956501509.1871 1405127495482.165 1405518727998.903

real	0m0.556s
user	0m0.543s
sys	0m0.012s
 
1512441.733 1524415.266 2968657.650000001 2986772.5

real	0m0.425s
user	0m0.425s
sys	0m0.000s
 
608720333715.4655 608956501509.1871 1405127495482.165 1405518727998.903

real	0m0.289s
user	0m0.289s
sys	0m0.000s
 
TRANS2
 
8054296.570499997 8377212.617400005 11041896.78059999 11521723.02599998

real	0m0.532s
user	0m0.532s
sys	0m0.000s
 
67005585.50399998 69693523.28640002 92209626.6390001 96222702.65399998

real	0m0.929s
user	0m0.929s
sys	0m0.000s
 
56602.02200000002 58658.48450000003 83130.86099999996 86296.01680000003

real	0m0.493s
user	0m0.493s
sys	0m0.000s
 
297546749.5919997 308581623.7314994 440770097.583 457946307.1219999

real	0m0.774s
user	0m0.774s
sys	0m0.000s
 
8054296.570499997 8144829.910200007 11426434.83180001 11521723.02599998

real	0m0.488s
user	0m0.484s
sys	0m0.004s
 
67005585.50399998 67746880.83150004 95442432.67260008 96222702.65399998

real	0m0.604s
user	0m0.600s
sys	0m0.004s
 
56602.02200000002 56765.4044 86117.12820000002 86296.01680000003

real	0m0.359s
user	0m0.359s
sys	0m0.000s
 
297546749.5919997 299613096.1240003 455678605.3310006 457946307.1219999

real	0m0.380s
user	0m0.380s
sys	0m0.000s
 
301.3441 301.7106 379.168 379.5840000000001

real	0m0.659s
user	0m0.659s
sys	0m0.000s
 
45022.4809 45027.16379999999 57025.89409999999 57031.226

real	0m0.598s
user	0m0.598s
sys	0m0.000s
 
79343.34260000002 79353.49420000002 105856.4262 105868.395

real	0m0.412s
user	0m0.408s
sys	0m0.004s
 
77470.43699999999 77485.73999999999 107948.34 107966.91

real	0m0.380s
user	0m0.379s
sys	0m0.000s
 
109.241 111.7864 142.1856 145.251

real	0m0.525s
user	0m0.524s
sys	0m0.000s
 
1739639.1343 1765026.6362 3156552.835599999 3194056.931000001

real	0m0.964s
user	0m0.964s
sys	0m0.000s
 
40128631.98950006 40455680.77900002 81101463.51099998 81608296.35000008

real	0m0.782s
user	0m0.782s
sys	0m0.000s
 
185145.8628 186726.9552 353878.6176 356259.936

real	0m1.059s
user	0m1.059s
sys	0m0.000s
 
5650057.303000003 5674398.905999999 11835110.684 11873364.25000001

real	0m0.933s
user	0m0.932s
sys	0m0.000s
 
3539227257.462 3543179262.324003 8019509498.519998 8025995052.400001

real	0m0.327s
user	0m0.323s
sys	0m0.004s
 
66219776245.92168 66260257446.05717 151986883006.3699 152053753059.55

real	0m0.383s
user	0m0.375s
sys	0m0.008s
 
166212294937.3991 166288626284.498 382568140639.0098 382694366833.2999

real	0m0.352s
user	0m0.344s
sys	0m0.008s
 
608720333715.4655 608956501509.1871 1405127495482.165 1405518727998.903

real	0m0.711s
user	0m0.698s
sys	0m0.012s
 
1512441.733 1524415.266 2968657.650000001 2986772.5

real	0m0.571s
user	0m0.570s
sys	0m0.000s
 
608720333715.4655 608956501509.1871 1405127495482.165 1405518727998.903

real	0m0.366s
user	0m0.362s
sys	0m0.004s
 
TRANS12
 
8054296.570499997 8377212.617400005 11041896.78059999 11521723.02599998

real	0m0.481s
user	0m0.481s
sys	0m0.000s
 
67005585.50399998 69693523.28640002 92209626.6390001 96222702.65399998

real	0m0.606s
user	0m0.606s
sys	0m0.000s
 
56602.02200000002 58658.48450000003 83130.86099999996 86296.01680000003

real	0m0.378s
user	0m0.378s
sys	0m0.000s
 
297546749.5919997 308581623.7314994 440770097.583 457946307.1219999

real	0m0.382s
user	0m0.382s
sys	0m0.000s
 
8054296.570499997 8144829.910200007 11426434.83180001 11521723.02599998

real	0m0.462s
user	0m0.462s
sys	0m0.000s
 
67005585.50399998 67746880.83150004 95442432.67260008 96222702.65399998

real	0m0.593s
user	0m0.593s
sys	0m0.000s
 
56602.02200000002 56765.4044 86117.12820000002 86296.01680000003

real	0m0.535s
user	0m0.535s
sys	0m0.000s
 
297546749.5919997 299613096.1240003 455678605.3310006 457946307.1219999

real	0m0.501s
user	0m0.501s
sys	0m0.000s
 
301.3441 301.7106 379.168 379.5840000000001

real	0m1.085s
user	0m1.085s
sys	0m0.000s
 
45022.4809 45027.16379999999 57025.89409999999 57031.226

real	0m0.955s
user	0m0.947s
sys	0m0.008s
 
79343.34260000002 79353.49420000002 105856.4262 105868.395

real	0m0.740s
user	0m0.732s
sys	0m0.008s
 
77470.43699999999 77485.73999999999 107948.34 107966.91

real	0m0.616s
user	0m0.616s
sys	0m0.000s
 
109.241 111.7864 142.1856 145.251

real	0m0.588s
user	0m0.588s
sys	0m0.000s
 
1739639.1343 1765026.6362 3156552.835599999 3194056.931000001

real	0m0.942s
user	0m0.942s
sys	0m0.000s
 
40128631.98950006 40455680.77900002 81101463.51099998 81608296.35000008

real	0m0.740s
user	0m0.740s
sys	0m0.000s
 
185145.8628 186726.9552 353878.6176 356259.936

real	0m1.151s
user	0m1.150s
sys	0m0.000s
 
5650057.303000003 5674398.905999999 11835110.684 11873364.25000001

real	0m0.929s
user	0m0.929s
sys	0m0.000s
 
3539227257.462 3543179262.324003 8019509498.519998 8025995052.400001

real	0m0.349s
user	0m0.349s
sys	0m0.000s
 
66219776245.92168 66260257446.05717 151986883006.3699 152053753059.55

real	0m0.417s
user	0m0.413s
sys	0m0.004s
 
166212294937.3991 166288626284.498 382568140639.0098 382694366833.2999

real	0m0.375s
user	0m0.367s
sys	0m0.008s
 
608720333715.4655 608956501509.1871 1405127495482.165 1405518727998.903

real	0m0.763s
user	0m0.759s
sys	0m0.004s
 
SPECIAL
 
0.04840000000000001

real	0m0.178s
user	0m0.178s
sys	0m0.000s
 
0.04840000000000001

real	0m0.187s
user	0m0.187s
sys	0m0.000s
 
0.04840000000000001

real	0m0.109s
user	0m0.109s
sys	0m0.000s
 
53.79660000000001 53.79880000000001 58.68060000000001 58.68280000000001

real	0m0.515s
user	0m0.514s
sys	0m0.000s
 
53.79660000000001 53.79880000000001 58.68060000000001 58.68280000000001

real	0m0.608s
user	0m0.608s
sys	0m0.000s
 
9698907.663399996

real	0m0.451s
user	0m0.451s
sys	0m0.000s
 
9698907.663399996

real	0m0.450s
user	0m0.450s
sys	0m0.000s
 
0.04840000000000001

real	0m0.247s
user	0m0.247s
sys	0m0.000s
 
53.79660000000001 53.79880000000001 58.68060000000001 58.68280000000001

real	0m0.560s
user	0m0.560s
sys	0m0.000s
 
53.79660000000001 53.79880000000001 58.68060000000001 58.68280000000001

real	0m0.636s
user	0m0.636s
sys	0m0.000s
 
9698907.663399996

real	0m0.457s
user	0m0.457s
sys	0m0.000s
 
3948765877.809497 3955170852.914604 5863853434.234404 5870258409.339499

real	0m0.342s
user	0m0.342s
sys	0m0.000s
 
3948765877.809497 3955170852.914604 5863853434.234404 5870258409.339499

real	0m0.559s
user	0m0.559s
sys	0m0.000s
 
0.04840000000000001

real	0m0.295s
user	0m0.295s
sys	0m0.000s
 
53.79660000000001 53.79880000000001 58.68060000000001 58.68280000000001

real	0m0.557s
user	0m0.557s
sys	0m0.000s
 
53.79660000000001 53.79880000000001 58.68060000000001 58.68280000000001

real	0m0.617s
user	0m0.617s
sys	0m0.000s
 
9698907.663399996

real	0m0.457s
user	0m0.457s
sys	0m0.000s
 
3948765877.809497 3955170852.914604 5863853434.234404 5870258409.339499

real	0m0.560s
user	0m0.560s
sys	0m0.000s
 
3948765877.809497 3955170852.914604 5863853434.234404 5870258409.339499

real	0m0.560s
user	0m0.560s
sys	0m0.000s
 
0.04840000000000001

real	0m0.257s
user	0m0.257s
sys	0m0.000s
 
53.79660000000001 53.79880000000001 58.68060000000001 58.68280000000001

real	0m0.580s
user	0m0.580s
sys	0m0.000s
 
53.79660000000001 53.79880000000001 58.68060000000001 58.68280000000001

real	0m0.621s
user	0m0.621s
sys	0m0.000s
 
9698907.663399996

real	0m0.458s
user	0m0.458s
sys	0m0.000s
 
3948765877.809497 3955170852.914604 5863853434.234404 5870258409.339499

real	0m0.327s
user	0m0.323s
sys	0m0.004s
 
3948765877.809497 3955170852.914604 5863853434.234404 5870258409.339499

real	0m0.331s
user	0m0.331s
sys	0m0.000s
 
0.04840000000000001

real	0m0.282s
user	0m0.282s
sys	0m0.000s
 
53.79660000000001 53.79880000000001 58.68060000000001 58.68280000000001

real	0m0.568s
user	0m0.568s
sys	0m0.000s
 
53.79660000000001 53.79880000000001 58.68060000000001 58.68280000000001

real	0m0.641s
user	0m0.641s
sys	0m0.000s
 
9698907.663399996

real	0m0.460s
user	0m0.459s
sys	0m0.000s
 
3948765877.809497 3955170852.914604 5863853434.234404 5870258409.339499

real	0m0.559s
user	0m0.555s
sys	0m0.004s
 
3948765877.809497 3955170852.914604 5863853434.234404 5870258409.339499

real	0m0.346s
user	0m0.346s
sys	0m0.000s
 
3037.1121 3037.6632 3611.409 3612.01

real	0m0.252s
user	0m0.252s
sys	0m0.000s
 
3037.1121 3037.6632 3611.409 3612.01

real	0m0.251s
user	0m0.251s
sys	0m0.000s
 
3037.1121 3037.6632 3611.409 3612.01

real	0m0.251s
user	0m0.251s
sys	0m0.000s
 
3037.1121 3037.6632 3611.409 3612.01

real	0m0.252s
user	0m0.252s
sys	0m0.000s
 
SEQUENCE
 
37624.35618 38872.44188 52954.76458 54712.31628

real	0m0.343s
user	0m0.343s
sys	0m0.000s
 
4350478614.186048 4405620767.888449 7321622135.843186 7393481577.214199

real	0m0.519s
user	0m0.519s
sys	0m0.000s
 
48832437279.8918 49241016265.74157 88512227219.28583 89040617812.03206

real	0m1.884s
user	0m1.884s
sys	0m0.000s
 
18696443068.18007 18840087100.15867 37617583432.7108 37823564976.3486

real	0m0.486s
user	0m0.486s
sys	0m0.000s
 
4.901614166865179e+18 4.912723296455448e+18 1.084442578747924e+19 1.086100449795465e+19

real	0m0.351s
user	0m0.351s
sys	0m0.000s
 
1.647418946230568e+16 1.649160037624473e+16 3.768465979697054e+16 3.771108024027194e+16

real	0m0.469s
user	0m0.465s
sys	0m0.004s
 
4.48881116501821e+17 4.490640601531962e+17 1.03730934601686e+18 1.03758774958278e+18

real	0m0.327s
user	0m0.319s
sys	0m0.008s
 
4.48881116501821e+17 4.490640601531962e+17 1.03730934601686e+18 1.03758774958278e+18

real	0m0.560s
user	0m0.556s
sys	0m0.004s
 
4.48881116501821e+17 4.490640601531962e+17 1.03730934601686e+18 1.03758774958278e+18

real	0m0.514s
user	0m0.506s
sys	0m0.008s
 
8.382424294553979e+29 8.385850640122295e+29 1.937388035390321e+30 1.93790724339292e+30

real	0m0.370s
user	0m0.354s
sys	0m0.016s
 
8.382424294553979e+29 8.385850640122295e+29 1.937388035390321e+30 1.93790724339292e+30

real	0m0.309s
user	0m0.301s
sys	0m0.008s
 
8.382424294553979e+29 8.385850640122295e+29 1.937388035390321e+30 1.93790724339292e+30

real	0m0.301s
user	0m0.289s
sys	0m0.012s
 
8.382424294553979e+29 8.385850640122295e+29 1.937388035390321e+30 1.93790724339292e+30

real	0m0.315s
user	0m0.299s
sys	0m0.016s
 
8.382424294553979e+29 8.385850640122295e+29 1.937388035390321e+30 1.93790724339292e+30

real	0m0.290s
user	0m0.286s
sys	0m0.004s
 
8.382424294553979e+29 8.385850640122295e+29 1.937388035390321e+30 1.93790724339292e+30

real	0m0.283s
user	0m0.275s
sys	0m0.008s
 
374124590164.9393 378323909405.297 483306890414.2386 487506209654.5964

real	0m0.527s
user	0m0.527s
sys	0m0.000s
 
8003498375443.188 8040830216224.574 11400695886549.59 11438027727330.98

real	0m0.489s
user	0m0.489s
sys	0m0.000s
 
467292080353.7709 473215316635.7608 603526514839.5372 609449751121.5272

real	0m0.179s
user	0m0.179s
sys	0m0.000s
 
22856685758006.32 23032721850853.32 32186598678896.97 32362634771743.98

real	0m0.208s
user	0m0.208s
sys	0m0.000s
