 
SCALAR_VEC
 
0.5808000000000001 0.5830000000000002 0.6270000000000002 0.6292000000000002

real	0m0.450s
user	0m0.498s
sys	0m0.000s
 
46.0284 46.03060000000001 50.20620000000001 50.2084

real	0m0.163s
user	0m0.206s
sys	0m0.004s
 
29876.5456 29876.5478 32592.58860000001 32592.59080000001

real	0m0.158s
user	0m0.593s
sys	0m0.008s
 
VEC_VEC
 
174.0387

real	0m0.686s
user	0m0.740s
sys	0m0.000s
 
9698907.663399996

real	0m0.465s
user	0m0.512s
sys	0m0.000s
 
24900423491.09201

real	0m0.637s
user	0m0.684s
sys	0m0.000s
 
24900741320632.71

real	0m0.674s
user	0m2.691s
sys	0m0.000s
 
2.490083360868967e+16

real	0m0.715s
user	0m2.825s
sys	0m0.008s
 
VEC_MAT
 
178.7929000000001 178.8030000000001 201.2149000000001 201.2250000000001

real	0m0.199s
user	0m0.243s
sys	0m0.004s
 
992.6821000000002 992.6922000000003 1117.3464 1117.3565

real	0m0.096s
user	0m0.383s
sys	0m0.000s
 
390.3932 390.4204 450.7772000000001 450.8044

real	0m0.613s
user	0m0.660s
sys	0m0.000s
 
2166.9797 2167.0069 2502.7093 2502.7365

real	0m0.520s
user	0m2.077s
sys	0m0.000s
 
157975690.7399002 164380665.8450001

real	0m0.233s
user	0m0.281s
sys	0m0.000s
 
27065907086.64726 28163538210.734

real	0m0.281s
user	0m1.120s
sys	0m0.000s
 
128614163.4402999 133441028.6953997 138267893.9505

real	0m0.213s
user	0m0.260s
sys	0m0.000s
 
17202407856.50187 17848340807.38918 18494273758.27599

real	0m0.238s
user	0m0.948s
sys	0m0.000s
 
2.2266 2.2836 2.3406 2.397600000000001

real	0m0.229s
user	0m0.276s
sys	0m0.000s
 
73.52180000000001 74.6944 86.4204 87.59300000000002

real	0m0.488s
user	0m0.536s
sys	0m0.000s
 
609.1862 615.0844000000001 774.3358000000001 780.2340000000002

real	0m0.563s
user	0m0.606s
sys	0m0.004s
 
31020069.53999998 31057579.07999998 45948866.45999996 45986376.00000001

real	0m0.275s
user	0m1.097s
sys	0m0.000s
 
3948765877.809497 3955170852.914604 5863853434.234404 5870258409.339499

real	0m0.209s
user	0m0.826s
sys	0m0.004s
 
629070346650.9426 630167977775.031 934211799147.1235 935309430271.2021

real	0m0.387s
user	0m1.518s
sys	0m0.004s
 
72549439.0166 72565446.85879999 108086848.7006 108102856.5428001

real	0m0.236s
user	0m0.930s
sys	0m0.008s
 
324096005.6180002 324108897.3359997 483218480.892 483231372.6099998

real	0m0.349s
user	0m1.367s
sys	0m0.004s
 
10829665.1294 10829701.4254 15310551.5134 15310587.8094

real	0m0.317s
user	0m1.223s
sys	0m0.000s
 
107135690886248 108233331157370.3 147748380917728.1 148846021188851.3

real	0m0.262s
user	0m0.992s
sys	0m0.012s
 
MAT_VEC
 
178.7929000000001 178.8030000000001 201.2149000000001 201.2250000000001

real	0m0.169s
user	0m0.217s
sys	0m0.000s
 
992.6821000000002 992.6922000000003 1117.3464 1117.3565

real	0m0.096s
user	0m0.384s
sys	0m0.000s
 
390.3932 390.4204 450.7772000000001 450.8044

real	0m0.264s
user	0m0.311s
sys	0m0.000s
 
2166.9797 2167.0069 2502.7093 2502.7365

real	0m0.122s
user	0m0.486s
sys	0m0.000s
 
157975690.7399002 164380665.8450001

real	0m0.230s
user	0m0.278s
sys	0m0.000s
 
27065907086.64726 28163538210.734

real	0m0.280s
user	0m1.116s
sys	0m0.000s
 
128614163.4402999 133441028.6953997 138267893.9505

real	0m0.211s
user	0m0.259s
sys	0m0.000s
 
17202407856.50187 17848340807.38918 18494273758.27599

real	0m0.236s
user	0m0.944s
sys	0m0.000s
 
2.2266 2.2836 2.3406 2.397600000000001

real	0m0.140s
user	0m0.188s
sys	0m0.000s
 
73.52180000000001 74.6944 86.4204 87.59300000000002

real	0m0.397s
user	0m0.444s
sys	0m0.000s
 
609.1862 615.0844000000001 774.3358000000001 780.2340000000002

real	0m0.339s
user	0m0.386s
sys	0m0.000s
 
31020069.53999998 31057579.07999998 45948866.45999996 45986376.00000001

real	0m0.297s
user	0m1.185s
sys	0m0.000s
 
3948765877.809497 3955170852.914604 5863853434.234404 5870258409.339499

real	0m0.286s
user	0m1.134s
sys	0m0.004s
 
629070346650.9426 630167977775.031 934211799147.1235 935309430271.2021

real	0m0.495s
user	0m1.949s
sys	0m0.004s
 
72549439.0166 72565446.85879999 108086848.7006 108102856.5428001

real	0m0.144s
user	0m0.563s
sys	0m0.000s
 
324096005.6180002 324108897.3359997 483218480.892 483231372.6099998

real	0m0.376s
user	0m1.466s
sys	0m0.012s
 
10829665.1294 10829701.4254 15310551.5134 15310587.8094

real	0m0.308s
user	0m1.147s
sys	0m0.020s
 
107135690886248 108233331157370.3 147748380917728.1 148846021188851.3

real	0m0.349s
user	0m1.310s
sys	0m0.016s
 
OUTER
 
101.277 104.346 110.4774 113.8252

real	0m0.475s
user	0m0.541s
sys	0m0.000s
 
96.84840000000001 99.04950000000002 108.045 110.446

real	0m0.475s
user	0m0.522s
sys	0m0.000s
 
94.13800000000002 95.84960000000002 106.419 108.286

real	0m0.418s
user	0m0.466s
sys	0m0.000s
 
14.5684 14.5728 16.60140000000001 16.606

real	0m0.297s
user	0m0.341s
sys	0m0.004s
 
10.164 10.2025 11.913 11.9548

real	0m0.365s
user	0m0.413s
sys	0m0.000s
 
955.9242 956.3004 1135.8438 1136.254

real	0m0.438s
user	0m1.749s
sys	0m0.000s
 
86477.05440000001 86480.57660000001 102897.9582 102901.8004

real	0m0.397s
user	0m1.511s
sys	0m0.020s
 
27312.9912 27313.3443 32486.685 32487.07

real	0m0.173s
user	0m0.672s
sys	0m0.000s
 
MAT_MAT
 
8054296.570499997 8377212.617400005 11041896.78059999 11521723.02599998

real	0m0.214s
user	0m0.855s
sys	0m0.000s
 
67005585.50399998 69693523.28640002 92209626.6390001 96222702.65399998

real	0m0.247s
user	0m0.987s
sys	0m0.000s
 
56602.02200000002 58658.48450000003 83130.86099999996 86296.01680000003

real	0m0.247s
user	0m0.987s
sys	0m0.000s
 
297546749.5919997 308581623.7314994 440770097.583 457946307.1219999

real	0m0.139s
user	0m0.554s
sys	0m0.000s
 
8054296.570499997 8144829.910200007 11426434.83180001 11521723.02599998

real	0m0.239s
user	0m0.953s
sys	0m0.000s
 
67005585.50399998 67746880.83150004 95442432.67260008 96222702.65399998

real	0m0.306s
user	0m1.222s
sys	0m0.000s
 
56602.02200000002 56765.4044 86117.12820000002 86296.01680000003

real	0m0.156s
user	0m0.624s
sys	0m0.000s
 
297546749.5919997 299613096.1240003 455678605.3310006 457946307.1219999

real	0m0.174s
user	0m0.695s
sys	0m0.000s
 
301.3441 301.7106 379.168 379.5840000000001

real	0m0.767s
user	0m3.066s
sys	0m0.000s
 
45022.4809 45027.16379999999 57025.89409999999 57031.226

real	0m0.283s
user	0m1.096s
sys	0m0.020s
 
79343.34260000002 79353.49420000002 105856.4262 105868.395

real	0m0.183s
user	0m0.712s
sys	0m0.004s
 
77470.43699999999 77485.73999999999 107948.34 107966.91

real	0m0.078s
user	0m0.298s
sys	0m0.004s
 
109.241 111.7864 142.1856 145.251

real	0m0.392s
user	0m0.439s
sys	0m0.000s
 
1739639.1343 1765026.6362 3156552.835599999 3194056.931000001

real	0m0.171s
user	0m0.682s
sys	0m0.000s
 
40128631.98950006 40455680.77900002 81101463.51099998 81608296.35000008

real	0m0.095s
user	0m0.377s
sys	0m0.000s
 
185145.8628 186726.9552 353878.6176 356259.936

real	0m0.146s
user	0m0.583s
sys	0m0.000s
 
5650057.303000003 5674398.905999999 11835110.684 11873364.25000001

real	0m0.089s
user	0m0.355s
sys	0m0.000s
 
3539227257.462 3543179262.324003 8019509498.519998 8025995052.400001

real	0m0.033s
user	0m0.108s
sys	0m0.019s
 
66219776245.92168 66260257446.05717 151986883006.3699 152053753059.55

real	0m0.040s
user	0m0.135s
sys	0m0.004s
 
166212294937.3991 166288626284.498 382568140639.0098 382694366833.2999

real	0m0.043s
user	0m0.141s
sys	0m0.004s
 
608720333715.4655 608956501509.1871 1405127495482.165 1405518727998.903

real	0m0.086s
user	0m0.291s
sys	0m0.012s
 
TRANS1
 
8054296.570499997 8377212.617400005 11041896.78059999 11521723.02599998

real	0m0.224s
user	0m0.893s
sys	0m0.000s
 
67005585.50399998 69693523.28640002 92209626.6390001 96222702.65399998

real	0m0.257s
user	0m1.028s
sys	0m0.000s
 
56602.02200000002 58658.48450000003 83130.86099999996 86296.01680000003

real	0m0.236s
user	0m0.942s
sys	0m0.000s
 
297546749.5919997 308581623.7314994 440770097.583 457946307.1219999

real	0m0.152s
user	0m0.600s
sys	0m0.004s
 
8054296.570499997 8144829.910200007 11426434.83180001 11521723.02599998

real	0m0.295s
user	0m1.176s
sys	0m0.000s
 
67005585.50399998 67746880.83150004 95442432.67260008 96222702.65399998

real	0m0.374s
user	0m1.495s
sys	0m0.000s
 
56602.02200000002 56765.4044 86117.12820000002 86296.01680000003

real	0m0.340s
user	0m1.357s
sys	0m0.000s
 
297546749.5919997 299613096.1240003 455678605.3310006 457946307.1219999

real	0m0.378s
user	0m1.510s
sys	0m0.000s
 
301.3441 301.7106 379.168 379.5840000000001

real	0m0.443s
user	0m1.770s
sys	0m0.000s
 
45022.4809 45027.16379999999 57025.89409999999 57031.226

real	0m0.209s
user	0m0.818s
sys	0m0.004s
 
79343.34260000002 79353.49420000002 105856.4262 105868.395

real	0m0.132s
user	0m0.511s
sys	0m0.004s
 
77470.43699999999 77485.73999999999 107948.34 107966.91

real	0m0.076s
user	0m0.289s
sys	0m0.004s
 
109.241 111.7864 142.1856 145.251

real	0m0.397s
user	0m0.445s
sys	0m0.000s
 
1739639.1343 1765026.6362 3156552.835599999 3194056.931000001

real	0m0.205s
user	0m0.820s
sys	0m0.000s
 
40128631.98950006 40455680.77900002 81101463.51099998 81608296.35000008

real	0m0.122s
user	0m0.484s
sys	0m0.000s
 
185145.8628 186726.9552 353878.6176 356259.936

real	0m0.187s
user	0m0.744s
sys	0m0.000s
 
5650057.303000003 5674398.905999999 11835110.684 11873364.25000001

real	0m0.130s
user	0m0.518s
sys	0m0.000s
 
3539227257.462 3543179262.324003 8019509498.519998 8025995052.400001

real	0m0.046s
user	0m0.170s
sys	0m0.004s
 
66219776245.92168 66260257446.05717 151986883006.3699 152053753059.55

real	0m0.060s
user	0m0.212s
sys	0m0.004s
 
166212294937.3991 166288626284.498 382568140639.0098 382694366833.2999

real	0m0.054s
user	0m0.179s
sys	0m0.008s
 
608720333715.4655 608956501509.1871 1405127495482.165 1405518727998.903

real	0m0.113s
user	0m0.391s
sys	0m0.012s
 
1512441.733 1524415.266 2968657.650000001 2986772.5

real	0m0.121s
user	0m0.483s
sys	0m0.000s
 
608720333715.4655 608956501509.1871 1405127495482.165 1405518727998.903

real	0m0.061s
user	0m0.203s
sys	0m0.004s
 
TRANS2
 
8054296.570499997 8377212.617400005 11041896.78059999 11521723.02599998

real	0m0.217s
user	0m0.865s
sys	0m0.000s
 
67005585.50399998 69693523.28640002 92209626.6390001 96222702.65399998

real	0m0.301s
user	0m1.202s
sys	0m0.000s
 
56602.02200000002 58658.48450000003 83130.86099999996 86296.01680000003

real	0m0.252s
user	0m1.007s
sys	0m0.000s
 
297546749.5919997 308581623.7314994 440770097.583 457946307.1219999

real	0m0.207s
user	0m0.825s
sys	0m0.000s
 
8054296.570499997 8144829.910200007 11426434.83180001 11521723.02599998

real	0m0.206s
user	0m0.821s
sys	0m0.000s
 
67005585.50399998 67746880.83150004 95442432.67260008 96222702.65399998

real	0m0.275s
user	0m1.097s
sys	0m0.000s
 
56602.02200000002 56765.4044 86117.12820000002 86296.01680000003

real	0m0.154s
user	0m0.614s
sys	0m0.000s
 
297546749.5919997 299613096.1240003 455678605.3310006 457946307.1219999

real	0m0.162s
user	0m0.644s
sys	0m0.000s
 
301.3441 301.7106 379.168 379.5840000000001

real	0m0.750s
user	0m3.000s
sys	0m0.000s
 
45022.4809 45027.16379999999 57025.89409999999 57031.226

real	0m0.282s
user	0m1.108s
sys	0m0.004s
 
79343.34260000002 79353.49420000002 105856.4262 105868.395

real	0m0.180s
user	0m0.704s
sys	0m0.000s
 
77470.43699999999 77485.73999999999 107948.34 107966.91

real	0m0.078s
user	0m0.300s
sys	0m0.004s
 
109.241 111.7864 142.1856 145.251

real	0m0.355s
user	0m0.403s
sys	0m0.000s
 
1739639.1343 1765026.6362 3156552.835599999 3194056.931000001

real	0m0.157s
user	0m0.625s
sys	0m0.000s
 
40128631.98950006 40455680.77900002 81101463.51099998 81608296.35000008

real	0m0.096s
user	0m0.381s
sys	0m0.000s
 
185145.8628 186726.9552 353878.6176 356259.936

real	0m0.141s
user	0m0.559s
sys	0m0.004s
 
5650057.303000003 5674398.905999999 11835110.684 11873364.25000001

real	0m0.087s
user	0m0.346s
sys	0m0.000s
 
3539227257.462 3543179262.324003 8019509498.519998 8025995052.400001

real	0m0.034s
user	0m0.127s
sys	0m0.000s
 
66219776245.92168 66260257446.05717 151986883006.3699 152053753059.55

real	0m0.041s
user	0m0.133s
sys	0m0.008s
 
166212294937.3991 166288626284.498 382568140639.0098 382694366833.2999

real	0m0.047s
user	0m0.146s
sys	0m0.011s
 
608720333715.4655 608956501509.1871 1405127495482.165 1405518727998.903

real	0m0.091s
user	0m0.294s
sys	0m0.016s
 
1512441.733 1524415.266 2968657.650000001 2986772.5

real	0m0.111s
user	0m0.440s
sys	0m0.000s
 
608720333715.4655 608956501509.1871 1405127495482.165 1405518727998.903

real	0m0.052s
user	0m0.160s
sys	0m0.004s
 
TRANS12
 
8054296.570499997 8377212.617400005 11041896.78059999 11521723.02599998

real	0m0.170s
user	0m0.677s
sys	0m0.000s
 
67005585.50399998 69693523.28640002 92209626.6390001 96222702.65399998

real	0m0.193s
user	0m0.768s
sys	0m0.000s
 
56602.02200000002 58658.48450000003 83130.86099999996 86296.01680000003

real	0m0.108s
user	0m0.431s
sys	0m0.000s
 
297546749.5919997 308581623.7314994 440770097.583 457946307.1219999

real	0m0.099s
user	0m0.392s
sys	0m0.000s
 
8054296.570499997 8144829.910200007 11426434.83180001 11521723.02599998

real	0m0.500s
user	0m1.999s
sys	0m0.000s
 
67005585.50399998 67746880.83150004 95442432.67260008 96222702.65399998

real	0m0.634s
user	0m2.533s
sys	0m0.000s
 
56602.02200000002 56765.4044 86117.12820000002 86296.01680000003

real	0m0.480s
user	0m1.917s
sys	0m0.000s
 
297546749.5919997 299613096.1240003 455678605.3310006 457946307.1219999

real	0m0.442s
user	0m1.760s
sys	0m0.004s
 
301.3441 301.7106 379.168 379.5840000000001

real	0m0.956s
user	0m3.824s
sys	0m0.000s
 
45022.4809 45027.16379999999 57025.89409999999 57031.226

real	0m0.348s
user	0m1.375s
sys	0m0.004s
 
79343.34260000002 79353.49420000002 105856.4262 105868.395

real	0m0.228s
user	0m0.899s
sys	0m0.000s
 
77470.43699999999 77485.73999999999 107948.34 107966.91

real	0m0.133s
user	0m0.517s
sys	0m0.004s
 
109.241 111.7864 142.1856 145.251

real	0m0.408s
user	0m0.452s
sys	0m0.004s
 
1739639.1343 1765026.6362 3156552.835599999 3194056.931000001

real	0m0.197s
user	0m0.787s
sys	0m0.000s
 
40128631.98950006 40455680.77900002 81101463.51099998 81608296.35000008

real	0m0.126s
user	0m0.502s
sys	0m0.000s
 
185145.8628 186726.9552 353878.6176 356259.936

real	0m0.168s
user	0m0.670s
sys	0m0.000s
 
5650057.303000003 5674398.905999999 11835110.684 11873364.25000001

real	0m0.099s
user	0m0.391s
sys	0m0.004s
 
3539227257.462 3543179262.324003 8019509498.519998 8025995052.400001

real	0m0.040s
user	0m0.148s
sys	0m0.004s
 
66219776245.92168 66260257446.05717 151986883006.3699 152053753059.55

real	0m0.057s
user	0m0.202s
sys	0m0.000s
 
166212294937.3991 166288626284.498 382568140639.0098 382694366833.2999

real	0m0.061s
user	0m0.198s
sys	0m0.012s
 
608720333715.4655 608956501509.1871 1405127495482.165 1405518727998.903

real	0m0.152s
user	0m0.533s
sys	0m0.016s
 
SPECIAL
 
0.04840000000000001

real	0m0.382s
user	0m0.430s
sys	0m0.000s
 
0.04840000000000001

real	0m0.435s
user	0m0.482s
sys	0m0.000s
 
0.04840000000000001

real	0m0.326s
user	0m0.373s
sys	0m0.000s
 
53.79660000000001 53.79880000000001 58.68060000000001 58.68280000000001

real	0m0.416s
user	0m0.464s
sys	0m0.000s
 
53.79660000000001 53.79880000000001 58.68060000000001 58.68280000000001

real	0m0.522s
user	0m0.566s
sys	0m0.004s
 
9698907.663399996

real	0m0.464s
user	0m0.511s
sys	0m0.000s
 
9698907.663399996

real	0m0.468s
user	0m0.511s
sys	0m0.004s
 
0.04840000000000001

real	0m0.988s
user	0m1.035s
sys	0m0.000s
 
53.79660000000001 53.79880000000001 58.68060000000001 58.68280000000001

real	0m0.442s
user	0m0.489s
sys	0m0.000s
 
53.79660000000001 53.79880000000001 58.68060000000001 58.68280000000001

real	0m0.489s
user	0m0.536s
sys	0m0.000s
 
9698907.663399996

real	0m0.476s
user	0m0.523s
sys	0m0.000s
 
3948765877.809497 3955170852.914604 5863853434.234404 5870258409.339499

real	0m0.470s
user	0m1.875s
sys	0m0.000s
 
3948765877.809497 3955170852.914604 5863853434.234404 5870258409.339499

real	0m0.158s
user	0m0.623s
sys	0m0.004s
 
0.04840000000000001

real	0m0.853s
user	0m0.901s
sys	0m0.000s
 
53.79660000000001 53.79880000000001 58.68060000000001 58.68280000000001

real	0m0.430s
user	0m0.473s
sys	0m0.004s
 
53.79660000000001 53.79880000000001 58.68060000000001 58.68280000000001

real	0m0.470s
user	0m0.517s
sys	0m0.000s
 
9698907.663399996

real	0m0.471s
user	0m0.519s
sys	0m0.000s
 
3948765877.809497 3955170852.914604 5863853434.234404 5870258409.339499

real	0m0.568s
user	0m2.262s
sys	0m0.000s
 
3948765877.809497 3955170852.914604 5863853434.234404 5870258409.339499

real	0m0.158s
user	0m0.621s
sys	0m0.004s
 
0.04840000000000001

real	0m0.868s
user	0m0.911s
sys	0m0.004s
 
53.79660000000001 53.79880000000001 58.68060000000001 58.68280000000001

real	0m0.415s
user	0m0.463s
sys	0m0.000s
 
53.79660000000001 53.79880000000001 58.68060000000001 58.68280000000001

real	0m0.463s
user	0m0.511s
sys	0m0.000s
 
9698907.663399996

real	0m0.470s
user	0m0.518s
sys	0m0.000s
 
3948765877.809497 3955170852.914604 5863853434.234404 5870258409.339499

real	0m0.480s
user	0m1.913s
sys	0m0.000s
 
3948765877.809497 3955170852.914604 5863853434.234404 5870258409.339499

real	0m0.218s
user	0m0.864s
sys	0m0.000s
 
0.04840000000000001

real	0m0.880s
user	0m0.923s
sys	0m0.004s
 
53.79660000000001 53.79880000000001 58.68060000000001 58.68280000000001

real	0m0.414s
user	0m0.462s
sys	0m0.000s
 
53.79660000000001 53.79880000000001 58.68060000000001 58.68280000000001

real	0m0.521s
user	0m0.568s
sys	0m0.000s
 
9698907.663399996

real	0m0.471s
user	0m0.519s
sys	0m0.000s
 
3948765877.809497 3955170852.914604 5863853434.234404 5870258409.339499

real	0m0.570s
user	0m2.268s
sys	0m0.004s
 
3948765877.809497 3955170852.914604 5863853434.234404 5870258409.339499

real	0m0.219s
user	0m0.866s
sys	0m0.000s
 
3037.1121 3037.6632 3611.409 3612.01

real	0m0.153s
user	0m0.609s
sys	0m0.000s
 
3037.1121 3037.6632 3611.409 3612.01

real	0m0.154s
user	0m0.608s
sys	0m0.004s
 
3037.1121 3037.6632 3611.409 3612.01

real	0m0.153s
user	0m0.606s
sys	0m0.000s
 
3037.1121 3037.6632 3611.409 3612.01

real	0m0.149s
user	0m0.590s
sys	0m0.000s
 
SEQUENCE
 
37624.35618 38872.44188 52954.76458 54712.31628

real	0m0.150s
user	0m0.592s
sys	0m0.004s
 
4350478614.186048 4405620767.888449 7321622135.843186 7393481577.214199

real	0m0.136s
user	0m0.544s
sys	0m0.000s
 
48832437279.8918 49241016265.74157 88512227219.28583 89040617812.03206

real	0m0.214s
user	0m0.853s
sys	0m0.000s
 
18696443068.18007 18840087100.15867 37617583432.7108 37823564976.3486

real	0m0.059s
user	0m0.235s
sys	0m0.000s
 
4.901614166865179e+18 4.912723296455448e+18 1.084442578747924e+19 1.086100449795465e+19

real	0m0.036s
user	0m0.140s
sys	0m0.000s
 
1.647418946230568e+16 1.649160037624473e+16 3.768465979697054e+16 3.771108024027194e+16

real	0m0.053s
user	0m0.191s
sys	0m0.008s
 
4.48881116501821e+17 4.490640601531962e+17 1.03730934601686e+18 1.03758774958278e+18

real	0m0.043s
user	0m0.135s
sys	0m0.008s
 
4.48881116501821e+17 4.490640601531962e+17 1.03730934601686e+18 1.03758774958278e+18

real	0m0.094s
user	0m0.331s
sys	0m0.008s
 
4.48881116501821e+17 4.490640601531962e+17 1.03730934601686e+18 1.03758774958278e+18

real	0m0.102s
user	0m0.359s
sys	0m0.008s
 
8.382424294553979e+29 8.385850640122295e+29 1.937388035390321e+30 1.93790724339292e+30

real	0m0.049s
user	0m0.153s
sys	0m0.008s
 
8.382424294553979e+29 8.385850640122295e+29 1.937388035390321e+30 1.93790724339292e+30

real	0m0.064s
user	0m0.192s
sys	0m0.016s
 
8.382424294553979e+29 8.385850640122295e+29 1.937388035390321e+30 1.93790724339292e+30

real	0m0.065s
user	0m0.205s
sys	0m0.008s
 
8.382424294553979e+29 8.385850640122295e+29 1.937388035390321e+30 1.93790724339292e+30

real	0m0.065s
user	0m0.206s
sys	0m0.004s
 
8.382424294553979e+29 8.385850640122295e+29 1.937388035390321e+30 1.93790724339292e+30

real	0m0.061s
user	0m0.189s
sys	0m0.008s
 
8.382424294553979e+29 8.385850640122295e+29 1.937388035390321e+30 1.93790724339292e+30

real	0m0.061s
user	0m0.184s
sys	0m0.016s
 
374124590164.9393 378323909405.297 483306890414.2386 487506209654.5964

real	0m0.150s
user	0m0.599s
sys	0m0.000s
 
8003498375443.188 8040830216224.574 11400695886549.59 11438027727330.98

real	0m0.061s
user	0m0.238s
sys	0m0.004s
 
467292080353.7709 473215316635.7608 603526514839.5372 609449751121.5272

real	0m0.165s
user	0m0.213s
sys	0m0.000s
 
22856685758006.32 23032721850853.32 32186598678896.97 32362634771743.98

real	0m0.192s
user	0m0.239s
sys	0m0.000s
