 
SCALAR_VEC
 
0.5808000000000001 0.5830000000000002 0.6270000000000002 0.6292000000000002

real	0m10.869s
user	0m21.732s
sys	0m0.004s
 
46.0284 46.03060000000001 50.20620000000001 50.2084

real	0m0.432s
user	0m0.863s
sys	0m0.000s
 
29876.5456 29876.5478 32592.58860000001 32592.59080000001

real	0m0.159s
user	0m0.295s
sys	0m0.012s
 
VEC_VEC
 
174.0387

real	0m11.424s
user	0m22.847s
sys	0m0.000s
 
9698907.663399996

real	0m0.646s
user	0m1.292s
sys	0m0.000s
 
24900423491.09201

real	0m0.655s
user	0m1.309s
sys	0m0.000s
 
24900741320632.71

real	0m0.644s
user	0m1.286s
sys	0m0.000s
 
2.490083360868967e+16

real	0m0.698s
user	0m1.383s
sys	0m0.004s
 
VEC_MAT
 
178.7929000000001 178.8030000000001 201.2149000000001 201.2250000000001

real	0m0.304s
user	0m0.607s
sys	0m0.000s
 
992.6821000000002 992.6922000000003 1117.3464 1117.3565

real	0m0.077s
user	0m0.154s
sys	0m0.000s
 
390.3932 390.4204 450.7772000000001 450.8044

real	0m1.022s
user	0m2.044s
sys	0m0.000s
 
2166.9797 2167.0069 2502.7093 2502.7365

real	0m0.499s
user	0m0.998s
sys	0m0.000s
 
157975690.7399002 164380665.8450001

real	0m0.271s
user	0m0.537s
sys	0m0.004s
 
27065907086.64726 28163538210.734

real	0m0.265s
user	0m0.529s
sys	0m0.000s
 
128614163.4402999 133441028.6953997 138267893.9505

real	0m0.248s
user	0m0.495s
sys	0m0.000s
 
17202407856.50187 17848340807.38918 18494273758.27599

real	0m0.223s
user	0m0.446s
sys	0m0.000s
 
2.2266 2.2836 2.3406 2.397600000000001

real	0m3.744s
user	0m7.487s
sys	0m0.000s
 
73.52180000000001 74.6944 86.4204 87.59300000000002

real	0m4.020s
user	0m8.039s
sys	0m0.000s
 
609.1862 615.0844000000001 774.3358000000001 780.2340000000002

real	0m1.976s
user	0m3.952s
sys	0m0.000s
 
31020069.53999998 31057579.07999998 45948866.45999996 45986376.00000001

real	0m0.478s
user	0m0.955s
sys	0m0.000s
 
3948765877.809497 3955170852.914604 5863853434.234404 5870258409.339499

real	0m0.384s
user	0m0.767s
sys	0m0.000s
 
629070346650.9426 630167977775.031 934211799147.1235 935309430271.2021

real	0m0.440s
user	0m0.858s
sys	0m0.012s
 
72549439.0166 72565446.85879999 108086848.7006 108102856.5428001

real	0m0.432s
user	0m0.862s
sys	0m0.000s
 
324096005.6180002 324108897.3359997 483218480.892 483231372.6099998

real	0m0.452s
user	0m0.892s
sys	0m0.004s
 
10829665.1294 10829701.4254 15310551.5134 15310587.8094

real	0m0.460s
user	0m0.899s
sys	0m0.008s
 
107135690886248 108233331157370.3 147748380917728.1 148846021188851.3

real	0m0.299s
user	0m0.568s
sys	0m0.016s
 
MAT_VEC
 
178.7929000000001 178.8030000000001 201.2149000000001 201.2250000000001

real	0m0.275s
user	0m0.548s
sys	0m0.000s
 
992.6821000000002 992.6922000000003 1117.3464 1117.3565

real	0m0.079s
user	0m0.157s
sys	0m0.000s
 
390.3932 390.4204 450.7772000000001 450.8044

real	0m0.375s
user	0m0.749s
sys	0m0.000s
 
2166.9797 2167.0069 2502.7093 2502.7365

real	0m0.127s
user	0m0.253s
sys	0m0.000s
 
157975690.7399002 164380665.8450001

real	0m0.270s
user	0m0.539s
sys	0m0.000s
 
27065907086.64726 28163538210.734

real	0m0.264s
user	0m0.528s
sys	0m0.000s
 
128614163.4402999 133441028.6953997 138267893.9505

real	0m0.247s
user	0m0.494s
sys	0m0.000s
 
17202407856.50187 17848340807.38918 18494273758.27599

real	0m0.224s
user	0m0.446s
sys	0m0.000s
 
2.2266 2.2836 2.3406 2.397600000000001

real	0m3.552s
user	0m7.103s
sys	0m0.000s
 
73.52180000000001 74.6944 86.4204 87.59300000000002

real	0m3.968s
user	0m7.934s
sys	0m0.000s
 
609.1862 615.0844000000001 774.3358000000001 780.2340000000002

real	0m1.745s
user	0m3.488s
sys	0m0.000s
 
31020069.53999998 31057579.07999998 45948866.45999996 45986376.00000001

real	0m0.313s
user	0m0.626s
sys	0m0.000s
 
3948765877.809497 3955170852.914604 5863853434.234404 5870258409.339499

real	0m0.299s
user	0m0.592s
sys	0m0.004s
 
629070346650.9426 630167977775.031 934211799147.1235 935309430271.2021

real	0m0.514s
user	0m1.010s
sys	0m0.008s
 
72549439.0166 72565446.85879999 108086848.7006 108102856.5428001

real	0m0.219s
user	0m0.434s
sys	0m0.000s
 
324096005.6180002 324108897.3359997 483218480.892 483231372.6099998

real	0m0.379s
user	0m0.745s
sys	0m0.004s
 
10829665.1294 10829701.4254 15310551.5134 15310587.8094

real	0m0.300s
user	0m0.566s
sys	0m0.016s
 
107135690886248 108233331157370.3 147748380917728.1 148846021188851.3

real	0m0.391s
user	0m0.747s
sys	0m0.016s
 
OUTER
 
101.277 104.346 110.4774 113.8252

real	0m0.640s
user	0m1.279s
sys	0m0.000s
 
96.84840000000001 99.04950000000002 108.045 110.446

real	0m0.650s
user	0m1.299s
sys	0m0.000s
 
94.13800000000002 95.84960000000002 106.419 108.286

real	0m0.602s
user	0m1.204s
sys	0m0.000s
 
14.5684 14.5728 16.60140000000001 16.606

real	0m1.084s
user	0m2.168s
sys	0m0.000s
 
10.164 10.2025 11.913 11.9548

real	0m1.577s
user	0m3.153s
sys	0m0.000s
 
955.9242 956.3004 1135.8438 1136.254

real	0m0.291s
user	0m0.580s
sys	0m0.000s
 
86477.05440000001 86480.57660000001 102897.9582 102901.8004

real	0m0.398s
user	0m0.760s
sys	0m0.016s
 
27312.9912 27313.3443 32486.685 32487.07

real	0m0.172s
user	0m0.330s
sys	0m0.008s
 
MAT_MAT
 
8054296.570499997 8377212.617400005 11041896.78059999 11521723.02599998

real	0m0.275s
user	0m0.548s
sys	0m0.000s
 
67005585.50399998 69693523.28640002 92209626.6390001 96222702.65399998

real	0m0.350s
user	0m0.699s
sys	0m0.000s
 
56602.02200000002 58658.48450000003 83130.86099999996 86296.01680000003

real	0m0.283s
user	0m0.565s
sys	0m0.000s
 
297546749.5919997 308581623.7314994 440770097.583 457946307.1219999

real	0m0.238s
user	0m0.475s
sys	0m0.000s
 
8054296.570499997 8144829.910200007 11426434.83180001 11521723.02599998

real	0m0.208s
user	0m0.414s
sys	0m0.000s
 
67005585.50399998 67746880.83150004 95442432.67260008 96222702.65399998

real	0m0.288s
user	0m0.576s
sys	0m0.000s
 
56602.02200000002 56765.4044 86117.12820000002 86296.01680000003

real	0m0.142s
user	0m0.283s
sys	0m0.000s
 
297546749.5919997 299613096.1240003 455678605.3310006 457946307.1219999

real	0m0.162s
user	0m0.320s
sys	0m0.004s
 
301.3441 301.7106 379.168 379.5840000000001

real	0m0.487s
user	0m0.973s
sys	0m0.000s
 
45022.4809 45027.16379999999 57025.89409999999 57031.226

real	0m0.306s
user	0m0.603s
sys	0m0.004s
 
79343.34260000002 79353.49420000002 105856.4262 105868.395

real	0m0.199s
user	0m0.389s
sys	0m0.004s
 
77470.43699999999 77485.73999999999 107948.34 107966.91

real	0m0.144s
user	0m0.281s
sys	0m0.004s
 
109.241 111.7864 142.1856 145.251

real	0m1.120s
user	0m2.239s
sys	0m0.000s
 
1739639.1343 1765026.6362 3156552.835599999 3194056.931000001

real	0m0.256s
user	0m0.511s
sys	0m0.000s
 
40128631.98950006 40455680.77900002 81101463.51099998 81608296.35000008

real	0m0.166s
user	0m0.332s
sys	0m0.000s
 
185145.8628 186726.9552 353878.6176 356259.936

real	0m0.232s
user	0m0.464s
sys	0m0.000s
 
5650057.303000003 5674398.905999999 11835110.684 11873364.25000001

real	0m0.155s
user	0m0.309s
sys	0m0.000s
 
3539227257.462 3543179262.324003 8019509498.519998 8025995052.400001

real	0m0.061s
user	0m0.120s
sys	0m0.000s
 
66219776245.92168 66260257446.05717 151986883006.3699 152053753059.55

real	0m0.070s
user	0m0.134s
sys	0m0.000s
 
166212294937.3991 166288626284.498 382568140639.0098 382694366833.2999

real	0m0.075s
user	0m0.132s
sys	0m0.008s
 
608720333715.4655 608956501509.1871 1405127495482.165 1405518727998.903

real	0m0.153s
user	0m0.287s
sys	0m0.004s
 
TRANS1
 
8054296.570499997 8377212.617400005 11041896.78059999 11521723.02599998

real	0m0.292s
user	0m0.579s
sys	0m0.004s
 
67005585.50399998 69693523.28640002 92209626.6390001 96222702.65399998

real	0m0.361s
user	0m0.718s
sys	0m0.004s
 
56602.02200000002 58658.48450000003 83130.86099999996 86296.01680000003

real	0m0.271s
user	0m0.542s
sys	0m0.000s
 
297546749.5919997 308581623.7314994 440770097.583 457946307.1219999

real	0m0.260s
user	0m0.519s
sys	0m0.000s
 
8054296.570499997 8144829.910200007 11426434.83180001 11521723.02599998

real	0m0.290s
user	0m0.579s
sys	0m0.000s
 
67005585.50399998 67746880.83150004 95442432.67260008 96222702.65399998

real	0m0.351s
user	0m0.702s
sys	0m0.000s
 
56602.02200000002 56765.4044 86117.12820000002 86296.01680000003

real	0m0.316s
user	0m0.631s
sys	0m0.000s
 
297546749.5919997 299613096.1240003 455678605.3310006 457946307.1219999

real	0m0.362s
user	0m0.724s
sys	0m0.000s
 
301.3441 301.7106 379.168 379.5840000000001

real	0m0.224s
user	0m0.444s
sys	0m0.004s
 
45022.4809 45027.16379999999 57025.89409999999 57031.226

real	0m0.212s
user	0m0.411s
sys	0m0.008s
 
79343.34260000002 79353.49420000002 105856.4262 105868.395

real	0m0.165s
user	0m0.321s
sys	0m0.004s
 
77470.43699999999 77485.73999999999 107948.34 107966.91

real	0m0.141s
user	0m0.279s
sys	0m0.000s
 
109.241 111.7864 142.1856 145.251

real	0m1.094s
user	0m2.186s
sys	0m0.000s
 
1739639.1343 1765026.6362 3156552.835599999 3194056.931000001

real	0m0.316s
user	0m0.626s
sys	0m0.004s
 
40128631.98950006 40455680.77900002 81101463.51099998 81608296.35000008

real	0m0.214s
user	0m0.427s
sys	0m0.000s
 
185145.8628 186726.9552 353878.6176 356259.936

real	0m0.320s
user	0m0.639s
sys	0m0.000s
 
5650057.303000003 5674398.905999999 11835110.684 11873364.25000001

real	0m0.243s
user	0m0.486s
sys	0m0.000s
 
3539227257.462 3543179262.324003 8019509498.519998 8025995052.400001

real	0m0.089s
user	0m0.175s
sys	0m0.000s
 
66219776245.92168 66260257446.05717 151986883006.3699 152053753059.55

real	0m0.106s
user	0m0.201s
sys	0m0.004s
 
166212294937.3991 166288626284.498 382568140639.0098 382694366833.2999

real	0m0.099s
user	0m0.180s
sys	0m0.008s
 
608720333715.4655 608956501509.1871 1405127495482.165 1405518727998.903

real	0m0.198s
user	0m0.364s
sys	0m0.016s
 
1512441.733 1524415.266 2968657.650000001 2986772.5

real	0m0.211s
user	0m0.421s
sys	0m0.000s
 
608720333715.4655 608956501509.1871 1405127495482.165 1405518727998.903

real	0m0.104s
user	0m0.184s
sys	0m0.012s
 
TRANS2
 
8054296.570499997 8377212.617400005 11041896.78059999 11521723.02599998

real	0m0.289s
user	0m0.577s
sys	0m0.000s
 
67005585.50399998 69693523.28640002 92209626.6390001 96222702.65399998

real	0m0.406s
user	0m0.811s
sys	0m0.000s
 
56602.02200000002 58658.48450000003 83130.86099999996 86296.01680000003

real	0m0.293s
user	0m0.585s
sys	0m0.000s
 
297546749.5919997 308581623.7314994 440770097.583 457946307.1219999

real	0m0.350s
user	0m0.695s
sys	0m0.004s
 
8054296.570499997 8144829.910200007 11426434.83180001 11521723.02599998

real	0m0.194s
user	0m0.387s
sys	0m0.000s
 
67005585.50399998 67746880.83150004 95442432.67260008 96222702.65399998

real	0m0.253s
user	0m0.501s
sys	0m0.004s
 
56602.02200000002 56765.4044 86117.12820000002 86296.01680000003

real	0m0.135s
user	0m0.268s
sys	0m0.000s
 
297546749.5919997 299613096.1240003 455678605.3310006 457946307.1219999

real	0m0.155s
user	0m0.304s
sys	0m0.004s
 
301.3441 301.7106 379.168 379.5840000000001

real	0m0.484s
user	0m0.967s
sys	0m0.000s
 
45022.4809 45027.16379999999 57025.89409999999 57031.226

real	0m0.300s
user	0m0.596s
sys	0m0.000s
 
79343.34260000002 79353.49420000002 105856.4262 105868.395

real	0m0.200s
user	0m0.395s
sys	0m0.000s
 
77470.43699999999 77485.73999999999 107948.34 107966.91

real	0m0.149s
user	0m0.294s
sys	0m0.000s
 
109.241 111.7864 142.1856 145.251

real	0m1.089s
user	0m2.178s
sys	0m0.000s
 
1739639.1343 1765026.6362 3156552.835599999 3194056.931000001

real	0m0.237s
user	0m0.473s
sys	0m0.000s
 
40128631.98950006 40455680.77900002 81101463.51099998 81608296.35000008

real	0m0.172s
user	0m0.342s
sys	0m0.000s
 
185145.8628 186726.9552 353878.6176 356259.936

real	0m0.221s
user	0m0.441s
sys	0m0.000s
 
5650057.303000003 5674398.905999999 11835110.684 11873364.25000001

real	0m0.159s
user	0m0.318s
sys	0m0.000s
 
3539227257.462 3543179262.324003 8019509498.519998 8025995052.400001

real	0m0.061s
user	0m0.120s
sys	0m0.000s
 
66219776245.92168 66260257446.05717 151986883006.3699 152053753059.55

real	0m0.074s
user	0m0.138s
sys	0m0.004s
 
166212294937.3991 166288626284.498 382568140639.0098 382694366833.2999

real	0m0.075s
user	0m0.131s
sys	0m0.008s
 
608720333715.4655 608956501509.1871 1405127495482.165 1405518727998.903

real	0m0.160s
user	0m0.287s
sys	0m0.016s
 
1512441.733 1524415.266 2968657.650000001 2986772.5

real	0m0.167s
user	0m0.332s
sys	0m0.000s
 
608720333715.4655 608956501509.1871 1405127495482.165 1405518727998.903

real	0m0.087s
user	0m0.156s
sys	0m0.004s
 
TRANS12
 
8054296.570499997 8377212.617400005 11041896.78059999 11521723.02599998

real	0m0.161s
user	0m0.322s
sys	0m0.000s
 
67005585.50399998 69693523.28640002 92209626.6390001 96222702.65399998

real	0m0.223s
user	0m0.445s
sys	0m0.000s
 
56602.02200000002 58658.48450000003 83130.86099999996 86296.01680000003

real	0m0.105s
user	0m0.210s
sys	0m0.000s
 
297546749.5919997 308581623.7314994 440770097.583 457946307.1219999

real	0m0.121s
user	0m0.242s
sys	0m0.000s
 
8054296.570499997 8144829.910200007 11426434.83180001 11521723.02599998

real	0m0.476s
user	0m0.952s
sys	0m0.000s
 
67005585.50399998 67746880.83150004 95442432.67260008 96222702.65399998

real	0m0.614s
user	0m1.227s
sys	0m0.000s
 
56602.02200000002 56765.4044 86117.12820000002 86296.01680000003

real	0m0.446s
user	0m0.891s
sys	0m0.000s
 
297546749.5919997 299613096.1240003 455678605.3310006 457946307.1219999

real	0m0.421s
user	0m0.841s
sys	0m0.000s
 
301.3441 301.7106 379.168 379.5840000000001

real	0m0.615s
user	0m1.230s
sys	0m0.000s
 
45022.4809 45027.16379999999 57025.89409999999 57031.226

real	0m0.516s
user	0m1.022s
sys	0m0.004s
 
79343.34260000002 79353.49420000002 105856.4262 105868.395

real	0m0.340s
user	0m0.671s
sys	0m0.004s
 
77470.43699999999 77485.73999999999 107948.34 107966.91

real	0m0.253s
user	0m0.502s
sys	0m0.000s
 
109.241 111.7864 142.1856 145.251

real	0m1.135s
user	0m2.268s
sys	0m0.000s
 
1739639.1343 1765026.6362 3156552.835599999 3194056.931000001

real	0m0.268s
user	0m0.536s
sys	0m0.000s
 
40128631.98950006 40455680.77900002 81101463.51099998 81608296.35000008

real	0m0.197s
user	0m0.394s
sys	0m0.000s
 
185145.8628 186726.9552 353878.6176 356259.936

real	0m0.233s
user	0m0.465s
sys	0m0.000s
 
5650057.303000003 5674398.905999999 11835110.684 11873364.25000001

real	0m0.172s
user	0m0.340s
sys	0m0.004s
 
3539227257.462 3543179262.324003 8019509498.519998 8025995052.400001

real	0m0.073s
user	0m0.142s
sys	0m0.000s
 
66219776245.92168 66260257446.05717 151986883006.3699 152053753059.55

real	0m0.095s
user	0m0.182s
sys	0m0.000s
 
166212294937.3991 166288626284.498 382568140639.0098 382694366833.2999

real	0m0.097s
user	0m0.171s
sys	0m0.012s
 
608720333715.4655 608956501509.1871 1405127495482.165 1405518727998.903

real	0m0.198s
user	0m0.373s
sys	0m0.004s
 
SPECIAL
 
0.04840000000000001

real	0m11.107s
user	0m22.213s
sys	0m0.000s
 
0.04840000000000001

real	0m10.779s
user	0m21.553s
sys	0m0.004s
 
0.04840000000000001

real	0m11.132s
user	0m22.264s
sys	0m0.000s
 
53.79660000000001 53.79880000000001 58.68060000000001 58.68280000000001

real	0m0.805s
user	0m1.609s
sys	0m0.000s
 
53.79660000000001 53.79880000000001 58.68060000000001 58.68280000000001

real	0m0.907s
user	0m1.814s
sys	0m0.000s
 
9698907.663399996

real	0m0.649s
user	0m1.297s
sys	0m0.000s
 
9698907.663399996

real	0m0.647s
user	0m1.292s
sys	0m0.000s
 
0.04840000000000001

real	0m11.502s
user	0m23.003s
sys	0m0.000s
 
53.79660000000001 53.79880000000001 58.68060000000001 58.68280000000001

real	0m0.840s
user	0m1.680s
sys	0m0.000s
 
53.79660000000001 53.79880000000001 58.68060000000001 58.68280000000001

real	0m0.766s
user	0m1.531s
sys	0m0.000s
 
9698907.663399996

real	0m0.657s
user	0m1.314s
sys	0m0.000s
 
3948765877.809497 3955170852.914604 5863853434.234404 5870258409.339499

real	0m0.311s
user	0m0.620s
sys	0m0.000s
 
3948765877.809497 3955170852.914604 5863853434.234404 5870258409.339499

real	0m0.289s
user	0m0.572s
sys	0m0.004s
 
0.04840000000000001

real	0m11.614s
user	0m23.226s
sys	0m0.000s
 
53.79660000000001 53.79880000000001 58.68060000000001 58.68280000000001

real	0m0.843s
user	0m1.685s
sys	0m0.000s
 
53.79660000000001 53.79880000000001 58.68060000000001 58.68280000000001

real	0m0.746s
user	0m1.491s
sys	0m0.000s
 
9698907.663399996

real	0m0.648s
user	0m1.295s
sys	0m0.000s
 
3948765877.809497 3955170852.914604 5863853434.234404 5870258409.339499

real	0m0.542s
user	0m1.082s
sys	0m0.000s
 
3948765877.809497 3955170852.914604 5863853434.234404 5870258409.339499

real	0m0.289s
user	0m0.576s
sys	0m0.000s
 
0.04840000000000001

real	0m11.453s
user	0m22.905s
sys	0m0.000s
 
53.79660000000001 53.79880000000001 58.68060000000001 58.68280000000001

real	0m0.743s
user	0m1.481s
sys	0m0.004s
 
53.79660000000001 53.79880000000001 58.68060000000001 58.68280000000001

real	0m0.902s
user	0m1.803s
sys	0m0.000s
 
9698907.663399996

real	0m0.657s
user	0m1.313s
sys	0m0.000s
 
3948765877.809497 3955170852.914604 5863853434.234404 5870258409.339499

real	0m0.309s
user	0m0.616s
sys	0m0.000s
 
3948765877.809497 3955170852.914604 5863853434.234404 5870258409.339499

real	0m0.252s
user	0m0.497s
sys	0m0.004s
 
0.04840000000000001

real	0m11.587s
user	0m23.172s
sys	0m0.000s
 
53.79660000000001 53.79880000000001 58.68060000000001 58.68280000000001

real	0m0.805s
user	0m1.610s
sys	0m0.000s
 
53.79660000000001 53.79880000000001 58.68060000000001 58.68280000000001

real	0m0.692s
user	0m1.384s
sys	0m0.000s
 
9698907.663399996

real	0m0.655s
user	0m1.310s
sys	0m0.000s
 
3948765877.809497 3955170852.914604 5863853434.234404 5870258409.339499

real	0m0.537s
user	0m1.067s
sys	0m0.004s
 
3948765877.809497 3955170852.914604 5863853434.234404 5870258409.339499

real	0m0.251s
user	0m0.496s
sys	0m0.004s
 
3037.1121 3037.6632 3611.409 3612.01

real	0m0.175s
user	0m0.350s
sys	0m0.000s
 
3037.1121 3037.6632 3611.409 3612.01

real	0m0.174s
user	0m0.347s
sys	0m0.000s
 
3037.1121 3037.6632 3611.409 3612.01

real	0m0.176s
user	0m0.346s
sys	0m0.004s
 
3037.1121 3037.6632 3611.409 3612.01

real	0m0.161s
user	0m0.320s
sys	0m0.000s
 
SEQUENCE
 
37624.35618 38872.44188 52954.76458 54712.31628

real	0m0.175s
user	0m0.349s
sys	0m0.000s
 
4350478614.186048 4405620767.888449 7321622135.843186 7393481577.214199

real	0m0.153s
user	0m0.305s
sys	0m0.000s
 
48832437279.8918 49241016265.74157 88512227219.28583 89040617812.03206

real	0m0.381s
user	0m0.761s
sys	0m0.000s
 
18696443068.18007 18840087100.15867 37617583432.7108 37823564976.3486

real	0m0.110s
user	0m0.219s
sys	0m0.000s
 
4.901614166865179e+18 4.912723296455448e+18 1.084442578747924e+19 1.086100449795465e+19

real	0m0.067s
user	0m0.133s
sys	0m0.000s
 
1.647418946230568e+16 1.649160037624473e+16 3.768465979697054e+16 3.771108024027194e+16

real	0m0.101s
user	0m0.198s
sys	0m0.000s
 
4.48881116501821e+17 4.490640601531962e+17 1.03730934601686e+18 1.03758774958278e+18

real	0m0.079s
user	0m0.143s
sys	0m0.004s
 
4.48881116501821e+17 4.490640601531962e+17 1.03730934601686e+18 1.03758774958278e+18

real	0m0.166s
user	0m0.311s
sys	0m0.008s
 
4.48881116501821e+17 4.490640601531962e+17 1.03730934601686e+18 1.03758774958278e+18

real	0m0.181s
user	0m0.342s
sys	0m0.008s
 
8.382424294553979e+29 8.385850640122295e+29 1.937388035390321e+30 1.93790724339292e+30

real	0m0.083s
user	0m0.147s
sys	0m0.008s
 
8.382424294553979e+29 8.385850640122295e+29 1.937388035390321e+30 1.93790724339292e+30

real	0m0.107s
user	0m0.195s
sys	0m0.004s
 
8.382424294553979e+29 8.385850640122295e+29 1.937388035390321e+30 1.93790724339292e+30

real	0m0.113s
user	0m0.201s
sys	0m0.008s
 
8.382424294553979e+29 8.385850640122295e+29 1.937388035390321e+30 1.93790724339292e+30

real	0m0.109s
user	0m0.193s
sys	0m0.008s
 
8.382424294553979e+29 8.385850640122295e+29 1.937388035390321e+30 1.93790724339292e+30

real	0m0.102s
user	0m0.184s
sys	0m0.004s
 
8.382424294553979e+29 8.385850640122295e+29 1.937388035390321e+30 1.93790724339292e+30

real	0m0.118s
user	0m0.205s
sys	0m0.012s
 
374124590164.9393 378323909405.297 483306890414.2386 487506209654.5964

real	0m0.181s
user	0m0.361s
sys	0m0.000s
 
8003498375443.188 8040830216224.574 11400695886549.59 11438027727330.98

real	0m0.109s
user	0m0.214s
sys	0m0.004s
 
467292080353.7709 473215316635.7608 603526514839.5372 609449751121.5272

real	0m0.503s
user	0m1.006s
sys	0m0.000s
 
22856685758006.32 23032721850853.32 32186598678896.97 32362634771743.98

real	0m0.231s
user	0m0.462s
sys	0m0.000s
