 
SCALAR_VEC
 
0.5808000000000001 0.5830000000000002 0.6270000000000002 0.6292000000000002

real	0m10.921s
user	0m21.836s
sys	0m0.004s
 
46.0284 46.03060000000001 50.20620000000001 50.2084

real	0m0.401s
user	0m0.800s
sys	0m0.000s
 
29876.5456 29876.5478 32592.58860000001 32592.59080000001

real	0m0.159s
user	0m0.307s
sys	0m0.000s
 
VEC_VEC
 
174.0387

real	0m11.051s
user	0m22.100s
sys	0m0.000s
 
9698907.663399996

real	0m0.641s
user	0m1.281s
sys	0m0.000s
 
24900423491.09201

real	0m0.656s
user	0m1.311s
sys	0m0.000s
 
24900741320632.71

real	0m0.647s
user	0m1.292s
sys	0m0.000s
 
2.490083360868967e+16

real	0m0.697s
user	0m1.384s
sys	0m0.000s
 
VEC_MAT
 
178.7929000000001 178.8030000000001 201.2149000000001 201.2250000000001

real	0m0.401s
user	0m0.801s
sys	0m0.000s
 
992.6821000000002 992.6922000000003 1117.3464 1117.3565

real	0m0.100s
user	0m0.200s
sys	0m0.000s
 
390.3932 390.4204 450.7772000000001 450.8044

real	0m0.830s
user	0m1.660s
sys	0m0.000s
 
2166.9797 2167.0069 2502.7093 2502.7365

real	0m0.470s
user	0m0.938s
sys	0m0.000s
 
157975690.7399002 164380665.8450001

real	0m0.270s
user	0m0.539s
sys	0m0.000s
 
27065907086.64726 28163538210.734

real	0m0.267s
user	0m0.533s
sys	0m0.000s
 
128614163.4402999 133441028.6953997 138267893.9505

real	0m0.249s
user	0m0.498s
sys	0m0.000s
 
17202407856.50187 17848340807.38918 18494273758.27599

real	0m0.224s
user	0m0.447s
sys	0m0.000s
 
2.2266 2.2836 2.3406 2.397600000000001

real	0m3.689s
user	0m7.378s
sys	0m0.000s
 
73.52180000000001 74.6944 86.4204 87.59300000000002

real	0m4.052s
user	0m8.102s
sys	0m0.000s
 
609.1862 615.0844000000001 774.3358000000001 780.2340000000002

real	0m1.991s
user	0m3.981s
sys	0m0.000s
 
31020069.53999998 31057579.07999998 45948866.45999996 45986376.00000001

real	0m0.476s
user	0m0.952s
sys	0m0.000s
 
3948765877.809497 3955170852.914604 5863853434.234404 5870258409.339499

real	0m0.381s
user	0m0.761s
sys	0m0.000s
 
629070346650.9426 630167977775.031 934211799147.1235 935309430271.2021

real	0m0.445s
user	0m0.873s
sys	0m0.008s
 
72549439.0166 72565446.85879999 108086848.7006 108102856.5428001

real	0m0.411s
user	0m0.816s
sys	0m0.004s
 
324096005.6180002 324108897.3359997 483218480.892 483231372.6099998

real	0m0.631s
user	0m1.244s
sys	0m0.008s
 
10829665.1294 10829701.4254 15310551.5134 15310587.8094

real	0m0.465s
user	0m0.893s
sys	0m0.020s
 
107135690886248 108233331157370.3 147748380917728.1 148846021188851.3

real	0m0.303s
user	0m0.583s
sys	0m0.008s
 
MAT_VEC
 
178.7929000000001 178.8030000000001 201.2149000000001 201.2250000000001

real	0m0.277s
user	0m0.553s
sys	0m0.000s
 
992.6821000000002 992.6922000000003 1117.3464 1117.3565

real	0m0.080s
user	0m0.159s
sys	0m0.000s
 
390.3932 390.4204 450.7772000000001 450.8044

real	0m0.380s
user	0m0.760s
sys	0m0.000s
 
2166.9797 2167.0069 2502.7093 2502.7365

real	0m0.121s
user	0m0.241s
sys	0m0.000s
 
157975690.7399002 164380665.8450001

real	0m0.275s
user	0m0.545s
sys	0m0.004s
 
27065907086.64726 28163538210.734

real	0m0.268s
user	0m0.535s
sys	0m0.000s
 
128614163.4402999 133441028.6953997 138267893.9505

real	0m0.247s
user	0m0.493s
sys	0m0.000s
 
17202407856.50187 17848340807.38918 18494273758.27599

real	0m0.223s
user	0m0.446s
sys	0m0.000s
 
2.2266 2.2836 2.3406 2.397600000000001

real	0m3.610s
user	0m7.219s
sys	0m0.000s
 
73.52180000000001 74.6944 86.4204 87.59300000000002

real	0m3.906s
user	0m7.811s
sys	0m0.000s
 
609.1862 615.0844000000001 774.3358000000001 780.2340000000002

real	0m1.773s
user	0m3.545s
sys	0m0.000s
 
31020069.53999998 31057579.07999998 45948866.45999996 45986376.00000001

real	0m0.384s
user	0m0.768s
sys	0m0.000s
 
3948765877.809497 3955170852.914604 5863853434.234404 5870258409.339499

real	0m0.444s
user	0m0.885s
sys	0m0.000s
 
629070346650.9426 630167977775.031 934211799147.1235 935309430271.2021

real	0m0.548s
user	0m1.084s
sys	0m0.004s
 
72549439.0166 72565446.85879999 108086848.7006 108102856.5428001

real	0m0.224s
user	0m0.440s
sys	0m0.004s
 
324096005.6180002 324108897.3359997 483218480.892 483231372.6099998

real	0m0.406s
user	0m0.792s
sys	0m0.012s
 
10829665.1294 10829701.4254 15310551.5134 15310587.8094

real	0m0.306s
user	0m0.587s
sys	0m0.008s
 
107135690886248 108233331157370.3 147748380917728.1 148846021188851.3

real	0m0.412s
user	0m0.798s
sys	0m0.008s
 
OUTER
 
101.277 104.346 110.4774 113.8252

real	0m0.692s
user	0m1.383s
sys	0m0.000s
 
96.84840000000001 99.04950000000002 108.045 110.446

real	0m0.638s
user	0m1.275s
sys	0m0.000s
 
94.13800000000002 95.84960000000002 106.419 108.286

real	0m0.711s
user	0m1.421s
sys	0m0.000s
 
14.5684 14.5728 16.60140000000001 16.606

real	0m0.960s
user	0m1.916s
sys	0m0.004s
 
10.164 10.2025 11.913 11.9548

real	0m1.092s
user	0m2.184s
sys	0m0.000s
 
955.9242 956.3004 1135.8438 1136.254

real	0m0.276s
user	0m0.551s
sys	0m0.000s
 
86477.05440000001 86480.57660000001 102897.9582 102901.8004

real	0m0.396s
user	0m0.761s
sys	0m0.012s
 
27312.9912 27313.3443 32486.685 32487.07

real	0m0.172s
user	0m0.338s
sys	0m0.000s
 
MAT_MAT
 
8054296.570499997 8377212.617400005 11041896.78059999 11521723.02599998

real	0m0.280s
user	0m0.559s
sys	0m0.000s
 
67005585.50399998 69693523.28640002 92209626.6390001 96222702.65399998

real	0m0.349s
user	0m0.698s
sys	0m0.000s
 
56602.02200000002 58658.48450000003 83130.86099999996 86296.01680000003

real	0m0.288s
user	0m0.575s
sys	0m0.000s
 
297546749.5919997 308581623.7314994 440770097.583 457946307.1219999

real	0m0.272s
user	0m0.543s
sys	0m0.000s
 
8054296.570499997 8144829.910200007 11426434.83180001 11521723.02599998

real	0m0.244s
user	0m0.487s
sys	0m0.000s
 
67005585.50399998 67746880.83150004 95442432.67260008 96222702.65399998

real	0m0.272s
user	0m0.544s
sys	0m0.000s
 
56602.02200000002 56765.4044 86117.12820000002 86296.01680000003

real	0m0.149s
user	0m0.298s
sys	0m0.000s
 
297546749.5919997 299613096.1240003 455678605.3310006 457946307.1219999

real	0m0.185s
user	0m0.368s
sys	0m0.000s
 
301.3441 301.7106 379.168 379.5840000000001

real	0m0.468s
user	0m0.936s
sys	0m0.000s
 
45022.4809 45027.16379999999 57025.89409999999 57031.226

real	0m0.303s
user	0m0.597s
sys	0m0.004s
 
79343.34260000002 79353.49420000002 105856.4262 105868.395

real	0m0.192s
user	0m0.375s
sys	0m0.004s
 
77470.43699999999 77485.73999999999 107948.34 107966.91

real	0m0.145s
user	0m0.287s
sys	0m0.000s
 
109.241 111.7864 142.1856 145.251

real	0m1.125s
user	0m2.248s
sys	0m0.000s
 
1739639.1343 1765026.6362 3156552.835599999 3194056.931000001

real	0m0.244s
user	0m0.487s
sys	0m0.000s
 
40128631.98950006 40455680.77900002 81101463.51099998 81608296.35000008

real	0m0.186s
user	0m0.371s
sys	0m0.000s
 
185145.8628 186726.9552 353878.6176 356259.936

real	0m0.221s
user	0m0.442s
sys	0m0.000s
 
5650057.303000003 5674398.905999999 11835110.684 11873364.25000001

real	0m0.161s
user	0m0.322s
sys	0m0.000s
 
3539227257.462 3543179262.324003 8019509498.519998 8025995052.400001

real	0m0.063s
user	0m0.120s
sys	0m0.004s
 
66219776245.92168 66260257446.05717 151986883006.3699 152053753059.55

real	0m0.072s
user	0m0.133s
sys	0m0.004s
 
166212294937.3991 166288626284.498 382568140639.0098 382694366833.2999

real	0m0.078s
user	0m0.139s
sys	0m0.008s
 
608720333715.4655 608956501509.1871 1405127495482.165 1405518727998.903

real	0m0.153s
user	0m0.281s
sys	0m0.012s
 
TRANS1
 
8054296.570499997 8377212.617400005 11041896.78059999 11521723.02599998

real	0m0.293s
user	0m0.586s
sys	0m0.000s
 
67005585.50399998 69693523.28640002 92209626.6390001 96222702.65399998

real	0m0.364s
user	0m0.726s
sys	0m0.000s
 
56602.02200000002 58658.48450000003 83130.86099999996 86296.01680000003

real	0m0.265s
user	0m0.528s
sys	0m0.000s
 
297546749.5919997 308581623.7314994 440770097.583 457946307.1219999

real	0m0.263s
user	0m0.525s
sys	0m0.000s
 
8054296.570499997 8144829.910200007 11426434.83180001 11521723.02599998

real	0m0.283s
user	0m0.566s
sys	0m0.000s
 
67005585.50399998 67746880.83150004 95442432.67260008 96222702.65399998

real	0m0.355s
user	0m0.709s
sys	0m0.000s
 
56602.02200000002 56765.4044 86117.12820000002 86296.01680000003

real	0m0.317s
user	0m0.634s
sys	0m0.000s
 
297546749.5919997 299613096.1240003 455678605.3310006 457946307.1219999

real	0m0.361s
user	0m0.720s
sys	0m0.000s
 
301.3441 301.7106 379.168 379.5840000000001

real	0m0.227s
user	0m0.453s
sys	0m0.000s
 
45022.4809 45027.16379999999 57025.89409999999 57031.226

real	0m0.208s
user	0m0.407s
sys	0m0.004s
 
79343.34260000002 79353.49420000002 105856.4262 105868.395

real	0m0.209s
user	0m0.414s
sys	0m0.000s
 
77470.43699999999 77485.73999999999 107948.34 107966.91

real	0m0.126s
user	0m0.244s
sys	0m0.004s
 
109.241 111.7864 142.1856 145.251

real	0m1.145s
user	0m2.289s
sys	0m0.000s
 
1739639.1343 1765026.6362 3156552.835599999 3194056.931000001

real	0m0.316s
user	0m0.632s
sys	0m0.000s
 
40128631.98950006 40455680.77900002 81101463.51099998 81608296.35000008

real	0m0.220s
user	0m0.439s
sys	0m0.000s
 
185145.8628 186726.9552 353878.6176 356259.936

real	0m0.316s
user	0m0.632s
sys	0m0.000s
 
5650057.303000003 5674398.905999999 11835110.684 11873364.25000001

real	0m0.268s
user	0m0.535s
sys	0m0.000s
 
3539227257.462 3543179262.324003 8019509498.519998 8025995052.400001

real	0m0.092s
user	0m0.178s
sys	0m0.004s
 
66219776245.92168 66260257446.05717 151986883006.3699 152053753059.55

real	0m0.107s
user	0m0.202s
sys	0m0.004s
 
166212294937.3991 166288626284.498 382568140639.0098 382694366833.2999

real	0m0.097s
user	0m0.180s
sys	0m0.004s
 
608720333715.4655 608956501509.1871 1405127495482.165 1405518727998.903

real	0m0.209s
user	0m0.398s
sys	0m0.004s
 
1512441.733 1524415.266 2968657.650000001 2986772.5

real	0m0.196s
user	0m0.390s
sys	0m0.000s
 
608720333715.4655 608956501509.1871 1405127495482.165 1405518727998.903

real	0m0.120s
user	0m0.219s
sys	0m0.008s
 
TRANS2
 
8054296.570499997 8377212.617400005 11041896.78059999 11521723.02599998

real	0m0.279s
user	0m0.557s
sys	0m0.000s
 
67005585.50399998 69693523.28640002 92209626.6390001 96222702.65399998

real	0m0.396s
user	0m0.791s
sys	0m0.000s
 
56602.02200000002 58658.48450000003 83130.86099999996 86296.01680000003

real	0m0.277s
user	0m0.554s
sys	0m0.000s
 
297546749.5919997 308581623.7314994 440770097.583 457946307.1219999

real	0m0.374s
user	0m0.747s
sys	0m0.000s
 
8054296.570499997 8144829.910200007 11426434.83180001 11521723.02599998

real	0m0.209s
user	0m0.417s
sys	0m0.000s
 
67005585.50399998 67746880.83150004 95442432.67260008 96222702.65399998

real	0m0.265s
user	0m0.529s
sys	0m0.000s
 
56602.02200000002 56765.4044 86117.12820000002 86296.01680000003

real	0m0.178s
user	0m0.355s
sys	0m0.000s
 
297546749.5919997 299613096.1240003 455678605.3310006 457946307.1219999

real	0m0.166s
user	0m0.331s
sys	0m0.000s
 
301.3441 301.7106 379.168 379.5840000000001

real	0m0.476s
user	0m0.952s
sys	0m0.000s
 
45022.4809 45027.16379999999 57025.89409999999 57031.226

real	0m0.308s
user	0m0.612s
sys	0m0.000s
 
79343.34260000002 79353.49420000002 105856.4262 105868.395

real	0m0.221s
user	0m0.432s
sys	0m0.004s
 
77470.43699999999 77485.73999999999 107948.34 107966.91

real	0m0.139s
user	0m0.275s
sys	0m0.000s
 
109.241 111.7864 142.1856 145.251

real	0m1.127s
user	0m2.253s
sys	0m0.000s
 
1739639.1343 1765026.6362 3156552.835599999 3194056.931000001

real	0m0.252s
user	0m0.503s
sys	0m0.000s
 
40128631.98950006 40455680.77900002 81101463.51099998 81608296.35000008

real	0m0.198s
user	0m0.396s
sys	0m0.000s
 
185145.8628 186726.9552 353878.6176 356259.936

real	0m0.233s
user	0m0.465s
sys	0m0.000s
 
5650057.303000003 5674398.905999999 11835110.684 11873364.25000001

real	0m0.199s
user	0m0.397s
sys	0m0.000s
 
3539227257.462 3543179262.324003 8019509498.519998 8025995052.400001

real	0m0.064s
user	0m0.121s
sys	0m0.004s
 
66219776245.92168 66260257446.05717 151986883006.3699 152053753059.55

real	0m0.083s
user	0m0.152s
sys	0m0.008s
 
166212294937.3991 166288626284.498 382568140639.0098 382694366833.2999

real	0m0.081s
user	0m0.147s
sys	0m0.004s
 
608720333715.4655 608956501509.1871 1405127495482.165 1405518727998.903

real	0m0.166s
user	0m0.310s
sys	0m0.004s
 
1512441.733 1524415.266 2968657.650000001 2986772.5

real	0m0.188s
user	0m0.374s
sys	0m0.000s
 
608720333715.4655 608956501509.1871 1405127495482.165 1405518727998.903

real	0m0.088s
user	0m0.158s
sys	0m0.004s
 
TRANS12
 
8054296.570499997 8377212.617400005 11041896.78059999 11521723.02599998

real	0m0.195s
user	0m0.390s
sys	0m0.000s
 
67005585.50399998 69693523.28640002 92209626.6390001 96222702.65399998

real	0m0.200s
user	0m0.400s
sys	0m0.000s
 
56602.02200000002 58658.48450000003 83130.86099999996 86296.01680000003

real	0m0.111s
user	0m0.222s
sys	0m0.000s
 
297546749.5919997 308581623.7314994 440770097.583 457946307.1219999

real	0m0.125s
user	0m0.249s
sys	0m0.000s
 
8054296.570499997 8144829.910200007 11426434.83180001 11521723.02599998

real	0m0.485s
user	0m0.970s
sys	0m0.000s
 
67005585.50399998 67746880.83150004 95442432.67260008 96222702.65399998

real	0m0.600s
user	0m1.200s
sys	0m0.000s
 
56602.02200000002 56765.4044 86117.12820000002 86296.01680000003

real	0m0.459s
user	0m0.917s
sys	0m0.000s
 
297546749.5919997 299613096.1240003 455678605.3310006 457946307.1219999

real	0m0.430s
user	0m0.860s
sys	0m0.000s
 
301.3441 301.7106 379.168 379.5840000000001

real	0m0.643s
user	0m1.286s
sys	0m0.000s
 
45022.4809 45027.16379999999 57025.89409999999 57031.226

real	0m0.499s
user	0m0.994s
sys	0m0.000s
 
79343.34260000002 79353.49420000002 105856.4262 105868.395

real	0m0.333s
user	0m0.658s
sys	0m0.004s
 
77470.43699999999 77485.73999999999 107948.34 107966.91

real	0m0.256s
user	0m0.508s
sys	0m0.000s
 
109.241 111.7864 142.1856 145.251

real	0m1.143s
user	0m2.282s
sys	0m0.004s
 
1739639.1343 1765026.6362 3156552.835599999 3194056.931000001

real	0m0.310s
user	0m0.619s
sys	0m0.000s
 
40128631.98950006 40455680.77900002 81101463.51099998 81608296.35000008

real	0m0.210s
user	0m0.418s
sys	0m0.000s
 
185145.8628 186726.9552 353878.6176 356259.936

real	0m0.270s
user	0m0.535s
sys	0m0.004s
 
5650057.303000003 5674398.905999999 11835110.684 11873364.25000001

real	0m0.193s
user	0m0.385s
sys	0m0.000s
 
3539227257.462 3543179262.324003 8019509498.519998 8025995052.400001

real	0m0.075s
user	0m0.143s
sys	0m0.004s
 
66219776245.92168 66260257446.05717 151986883006.3699 152053753059.55

real	0m0.099s
user	0m0.181s
sys	0m0.008s
 
166212294937.3991 166288626284.498 382568140639.0098 382694366833.2999

real	0m0.092s
user	0m0.165s
sys	0m0.008s
 
608720333715.4655 608956501509.1871 1405127495482.165 1405518727998.903

real	0m0.207s
user	0m0.386s
sys	0m0.008s
 
SPECIAL
 
0.04840000000000001

real	0m10.858s
user	0m21.714s
sys	0m0.000s
 
0.04840000000000001

real	0m10.901s
user	0m21.800s
sys	0m0.000s
 
0.04840000000000001

real	0m10.773s
user	0m21.542s
sys	0m0.004s
 
53.79660000000001 53.79880000000001 58.68060000000001 58.68280000000001

real	0m0.847s
user	0m1.692s
sys	0m0.000s
 
53.79660000000001 53.79880000000001 58.68060000000001 58.68280000000001

real	0m0.864s
user	0m1.727s
sys	0m0.000s
 
9698907.663399996

real	0m0.649s
user	0m1.297s
sys	0m0.000s
 
9698907.663399996

real	0m0.646s
user	0m1.288s
sys	0m0.004s
 
0.04840000000000001

real	0m11.468s
user	0m22.934s
sys	0m0.000s
 
53.79660000000001 53.79880000000001 58.68060000000001 58.68280000000001

real	0m0.818s
user	0m1.635s
sys	0m0.000s
 
53.79660000000001 53.79880000000001 58.68060000000001 58.68280000000001

real	0m0.828s
user	0m1.655s
sys	0m0.000s
 
9698907.663399996

real	0m0.654s
user	0m1.308s
sys	0m0.000s
 
3948765877.809497 3955170852.914604 5863853434.234404 5870258409.339499

real	0m0.326s
user	0m0.649s
sys	0m0.000s
 
3948765877.809497 3955170852.914604 5863853434.234404 5870258409.339499

real	0m0.289s
user	0m0.575s
sys	0m0.000s
 
0.04840000000000001

real	0m11.205s
user	0m22.409s
sys	0m0.000s
 
53.79660000000001 53.79880000000001 58.68060000000001 58.68280000000001

real	0m0.816s
user	0m1.632s
sys	0m0.000s
 
53.79660000000001 53.79880000000001 58.68060000000001 58.68280000000001

real	0m0.701s
user	0m1.401s
sys	0m0.000s
 
9698907.663399996

real	0m0.655s
user	0m1.310s
sys	0m0.000s
 
3948765877.809497 3955170852.914604 5863853434.234404 5870258409.339499

real	0m0.543s
user	0m1.079s
sys	0m0.004s
 
3948765877.809497 3955170852.914604 5863853434.234404 5870258409.339499

real	0m0.287s
user	0m0.564s
sys	0m0.008s
 
0.04840000000000001

real	0m11.283s
user	0m22.566s
sys	0m0.000s
 
53.79660000000001 53.79880000000001 58.68060000000001 58.68280000000001

real	0m0.666s
user	0m1.327s
sys	0m0.004s
 
53.79660000000001 53.79880000000001 58.68060000000001 58.68280000000001

real	0m0.701s
user	0m1.401s
sys	0m0.000s
 
9698907.663399996

real	0m0.657s
user	0m1.313s
sys	0m0.000s
 
3948765877.809497 3955170852.914604 5863853434.234404 5870258409.339499

real	0m0.320s
user	0m0.633s
sys	0m0.004s
 
3948765877.809497 3955170852.914604 5863853434.234404 5870258409.339499

real	0m0.335s
user	0m0.663s
sys	0m0.004s
 
0.04840000000000001

real	0m11.760s
user	0m23.519s
sys	0m0.000s
 
53.79660000000001 53.79880000000001 58.68060000000001 58.68280000000001

real	0m0.689s
user	0m1.377s
sys	0m0.000s
 
53.79660000000001 53.79880000000001 58.68060000000001 58.68280000000001

real	0m0.912s
user	0m1.819s
sys	0m0.004s
 
9698907.663399996

real	0m0.653s
user	0m1.301s
sys	0m0.004s
 
3948765877.809497 3955170852.914604 5863853434.234404 5870258409.339499

real	0m0.546s
user	0m1.088s
sys	0m0.000s
 
3948765877.809497 3955170852.914604 5863853434.234404 5870258409.339499

real	0m0.334s
user	0m0.666s
sys	0m0.000s
 
3037.1121 3037.6632 3611.409 3612.01

real	0m0.170s
user	0m0.338s
sys	0m0.000s
 
3037.1121 3037.6632 3611.409 3612.01

real	0m0.170s
user	0m0.339s
sys	0m0.000s
 
3037.1121 3037.6632 3611.409 3612.01

real	0m0.169s
user	0m0.336s
sys	0m0.000s
 
3037.1121 3037.6632 3611.409 3612.01

real	0m0.167s
user	0m0.332s
sys	0m0.000s
 
SEQUENCE
 
37624.35618 38872.44188 52954.76458 54712.31628

real	0m0.179s
user	0m0.357s
sys	0m0.000s
 
4350478614.186048 4405620767.888449 7321622135.843186 7393481577.214199

real	0m0.171s
user	0m0.337s
sys	0m0.004s
 
48832437279.8918 49241016265.74157 88512227219.28583 89040617812.03206

real	0m0.422s
user	0m0.843s
sys	0m0.000s
 
18696443068.18007 18840087100.15867 37617583432.7108 37823564976.3486

real	0m0.107s
user	0m0.213s
sys	0m0.000s
 
4.901614166865179e+18 4.912723296455448e+18 1.084442578747924e+19 1.086100449795465e+19

real	0m0.070s
user	0m0.139s
sys	0m0.000s
 
1.647418946230568e+16 1.649160037624473e+16 3.768465979697054e+16 3.771108024027194e+16

real	0m0.102s
user	0m0.196s
sys	0m0.004s
 
4.48881116501821e+17 4.490640601531962e+17 1.03730934601686e+18 1.03758774958278e+18

real	0m0.075s
user	0m0.136s
sys	0m0.004s
 
4.48881116501821e+17 4.490640601531962e+17 1.03730934601686e+18 1.03758774958278e+18

real	0m0.168s
user	0m0.318s
sys	0m0.004s
 
4.48881116501821e+17 4.490640601531962e+17 1.03730934601686e+18 1.03758774958278e+18

real	0m0.184s
user	0m0.347s
sys	0m0.008s
 
8.382424294553979e+29 8.385850640122295e+29 1.937388035390321e+30 1.93790724339292e+30

real	0m0.084s
user	0m0.143s
sys	0m0.012s
 
8.382424294553979e+29 8.385850640122295e+29 1.937388035390321e+30 1.93790724339292e+30

real	0m0.123s
user	0m0.223s
sys	0m0.008s
 
8.382424294553979e+29 8.385850640122295e+29 1.937388035390321e+30 1.93790724339292e+30

real	0m0.112s
user	0m0.197s
sys	0m0.012s
 
8.382424294553979e+29 8.385850640122295e+29 1.937388035390321e+30 1.93790724339292e+30

real	0m0.115s
user	0m0.202s
sys	0m0.012s
 
8.382424294553979e+29 8.385850640122295e+29 1.937388035390321e+30 1.93790724339292e+30

real	0m0.108s
user	0m0.192s
sys	0m0.008s
 
8.382424294553979e+29 8.385850640122295e+29 1.937388035390321e+30 1.93790724339292e+30

real	0m0.107s
user	0m0.194s
sys	0m0.004s
 
374124590164.9393 378323909405.297 483306890414.2386 487506209654.5964

real	0m0.192s
user	0m0.383s
sys	0m0.000s
 
8003498375443.188 8040830216224.574 11400695886549.59 11438027727330.98

real	0m0.112s
user	0m0.223s
sys	0m0.000s
 
467292080353.7709 473215316635.7608 603526514839.5372 609449751121.5272

real	0m0.522s
user	0m1.042s
sys	0m0.000s
 
22856685758006.32 23032721850853.32 32186598678896.97 32362634771743.98

real	0m0.236s
user	0m0.472s
sys	0m0.000s
