 
SCALAR_VEC
 
0.5808000000000001 0.5830000000000002 0.6270000000000002 0.6292000000000002

real	0m0.441s
user	0m0.453s
sys	0m0.000s
 
46.0284 46.03060000000001 50.20620000000001 50.2084

real	0m0.135s
user	0m0.146s
sys	0m0.000s
 
29876.5456 29876.5478 32592.58860000001 32592.59080000001

real	0m0.159s
user	0m0.305s
sys	0m0.004s
 
VEC_VEC
 
174.0387

real	0m0.689s
user	0m0.705s
sys	0m0.000s
 
9698907.663399996

real	0m0.463s
user	0m0.474s
sys	0m0.000s
 
24900423491.09201

real	0m0.636s
user	0m0.647s
sys	0m0.000s
 
24900741320632.71

real	0m0.640s
user	0m1.278s
sys	0m0.000s
 
2.490083360868967e+16

real	0m0.700s
user	0m1.382s
sys	0m0.008s
 
VEC_MAT
 
178.7929000000001 178.8030000000001 201.2149000000001 201.2250000000001

real	0m0.292s
user	0m0.304s
sys	0m0.000s
 
992.6821000000002 992.6922000000003 1117.3464 1117.3565

real	0m0.104s
user	0m0.208s
sys	0m0.000s
 
390.3932 390.4204 450.7772000000001 450.8044

real	0m0.653s
user	0m0.665s
sys	0m0.000s
 
2166.9797 2167.0069 2502.7093 2502.7365

real	0m0.533s
user	0m1.064s
sys	0m0.000s
 
157975690.7399002 164380665.8450001

real	0m0.231s
user	0m0.242s
sys	0m0.000s
 
27065907086.64726 28163538210.734

real	0m0.263s
user	0m0.526s
sys	0m0.000s
 
128614163.4402999 133441028.6953997 138267893.9505

real	0m0.211s
user	0m0.223s
sys	0m0.000s
 
17202407856.50187 17848340807.38918 18494273758.27599

real	0m0.223s
user	0m0.446s
sys	0m0.000s
 
2.2266 2.2836 2.3406 2.397600000000001

real	0m0.253s
user	0m0.264s
sys	0m0.000s
 
73.52180000000001 74.6944 86.4204 87.59300000000002

real	0m0.547s
user	0m0.558s
sys	0m0.000s
 
609.1862 615.0844000000001 774.3358000000001 780.2340000000002

real	0m0.575s
user	0m0.582s
sys	0m0.004s
 
31020069.53999998 31057579.07999998 45948866.45999996 45986376.00000001

real	0m0.483s
user	0m0.965s
sys	0m0.000s
 
3948765877.809497 3955170852.914604 5863853434.234404 5870258409.339499

real	0m0.381s
user	0m0.759s
sys	0m0.000s
 
629070346650.9426 630167977775.031 934211799147.1235 935309430271.2021

real	0m0.441s
user	0m0.862s
sys	0m0.012s
 
72549439.0166 72565446.85879999 108086848.7006 108102856.5428001

real	0m0.426s
user	0m0.849s
sys	0m0.000s
 
324096005.6180002 324108897.3359997 483218480.892 483231372.6099998

real	0m0.454s
user	0m0.887s
sys	0m0.012s
 
10829665.1294 10829701.4254 15310551.5134 15310587.8094

real	0m0.481s
user	0m0.940s
sys	0m0.008s
 
107135690886248 108233331157370.3 147748380917728.1 148846021188851.3

real	0m0.303s
user	0m0.584s
sys	0m0.008s
 
MAT_VEC
 
178.7929000000001 178.8030000000001 201.2149000000001 201.2250000000001

real	0m0.170s
user	0m0.182s
sys	0m0.000s
 
992.6821000000002 992.6922000000003 1117.3464 1117.3565

real	0m0.081s
user	0m0.158s
sys	0m0.004s
 
390.3932 390.4204 450.7772000000001 450.8044

real	0m0.265s
user	0m0.277s
sys	0m0.000s
 
2166.9797 2167.0069 2502.7093 2502.7365

real	0m0.123s
user	0m0.245s
sys	0m0.000s
 
157975690.7399002 164380665.8450001

real	0m0.231s
user	0m0.239s
sys	0m0.004s
 
27065907086.64726 28163538210.734

real	0m0.266s
user	0m0.531s
sys	0m0.000s
 
128614163.4402999 133441028.6953997 138267893.9505

real	0m0.211s
user	0m0.223s
sys	0m0.000s
 
17202407856.50187 17848340807.38918 18494273758.27599

real	0m0.222s
user	0m0.444s
sys	0m0.000s
 
2.2266 2.2836 2.3406 2.397600000000001

real	0m0.140s
user	0m0.152s
sys	0m0.000s
 
73.52180000000001 74.6944 86.4204 87.59300000000002

real	0m0.417s
user	0m0.428s
sys	0m0.000s
 
609.1862 615.0844000000001 774.3358000000001 780.2340000000002

real	0m0.386s
user	0m0.397s
sys	0m0.000s
 
31020069.53999998 31057579.07999998 45948866.45999996 45986376.00000001

real	0m0.416s
user	0m0.832s
sys	0m0.000s
 
3948765877.809497 3955170852.914604 5863853434.234404 5870258409.339499

real	0m0.459s
user	0m0.916s
sys	0m0.000s
 
629070346650.9426 630167977775.031 934211799147.1235 935309430271.2021

real	0m0.537s
user	0m1.058s
sys	0m0.008s
 
72549439.0166 72565446.85879999 108086848.7006 108102856.5428001

real	0m0.225s
user	0m0.446s
sys	0m0.000s
 
324096005.6180002 324108897.3359997 483218480.892 483231372.6099998

real	0m0.383s
user	0m0.757s
sys	0m0.000s
 
10829665.1294 10829701.4254 15310551.5134 15310587.8094

real	0m0.306s
user	0m0.579s
sys	0m0.016s
 
107135690886248 108233331157370.3 147748380917728.1 148846021188851.3

real	0m0.379s
user	0m0.727s
sys	0m0.012s
 
OUTER
 
101.277 104.346 110.4774 113.8252

real	0m0.501s
user	0m0.509s
sys	0m0.004s
 
96.84840000000001 99.04950000000002 108.045 110.446

real	0m0.466s
user	0m0.478s
sys	0m0.000s
 
94.13800000000002 95.84960000000002 106.419 108.286

real	0m0.504s
user	0m0.516s
sys	0m0.000s
 
14.5684 14.5728 16.60140000000001 16.606

real	0m0.242s
user	0m0.250s
sys	0m0.004s
 
10.164 10.2025 11.913 11.9548

real	0m0.391s
user	0m0.402s
sys	0m0.000s
 
955.9242 956.3004 1135.8438 1136.254

real	0m0.300s
user	0m0.598s
sys	0m0.000s
 
86477.05440000001 86480.57660000001 102897.9582 102901.8004

real	0m0.396s
user	0m0.757s
sys	0m0.016s
 
27312.9912 27313.3443 32486.685 32487.07

real	0m0.173s
user	0m0.339s
sys	0m0.000s
 
MAT_MAT
 
8054296.570499997 8377212.617400005 11041896.78059999 11521723.02599998

real	0m0.277s
user	0m0.553s
sys	0m0.000s
 
67005585.50399998 69693523.28640002 92209626.6390001 96222702.65399998

real	0m0.350s
user	0m0.696s
sys	0m0.004s
 
56602.02200000002 58658.48450000003 83130.86099999996 86296.01680000003

real	0m0.302s
user	0m0.603s
sys	0m0.000s
 
297546749.5919997 308581623.7314994 440770097.583 457946307.1219999

real	0m0.273s
user	0m0.544s
sys	0m0.000s
 
8054296.570499997 8144829.910200007 11426434.83180001 11521723.02599998

real	0m0.243s
user	0m0.485s
sys	0m0.000s
 
67005585.50399998 67746880.83150004 95442432.67260008 96222702.65399998

real	0m0.287s
user	0m0.574s
sys	0m0.000s
 
56602.02200000002 56765.4044 86117.12820000002 86296.01680000003

real	0m0.147s
user	0m0.293s
sys	0m0.000s
 
297546749.5919997 299613096.1240003 455678605.3310006 457946307.1219999

real	0m0.185s
user	0m0.370s
sys	0m0.000s
 
301.3441 301.7106 379.168 379.5840000000001

real	0m0.522s
user	0m1.043s
sys	0m0.000s
 
45022.4809 45027.16379999999 57025.89409999999 57031.226

real	0m0.294s
user	0m0.579s
sys	0m0.004s
 
79343.34260000002 79353.49420000002 105856.4262 105868.395

real	0m0.194s
user	0m0.375s
sys	0m0.008s
 
77470.43699999999 77485.73999999999 107948.34 107966.91

real	0m0.145s
user	0m0.288s
sys	0m0.000s
 
109.241 111.7864 142.1856 145.251

real	0m0.402s
user	0m0.414s
sys	0m0.000s
 
1739639.1343 1765026.6362 3156552.835599999 3194056.931000001

real	0m0.248s
user	0m0.495s
sys	0m0.000s
 
40128631.98950006 40455680.77900002 81101463.51099998 81608296.35000008

real	0m0.186s
user	0m0.366s
sys	0m0.004s
 
185145.8628 186726.9552 353878.6176 356259.936

real	0m0.226s
user	0m0.451s
sys	0m0.000s
 
5650057.303000003 5674398.905999999 11835110.684 11873364.25000001

real	0m0.164s
user	0m0.327s
sys	0m0.000s
 
3539227257.462 3543179262.324003 8019509498.519998 8025995052.400001

real	0m0.063s
user	0m0.120s
sys	0m0.004s
 
66219776245.92168 66260257446.05717 151986883006.3699 152053753059.55

real	0m0.072s
user	0m0.133s
sys	0m0.004s
 
166212294937.3991 166288626284.498 382568140639.0098 382694366833.2999

real	0m0.075s
user	0m0.133s
sys	0m0.008s
 
608720333715.4655 608956501509.1871 1405127495482.165 1405518727998.903

real	0m0.153s
user	0m0.272s
sys	0m0.020s
 
TRANS1
 
8054296.570499997 8377212.617400005 11041896.78059999 11521723.02599998

real	0m0.293s
user	0m0.586s
sys	0m0.000s
 
67005585.50399998 69693523.28640002 92209626.6390001 96222702.65399998

real	0m0.363s
user	0m0.721s
sys	0m0.004s
 
56602.02200000002 58658.48450000003 83130.86099999996 86296.01680000003

real	0m0.275s
user	0m0.550s
sys	0m0.000s
 
297546749.5919997 308581623.7314994 440770097.583 457946307.1219999

real	0m0.263s
user	0m0.526s
sys	0m0.000s
 
8054296.570499997 8144829.910200007 11426434.83180001 11521723.02599998

real	0m0.275s
user	0m0.549s
sys	0m0.000s
 
67005585.50399998 67746880.83150004 95442432.67260008 96222702.65399998

real	0m0.357s
user	0m0.714s
sys	0m0.000s
 
56602.02200000002 56765.4044 86117.12820000002 86296.01680000003

real	0m0.317s
user	0m0.633s
sys	0m0.000s
 
297546749.5919997 299613096.1240003 455678605.3310006 457946307.1219999

real	0m0.372s
user	0m0.742s
sys	0m0.000s
 
301.3441 301.7106 379.168 379.5840000000001

real	0m0.224s
user	0m0.447s
sys	0m0.000s
 
45022.4809 45027.16379999999 57025.89409999999 57031.226

real	0m0.207s
user	0m0.409s
sys	0m0.000s
 
79343.34260000002 79353.49420000002 105856.4262 105868.395

real	0m0.210s
user	0m0.416s
sys	0m0.000s
 
77470.43699999999 77485.73999999999 107948.34 107966.91

real	0m0.126s
user	0m0.244s
sys	0m0.004s
 
109.241 111.7864 142.1856 145.251

real	0m0.436s
user	0m0.448s
sys	0m0.000s
 
1739639.1343 1765026.6362 3156552.835599999 3194056.931000001

real	0m0.332s
user	0m0.664s
sys	0m0.000s
 
40128631.98950006 40455680.77900002 81101463.51099998 81608296.35000008

real	0m0.252s
user	0m0.504s
sys	0m0.000s
 
185145.8628 186726.9552 353878.6176 356259.936

real	0m0.324s
user	0m0.648s
sys	0m0.000s
 
5650057.303000003 5674398.905999999 11835110.684 11873364.25000001

real	0m0.269s
user	0m0.537s
sys	0m0.000s
 
3539227257.462 3543179262.324003 8019509498.519998 8025995052.400001

real	0m0.101s
user	0m0.196s
sys	0m0.004s
 
66219776245.92168 66260257446.05717 151986883006.3699 152053753059.55

real	0m0.110s
user	0m0.209s
sys	0m0.004s
 
166212294937.3991 166288626284.498 382568140639.0098 382694366833.2999

real	0m0.118s
user	0m0.205s
sys	0m0.012s
 
608720333715.4655 608956501509.1871 1405127495482.165 1405518727998.903

real	0m0.200s
user	0m0.371s
sys	0m0.012s
 
1512441.733 1524415.266 2968657.650000001 2986772.5

real	0m0.204s
user	0m0.406s
sys	0m0.000s
 
608720333715.4655 608956501509.1871 1405127495482.165 1405518727998.903

real	0m0.105s
user	0m0.189s
sys	0m0.008s
 
TRANS2
 
8054296.570499997 8377212.617400005 11041896.78059999 11521723.02599998

real	0m0.318s
user	0m0.636s
sys	0m0.000s
 
67005585.50399998 69693523.28640002 92209626.6390001 96222702.65399998

real	0m0.407s
user	0m0.813s
sys	0m0.000s
 
56602.02200000002 58658.48450000003 83130.86099999996 86296.01680000003

real	0m0.288s
user	0m0.575s
sys	0m0.000s
 
297546749.5919997 308581623.7314994 440770097.583 457946307.1219999

real	0m0.381s
user	0m0.761s
sys	0m0.000s
 
8054296.570499997 8144829.910200007 11426434.83180001 11521723.02599998

real	0m0.213s
user	0m0.426s
sys	0m0.000s
 
67005585.50399998 67746880.83150004 95442432.67260008 96222702.65399998

real	0m0.265s
user	0m0.530s
sys	0m0.000s
 
56602.02200000002 56765.4044 86117.12820000002 86296.01680000003

real	0m0.182s
user	0m0.364s
sys	0m0.000s
 
297546749.5919997 299613096.1240003 455678605.3310006 457946307.1219999

real	0m0.169s
user	0m0.338s
sys	0m0.000s
 
301.3441 301.7106 379.168 379.5840000000001

real	0m0.482s
user	0m0.964s
sys	0m0.000s
 
45022.4809 45027.16379999999 57025.89409999999 57031.226

real	0m0.321s
user	0m0.638s
sys	0m0.000s
 
79343.34260000002 79353.49420000002 105856.4262 105868.395

real	0m0.218s
user	0m0.432s
sys	0m0.000s
 
77470.43699999999 77485.73999999999 107948.34 107966.91

real	0m0.143s
user	0m0.278s
sys	0m0.004s
 
109.241 111.7864 142.1856 145.251

real	0m0.375s
user	0m0.383s
sys	0m0.004s
 
1739639.1343 1765026.6362 3156552.835599999 3194056.931000001

real	0m0.282s
user	0m0.563s
sys	0m0.000s
 
40128631.98950006 40455680.77900002 81101463.51099998 81608296.35000008

real	0m0.184s
user	0m0.368s
sys	0m0.000s
 
185145.8628 186726.9552 353878.6176 356259.936

real	0m0.233s
user	0m0.465s
sys	0m0.000s
 
5650057.303000003 5674398.905999999 11835110.684 11873364.25000001

real	0m0.192s
user	0m0.383s
sys	0m0.000s
 
3539227257.462 3543179262.324003 8019509498.519998 8025995052.400001

real	0m0.067s
user	0m0.131s
sys	0m0.000s
 
66219776245.92168 66260257446.05717 151986883006.3699 152053753059.55

real	0m0.084s
user	0m0.156s
sys	0m0.004s
 
166212294937.3991 166288626284.498 382568140639.0098 382694366833.2999

real	0m0.077s
user	0m0.145s
sys	0m0.000s
 
608720333715.4655 608956501509.1871 1405127495482.165 1405518727998.903

real	0m0.159s
user	0m0.288s
sys	0m0.012s
 
1512441.733 1524415.266 2968657.650000001 2986772.5

real	0m0.191s
user	0m0.381s
sys	0m0.000s
 
608720333715.4655 608956501509.1871 1405127495482.165 1405518727998.903

real	0m0.088s
user	0m0.154s
sys	0m0.008s
 
TRANS12
 
8054296.570499997 8377212.617400005 11041896.78059999 11521723.02599998

real	0m0.187s
user	0m0.373s
sys	0m0.000s
 
67005585.50399998 69693523.28640002 92209626.6390001 96222702.65399998

real	0m0.203s
user	0m0.401s
sys	0m0.004s
 
56602.02200000002 58658.48450000003 83130.86099999996 86296.01680000003

real	0m0.111s
user	0m0.222s
sys	0m0.000s
 
297546749.5919997 308581623.7314994 440770097.583 457946307.1219999

real	0m0.128s
user	0m0.254s
sys	0m0.000s
 
8054296.570499997 8144829.910200007 11426434.83180001 11521723.02599998

real	0m0.482s
user	0m0.964s
sys	0m0.000s
 
67005585.50399998 67746880.83150004 95442432.67260008 96222702.65399998

real	0m0.604s
user	0m1.203s
sys	0m0.004s
 
56602.02200000002 56765.4044 86117.12820000002 86296.01680000003

real	0m0.461s
user	0m0.917s
sys	0m0.004s
 
297546749.5919997 299613096.1240003 455678605.3310006 457946307.1219999

real	0m0.414s
user	0m0.828s
sys	0m0.000s
 
301.3441 301.7106 379.168 379.5840000000001

real	0m0.628s
user	0m1.255s
sys	0m0.000s
 
45022.4809 45027.16379999999 57025.89409999999 57031.226

real	0m0.500s
user	0m0.992s
sys	0m0.004s
 
79343.34260000002 79353.49420000002 105856.4262 105868.395

real	0m0.338s
user	0m0.671s
sys	0m0.000s
 
77470.43699999999 77485.73999999999 107948.34 107966.91

real	0m0.253s
user	0m0.504s
sys	0m0.000s
 
109.241 111.7864 142.1856 145.251

real	0m0.492s
user	0m0.504s
sys	0m0.000s
 
1739639.1343 1765026.6362 3156552.835599999 3194056.931000001

real	0m0.313s
user	0m0.624s
sys	0m0.000s
 
40128631.98950006 40455680.77900002 81101463.51099998 81608296.35000008

real	0m0.214s
user	0m0.424s
sys	0m0.004s
 
185145.8628 186726.9552 353878.6176 356259.936

real	0m0.265s
user	0m0.529s
sys	0m0.000s
 
5650057.303000003 5674398.905999999 11835110.684 11873364.25000001

real	0m0.189s
user	0m0.378s
sys	0m0.000s
 
3539227257.462 3543179262.324003 8019509498.519998 8025995052.400001

real	0m0.076s
user	0m0.145s
sys	0m0.004s
 
66219776245.92168 66260257446.05717 151986883006.3699 152053753059.55

real	0m0.098s
user	0m0.185s
sys	0m0.004s
 
166212294937.3991 166288626284.498 382568140639.0098 382694366833.2999

real	0m0.093s
user	0m0.171s
sys	0m0.004s
 
608720333715.4655 608956501509.1871 1405127495482.165 1405518727998.903

real	0m0.200s
user	0m0.372s
sys	0m0.008s
 
SPECIAL
 
0.04840000000000001

real	0m0.382s
user	0m0.394s
sys	0m0.000s
 
0.04840000000000001

real	0m0.402s
user	0m0.414s
sys	0m0.000s
 
0.04840000000000001

real	0m0.325s
user	0m0.336s
sys	0m0.000s
 
53.79660000000001 53.79880000000001 58.68060000000001 58.68280000000001

real	0m0.412s
user	0m0.424s
sys	0m0.000s
 
53.79660000000001 53.79880000000001 58.68060000000001 58.68280000000001

real	0m0.468s
user	0m0.479s
sys	0m0.000s
 
9698907.663399996

real	0m0.463s
user	0m0.474s
sys	0m0.000s
 
9698907.663399996

real	0m0.466s
user	0m0.477s
sys	0m0.000s
 
0.04840000000000001

real	0m1.017s
user	0m1.028s
sys	0m0.000s
 
53.79660000000001 53.79880000000001 58.68060000000001 58.68280000000001

real	0m0.439s
user	0m0.450s
sys	0m0.000s
 
53.79660000000001 53.79880000000001 58.68060000000001 58.68280000000001

real	0m0.486s
user	0m0.498s
sys	0m0.000s
 
9698907.663399996

real	0m0.471s
user	0m0.483s
sys	0m0.000s
 
3948765877.809497 3955170852.914604 5863853434.234404 5870258409.339499

real	0m0.318s
user	0m0.635s
sys	0m0.000s
 
3948765877.809497 3955170852.914604 5863853434.234404 5870258409.339499

real	0m0.293s
user	0m0.579s
sys	0m0.004s
 
0.04840000000000001

real	0m0.843s
user	0m0.854s
sys	0m0.000s
 
53.79660000000001 53.79880000000001 58.68060000000001 58.68280000000001

real	0m0.440s
user	0m0.451s
sys	0m0.000s
 
53.79660000000001 53.79880000000001 58.68060000000001 58.68280000000001

real	0m0.484s
user	0m0.496s
sys	0m0.000s
 
9698907.663399996

real	0m0.470s
user	0m0.482s
sys	0m0.000s
 
3948765877.809497 3955170852.914604 5863853434.234404 5870258409.339499

real	0m0.543s
user	0m1.084s
sys	0m0.000s
 
3948765877.809497 3955170852.914604 5863853434.234404 5870258409.339499

real	0m0.292s
user	0m0.581s
sys	0m0.000s
 
0.04840000000000001

real	0m0.889s
user	0m0.901s
sys	0m0.000s
 
53.79660000000001 53.79880000000001 58.68060000000001 58.68280000000001

real	0m0.452s
user	0m0.464s
sys	0m0.000s
 
53.79660000000001 53.79880000000001 58.68060000000001 58.68280000000001

real	0m0.506s
user	0m0.517s
sys	0m0.000s
 
9698907.663399996

real	0m0.470s
user	0m0.481s
sys	0m0.000s
 
3948765877.809497 3955170852.914604 5863853434.234404 5870258409.339499

real	0m0.329s
user	0m0.656s
sys	0m0.000s
 
3948765877.809497 3955170852.914604 5863853434.234404 5870258409.339499

real	0m0.342s
user	0m0.680s
sys	0m0.000s
 
0.04840000000000001

real	0m0.900s
user	0m0.908s
sys	0m0.004s
 
53.79660000000001 53.79880000000001 58.68060000000001 58.68280000000001

real	0m0.423s
user	0m0.431s
sys	0m0.004s
 
53.79660000000001 53.79880000000001 58.68060000000001 58.68280000000001

real	0m0.511s
user	0m0.523s
sys	0m0.000s
 
9698907.663399996

real	0m0.470s
user	0m0.481s
sys	0m0.000s
 
3948765877.809497 3955170852.914604 5863853434.234404 5870258409.339499

real	0m0.542s
user	0m1.080s
sys	0m0.000s
 
3948765877.809497 3955170852.914604 5863853434.234404 5870258409.339499

real	0m0.329s
user	0m0.654s
sys	0m0.000s
 
3037.1121 3037.6632 3611.409 3612.01

real	0m0.174s
user	0m0.346s
sys	0m0.000s
 
3037.1121 3037.6632 3611.409 3612.01

real	0m0.174s
user	0m0.346s
sys	0m0.000s
 
3037.1121 3037.6632 3611.409 3612.01

real	0m0.176s
user	0m0.350s
sys	0m0.000s
 
3037.1121 3037.6632 3611.409 3612.01

real	0m0.166s
user	0m0.330s
sys	0m0.000s
 
SEQUENCE
 
37624.35618 38872.44188 52954.76458 54712.31628

real	0m0.169s
user	0m0.337s
sys	0m0.000s
 
4350478614.186048 4405620767.888449 7321622135.843186 7393481577.214199

real	0m0.166s
user	0m0.331s
sys	0m0.000s
 
48832437279.8918 49241016265.74157 88512227219.28583 89040617812.03206

real	0m0.431s
user	0m0.857s
sys	0m0.004s
 
18696443068.18007 18840087100.15867 37617583432.7108 37823564976.3486

real	0m0.105s
user	0m0.210s
sys	0m0.000s
 
4.901614166865179e+18 4.912723296455448e+18 1.084442578747924e+19 1.086100449795465e+19

real	0m0.068s
user	0m0.130s
sys	0m0.004s
 
1.647418946230568e+16 1.649160037624473e+16 3.768465979697054e+16 3.771108024027194e+16

real	0m0.098s
user	0m0.193s
sys	0m0.000s
 
4.48881116501821e+17 4.490640601531962e+17 1.03730934601686e+18 1.03758774958278e+18

real	0m0.077s
user	0m0.143s
sys	0m0.000s
 
4.48881116501821e+17 4.490640601531962e+17 1.03730934601686e+18 1.03758774958278e+18

real	0m0.167s
user	0m0.318s
sys	0m0.004s
 
4.48881116501821e+17 4.490640601531962e+17 1.03730934601686e+18 1.03758774958278e+18

real	0m0.210s
user	0m0.389s
sys	0m0.012s
 
8.382424294553979e+29 8.385850640122295e+29 1.937388035390321e+30 1.93790724339292e+30

real	0m0.088s
user	0m0.159s
sys	0m0.004s
 
8.382424294553979e+29 8.385850640122295e+29 1.937388035390321e+30 1.93790724339292e+30

real	0m0.121s
user	0m0.215s
sys	0m0.012s
 
8.382424294553979e+29 8.385850640122295e+29 1.937388035390321e+30 1.93790724339292e+30

real	0m0.115s
user	0m0.206s
sys	0m0.008s
 
8.382424294553979e+29 8.385850640122295e+29 1.937388035390321e+30 1.93790724339292e+30

real	0m0.125s
user	0m0.212s
sys	0m0.016s
 
8.382424294553979e+29 8.385850640122295e+29 1.937388035390321e+30 1.93790724339292e+30

real	0m0.102s
user	0m0.181s
sys	0m0.008s
 
8.382424294553979e+29 8.385850640122295e+29 1.937388035390321e+30 1.93790724339292e+30

real	0m0.120s
user	0m0.211s
sys	0m0.008s
 
374124590164.9393 378323909405.297 483306890414.2386 487506209654.5964

real	0m0.185s
user	0m0.369s
sys	0m0.000s
 
8003498375443.188 8040830216224.574 11400695886549.59 11438027727330.98

real	0m0.110s
user	0m0.219s
sys	0m0.000s
 
467292080353.7709 473215316635.7608 603526514839.5372 609449751121.5272

real	0m0.181s
user	0m0.192s
sys	0m0.000s
 
22856685758006.32 23032721850853.32 32186598678896.97 32362634771743.98

real	0m0.192s
user	0m0.203s
sys	0m0.000s
