 
SCALAR_VEC
 
0.5808000000000001 0.5830000000000002 0.6270000000000002 0.6292000000000002

real	0m20.802s
user	0m20.724s
sys	0m0.004s
 
46.0284 46.03060000000001 50.20620000000001 50.2084

real	0m33.441s
user	0m30.868s
sys	0m0.044s
 
29876.5456 29876.5478 32592.58860000001 32592.59080000001

real	0m16.533s
user	0m16.344s
sys	0m0.116s
 
VEC_VEC
 
174.0387

real	0m5.271s
user	0m5.260s
sys	0m0.004s
 
9698907.663399996

real	0m2.248s
user	0m2.240s
sys	0m0.004s
 
24900423491.09201

real	0m3.341s
user	0m3.332s
sys	0m0.000s
 
24900741320632.71

real	0m22.711s
user	0m22.556s
sys	0m0.020s
 
2.490083360868967e+16

real	0m22.526s
user	0m22.320s
sys	0m0.116s
 
VEC_MAT
 
178.7929000000001 178.8030000000001 201.2149000000001 201.2250000000001

real	0m21.682s
user	0m21.568s
sys	0m0.012s
 
992.6821000000002 992.6922000000003 1117.3464 1117.3565

real	0m13.597s
user	0m12.552s
sys	0m0.016s
 
390.3932 390.4204 450.7772000000001 450.8044

real	0m25.395s
user	0m25.344s
sys	0m0.008s
 
2166.9797 2167.0069 2502.7093 2502.7365

real	0m16.841s
user	0m16.788s
sys	0m0.012s
 
157975690.7399002 164380665.8450001

real	0m2.726s
user	0m2.716s
sys	0m0.000s
 
27065907086.64726 28163538210.734

real	0m5.697s
user	0m5.684s
sys	0m0.004s
 
128614163.4402999 133441028.6953997 138267893.9505

real	0m3.977s
user	0m3.612s
sys	0m0.000s
 
17202407856.50187 17848340807.38918 18494273758.27599

real	0m6.369s
user	0m6.300s
sys	0m0.008s
 
2.2266 2.2836 2.3406 2.397600000000001

real	0m3.169s
user	0m3.160s
sys	0m0.000s
 
73.52180000000001 74.6944 86.4204 87.59300000000002

real	0m12.813s
user	0m12.772s
sys	0m0.016s
 
609.1862 615.0844000000001 774.3358000000001 780.2340000000002

real	0m17.009s
user	0m16.984s
sys	0m0.000s
 
31020069.53999998 31057579.07999998 45948866.45999996 45986376.00000001

real	1m19.186s
user	1m18.484s
sys	0m0.068s
 
3948765877.809497 3955170852.914604 5863853434.234404 5870258409.339499

real	1m14.569s
user	1m13.136s
sys	0m0.096s
 
629070346650.9426 630167977775.031 934211799147.1235 935309430271.2021

real	0m42.901s
user	0m42.624s
sys	0m0.124s
 
72549439.0166 72565446.85879999 108086848.7006 108102856.5428001

real	1m13.160s
user	1m11.728s
sys	0m0.092s
 
324096005.6180002 324108897.3359997 483218480.892 483231372.6099998

real	0m37.786s
user	0m37.440s
sys	0m0.196s
 
10829665.1294 10829701.4254 15310551.5134 15310587.8094

real	0m27.816s
user	0m27.472s
sys	0m0.212s
 
107135690886248 108233331157370.3 147748380917728.1 148846021188851.3

real	0m39.674s
user	0m38.236s
sys	0m0.268s
 
MAT_VEC
 
178.7929000000001 178.8030000000001 201.2149000000001 201.2250000000001

real	0m9.852s
user	0m9.832s
sys	0m0.004s
 
992.6821000000002 992.6922000000003 1117.3464 1117.3565

real	0m7.099s
user	0m7.064s
sys	0m0.004s
 
390.3932 390.4204 450.7772000000001 450.8044

real	0m14.598s
user	0m14.564s
sys	0m0.008s
 
2166.9797 2167.0069 2502.7093 2502.7365

real	0m11.357s
user	0m11.312s
sys	0m0.016s
 
157975690.7399002 164380665.8450001

real	0m5.273s
user	0m5.248s
sys	0m0.016s
 
27065907086.64726 28163538210.734

real	0m6.116s
user	0m6.096s
sys	0m0.008s
 
128614163.4402999 133441028.6953997 138267893.9505

real	0m5.995s
user	0m5.984s
sys	0m0.000s
 
17202407856.50187 17848340807.38918 18494273758.27599

real	0m7.625s
user	0m7.564s
sys	0m0.008s
 
2.2266 2.2836 2.3406 2.397600000000001

real	0m2.733s
user	0m2.724s
sys	0m0.004s
 
73.52180000000001 74.6944 86.4204 87.59300000000002

real	0m11.537s
user	0m11.516s
sys	0m0.000s
 
609.1862 615.0844000000001 774.3358000000001 780.2340000000002

real	0m15.688s
user	0m15.656s
sys	0m0.008s
 
31020069.53999998 31057579.07999998 45948866.45999996 45986376.00000001

real	1m22.500s
user	1m21.116s
sys	0m0.064s
 
3948765877.809497 3955170852.914604 5863853434.234404 5870258409.339499

real	1m14.852s
user	1m13.600s
sys	0m0.092s
 
629070346650.9426 630167977775.031 934211799147.1235 935309430271.2021

real	0m38.794s
user	0m38.504s
sys	0m0.156s
 
72549439.0166 72565446.85879999 108086848.7006 108102856.5428001

real	1m17.308s
user	1m15.832s
sys	0m0.112s
 
324096005.6180002 324108897.3359997 483218480.892 483231372.6099998

real	0m45.519s
user	0m45.164s
sys	0m0.188s
 
10829665.1294 10829701.4254 15310551.5134 15310587.8094

real	0m43.642s
user	0m43.172s
sys	0m0.232s
 
107135690886248 108233331157370.3 147748380917728.1 148846021188851.3

real	0m29.152s
user	0m27.724s
sys	0m0.280s
 
OUTER
 
101.277 104.346 110.4774 113.8252

real	1m29.673s
user	1m29.444s
sys	0m0.020s
 
96.84840000000001 99.04950000000002 108.045 110.446

real	1m20.149s
user	1m19.736s
sys	0m0.020s
 
94.13800000000002 95.84960000000002 106.419 108.286

real	1m10.689s
user	1m9.608s
sys	0m0.016s
 
14.5684 14.5728 16.60140000000001 16.606

real	0m11.358s
user	0m11.316s
sys	0m0.008s
 
10.164 10.2025 11.913 11.9548

real	0m14.434s
user	0m14.408s
sys	0m0.000s
 
955.9242 956.3004 1135.8438 1136.254

real	0m23.094s
user	0m22.976s
sys	0m0.044s
 
86477.05440000001 86480.57660000001 102897.9582 102901.8004

real	0m17.964s
user	0m17.088s
sys	0m0.288s
 
27312.9912 27313.3443 32486.685 32487.07

real	0m12.432s
user	0m12.264s
sys	0m0.104s
 
MAT_MAT
 
8054296.570499997 8377212.617400005 11041896.78059999 11521723.02599998

real	0m19.386s
user	0m19.356s
sys	0m0.004s
 
67005585.50399998 69693523.28640002 92209626.6390001 96222702.65399998

real	0m25.913s
user	0m24.892s
sys	0m0.024s
 
56602.02200000002 58658.48450000003 83130.86099999996 86296.01680000003

real	0m12.372s
user	0m12.344s
sys	0m0.008s
 
297546749.5919997 308581623.7314994 440770097.583 457946307.1219999

real	0m18.845s
user	0m18.772s
sys	0m0.012s
 
8054296.570499997 8144829.910200007 11426434.83180001 11521723.02599998

real	0m13.008s
user	0m12.988s
sys	0m0.000s
 
67005585.50399998 67746880.83150004 95442432.67260008 96222702.65399998

real	0m17.951s
user	0m17.868s
sys	0m0.016s
 
56602.02200000002 56765.4044 86117.12820000002 86296.01680000003

real	0m9.392s
user	0m9.364s
sys	0m0.012s
 
297546749.5919997 299613096.1240003 455678605.3310006 457946307.1219999

real	0m25.090s
user	0m24.952s
sys	0m0.016s
 
301.3441 301.7106 379.168 379.5840000000001

real	0m15.504s
user	0m14.572s
sys	0m0.012s
 
45022.4809 45027.16379999999 57025.89409999999 57031.226

real	0m23.067s
user	0m22.832s
sys	0m0.116s
 
79343.34260000002 79353.49420000002 105856.4262 105868.395

real	0m17.638s
user	0m17.504s
sys	0m0.068s
 
77470.43699999999 77485.73999999999 107948.34 107966.91

real	0m13.089s
user	0m12.988s
sys	0m0.044s
 
109.241 111.7864 142.1856 145.251

real	0m12.086s
user	0m12.032s
sys	0m0.004s
 
1739639.1343 1765026.6362 3156552.835599999 3194056.931000001

real	0m25.862s
user	0m25.816s
sys	0m0.004s
 
40128631.98950006 40455680.77900002 81101463.51099998 81608296.35000008

real	0m22.098s
user	0m20.956s
sys	0m0.024s
 
185145.8628 186726.9552 353878.6176 356259.936

real	0m23.600s
user	0m23.544s
sys	0m0.008s
 
5650057.303000003 5674398.905999999 11835110.684 11873364.25000001

real	0m25.116s
user	0m25.048s
sys	0m0.004s
 
3539227257.462 3543179262.324003 8019509498.519998 8025995052.400001

real	0m32.643s
user	0m32.412s
sys	0m0.064s
 
66219776245.92168 66260257446.05717 151986883006.3699 152053753059.55

real	0m39.409s
user	0m38.796s
sys	0m0.112s
 
166212294937.3991 166288626284.498 382568140639.0098 382694366833.2999

real	0m34.562s
user	0m34.236s
sys	0m0.184s
 
608720333715.4655 608956501509.1871 1405127495482.165 1405518727998.903

real	1m9.623s
user	1m9.048s
sys	0m0.296s
 
TRANS1
 
8054296.570499997 8377212.617400005 11041896.78059999 11521723.02599998

real	0m10.599s
user	0m10.544s
sys	0m0.008s
 
67005585.50399998 69693523.28640002 92209626.6390001 96222702.65399998

real	0m14.411s
user	0m13.376s
sys	0m0.012s
 
56602.02200000002 58658.48450000003 83130.86099999996 86296.01680000003

real	0m8.092s
user	0m8.024s
sys	0m0.004s
 
297546749.5919997 308581623.7314994 440770097.583 457946307.1219999

real	0m14.619s
user	0m14.524s
sys	0m0.036s
 
8054296.570499997 8144829.910200007 11426434.83180001 11521723.02599998

real	0m10.522s
user	0m10.500s
sys	0m0.004s
 
67005585.50399998 67746880.83150004 95442432.67260008 96222702.65399998

real	0m14.793s
user	0m14.720s
sys	0m0.004s
 
56602.02200000002 56765.4044 86117.12820000002 86296.01680000003

real	0m8.453s
user	0m8.048s
sys	0m0.004s
 
297546749.5919997 299613096.1240003 455678605.3310006 457946307.1219999

real	0m23.897s
user	0m23.792s
sys	0m0.024s
 
301.3441 301.7106 379.168 379.5840000000001

real	0m23.582s
user	0m23.508s
sys	0m0.020s
 
45022.4809 45027.16379999999 57025.89409999999 57031.226

real	0m20.029s
user	0m19.544s
sys	0m0.064s
 
79343.34260000002 79353.49420000002 105856.4262 105868.395

real	0m15.575s
user	0m15.432s
sys	0m0.072s
 
77470.43699999999 77485.73999999999 107948.34 107966.91

real	0m11.315s
user	0m11.216s
sys	0m0.048s
 
109.241 111.7864 142.1856 145.251

real	0m10.578s
user	0m10.564s
sys	0m0.004s
 
1739639.1343 1765026.6362 3156552.835599999 3194056.931000001

real	0m20.658s
user	0m20.576s
sys	0m0.016s
 
40128631.98950006 40455680.77900002 81101463.51099998 81608296.35000008

real	0m17.798s
user	0m17.748s
sys	0m0.000s
 
185145.8628 186726.9552 353878.6176 356259.936

real	0m23.159s
user	0m23.112s
sys	0m0.004s
 
5650057.303000003 5674398.905999999 11835110.684 11873364.25000001

real	0m21.920s
user	0m20.948s
sys	0m0.024s
 
3539227257.462 3543179262.324003 8019509498.519998 8025995052.400001

real	0m31.542s
user	0m31.392s
sys	0m0.036s
 
66219776245.92168 66260257446.05717 151986883006.3699 152053753059.55

real	0m38.003s
user	0m37.672s
sys	0m0.144s
 
166212294937.3991 166288626284.498 382568140639.0098 382694366833.2999

real	0m34.726s
user	0m33.420s
sys	0m0.156s
 
608720333715.4655 608956501509.1871 1405127495482.165 1405518727998.903

real	1m7.888s
user	1m7.296s
sys	0m0.320s
 
1512441.733 1524415.266 2968657.650000001 2986772.5

real	0m14.001s
user	0m13.972s
sys	0m0.000s
 
608720333715.4655 608956501509.1871 1405127495482.165 1405518727998.903

real	0m35.364s
user	0m34.952s
sys	0m0.204s
 
TRANS2
 
8054296.570499997 8377212.617400005 11041896.78059999 11521723.02599998

real	0m21.171s
user	0m20.260s
sys	0m0.000s
 
67005585.50399998 69693523.28640002 92209626.6390001 96222702.65399998

real	0m29.455s
user	0m29.376s
sys	0m0.008s
 
56602.02200000002 58658.48450000003 83130.86099999996 86296.01680000003

real	0m13.079s
user	0m13.048s
sys	0m0.016s
 
297546749.5919997 308581623.7314994 440770097.583 457946307.1219999

real	0m23.186s
user	0m23.060s
sys	0m0.020s
 
8054296.570499997 8144829.910200007 11426434.83180001 11521723.02599998

real	0m13.205s
user	0m13.160s
sys	0m0.012s
 
67005585.50399998 67746880.83150004 95442432.67260008 96222702.65399998

real	0m16.683s
user	0m16.612s
sys	0m0.020s
 
56602.02200000002 56765.4044 86117.12820000002 86296.01680000003

real	0m10.296s
user	0m9.412s
sys	0m0.000s
 
297546749.5919997 299613096.1240003 455678605.3310006 457946307.1219999

real	0m26.075s
user	0m25.928s
sys	0m0.044s
 
301.3441 301.7106 379.168 379.5840000000001

real	0m14.593s
user	0m14.564s
sys	0m0.004s
 
45022.4809 45027.16379999999 57025.89409999999 57031.226

real	0m23.522s
user	0m22.832s
sys	0m0.064s
 
79343.34260000002 79353.49420000002 105856.4262 105868.395

real	0m17.675s
user	0m17.480s
sys	0m0.124s
 
77470.43699999999 77485.73999999999 107948.34 107966.91

real	0m13.098s
user	0m12.996s
sys	0m0.036s
 
109.241 111.7864 142.1856 145.251

real	0m12.592s
user	0m12.572s
sys	0m0.004s
 
1739639.1343 1765026.6362 3156552.835599999 3194056.931000001

real	0m27.189s
user	0m26.144s
sys	0m0.000s
 
40128631.98950006 40455680.77900002 81101463.51099998 81608296.35000008

real	0m20.947s
user	0m20.856s
sys	0m0.024s
 
185145.8628 186726.9552 353878.6176 356259.936

real	0m24.155s
user	0m24.116s
sys	0m0.004s
 
5650057.303000003 5674398.905999999 11835110.684 11873364.25000001

real	0m25.074s
user	0m24.956s
sys	0m0.004s
 
3539227257.462 3543179262.324003 8019509498.519998 8025995052.400001

real	0m34.170s
user	0m33.620s
sys	0m0.072s
 
66219776245.92168 66260257446.05717 151986883006.3699 152053753059.55

real	0m39.791s
user	0m39.508s
sys	0m0.124s
 
166212294937.3991 166288626284.498 382568140639.0098 382694366833.2999

real	0m35.068s
user	0m34.696s
sys	0m0.200s
 
608720333715.4655 608956501509.1871 1405127495482.165 1405518727998.903

real	1m10.846s
user	1m9.952s
sys	0m0.260s
 
1512441.733 1524415.266 2968657.650000001 2986772.5

real	0m13.995s
user	0m13.968s
sys	0m0.000s
 
608720333715.4655 608956501509.1871 1405127495482.165 1405518727998.903

real	0m35.717s
user	0m35.384s
sys	0m0.176s
 
TRANS12
 
8054296.570499997 8377212.617400005 11041896.78059999 11521723.02599998

real	0m10.587s
user	0m10.552s
sys	0m0.016s
 
67005585.50399998 69693523.28640002 92209626.6390001 96222702.65399998

real	0m17.196s
user	0m17.144s
sys	0m0.020s
 
56602.02200000002 58658.48450000003 83130.86099999996 86296.01680000003

real	0m8.013s
user	0m7.980s
sys	0m0.000s
 
297546749.5919997 308581623.7314994 440770097.583 457946307.1219999

real	0m23.096s
user	0m22.080s
sys	0m0.020s
 
8054296.570499997 8144829.910200007 11426434.83180001 11521723.02599998

real	0m10.542s
user	0m10.516s
sys	0m0.000s
 
67005585.50399998 67746880.83150004 95442432.67260008 96222702.65399998

real	0m13.211s
user	0m13.164s
sys	0m0.020s
 
56602.02200000002 56765.4044 86117.12820000002 86296.01680000003

real	0m8.070s
user	0m8.044s
sys	0m0.012s
 
297546749.5919997 299613096.1240003 455678605.3310006 457946307.1219999

real	0m27.575s
user	0m27.448s
sys	0m0.012s
 
301.3441 301.7106 379.168 379.5840000000001

real	0m24.022s
user	0m23.980s
sys	0m0.004s
 
45022.4809 45027.16379999999 57025.89409999999 57031.226

real	0m21.047s
user	0m19.856s
sys	0m0.116s
 
79343.34260000002 79353.49420000002 105856.4262 105868.395

real	0m16.072s
user	0m15.956s
sys	0m0.040s
 
77470.43699999999 77485.73999999999 107948.34 107966.91

real	0m11.566s
user	0m11.444s
sys	0m0.064s
 
109.241 111.7864 142.1856 145.251

real	0m10.709s
user	0m10.696s
sys	0m0.000s
 
1739639.1343 1765026.6362 3156552.835599999 3194056.931000001

real	0m20.593s
user	0m20.528s
sys	0m0.000s
 
40128631.98950006 40455680.77900002 81101463.51099998 81608296.35000008

real	0m17.873s
user	0m17.308s
sys	0m0.020s
 
185145.8628 186726.9552 353878.6176 356259.936

real	0m28.893s
user	0m28.848s
sys	0m0.000s
 
5650057.303000003 5674398.905999999 11835110.684 11873364.25000001

real	0m22.313s
user	0m21.224s
sys	0m0.020s
 
3539227257.462 3543179262.324003 8019509498.519998 8025995052.400001

real	1m4.175s
user	1m3.788s
sys	0m0.076s
 
66219776245.92168 66260257446.05717 151986883006.3699 152053753059.55

real	1m27.671s
user	1m26.172s
sys	0m0.204s
 
166212294937.3991 166288626284.498 382568140639.0098 382694366833.2999

real	1m21.467s
user	1m20.608s
sys	0m0.216s
 
608720333715.4655 608956501509.1871 1405127495482.165 1405518727998.903

real	2m52.428s
user	2m50.340s
sys	0m0.332s
 
SPECIAL
 
0.04840000000000001

real	0m4.254s
user	0m4.244s
sys	0m0.004s
 
0.04840000000000001

real	0m4.793s
user	0m4.780s
sys	0m0.000s
 
0.04840000000000001

real	0m1.610s
user	0m1.560s
sys	0m0.000s
 
53.79660000000001 53.79880000000001 58.68060000000001 58.68280000000001

real	0m15.624s
user	0m15.596s
sys	0m0.004s
 
53.79660000000001 53.79880000000001 58.68060000000001 58.68280000000001

real	0m53.950s
user	0m52.968s
sys	0m0.016s
 
9698907.663399996

real	0m8.153s
user	0m8.140s
sys	0m0.004s
 
9698907.663399996

real	0m2.641s
user	0m2.624s
sys	0m0.004s
 
0.04840000000000001

real	0m6.037s
user	0m6.024s
sys	0m0.000s
 
53.79660000000001 53.79880000000001 58.68060000000001 58.68280000000001

real	0m15.772s
user	0m15.744s
sys	0m0.008s
 
53.79660000000001 53.79880000000001 58.68060000000001 58.68280000000001

real	2m5.923s
user	2m4.472s
sys	0m0.036s
 
9698907.663399996

real	0m8.183s
user	0m8.164s
sys	0m0.008s
 
3948765877.809497 3955170852.914604 5863853434.234404 5870258409.339499

real	0m56.537s
user	0m55.248s
sys	0m0.060s
 
3948765877.809497 3955170852.914604 5863853434.234404 5870258409.339499

real	1m13.717s
user	1m13.288s
sys	0m0.048s
 
0.04840000000000001

real	0m5.497s
user	0m5.488s
sys	0m0.000s
 
53.79660000000001 53.79880000000001 58.68060000000001 58.68280000000001

real	0m43.156s
user	0m42.028s
sys	0m0.036s
 
53.79660000000001 53.79880000000001 58.68060000000001 58.68280000000001

real	0m57.074s
user	0m56.948s
sys	0m0.012s
 
9698907.663399996

real	0m2.647s
user	0m2.636s
sys	0m0.004s
 
3948765877.809497 3955170852.914604 5863853434.234404 5870258409.339499

real	0m55.235s
user	0m54.892s
sys	0m0.032s
 
3948765877.809497 3955170852.914604 5863853434.234404 5870258409.339499

real	0m55.380s
user	0m54.760s
sys	0m0.076s
 
0.04840000000000001

real	0m6.657s
user	0m6.648s
sys	0m0.000s
 
53.79660000000001 53.79880000000001 58.68060000000001 58.68280000000001

real	0m15.790s
user	0m15.732s
sys	0m0.004s
 
53.79660000000001 53.79880000000001 58.68060000000001 58.68280000000001

real	2m18.705s
user	2m17.080s
sys	0m0.016s
 
9698907.663399996

real	0m8.190s
user	0m8.176s
sys	0m0.004s
 
3948765877.809497 3955170852.914604 5863853434.234404 5870258409.339499

real	0m56.598s
user	0m55.256s
sys	0m0.068s
 
3948765877.809497 3955170852.914604 5863853434.234404 5870258409.339499

real	2m30.114s
user	2m28.412s
sys	0m0.128s
 
0.04840000000000001

real	0m5.892s
user	0m5.880s
sys	0m0.000s
 
53.79660000000001 53.79880000000001 58.68060000000001 58.68280000000001

real	0m42.011s
user	0m41.912s
sys	0m0.016s
 
53.79660000000001 53.79880000000001 58.68060000000001 58.68280000000001

real	0m57.958s
user	0m56.972s
sys	0m0.016s
 
9698907.663399996

real	0m2.652s
user	0m2.640s
sys	0m0.004s
 
3948765877.809497 3955170852.914604 5863853434.234404 5870258409.339499

real	0m55.197s
user	0m54.884s
sys	0m0.076s
 
3948765877.809497 3955170852.914604 5863853434.234404 5870258409.339499

real	2m8.949s
user	2m7.004s
sys	0m0.124s
 
3037.1121 3037.6632 3611.409 3612.01

real	0m26.367s
user	0m26.180s
sys	0m0.052s
 
3037.1121 3037.6632 3611.409 3612.01

real	0m26.347s
user	0m26.228s
sys	0m0.016s
 
3037.1121 3037.6632 3611.409 3612.01

real	0m25.095s
user	0m24.436s
sys	0m0.016s
 
3037.1121 3037.6632 3611.409 3612.01

real	0m24.558s
user	0m24.408s
sys	0m0.048s
 
SEQUENCE
 
37624.35618 38872.44188 52954.76458 54712.31628

real	0m16.310s
user	0m15.472s
sys	0m0.004s
 
4350478614.186048 4405620767.888449 7321622135.843186 7393481577.214199

real	0m11.537s
user	0m11.472s
sys	0m0.000s
 
48832437279.8918 49241016265.74157 88512227219.28583 89040617812.03206

real	0m53.797s
user	0m53.516s
sys	0m0.048s
 
18696443068.18007 18840087100.15867 37617583432.7108 37823564976.3486

real	0m13.364s
user	0m13.300s
sys	0m0.004s
 
4.901614166865179e+18 4.912723296455448e+18 1.084442578747924e+19 1.086100449795465e+19

real	0m18.673s
user	0m18.536s
sys	0m0.028s
 
1.647418946230568e+16 1.649160037624473e+16 3.768465979697054e+16 3.771108024027194e+16

real	0m49.451s
user	0m48.192s
sys	0m0.092s
 
4.48881116501821e+17 4.490640601531962e+17 1.03730934601686e+18 1.03758774958278e+18

real	0m32.977s
user	0m32.696s
sys	0m0.168s
 
4.48881116501821e+17 4.490640601531962e+17 1.03730934601686e+18 1.03758774958278e+18

real	1m5.603s
user	1m4.132s
sys	0m0.232s
 
4.48881116501821e+17 4.490640601531962e+17 1.03730934601686e+18 1.03758774958278e+18

real	1m3.696s
user	1m3.248s
sys	0m0.188s
 
8.382424294553979e+29 8.385850640122295e+29 1.937388035390321e+30 1.93790724339292e+30

real	0m36.883s
user	0m36.524s
sys	0m0.236s
 
8.382424294553979e+29 8.385850640122295e+29 1.937388035390321e+30 1.93790724339292e+30

real	0m37.345s
user	0m35.952s
sys	0m0.216s
 
8.382424294553979e+29 8.385850640122295e+29 1.937388035390321e+30 1.93790724339292e+30

real	0m35.972s
user	0m35.608s
sys	0m0.240s
 
8.382424294553979e+29 8.385850640122295e+29 1.937388035390321e+30 1.93790724339292e+30

real	0m40.404s
user	0m40.024s
sys	0m0.220s
 
8.382424294553979e+29 8.385850640122295e+29 1.937388035390321e+30 1.93790724339292e+30

real	0m34.764s
user	0m33.424s
sys	0m0.208s
 
8.382424294553979e+29 8.385850640122295e+29 1.937388035390321e+30 1.93790724339292e+30

real	0m33.629s
user	0m33.360s
sys	0m0.160s
 
374124590164.9393 378323909405.297 483306890414.2386 487506209654.5964

real	0m11.577s
user	0m11.560s
sys	0m0.000s
 
8003498375443.188 8040830216224.574 11400695886549.59 11438027727330.98

real	0m13.823s
user	0m13.352s
sys	0m0.028s
 
467292080353.7709 473215316635.7608 603526514839.5372 609449751121.5272

real	0m8.463s
user	0m8.452s
sys	0m0.000s
 
22856685758006.32 23032721850853.32 32186598678896.97 32362634771743.98

real	0m9.903s
user	0m9.876s
sys	0m0.004s
