 
SCALAR_VEC
 
0.5808000000000001 0.5830000000000002 0.6270000000000002 0.6292000000000002

real	0m20.626s
user	0m20.584s
sys	0m0.000s
 
46.0284 46.03060000000001 50.20620000000001 50.2084

real	0m31.725s
user	0m30.804s
sys	0m0.020s
 
29876.5456 29876.5478 32592.58860000001 32592.59080000001

real	0m16.552s
user	0m16.372s
sys	0m0.116s
 
VEC_VEC
 
174.0387

real	0m5.271s
user	0m5.260s
sys	0m0.004s
 
9698907.663399996

real	0m2.248s
user	0m2.244s
sys	0m0.000s
 
24900423491.09201

real	0m3.721s
user	0m3.712s
sys	0m0.000s
 
24900741320632.71

real	0m21.897s
user	0m21.756s
sys	0m0.016s
 
2.490083360868967e+16

real	0m22.551s
user	0m22.316s
sys	0m0.152s
 
VEC_MAT
 
178.7929000000001 178.8030000000001 201.2149000000001 201.2250000000001

real	0m21.272s
user	0m21.212s
sys	0m0.008s
 
992.6821000000002 992.6922000000003 1117.3464 1117.3565

real	0m13.478s
user	0m12.540s
sys	0m0.008s
 
390.3932 390.4204 450.7772000000001 450.8044

real	0m25.403s
user	0m25.344s
sys	0m0.004s
 
2166.9797 2167.0069 2502.7093 2502.7365

real	0m16.090s
user	0m16.024s
sys	0m0.028s
 
157975690.7399002 164380665.8450001

real	0m2.726s
user	0m2.716s
sys	0m0.004s
 
27065907086.64726 28163538210.734

real	0m3.366s
user	0m3.360s
sys	0m0.000s
 
128614163.4402999 133441028.6953997 138267893.9505

real	0m3.617s
user	0m3.604s
sys	0m0.004s
 
17202407856.50187 17848340807.38918 18494273758.27599

real	0m4.653s
user	0m4.604s
sys	0m0.004s
 
2.2266 2.2836 2.3406 2.397600000000001

real	0m3.190s
user	0m3.184s
sys	0m0.000s
 
73.52180000000001 74.6944 86.4204 87.59300000000002

real	0m12.806s
user	0m12.788s
sys	0m0.000s
 
609.1862 615.0844000000001 774.3358000000001 780.2340000000002

real	0m17.046s
user	0m17.016s
sys	0m0.004s
 
31020069.53999998 31057579.07999998 45948866.45999996 45986376.00000001

real	1m19.208s
user	1m18.536s
sys	0m0.068s
 
3948765877.809497 3955170852.914604 5863853434.234404 5870258409.339499

real	1m14.595s
user	1m13.140s
sys	0m0.072s
 
629070346650.9426 630167977775.031 934211799147.1235 935309430271.2021

real	0m43.763s
user	0m43.424s
sys	0m0.192s
 
72549439.0166 72565446.85879999 108086848.7006 108102856.5428001

real	1m12.515s
user	1m11.756s
sys	0m0.092s
 
324096005.6180002 324108897.3359997 483218480.892 483231372.6099998

real	0m37.747s
user	0m37.360s
sys	0m0.200s
 
10829665.1294 10829701.4254 15310551.5134 15310587.8094

real	0m27.855s
user	0m27.028s
sys	0m0.224s
 
107135690886248 108233331157370.3 147748380917728.1 148846021188851.3

real	0m38.345s
user	0m37.948s
sys	0m0.236s
 
MAT_VEC
 
178.7929000000001 178.8030000000001 201.2149000000001 201.2250000000001

real	0m10.126s
user	0m9.836s
sys	0m0.016s
 
992.6821000000002 992.6922000000003 1117.3464 1117.3565

real	0m6.566s
user	0m6.540s
sys	0m0.004s
 
390.3932 390.4204 450.7772000000001 450.8044

real	0m14.608s
user	0m14.576s
sys	0m0.004s
 
2166.9797 2167.0069 2502.7093 2502.7365

real	0m13.002s
user	0m12.956s
sys	0m0.004s
 
157975690.7399002 164380665.8450001

real	0m5.272s
user	0m5.264s
sys	0m0.000s
 
27065907086.64726 28163538210.734

real	0m5.911s
user	0m5.896s
sys	0m0.004s
 
128614163.4402999 133441028.6953997 138267893.9505

real	0m6.175s
user	0m6.164s
sys	0m0.000s
 
17202407856.50187 17848340807.38918 18494273758.27599

real	0m6.464s
user	0m6.448s
sys	0m0.000s
 
2.2266 2.2836 2.3406 2.397600000000001

real	0m2.800s
user	0m2.788s
sys	0m0.000s
 
73.52180000000001 74.6944 86.4204 87.59300000000002

real	0m11.785s
user	0m11.512s
sys	0m0.008s
 
609.1862 615.0844000000001 774.3358000000001 780.2340000000002

real	0m15.715s
user	0m15.684s
sys	0m0.008s
 
31020069.53999998 31057579.07999998 45948866.45999996 45986376.00000001

real	1m22.673s
user	1m21.332s
sys	0m0.064s
 
3948765877.809497 3955170852.914604 5863853434.234404 5870258409.339499

real	1m15.113s
user	1m13.788s
sys	0m0.092s
 
629070346650.9426 630167977775.031 934211799147.1235 935309430271.2021

real	0m38.681s
user	0m38.348s
sys	0m0.188s
 
72549439.0166 72565446.85879999 108086848.7006 108102856.5428001

real	1m17.330s
user	1m15.972s
sys	0m0.076s
 
324096005.6180002 324108897.3359997 483218480.892 483231372.6099998

real	0m45.332s
user	0m44.988s
sys	0m0.176s
 
10829665.1294 10829701.4254 15310551.5134 15310587.8094

real	0m43.426s
user	0m42.964s
sys	0m0.268s
 
107135690886248 108233331157370.3 147748380917728.1 148846021188851.3

real	0m29.106s
user	0m27.788s
sys	0m0.216s
 
OUTER
 
101.277 104.346 110.4774 113.8252

real	1m33.132s
user	1m32.504s
sys	0m0.032s
 
96.84840000000001 99.04950000000002 108.045 110.446

real	1m20.791s
user	1m19.724s
sys	0m0.020s
 
94.13800000000002 95.84960000000002 106.419 108.286

real	1m3.677s
user	1m2.512s
sys	0m0.016s
 
14.5684 14.5728 16.60140000000001 16.606

real	0m11.427s
user	0m11.396s
sys	0m0.000s
 
10.164 10.2025 11.913 11.9548

real	0m14.429s
user	0m14.400s
sys	0m0.000s
 
955.9242 956.3004 1135.8438 1136.254

real	0m21.913s
user	0m21.824s
sys	0m0.016s
 
86477.05440000001 86480.57660000001 102897.9582 102901.8004

real	0m17.460s
user	0m16.988s
sys	0m0.344s
 
27312.9912 27313.3443 32486.685 32487.07

real	0m12.679s
user	0m12.536s
sys	0m0.092s
 
MAT_MAT
 
8054296.570499997 8377212.617400005 11041896.78059999 11521723.02599998

real	0m19.272s
user	0m19.232s
sys	0m0.008s
 
67005585.50399998 69693523.28640002 92209626.6390001 96222702.65399998

real	0m24.459s
user	0m24.080s
sys	0m0.012s
 
56602.02200000002 58658.48450000003 83130.86099999996 86296.01680000003

real	0m12.380s
user	0m12.340s
sys	0m0.008s
 
297546749.5919997 308581623.7314994 440770097.583 457946307.1219999

real	0m18.677s
user	0m18.604s
sys	0m0.008s
 
8054296.570499997 8144829.910200007 11426434.83180001 11521723.02599998

real	0m13.063s
user	0m13.000s
sys	0m0.004s
 
67005585.50399998 67746880.83150004 95442432.67260008 96222702.65399998

real	0m16.501s
user	0m16.456s
sys	0m0.012s
 
56602.02200000002 56765.4044 86117.12820000002 86296.01680000003

real	0m9.449s
user	0m9.376s
sys	0m0.000s
 
297546749.5919997 299613096.1240003 455678605.3310006 457946307.1219999

real	0m25.156s
user	0m25.024s
sys	0m0.048s
 
301.3441 301.7106 379.168 379.5840000000001

real	0m14.615s
user	0m14.580s
sys	0m0.004s
 
45022.4809 45027.16379999999 57025.89409999999 57031.226

real	0m24.157s
user	0m22.900s
sys	0m0.084s
 
79343.34260000002 79353.49420000002 105856.4262 105868.395

real	0m17.650s
user	0m17.456s
sys	0m0.116s
 
77470.43699999999 77485.73999999999 107948.34 107966.91

real	0m13.092s
user	0m12.964s
sys	0m0.076s
 
109.241 111.7864 142.1856 145.251

real	0m12.049s
user	0m12.028s
sys	0m0.004s
 
1739639.1343 1765026.6362 3156552.835599999 3194056.931000001

real	0m25.916s
user	0m25.828s
sys	0m0.000s
 
40128631.98950006 40455680.77900002 81101463.51099998 81608296.35000008

real	0m20.861s
user	0m20.756s
sys	0m0.044s
 
185145.8628 186726.9552 353878.6176 356259.936

real	0m24.460s
user	0m23.580s
sys	0m0.008s
 
5650057.303000003 5674398.905999999 11835110.684 11873364.25000001

real	0m25.395s
user	0m25.268s
sys	0m0.008s
 
3539227257.462 3543179262.324003 8019509498.519998 8025995052.400001

real	0m32.975s
user	0m32.344s
sys	0m0.088s
 
66219776245.92168 66260257446.05717 151986883006.3699 152053753059.55

real	0m38.955s
user	0m38.720s
sys	0m0.100s
 
166212294937.3991 166288626284.498 382568140639.0098 382694366833.2999

real	0m35.670s
user	0m34.244s
sys	0m0.228s
 
608720333715.4655 608956501509.1871 1405127495482.165 1405518727998.903

real	1m9.625s
user	1m9.100s
sys	0m0.244s
 
TRANS1
 
8054296.570499997 8377212.617400005 11041896.78059999 11521723.02599998

real	0m10.553s
user	0m10.532s
sys	0m0.008s
 
67005585.50399998 69693523.28640002 92209626.6390001 96222702.65399998

real	0m13.289s
user	0m13.216s
sys	0m0.004s
 
56602.02200000002 58658.48450000003 83130.86099999996 86296.01680000003

real	0m8.926s
user	0m8.052s
sys	0m0.000s
 
297546749.5919997 308581623.7314994 440770097.583 457946307.1219999

real	0m14.238s
user	0m14.156s
sys	0m0.020s
 
8054296.570499997 8144829.910200007 11426434.83180001 11521723.02599998

real	0m10.534s
user	0m10.496s
sys	0m0.016s
 
67005585.50399998 67746880.83150004 95442432.67260008 96222702.65399998

real	0m13.163s
user	0m13.136s
sys	0m0.004s
 
56602.02200000002 56765.4044 86117.12820000002 86296.01680000003

real	0m8.059s
user	0m8.044s
sys	0m0.000s
 
297546749.5919997 299613096.1240003 455678605.3310006 457946307.1219999

real	0m23.756s
user	0m23.616s
sys	0m0.012s
 
301.3441 301.7106 379.168 379.5840000000001

real	0m23.552s
user	0m23.504s
sys	0m0.008s
 
45022.4809 45027.16379999999 57025.89409999999 57031.226

real	0m20.819s
user	0m19.572s
sys	0m0.084s
 
79343.34260000002 79353.49420000002 105856.4262 105868.395

real	0m15.574s
user	0m15.428s
sys	0m0.072s
 
77470.43699999999 77485.73999999999 107948.34 107966.91

real	0m11.214s
user	0m11.096s
sys	0m0.052s
 
109.241 111.7864 142.1856 145.251

real	0m10.581s
user	0m10.564s
sys	0m0.004s
 
1739639.1343 1765026.6362 3156552.835599999 3194056.931000001

real	0m20.635s
user	0m20.592s
sys	0m0.016s
 
40128631.98950006 40455680.77900002 81101463.51099998 81608296.35000008

real	0m16.874s
user	0m16.792s
sys	0m0.004s
 
185145.8628 186726.9552 353878.6176 356259.936

real	0m23.150s
user	0m23.112s
sys	0m0.000s
 
5650057.303000003 5674398.905999999 11835110.684 11873364.25000001

real	0m22.049s
user	0m21.048s
sys	0m0.008s
 
3539227257.462 3543179262.324003 8019509498.519998 8025995052.400001

real	0m31.598s
user	0m31.436s
sys	0m0.040s
 
66219776245.92168 66260257446.05717 151986883006.3699 152053753059.55

real	0m37.984s
user	0m37.720s
sys	0m0.108s
 
166212294937.3991 166288626284.498 382568140639.0098 382694366833.2999

real	0m33.636s
user	0m33.352s
sys	0m0.168s
 
608720333715.4655 608956501509.1871 1405127495482.165 1405518727998.903

real	1m8.270s
user	1m7.440s
sys	0m0.248s
 
1512441.733 1524415.266 2968657.650000001 2986772.5

real	0m14.437s
user	0m13.980s
sys	0m0.000s
 
608720333715.4655 608956501509.1871 1405127495482.165 1405518727998.903

real	0m35.226s
user	0m34.896s
sys	0m0.216s
 
TRANS2
 
8054296.570499997 8377212.617400005 11041896.78059999 11521723.02599998

real	0m21.263s
user	0m20.256s
sys	0m0.012s
 
67005585.50399998 69693523.28640002 92209626.6390001 96222702.65399998

real	0m29.115s
user	0m29.028s
sys	0m0.004s
 
56602.02200000002 58658.48450000003 83130.86099999996 86296.01680000003

real	0m12.979s
user	0m12.956s
sys	0m0.008s
 
297546749.5919997 308581623.7314994 440770097.583 457946307.1219999

real	0m23.633s
user	0m23.500s
sys	0m0.028s
 
8054296.570499997 8144829.910200007 11426434.83180001 11521723.02599998

real	0m13.135s
user	0m13.112s
sys	0m0.004s
 
67005585.50399998 67746880.83150004 95442432.67260008 96222702.65399998

real	0m21.545s
user	0m21.496s
sys	0m0.004s
 
56602.02200000002 56765.4044 86117.12820000002 86296.01680000003

real	0m9.434s
user	0m9.404s
sys	0m0.004s
 
297546749.5919997 299613096.1240003 455678605.3310006 457946307.1219999

real	0m26.944s
user	0m25.728s
sys	0m0.040s
 
301.3441 301.7106 379.168 379.5840000000001

real	0m14.592s
user	0m14.520s
sys	0m0.004s
 
45022.4809 45027.16379999999 57025.89409999999 57031.226

real	0m23.036s
user	0m22.864s
sys	0m0.080s
 
79343.34260000002 79353.49420000002 105856.4262 105868.395

real	0m17.684s
user	0m17.504s
sys	0m0.080s
 
77470.43699999999 77485.73999999999 107948.34 107966.91

real	0m13.094s
user	0m12.984s
sys	0m0.048s
 
109.241 111.7864 142.1856 145.251

real	0m12.625s
user	0m12.572s
sys	0m0.000s
 
1739639.1343 1765026.6362 3156552.835599999 3194056.931000001

real	0m27.035s
user	0m26.140s
sys	0m0.000s
 
40128631.98950006 40455680.77900002 81101463.51099998 81608296.35000008

real	0m21.291s
user	0m21.192s
sys	0m0.028s
 
185145.8628 186726.9552 353878.6176 356259.936

real	0m24.154s
user	0m24.116s
sys	0m0.008s
 
5650057.303000003 5674398.905999999 11835110.684 11873364.25000001

real	0m25.314s
user	0m25.180s
sys	0m0.012s
 
3539227257.462 3543179262.324003 8019509498.519998 8025995052.400001

real	0m33.590s
user	0m33.396s
sys	0m0.080s
 
66219776245.92168 66260257446.05717 151986883006.3699 152053753059.55

real	0m40.636s
user	0m39.368s
sys	0m0.148s
 
166212294937.3991 166288626284.498 382568140639.0098 382694366833.2999

real	0m34.999s
user	0m34.672s
sys	0m0.184s
 
608720333715.4655 608956501509.1871 1405127495482.165 1405518727998.903

real	1m11.440s
user	1m9.904s
sys	0m0.312s
 
1512441.733 1524415.266 2968657.650000001 2986772.5

real	0m14.090s
user	0m14.060s
sys	0m0.000s
 
608720333715.4655 608956501509.1871 1405127495482.165 1405518727998.903

real	0m36.215s
user	0m35.432s
sys	0m0.152s
 
TRANS12
 
8054296.570499997 8377212.617400005 11041896.78059999 11521723.02599998

real	0m10.554s
user	0m10.528s
sys	0m0.012s
 
67005585.50399998 69693523.28640002 92209626.6390001 96222702.65399998

real	0m18.125s
user	0m18.076s
sys	0m0.004s
 
56602.02200000002 58658.48450000003 83130.86099999996 86296.01680000003

real	0m7.983s
user	0m7.972s
sys	0m0.004s
 
297546749.5919997 308581623.7314994 440770097.583 457946307.1219999

real	0m23.170s
user	0m22.744s
sys	0m0.020s
 
8054296.570499997 8144829.910200007 11426434.83180001 11521723.02599998

real	0m10.552s
user	0m10.516s
sys	0m0.004s
 
67005585.50399998 67746880.83150004 95442432.67260008 96222702.65399998

real	0m13.287s
user	0m13.236s
sys	0m0.020s
 
56602.02200000002 56765.4044 86117.12820000002 86296.01680000003

real	0m8.069s
user	0m8.056s
sys	0m0.000s
 
297546749.5919997 299613096.1240003 455678605.3310006 457946307.1219999

real	0m27.200s
user	0m27.040s
sys	0m0.020s
 
301.3441 301.7106 379.168 379.5840000000001

real	0m24.062s
user	0m23.976s
sys	0m0.008s
 
45022.4809 45027.16379999999 57025.89409999999 57031.226

real	0m19.998s
user	0m19.812s
sys	0m0.096s
 
79343.34260000002 79353.49420000002 105856.4262 105868.395

real	0m16.993s
user	0m15.896s
sys	0m0.056s
 
77470.43699999999 77485.73999999999 107948.34 107966.91

real	0m11.361s
user	0m11.248s
sys	0m0.052s
 
109.241 111.7864 142.1856 145.251

real	0m10.712s
user	0m10.688s
sys	0m0.000s
 
1739639.1343 1765026.6362 3156552.835599999 3194056.931000001

real	0m20.573s
user	0m20.520s
sys	0m0.024s
 
40128631.98950006 40455680.77900002 81101463.51099998 81608296.35000008

real	0m16.761s
user	0m16.656s
sys	0m0.012s
 
185145.8628 186726.9552 353878.6176 356259.936

real	0m28.895s
user	0m28.848s
sys	0m0.000s
 
5650057.303000003 5674398.905999999 11835110.684 11873364.25000001

real	0m22.003s
user	0m21.016s
sys	0m0.024s
 
3539227257.462 3543179262.324003 8019509498.519998 8025995052.400001

real	1m3.499s
user	1m3.236s
sys	0m0.040s
 
66219776245.92168 66260257446.05717 151986883006.3699 152053753059.55

real	1m27.956s
user	1m26.356s
sys	0m0.196s
 
166212294937.3991 166288626284.498 382568140639.0098 382694366833.2999

real	1m17.953s
user	1m17.484s
sys	0m0.192s
 
608720333715.4655 608956501509.1871 1405127495482.165 1405518727998.903

real	2m49.946s
user	2m46.268s
sys	0m0.328s
 
SPECIAL
 
0.04840000000000001

real	0m4.347s
user	0m4.344s
sys	0m0.000s
 
0.04840000000000001

real	0m4.874s
user	0m4.864s
sys	0m0.000s
 
0.04840000000000001

real	0m1.564s
user	0m1.560s
sys	0m0.000s
 
53.79660000000001 53.79880000000001 58.68060000000001 58.68280000000001

real	0m15.664s
user	0m15.624s
sys	0m0.016s
 
53.79660000000001 53.79880000000001 58.68060000000001 58.68280000000001

real	0m53.495s
user	0m53.068s
sys	0m0.000s
 
9698907.663399996

real	0m8.194s
user	0m8.136s
sys	0m0.008s
 
9698907.663399996

real	0m2.635s
user	0m2.620s
sys	0m0.008s
 
0.04840000000000001

real	0m6.047s
user	0m6.016s
sys	0m0.008s
 
53.79660000000001 53.79880000000001 58.68060000000001 58.68280000000001

real	0m15.696s
user	0m15.660s
sys	0m0.008s
 
53.79660000000001 53.79880000000001 58.68060000000001 58.68280000000001

real	2m5.230s
user	2m4.644s
sys	0m0.024s
 
9698907.663399996

real	0m8.179s
user	0m8.172s
sys	0m0.000s
 
3948765877.809497 3955170852.914604 5863853434.234404 5870258409.339499

real	0m55.694s
user	0m55.356s
sys	0m0.052s
 
3948765877.809497 3955170852.914604 5863853434.234404 5870258409.339499

real	1m14.821s
user	1m13.404s
sys	0m0.088s
 
0.04840000000000001

real	0m5.496s
user	0m5.484s
sys	0m0.004s
 
53.79660000000001 53.79880000000001 58.68060000000001 58.68280000000001

real	0m42.046s
user	0m41.928s
sys	0m0.004s
 
53.79660000000001 53.79880000000001 58.68060000000001 58.68280000000001

real	0m59.129s
user	0m58.144s
sys	0m0.028s
 
9698907.663399996

real	0m2.646s
user	0m2.640s
sys	0m0.000s
 
3948765877.809497 3955170852.914604 5863853434.234404 5870258409.339499

real	0m55.567s
user	0m54.804s
sys	0m0.088s
 
3948765877.809497 3955170852.914604 5863853434.234404 5870258409.339499

real	0m56.137s
user	0m54.824s
sys	0m0.068s
 
0.04840000000000001

real	0m6.687s
user	0m6.676s
sys	0m0.000s
 
53.79660000000001 53.79880000000001 58.68060000000001 58.68280000000001

real	0m15.707s
user	0m15.684s
sys	0m0.004s
 
53.79660000000001 53.79880000000001 58.68060000000001 58.68280000000001

real	2m18.128s
user	2m16.912s
sys	0m0.028s
 
9698907.663399996

real	0m8.192s
user	0m8.176s
sys	0m0.000s
 
3948765877.809497 3955170852.914604 5863853434.234404 5870258409.339499

real	0m56.013s
user	0m55.380s
sys	0m0.072s
 
3948765877.809497 3955170852.914604 5863853434.234404 5870258409.339499

real	2m31.746s
user	2m29.988s
sys	0m0.144s
 
0.04840000000000001

real	0m5.850s
user	0m5.840s
sys	0m0.004s
 
53.79660000000001 53.79880000000001 58.68060000000001 58.68280000000001

real	0m42.128s
user	0m41.944s
sys	0m0.000s
 
53.79660000000001 53.79880000000001 58.68060000000001 58.68280000000001

real	1m0.523s
user	0m59.548s
sys	0m0.016s
 
9698907.663399996

real	0m2.651s
user	0m2.640s
sys	0m0.004s
 
3948765877.809497 3955170852.914604 5863853434.234404 5870258409.339499

real	0m55.575s
user	0m54.824s
sys	0m0.056s
 
3948765877.809497 3955170852.914604 5863853434.234404 5870258409.339499

real	2m7.988s
user	2m6.996s
sys	0m0.128s
 
3037.1121 3037.6632 3611.409 3612.01

real	0m26.707s
user	0m26.196s
sys	0m0.044s
 
3037.1121 3037.6632 3611.409 3612.01

real	0m26.286s
user	0m26.100s
sys	0m0.076s
 
3037.1121 3037.6632 3611.409 3612.01

real	0m24.529s
user	0m24.420s
sys	0m0.012s
 
3037.1121 3037.6632 3611.409 3612.01

real	0m24.600s
user	0m24.436s
sys	0m0.028s
 
SEQUENCE
 
37624.35618 38872.44188 52954.76458 54712.31628

real	0m15.443s
user	0m15.424s
sys	0m0.000s
 
4350478614.186048 4405620767.888449 7321622135.843186 7393481577.214199

real	0m11.554s
user	0m11.500s
sys	0m0.008s
 
48832437279.8918 49241016265.74157 88512227219.28583 89040617812.03206

real	0m54.974s
user	0m53.684s
sys	0m0.020s
 
18696443068.18007 18840087100.15867 37617583432.7108 37823564976.3486

real	0m13.565s
user	0m13.504s
sys	0m0.024s
 
4.901614166865179e+18 4.912723296455448e+18 1.084442578747924e+19 1.086100449795465e+19

real	0m17.636s
user	0m17.520s
sys	0m0.024s
 
1.647418946230568e+16 1.649160037624473e+16 3.768465979697054e+16 3.771108024027194e+16

real	0m49.534s
user	0m48.156s
sys	0m0.132s
 
4.48881116501821e+17 4.490640601531962e+17 1.03730934601686e+18 1.03758774958278e+18

real	0m32.987s
user	0m32.692s
sys	0m0.176s
 
4.48881116501821e+17 4.490640601531962e+17 1.03730934601686e+18 1.03758774958278e+18

real	1m4.540s
user	1m4.100s
sys	0m0.204s
 
4.48881116501821e+17 4.490640601531962e+17 1.03730934601686e+18 1.03758774958278e+18

real	1m4.096s
user	1m3.272s
sys	0m0.228s
 
8.382424294553979e+29 8.385850640122295e+29 1.937388035390321e+30 1.93790724339292e+30

real	0m37.351s
user	0m36.604s
sys	0m0.176s
 
8.382424294553979e+29 8.385850640122295e+29 1.937388035390321e+30 1.93790724339292e+30

real	0m37.375s
user	0m35.936s
sys	0m0.248s
 
8.382424294553979e+29 8.385850640122295e+29 1.937388035390321e+30 1.93790724339292e+30

real	0m35.992s
user	0m35.624s
sys	0m0.232s
 
8.382424294553979e+29 8.385850640122295e+29 1.937388035390321e+30 1.93790724339292e+30

real	0m40.588s
user	0m40.204s
sys	0m0.228s
 
8.382424294553979e+29 8.385850640122295e+29 1.937388035390321e+30 1.93790724339292e+30

real	0m34.828s
user	0m33.456s
sys	0m0.184s
 
8.382424294553979e+29 8.385850640122295e+29 1.937388035390321e+30 1.93790724339292e+30

real	0m33.660s
user	0m33.304s
sys	0m0.224s
 
374124590164.9393 378323909405.297 483306890414.2386 487506209654.5964

real	0m11.594s
user	0m11.576s
sys	0m0.000s
 
8003498375443.188 8040830216224.574 11400695886549.59 11438027727330.98

real	0m13.400s
user	0m13.368s
sys	0m0.000s
 
467292080353.7709 473215316635.7608 603526514839.5372 609449751121.5272

real	0m8.560s
user	0m8.496s
sys	0m0.000s
 
22856685758006.32 23032721850853.32 32186598678896.97 32362634771743.98

real	0m9.884s
user	0m9.856s
sys	0m0.004s
