 
SCALAR_VEC
 
0.5808000000000001 0.5830000000000002 0.6270000000000002 0.6292000000000002

real	0m11.186s
user	0m11.144s
sys	0m0.004s
 
46.0284 46.03060000000001 50.20620000000001 50.2084

real	0m10.889s
user	0m10.868s
sys	0m0.004s
 
29876.5456 29876.5478 32592.58860000001 32592.59080000001

real	0m14.430s
user	0m14.212s
sys	0m0.124s
 
VEC_VEC
 
174.0387

real	0m5.530s
user	0m5.268s
sys	0m0.004s
 
9698907.663399996

real	0m2.251s
user	0m2.244s
sys	0m0.000s
 
24900423491.09201

real	0m3.341s
user	0m3.328s
sys	0m0.008s
 
24900741320632.71

real	0m21.669s
user	0m21.540s
sys	0m0.024s
 
2.490083360868967e+16

real	0m22.452s
user	0m22.228s
sys	0m0.152s
 
VEC_MAT
 
178.7929000000001 178.8030000000001 201.2149000000001 201.2250000000001

real	0m15.885s
user	0m15.852s
sys	0m0.008s
 
992.6821000000002 992.6922000000003 1117.3464 1117.3565

real	0m9.661s
user	0m9.580s
sys	0m0.000s
 
390.3932 390.4204 450.7772000000001 450.8044

real	0m18.017s
user	0m17.988s
sys	0m0.004s
 
2166.9797 2167.0069 2502.7093 2502.7365

real	0m14.487s
user	0m14.440s
sys	0m0.012s
 
157975690.7399002 164380665.8450001

real	0m2.233s
user	0m2.228s
sys	0m0.000s
 
27065907086.64726 28163538210.734

real	0m2.125s
user	0m2.120s
sys	0m0.004s
 
128614163.4402999 133441028.6953997 138267893.9505

real	0m3.199s
user	0m3.164s
sys	0m0.008s
 
17202407856.50187 17848340807.38918 18494273758.27599

real	0m4.488s
user	0m3.544s
sys	0m0.008s
 
2.2266 2.2836 2.3406 2.397600000000001

real	0m2.614s
user	0m2.604s
sys	0m0.000s
 
73.52180000000001 74.6944 86.4204 87.59300000000002

real	0m8.590s
user	0m8.564s
sys	0m0.012s
 
609.1862 615.0844000000001 774.3358000000001 780.2340000000002

real	0m9.774s
user	0m9.744s
sys	0m0.004s
 
31020069.53999998 31057579.07999998 45948866.45999996 45986376.00000001

real	1m2.004s
user	1m1.672s
sys	0m0.052s
 
3948765877.809497 3955170852.914604 5863853434.234404 5870258409.339499

real	1m10.619s
user	1m9.236s
sys	0m0.092s
 
629070346650.9426 630167977775.031 934211799147.1235 935309430271.2021

real	0m32.399s
user	0m31.692s
sys	0m0.140s
 
72549439.0166 72565446.85879999 108086848.7006 108102856.5428001

real	1m3.627s
user	1m2.216s
sys	0m0.080s
 
324096005.6180002 324108897.3359997 483218480.892 483231372.6099998

real	0m28.532s
user	0m28.196s
sys	0m0.180s
 
10829665.1294 10829701.4254 15310551.5134 15310587.8094

real	0m24.792s
user	0m24.452s
sys	0m0.260s
 
107135690886248 108233331157370.3 147748380917728.1 148846021188851.3

real	0m26.308s
user	0m25.976s
sys	0m0.216s
 
MAT_VEC
 
178.7929000000001 178.8030000000001 201.2149000000001 201.2250000000001

real	0m9.125s
user	0m9.108s
sys	0m0.004s
 
992.6821000000002 992.6922000000003 1117.3464 1117.3565

real	0m6.586s
user	0m6.572s
sys	0m0.000s
 
390.3932 390.4204 450.7772000000001 450.8044

real	0m14.776s
user	0m13.856s
sys	0m0.012s
 
2166.9797 2167.0069 2502.7093 2502.7365

real	0m13.177s
user	0m13.076s
sys	0m0.012s
 
157975690.7399002 164380665.8450001

real	0m4.331s
user	0m4.320s
sys	0m0.000s
 
27065907086.64726 28163538210.734

real	0m5.868s
user	0m5.848s
sys	0m0.008s
 
128614163.4402999 133441028.6953997 138267893.9505

real	0m5.000s
user	0m4.984s
sys	0m0.000s
 
17202407856.50187 17848340807.38918 18494273758.27599

real	0m6.222s
user	0m6.196s
sys	0m0.008s
 
2.2266 2.2836 2.3406 2.397600000000001

real	0m2.463s
user	0m2.456s
sys	0m0.000s
 
73.52180000000001 74.6944 86.4204 87.59300000000002

real	0m10.477s
user	0m10.464s
sys	0m0.000s
 
609.1862 615.0844000000001 774.3358000000001 780.2340000000002

real	0m14.331s
user	0m14.312s
sys	0m0.004s
 
31020069.53999998 31057579.07999998 45948866.45999996 45986376.00000001

real	1m1.717s
user	1m0.324s
sys	0m0.056s
 
3948765877.809497 3955170852.914604 5863853434.234404 5870258409.339499

real	1m4.925s
user	1m4.560s
sys	0m0.080s
 
629070346650.9426 630167977775.031 934211799147.1235 935309430271.2021

real	0m27.505s
user	0m27.288s
sys	0m0.120s
 
72549439.0166 72565446.85879999 108086848.7006 108102856.5428001

real	1m12.555s
user	1m11.080s
sys	0m0.108s
 
324096005.6180002 324108897.3359997 483218480.892 483231372.6099998

real	0m33.988s
user	0m33.620s
sys	0m0.208s
 
10829665.1294 10829701.4254 15310551.5134 15310587.8094

real	0m31.307s
user	0m30.968s
sys	0m0.200s
 
107135690886248 108233331157370.3 147748380917728.1 148846021188851.3

real	0m25.024s
user	0m24.368s
sys	0m0.224s
 
OUTER
 
101.277 104.346 110.4774 113.8252

real	0m22.830s
user	0m22.792s
sys	0m0.000s
 
96.84840000000001 99.04950000000002 108.045 110.446

real	0m20.154s
user	0m20.128s
sys	0m0.000s
 
94.13800000000002 95.84960000000002 106.419 108.286

real	0m17.674s
user	0m17.204s
sys	0m0.008s
 
14.5684 14.5728 16.60140000000001 16.606

real	0m5.887s
user	0m5.852s
sys	0m0.024s
 
10.164 10.2025 11.913 11.9548

real	0m5.699s
user	0m5.684s
sys	0m0.000s
 
955.9242 956.3004 1135.8438 1136.254

real	0m22.326s
user	0m22.212s
sys	0m0.016s
 
86477.05440000001 86480.57660000001 102897.9582 102901.8004

real	0m24.027s
user	0m22.500s
sys	0m0.348s
 
27312.9912 27313.3443 32486.685 32487.07

real	0m14.500s
user	0m14.332s
sys	0m0.104s
 
MAT_MAT
 
8054296.570499997 8377212.617400005 11041896.78059999 11521723.02599998

real	0m11.256s
user	0m11.220s
sys	0m0.020s
 
67005585.50399998 69693523.28640002 92209626.6390001 96222702.65399998

real	0m17.199s
user	0m17.160s
sys	0m0.004s
 
56602.02200000002 58658.48450000003 83130.86099999996 86296.01680000003

real	0m7.570s
user	0m7.524s
sys	0m0.004s
 
297546749.5919997 308581623.7314994 440770097.583 457946307.1219999

real	0m13.841s
user	0m13.792s
sys	0m0.008s
 
8054296.570499997 8144829.910200007 11426434.83180001 11521723.02599998

real	0m7.810s
user	0m7.756s
sys	0m0.000s
 
67005585.50399998 67746880.83150004 95442432.67260008 96222702.65399998

real	0m11.416s
user	0m11.388s
sys	0m0.004s
 
56602.02200000002 56765.4044 86117.12820000002 86296.01680000003

real	0m6.177s
user	0m6.164s
sys	0m0.000s
 
297546749.5919997 299613096.1240003 455678605.3310006 457946307.1219999

real	0m17.551s
user	0m16.436s
sys	0m0.048s
 
301.3441 301.7106 379.168 379.5840000000001

real	0m12.011s
user	0m11.976s
sys	0m0.004s
 
45022.4809 45027.16379999999 57025.89409999999 57031.226

real	0m31.116s
user	0m30.812s
sys	0m0.084s
 
79343.34260000002 79353.49420000002 105856.4262 105868.395

real	0m19.132s
user	0m18.912s
sys	0m0.116s
 
77470.43699999999 77485.73999999999 107948.34 107966.91

real	0m14.399s
user	0m14.284s
sys	0m0.052s
 
109.241 111.7864 142.1856 145.251

real	0m8.256s
user	0m8.236s
sys	0m0.000s
 
1739639.1343 1765026.6362 3156552.835599999 3194056.931000001

real	0m15.409s
user	0m15.388s
sys	0m0.000s
 
40128631.98950006 40455680.77900002 81101463.51099998 81608296.35000008

real	0m12.645s
user	0m12.552s
sys	0m0.012s
 
185145.8628 186726.9552 353878.6176 356259.936

real	0m17.500s
user	0m16.632s
sys	0m0.004s
 
5650057.303000003 5674398.905999999 11835110.684 11873364.25000001

real	0m14.837s
user	0m14.776s
sys	0m0.024s
 
3539227257.462 3543179262.324003 8019509498.519998 8025995052.400001

real	0m16.022s
user	0m15.948s
sys	0m0.020s
 
66219776245.92168 66260257446.05717 151986883006.3699 152053753059.55

real	0m15.523s
user	0m15.376s
sys	0m0.100s
 
166212294937.3991 166288626284.498 382568140639.0098 382694366833.2999

real	0m17.719s
user	0m17.448s
sys	0m0.172s
 
608720333715.4655 608956501509.1871 1405127495482.165 1405518727998.903

real	0m36.873s
user	0m36.424s
sys	0m0.268s
 
TRANS1
 
8054296.570499997 8377212.617400005 11041896.78059999 11521723.02599998

real	0m7.606s
user	0m6.672s
sys	0m0.004s
 
67005585.50399998 69693523.28640002 92209626.6390001 96222702.65399998

real	0m9.281s
user	0m9.244s
sys	0m0.004s
 
56602.02200000002 58658.48450000003 83130.86099999996 86296.01680000003

real	0m4.875s
user	0m4.868s
sys	0m0.000s
 
297546749.5919997 308581623.7314994 440770097.583 457946307.1219999

real	0m11.262s
user	0m11.168s
sys	0m0.008s
 
8054296.570499997 8144829.910200007 11426434.83180001 11521723.02599998

real	0m6.507s
user	0m6.488s
sys	0m0.004s
 
67005585.50399998 67746880.83150004 95442432.67260008 96222702.65399998

real	0m10.244s
user	0m10.212s
sys	0m0.012s
 
56602.02200000002 56765.4044 86117.12820000002 86296.01680000003

real	0m5.255s
user	0m5.228s
sys	0m0.016s
 
297546749.5919997 299613096.1240003 455678605.3310006 457946307.1219999

real	0m16.195s
user	0m16.112s
sys	0m0.004s
 
301.3441 301.7106 379.168 379.5840000000001

real	0m13.429s
user	0m13.408s
sys	0m0.000s
 
45022.4809 45027.16379999999 57025.89409999999 57031.226

real	0m27.443s
user	0m27.208s
sys	0m0.080s
 
79343.34260000002 79353.49420000002 105856.4262 105868.395

real	0m18.754s
user	0m17.356s
sys	0m0.140s
 
77470.43699999999 77485.73999999999 107948.34 107966.91

real	0m10.272s
user	0m10.168s
sys	0m0.048s
 
109.241 111.7864 142.1856 145.251

real	0m6.523s
user	0m6.512s
sys	0m0.004s
 
1739639.1343 1765026.6362 3156552.835599999 3194056.931000001

real	0m12.630s
user	0m12.596s
sys	0m0.004s
 
40128631.98950006 40455680.77900002 81101463.51099998 81608296.35000008

real	0m10.560s
user	0m10.528s
sys	0m0.004s
 
185145.8628 186726.9552 353878.6176 356259.936

real	0m12.742s
user	0m12.724s
sys	0m0.004s
 
5650057.303000003 5674398.905999999 11835110.684 11873364.25000001

real	0m13.498s
user	0m13.056s
sys	0m0.000s
 
3539227257.462 3543179262.324003 8019509498.519998 8025995052.400001

real	0m12.758s
user	0m12.652s
sys	0m0.060s
 
66219776245.92168 66260257446.05717 151986883006.3699 152053753059.55

real	0m19.134s
user	0m18.960s
sys	0m0.104s
 
166212294937.3991 166288626284.498 382568140639.0098 382694366833.2999

real	0m17.703s
user	0m16.384s
sys	0m0.156s
 
608720333715.4655 608956501509.1871 1405127495482.165 1405518727998.903

real	0m35.368s
user	0m34.924s
sys	0m0.304s
 
1512441.733 1524415.266 2968657.650000001 2986772.5

real	0m9.607s
user	0m9.592s
sys	0m0.000s
 
608720333715.4655 608956501509.1871 1405127495482.165 1405518727998.903

real	0m31.874s
user	0m31.540s
sys	0m0.188s
 
TRANS2
 
8054296.570499997 8377212.617400005 11041896.78059999 11521723.02599998

real	0m11.171s
user	0m11.144s
sys	0m0.008s
 
67005585.50399998 69693523.28640002 92209626.6390001 96222702.65399998

real	0m16.335s
user	0m16.268s
sys	0m0.028s
 
56602.02200000002 58658.48450000003 83130.86099999996 86296.01680000003

real	0m7.356s
user	0m7.320s
sys	0m0.008s
 
297546749.5919997 308581623.7314994 440770097.583 457946307.1219999

real	0m18.308s
user	0m17.228s
sys	0m0.008s
 
8054296.570499997 8144829.910200007 11426434.83180001 11521723.02599998

real	0m7.757s
user	0m7.740s
sys	0m0.004s
 
67005585.50399998 67746880.83150004 95442432.67260008 96222702.65399998

real	0m10.844s
user	0m10.816s
sys	0m0.004s
 
56602.02200000002 56765.4044 86117.12820000002 86296.01680000003

real	0m6.182s
user	0m6.168s
sys	0m0.000s
 
297546749.5919997 299613096.1240003 455678605.3310006 457946307.1219999

real	0m16.850s
user	0m16.776s
sys	0m0.024s
 
301.3441 301.7106 379.168 379.5840000000001

real	0m11.959s
user	0m11.928s
sys	0m0.008s
 
45022.4809 45027.16379999999 57025.89409999999 57031.226

real	0m31.067s
user	0m30.820s
sys	0m0.068s
 
79343.34260000002 79353.49420000002 105856.4262 105868.395

real	0m19.167s
user	0m18.956s
sys	0m0.076s
 
77470.43699999999 77485.73999999999 107948.34 107966.91

real	0m14.599s
user	0m14.208s
sys	0m0.032s
 
109.241 111.7864 142.1856 145.251

real	0m8.305s
user	0m8.260s
sys	0m0.020s
 
1739639.1343 1765026.6362 3156552.835599999 3194056.931000001

real	0m15.399s
user	0m15.364s
sys	0m0.004s
 
40128631.98950006 40455680.77900002 81101463.51099998 81608296.35000008

real	0m12.947s
user	0m12.912s
sys	0m0.004s
 
185145.8628 186726.9552 353878.6176 356259.936

real	0m16.616s
user	0m16.584s
sys	0m0.008s
 
5650057.303000003 5674398.905999999 11835110.684 11873364.25000001

real	0m14.926s
user	0m14.828s
sys	0m0.008s
 
3539227257.462 3543179262.324003 8019509498.519998 8025995052.400001

real	0m16.560s
user	0m16.436s
sys	0m0.064s
 
66219776245.92168 66260257446.05717 151986883006.3699 152053753059.55

real	0m15.836s
user	0m15.676s
sys	0m0.108s
 
166212294937.3991 166288626284.498 382568140639.0098 382694366833.2999

real	0m19.035s
user	0m17.720s
sys	0m0.160s
 
608720333715.4655 608956501509.1871 1405127495482.165 1405518727998.903

real	0m37.203s
user	0m36.784s
sys	0m0.280s
 
1512441.733 1524415.266 2968657.650000001 2986772.5

real	0m11.887s
user	0m11.868s
sys	0m0.000s
 
608720333715.4655 608956501509.1871 1405127495482.165 1405518727998.903

real	0m32.882s
user	0m32.612s
sys	0m0.128s
 
TRANS12
 
8054296.570499997 8377212.617400005 11041896.78059999 11521723.02599998

real	0m8.516s
user	0m8.500s
sys	0m0.004s
 
67005585.50399998 69693523.28640002 92209626.6390001 96222702.65399998

real	0m12.982s
user	0m12.924s
sys	0m0.012s
 
56602.02200000002 58658.48450000003 83130.86099999996 86296.01680000003

real	0m5.680s
user	0m5.408s
sys	0m0.016s
 
297546749.5919997 308581623.7314994 440770097.583 457946307.1219999

real	0m18.700s
user	0m18.616s
sys	0m0.008s
 
8054296.570499997 8144829.910200007 11426434.83180001 11521723.02599998

real	0m7.368s
user	0m7.348s
sys	0m0.004s
 
67005585.50399998 67746880.83150004 95442432.67260008 96222702.65399998

real	0m9.271s
user	0m9.236s
sys	0m0.008s
 
56602.02200000002 56765.4044 86117.12820000002 86296.01680000003

real	0m6.446s
user	0m6.432s
sys	0m0.004s
 
297546749.5919997 299613096.1240003 455678605.3310006 457946307.1219999

real	0m19.405s
user	0m19.324s
sys	0m0.020s
 
301.3441 301.7106 379.168 379.5840000000001

real	0m16.819s
user	0m16.316s
sys	0m0.020s
 
45022.4809 45027.16379999999 57025.89409999999 57031.226

real	0m29.643s
user	0m29.424s
sys	0m0.100s
 
79343.34260000002 79353.49420000002 105856.4262 105868.395

real	0m19.944s
user	0m18.720s
sys	0m0.096s
 
77470.43699999999 77485.73999999999 107948.34 107966.91

real	0m10.413s
user	0m10.296s
sys	0m0.048s
 
109.241 111.7864 142.1856 145.251

real	0m7.418s
user	0m7.396s
sys	0m0.012s
 
1739639.1343 1765026.6362 3156552.835599999 3194056.931000001

real	0m14.286s
user	0m14.236s
sys	0m0.020s
 
40128631.98950006 40455680.77900002 81101463.51099998 81608296.35000008

real	0m11.944s
user	0m11.912s
sys	0m0.004s
 
185145.8628 186726.9552 353878.6176 356259.936

real	0m23.085s
user	0m23.020s
sys	0m0.004s
 
5650057.303000003 5674398.905999999 11835110.684 11873364.25000001

real	0m14.874s
user	0m14.792s
sys	0m0.004s
 
3539227257.462 3543179262.324003 8019509498.519998 8025995052.400001

real	0m35.638s
user	0m34.400s
sys	0m0.064s
 
66219776245.92168 66260257446.05717 151986883006.3699 152053753059.55

real	0m46.630s
user	0m46.332s
sys	0m0.132s
 
166212294937.3991 166288626284.498 382568140639.0098 382694366833.2999

real	0m43.061s
user	0m42.716s
sys	0m0.168s
 
608720333715.4655 608956501509.1871 1405127495482.165 1405518727998.903

real	1m36.453s
user	1m34.672s
sys	0m0.304s
 
SPECIAL
 
0.04840000000000001

real	0m4.115s
user	0m4.096s
sys	0m0.012s
 
0.04840000000000001

real	0m4.451s
user	0m4.436s
sys	0m0.004s
 
0.04840000000000001

real	0m1.562s
user	0m1.560s
sys	0m0.000s
 
53.79660000000001 53.79880000000001 58.68060000000001 58.68280000000001

real	0m15.650s
user	0m15.604s
sys	0m0.016s
 
53.79660000000001 53.79880000000001 58.68060000000001 58.68280000000001

real	0m21.789s
user	0m21.116s
sys	0m0.004s
 
9698907.663399996

real	0m5.705s
user	0m5.388s
sys	0m0.000s
 
9698907.663399996

real	0m2.421s
user	0m2.416s
sys	0m0.000s
 
0.04840000000000001

real	0m4.651s
user	0m4.636s
sys	0m0.004s
 
53.79660000000001 53.79880000000001 58.68060000000001 58.68280000000001

real	0m9.281s
user	0m9.252s
sys	0m0.000s
 
53.79660000000001 53.79880000000001 58.68060000000001 58.68280000000001

real	0m28.893s
user	0m28.832s
sys	0m0.016s
 
9698907.663399996

real	0m5.398s
user	0m5.384s
sys	0m0.008s
 
3948765877.809497 3955170852.914604 5863853434.234404 5870258409.339499

real	0m48.833s
user	0m48.608s
sys	0m0.032s
 
3948765877.809497 3955170852.914604 5863853434.234404 5870258409.339499

real	1m1.957s
user	1m0.556s
sys	0m0.084s
 
0.04840000000000001

real	0m5.372s
user	0m5.360s
sys	0m0.004s
 
53.79660000000001 53.79880000000001 58.68060000000001 58.68280000000001

real	0m35.402s
user	0m34.900s
sys	0m0.012s
 
53.79660000000001 53.79880000000001 58.68060000000001 58.68280000000001

real	0m45.851s
user	0m45.504s
sys	0m0.008s
 
9698907.663399996

real	0m2.655s
user	0m2.636s
sys	0m0.000s
 
3948765877.809497 3955170852.914604 5863853434.234404 5870258409.339499

real	0m48.936s
user	0m48.688s
sys	0m0.088s
 
3948765877.809497 3955170852.914604 5863853434.234404 5870258409.339499

real	0m50.325s
user	0m50.000s
sys	0m0.076s
 
0.04840000000000001

real	0m5.874s
user	0m5.012s
sys	0m0.004s
 
53.79660000000001 53.79880000000001 58.68060000000001 58.68280000000001

real	0m9.214s
user	0m9.196s
sys	0m0.004s
 
53.79660000000001 53.79880000000001 58.68060000000001 58.68280000000001

real	0m25.694s
user	0m25.636s
sys	0m0.000s
 
9698907.663399996

real	0m5.621s
user	0m5.608s
sys	0m0.008s
 
3948765877.809497 3955170852.914604 5863853434.234404 5870258409.339499

real	0m48.662s
user	0m48.412s
sys	0m0.056s
 
3948765877.809497 3955170852.914604 5863853434.234404 5870258409.339499

real	1m49.418s
user	1m47.824s
sys	0m0.132s
 
0.04840000000000001

real	0m5.776s
user	0m5.768s
sys	0m0.000s
 
53.79660000000001 53.79880000000001 58.68060000000001 58.68280000000001

real	0m42.847s
user	0m41.916s
sys	0m0.016s
 
53.79660000000001 53.79880000000001 58.68060000000001 58.68280000000001

real	0m43.514s
user	0m43.428s
sys	0m0.012s
 
9698907.663399996

real	0m2.650s
user	0m2.644s
sys	0m0.000s
 
3948765877.809497 3955170852.914604 5863853434.234404 5870258409.339499

real	0m55.216s
user	0m54.868s
sys	0m0.080s
 
3948765877.809497 3955170852.914604 5863853434.234404 5870258409.339499

real	1m47.638s
user	1m45.664s
sys	0m0.112s
 
3037.1121 3037.6632 3611.409 3612.01

real	0m38.367s
user	0m37.084s
sys	0m0.092s
 
3037.1121 3037.6632 3611.409 3612.01

real	0m37.116s
user	0m36.948s
sys	0m0.024s
 
3037.1121 3037.6632 3611.409 3612.01

real	0m37.456s
user	0m37.216s
sys	0m0.044s
 
3037.1121 3037.6632 3611.409 3612.01

real	0m39.359s
user	0m38.176s
sys	0m0.040s
 
SEQUENCE
 
37624.35618 38872.44188 52954.76458 54712.31628

real	0m9.011s
user	0m8.936s
sys	0m0.016s
 
4350478614.186048 4405620767.888449 7321622135.843186 7393481577.214199

real	0m8.031s
user	0m8.016s
sys	0m0.004s
 
48832437279.8918 49241016265.74157 88512227219.28583 89040617812.03206

real	0m35.827s
user	0m35.644s
sys	0m0.028s
 
18696443068.18007 18840087100.15867 37617583432.7108 37823564976.3486

real	0m8.030s
user	0m7.956s
sys	0m0.004s
 
4.901614166865179e+18 4.912723296455448e+18 1.084442578747924e+19 1.086100449795465e+19

real	0m9.920s
user	0m9.868s
sys	0m0.016s
 
1.647418946230568e+16 1.649160037624473e+16 3.768465979697054e+16 3.771108024027194e+16

real	0m24.282s
user	0m24.140s
sys	0m0.072s
 
4.48881116501821e+17 4.490640601531962e+17 1.03730934601686e+18 1.03758774958278e+18

real	0m18.431s
user	0m17.184s
sys	0m0.208s
 
4.48881116501821e+17 4.490640601531962e+17 1.03730934601686e+18 1.03758774958278e+18

real	0m32.716s
user	0m32.452s
sys	0m0.144s
 
4.48881116501821e+17 4.490640601531962e+17 1.03730934601686e+18 1.03758774958278e+18

real	0m31.969s
user	0m31.408s
sys	0m0.168s
 
8.382424294553979e+29 8.385850640122295e+29 1.937388035390321e+30 1.93790724339292e+30

real	0m19.330s
user	0m19.076s
sys	0m0.188s
 
8.382424294553979e+29 8.385850640122295e+29 1.937388035390321e+30 1.93790724339292e+30

real	0m18.242s
user	0m17.992s
sys	0m0.200s
 
8.382424294553979e+29 8.385850640122295e+29 1.937388035390321e+30 1.93790724339292e+30

real	0m19.170s
user	0m17.864s
sys	0m0.216s
 
8.382424294553979e+29 8.385850640122295e+29 1.937388035390321e+30 1.93790724339292e+30

real	0m20.910s
user	0m20.628s
sys	0m0.204s
 
8.382424294553979e+29 8.385850640122295e+29 1.937388035390321e+30 1.93790724339292e+30

real	0m17.873s
user	0m17.600s
sys	0m0.208s
 
8.382424294553979e+29 8.385850640122295e+29 1.937388035390321e+30 1.93790724339292e+30

real	0m17.732s
user	0m17.460s
sys	0m0.220s
 
374124590164.9393 378323909405.297 483306890414.2386 487506209654.5964

real	0m8.156s
user	0m8.076s
sys	0m0.004s
 
8003498375443.188 8040830216224.574 11400695886549.59 11438027727330.98

real	0m8.063s
user	0m8.024s
sys	0m0.012s
 
467292080353.7709 473215316635.7608 603526514839.5372 609449751121.5272

real	0m7.384s
user	0m7.364s
sys	0m0.008s
 
22856685758006.32 23032721850853.32 32186598678896.97 32362634771743.98

real	0m8.871s
user	0m8.836s
sys	0m0.004s
