 
SCALAR_VEC
 
0.5808000000000001 0.5830000000000002 0.6270000000000002 0.6292000000000002

real	0m22.479s
user	0m21.484s
sys	0m0.016s
 
46.0284 46.03060000000001 50.20620000000001 50.2084

real	0m20.158s
user	0m20.100s
sys	0m0.020s
 
29876.5456 29876.5478 32592.58860000001 32592.59080000001

real	0m17.045s
user	0m16.860s
sys	0m0.124s
 
VEC_VEC
 
174.0387000000001

real	0m6.124s
user	0m6.108s
sys	0m0.008s
 
9698907.663400002

real	0m1.150s
user	0m1.144s
sys	0m0.000s
 
24900423491.092

real	0m2.070s
user	0m2.060s
sys	0m0.008s
 
24900741320632.72

real	0m11.727s
user	0m11.600s
sys	0m0.028s
 
2.490083360868286e+16

real	0m12.287s
user	0m12.116s
sys	0m0.124s
 
VEC_MAT
 
178.7929000000001 178.8030000000001 201.2149000000001 201.2250000000001

real	0m13.242s
user	0m13.192s
sys	0m0.028s
 
992.6821000000002 992.6922000000003 1117.3464 1117.3565

real	0m7.588s
user	0m7.560s
sys	0m0.012s
 
390.3932 390.4204 450.7772 450.8044

real	0m14.444s
user	0m14.136s
sys	0m0.020s
 
2166.9797 2167.0069 2502.7093 2502.7365

real	0m10.111s
user	0m10.068s
sys	0m0.016s
 
157975690.7399 164380665.845

real	0m1.545s
user	0m1.536s
sys	0m0.004s
 
27065907086.64701 28163538210.734

real	0m1.778s
user	0m1.752s
sys	0m0.012s
 
128614163.4403001 133441028.6954 138267893.9505

real	0m2.426s
user	0m2.416s
sys	0m0.004s
 
17202407856.50201 17848340807.389 18494273758.276

real	0m2.298s
user	0m2.284s
sys	0m0.004s
 
2.2266 2.283600000000001 2.3406 2.397600000000001

real	0m4.154s
user	0m4.144s
sys	0m0.004s
 
73.52180000000001 74.6944 86.42040000000001 87.593

real	0m7.463s
user	0m7.432s
sys	0m0.012s
 
609.1862000000001 615.0844 774.3358000000001 780.2340000000002

real	0m6.519s
user	0m6.508s
sys	0m0.004s
 
31020069.53999999 31057579.08 45948866.46000002 45986376

real	0m43.060s
user	0m42.852s
sys	0m0.032s
 
3948765877.809502 3955170852.9146 5863853434.234399 5870258409.3395

real	0m53.466s
user	0m52.208s
sys	0m0.068s
 
629070346650.9368 630167977775.0238 934211799147.1238 935309430271.2106

real	0m24.519s
user	0m24.276s
sys	0m0.152s
 
72549439.01660001 72565446.85880002 108086848.7006 108102856.5428

real	0m45.126s
user	0m44.384s
sys	0m0.068s
 
324096005.6180001 324108897.3359999 483218480.8920001 483231372.6100001

real	0m19.666s
user	0m19.460s
sys	0m0.136s
 
10829665.1294 10829701.4254 15310551.5134 15310587.8094

real	0m20.867s
user	0m19.584s
sys	0m0.212s
 
107135690886253.8 108233331157375 147748380917734.3 148846021188855.1

real	0m16.182s
user	0m15.888s
sys	0m0.216s
 
MAT_VEC
 
178.7929000000001 178.8030000000001 201.2149000000001 201.2250000000001

real	0m7.719s
user	0m7.680s
sys	0m0.024s
 
992.6821000000003 992.6922000000003 1117.3464 1117.3565

real	0m4.549s
user	0m4.532s
sys	0m0.000s
 
390.3932 390.4204 450.7772000000001 450.8044

real	0m12.958s
user	0m12.936s
sys	0m0.008s
 
2166.9797 2167.0069 2502.7093 2502.7365

real	0m9.414s
user	0m9.384s
sys	0m0.008s
 
157975690.7399002 164380665.8450001

real	0m2.948s
user	0m2.932s
sys	0m0.008s
 
27065907086.64726 28163538210.734

real	0m3.156s
user	0m3.136s
sys	0m0.008s
 
128614163.4402999 133441028.6953997 138267893.9505

real	0m3.814s
user	0m3.800s
sys	0m0.004s
 
17202407856.50187 17848340807.38918 18494273758.27599

real	0m4.554s
user	0m4.492s
sys	0m0.000s
 
2.2266 2.2836 2.3406 2.3976

real	0m3.888s
user	0m3.872s
sys	0m0.008s
 
73.52180000000001 74.6944 86.42040000000001 87.59300000000002

real	0m7.017s
user	0m7.004s
sys	0m0.004s
 
609.1862 615.0844000000001 774.3358000000001 780.2340000000002

real	0m7.277s
user	0m7.220s
sys	0m0.004s
 
31020069.53999998 31057579.07999999 45948866.45999996 45986376.00000001

real	1m0.088s
user	0m58.812s
sys	0m0.068s
 
3948765877.809497 3955170852.914604 5863853434.234403 5870258409.339499

real	0m58.632s
user	0m58.308s
sys	0m0.076s
 
629070346650.9426 630167977775.031 934211799147.1235 935309430271.2021

real	0m27.151s
user	0m26.844s
sys	0m0.180s
 
72549439.0166 72565446.85879999 108086848.7006 108102856.5428001

real	1m7.117s
user	1m5.880s
sys	0m0.084s
 
324096005.6180001 324108897.3359997 483218480.892 483231372.6099998

real	0m37.502s
user	0m37.084s
sys	0m0.200s
 
10829665.1294 10829701.4254 15310551.5134 15310587.8094

real	0m26.203s
user	0m24.904s
sys	0m0.180s
 
107135690886248 108233331157370.3 147748380917728.1 148846021188851.3

real	0m23.987s
user	0m23.652s
sys	0m0.232s
 
OUTER
 
101.277 104.346 110.4774 113.8252

real	1m22.524s
user	1m22.324s
sys	0m0.028s
 
96.84840000000001 99.04950000000002 108.045 110.446

real	1m15.646s
user	1m14.284s
sys	0m0.020s
 
94.13800000000002 95.84960000000002 106.419 108.286

real	0m56.372s
user	0m55.304s
sys	0m0.012s
 
14.5684 14.5728 16.60140000000001 16.606

real	0m43.005s
user	0m42.904s
sys	0m0.020s
 
10.164 10.2025 11.913 11.9548

real	0m29.761s
user	0m29.656s
sys	0m0.004s
 
955.9242 956.3004 1135.8438 1136.254

real	0m54.340s
user	0m52.968s
sys	0m0.056s
 
86477.05440000001 86480.57660000001 102897.9582 102901.8004

real	0m39.415s
user	0m38.876s
sys	0m0.356s
 
27312.9912 27313.3443 32486.685 32487.07

real	0m24.027s
user	0m23.580s
sys	0m0.116s
 
MAT_MAT
 
8054296.570499999 8377212.617399998 11041896.7806 11521723.026

real	0m6.892s
user	0m6.876s
sys	0m0.008s
 
67005585.50400002 69693523.28639999 92209626.63900001 96222702.65400004

real	0m10.275s
user	0m10.236s
sys	0m0.012s
 
56602.022 58658.48450000001 83130.86100000002 86296.0168

real	0m4.109s
user	0m4.092s
sys	0m0.008s
 
297546749.5919999 308581623.7315 440770097.5829998 457946307.1220001

real	0m7.256s
user	0m7.208s
sys	0m0.020s
 
8054296.570500001 8144829.910200001 11426434.8318 11521723.026

real	0m7.681s
user	0m7.660s
sys	0m0.004s
 
67005585.504 67746880.83150002 95442432.6726 96222702.65400004

real	0m14.932s
user	0m13.828s
sys	0m0.032s
 
56602.02200000002 56765.4044 86117.12820000002 86296.01680000003

real	0m5.251s
user	0m5.232s
sys	0m0.008s
 
297546749.5919999 299613096.1240001 455678605.331 457946307.1220001

real	0m11.330s
user	0m11.260s
sys	0m0.020s
 
301.3441 301.7106 379.168 379.584

real	0m19.090s
user	0m19.048s
sys	0m0.008s
 
45022.4809 45027.16379999999 57025.89409999999 57031.22599999999

real	0m42.911s
user	0m42.564s
sys	0m0.112s
 
79343.34260000002 79353.49420000002 105856.4262 105868.395

real	0m25.936s
user	0m25.672s
sys	0m0.072s
 
77470.43700000001 77485.73999999999 107948.34 107966.91

real	0m16.075s
user	0m15.584s
sys	0m0.064s
 
109.241 111.7864 142.1856 145.251

real	0m6.813s
user	0m6.800s
sys	0m0.004s
 
1739639.1343 1765026.6362 3156552.8356 3194056.931000001

real	0m5.719s
user	0m5.696s
sys	0m0.000s
 
40128631.9895 40455680.77900001 81101463.51100001 81608296.34999999

real	0m4.428s
user	0m4.396s
sys	0m0.012s
 
185145.8628 186726.9552000001 353878.6176000001 356259.936

real	0m6.219s
user	0m6.172s
sys	0m0.028s
 
5650057.303000003 5674398.905999999 11835110.684 11873364.25000001

real	0m5.235s
user	0m5.208s
sys	0m0.004s
 
3539227257.462001 3543179262.324001 8019509498.520001 8025995052.400001

real	0m1.939s
user	0m1.884s
sys	0m0.048s
 
66219776245.92162 66260257446.0572 151986883006.37 152053753059.55

real	0m2.346s
user	0m2.216s
sys	0m0.116s
 
166212294937.399 166288626284.4981 382568140639.0101 382694366833.3

real	0m2.250s
user	0m2.124s
sys	0m0.116s
 
608720333715.4655 608956501509.1869 1405127495482.165 1405518727998.904

real	0m4.291s
user	0m4.004s
sys	0m0.268s
 
TRANS1
 
8054296.570499999 8377212.617399998 11041896.7806 11521723.026

real	0m6.880s
user	0m6.828s
sys	0m0.004s
 
67005585.50400002 69693523.28639999 92209626.63900001 96222702.65400004

real	0m9.087s
user	0m9.068s
sys	0m0.000s
 
56602.022 58658.48450000001 83130.86100000002 86296.0168

real	0m4.132s
user	0m4.116s
sys	0m0.008s
 
297546749.5919999 308581623.7315 440770097.5829998 457946307.1220001

real	0m6.903s
user	0m6.804s
sys	0m0.020s
 
8054296.570500001 8144829.910200001 11426434.8318 11521723.026

real	0m7.424s
user	0m7.408s
sys	0m0.000s
 
67005585.504 67746880.83150002 95442432.6726 96222702.65400004

real	0m11.260s
user	0m11.220s
sys	0m0.004s
 
56602.02200000002 56765.4044 86117.12820000002 86296.01680000003

real	0m5.182s
user	0m5.152s
sys	0m0.016s
 
297546749.5919999 299613096.1240001 455678605.331 457946307.1220001

real	0m11.469s
user	0m11.380s
sys	0m0.052s
 
301.3441 301.7106 379.168 379.584

real	0m20.353s
user	0m19.356s
sys	0m0.004s
 
45022.4809 45027.16379999999 57025.89409999999 57031.22599999999

real	0m42.918s
user	0m42.648s
sys	0m0.076s
 
79343.34260000002 79353.49420000002 105856.4262 105868.395

real	0m26.363s
user	0m25.612s
sys	0m0.124s
 
77470.43700000001 77485.73999999999 107948.34 107966.91

real	0m15.676s
user	0m15.540s
sys	0m0.060s
 
109.241 111.7864 142.1856 145.251

real	0m6.917s
user	0m6.904s
sys	0m0.004s
 
1739639.1343 1765026.6362 3156552.8356 3194056.931000001

real	0m5.656s
user	0m5.636s
sys	0m0.008s
 
40128631.9895 40455680.77900001 81101463.51100001 81608296.34999999

real	0m4.459s
user	0m4.440s
sys	0m0.008s
 
185145.8628 186726.9552000001 353878.6176000001 356259.936

real	0m6.224s
user	0m6.184s
sys	0m0.004s
 
5650057.303000003 5674398.905999999 11835110.684 11873364.25000001

real	0m6.234s
user	0m5.208s
sys	0m0.004s
 
3539227257.462001 3543179262.324001 8019509498.520001 8025995052.400001

real	0m1.950s
user	0m1.896s
sys	0m0.044s
 
66219776245.92162 66260257446.0572 151986883006.37 152053753059.55

real	0m2.429s
user	0m2.276s
sys	0m0.140s
 
166212294937.399 166288626284.4981 382568140639.0101 382694366833.3

real	0m2.325s
user	0m2.144s
sys	0m0.164s
 
608720333715.4655 608956501509.1869 1405127495482.165 1405518727998.904

real	0m4.415s
user	0m4.140s
sys	0m0.252s
 
1512441.733 1524415.266 2968657.65 2986772.5

real	0m3.195s
user	0m3.160s
sys	0m0.012s
 
608720333715.4656 608956501509.1868 1405127495482.165 1405518727998.904

real	0m2.672s
user	0m2.492s
sys	0m0.164s
 
TRANS2
 
8054296.570499999 8377212.617399998 11041896.7806 11521723.026

real	0m8.249s
user	0m8.220s
sys	0m0.008s
 
67005585.50400002 69693523.28639999 92209626.63900001 96222702.65400004

real	0m12.216s
user	0m12.172s
sys	0m0.008s
 
56602.022 58658.48450000001 83130.86100000002 86296.0168

real	0m4.241s
user	0m4.232s
sys	0m0.004s
 
297546749.5919999 308581623.7315 440770097.5829998 457946307.1220001

real	0m8.841s
user	0m8.800s
sys	0m0.012s
 
8054296.570500001 8144829.910200001 11426434.8318 11521723.026

real	0m7.802s
user	0m7.776s
sys	0m0.012s
 
67005585.504 67746880.83150002 95442432.6726 96222702.65400004

real	0m10.262s
user	0m10.168s
sys	0m0.016s
 
56602.02200000002 56765.4044 86117.12820000002 86296.01680000003

real	0m5.160s
user	0m5.144s
sys	0m0.004s
 
297546749.5919999 299613096.1240001 455678605.331 457946307.1220001

real	0m11.337s
user	0m11.212s
sys	0m0.040s
 
301.3441 301.7106 379.168 379.584

real	0m19.373s
user	0m19.336s
sys	0m0.008s
 
45022.4809 45027.16379999999 57025.89409999999 57031.22599999999

real	0m43.521s
user	0m42.820s
sys	0m0.112s
 
79343.34260000002 79353.49420000002 105856.4262 105868.395

real	0m25.890s
user	0m25.672s
sys	0m0.116s
 
77470.43700000001 77485.73999999999 107948.34 107966.91

real	0m15.756s
user	0m15.600s
sys	0m0.044s
 
109.241 111.7864 142.1856 145.251

real	0m7.083s
user	0m7.064s
sys	0m0.012s
 
1739639.1343 1765026.6362 3156552.8356 3194056.931000001

real	0m5.916s
user	0m5.896s
sys	0m0.008s
 
40128631.9895 40455680.77900001 81101463.51100001 81608296.34999999

real	0m4.666s
user	0m4.644s
sys	0m0.000s
 
185145.8628 186726.9552000001 353878.6176000001 356259.936

real	0m6.394s
user	0m6.380s
sys	0m0.000s
 
5650057.303000003 5674398.905999999 11835110.684 11873364.25000001

real	0m5.543s
user	0m5.508s
sys	0m0.016s
 
3539227257.462001 3543179262.324001 8019509498.520001 8025995052.400001

real	0m2.009s
user	0m1.944s
sys	0m0.056s
 
66219776245.92162 66260257446.0572 151986883006.37 152053753059.55

real	0m2.474s
user	0m2.344s
sys	0m0.116s
 
166212294937.399 166288626284.4981 382568140639.0101 382694366833.3

real	0m2.356s
user	0m2.160s
sys	0m0.180s
 
608720333715.4655 608956501509.1869 1405127495482.165 1405518727998.904

real	0m4.485s
user	0m4.180s
sys	0m0.268s
 
1512441.733 1524415.266 2968657.65 2986772.5

real	0m3.392s
user	0m3.360s
sys	0m0.004s
 
608720333715.4656 608956501509.1868 1405127495482.165 1405518727998.904

real	0m3.909s
user	0m2.608s
sys	0m0.188s
 
TRANS12
 
8054296.570499999 8377212.617399998 11041896.7806 11521723.026

real	0m8.196s
user	0m8.180s
sys	0m0.004s
 
67005585.50400002 69693523.28639999 92209626.63900001 96222702.65400004

real	0m12.693s
user	0m12.640s
sys	0m0.008s
 
56602.022 58658.48450000001 83130.86100000002 86296.0168

real	0m4.180s
user	0m4.176s
sys	0m0.000s
 
297546749.5919999 308581623.7315 440770097.5829998 457946307.1220001

real	0m9.309s
user	0m9.256s
sys	0m0.008s
 
8054296.570500001 8144829.910200001 11426434.8318 11521723.026

real	0m7.488s
user	0m7.472s
sys	0m0.000s
 
67005585.504 67746880.83150002 95442432.6726 96222702.65400004

real	0m10.972s
user	0m10.928s
sys	0m0.012s
 
56602.02200000002 56765.4044 86117.12820000002 86296.01680000003

real	0m5.222s
user	0m5.212s
sys	0m0.000s
 
297546749.5919999 299613096.1240001 455678605.331 457946307.1220001

real	0m11.248s
user	0m11.116s
sys	0m0.036s
 
301.3441 301.7106 379.168 379.584

real	0m19.079s
user	0m19.020s
sys	0m0.012s
 
45022.4809 45027.16379999999 57025.89409999999 57031.22599999999

real	0m44.129s
user	0m42.700s
sys	0m0.076s
 
79343.34260000002 79353.49420000002 105856.4262 105868.395

real	0m25.839s
user	0m25.600s
sys	0m0.116s
 
77470.43700000001 77485.73999999999 107948.34 107966.91

real	0m15.694s
user	0m15.580s
sys	0m0.052s
 
109.241 111.7864 142.1856 145.251

real	0m6.968s
user	0m6.952s
sys	0m0.008s
 
1739639.1343 1765026.6362 3156552.8356 3194056.931000001

real	0m5.876s
user	0m5.856s
sys	0m0.004s
 
40128631.9895 40455680.77900001 81101463.51100001 81608296.34999999

real	0m4.563s
user	0m4.480s
sys	0m0.016s
 
185145.8628 186726.9552000001 353878.6176000001 356259.936

real	0m6.406s
user	0m6.388s
sys	0m0.004s
 
5650057.303000003 5674398.905999999 11835110.684 11873364.25000001

real	0m5.335s
user	0m5.300s
sys	0m0.016s
 
3539227257.462001 3543179262.324001 8019509498.520001 8025995052.400001

real	0m2.047s
user	0m2.004s
sys	0m0.036s
 
66219776245.92162 66260257446.0572 151986883006.37 152053753059.55

real	0m2.478s
user	0m2.332s
sys	0m0.128s
 
166212294937.399 166288626284.4981 382568140639.0101 382694366833.3

real	0m2.422s
user	0m2.260s
sys	0m0.148s
 
608720333715.4655 608956501509.1869 1405127495482.165 1405518727998.904

real	0m4.598s
user	0m4.300s
sys	0m0.272s
 
SPECIAL
 
0.04840000000000001

real	0m10.234s
user	0m10.216s
sys	0m0.008s
 
0.04840000000000001

real	0m11.391s
user	0m11.344s
sys	0m0.008s
 
0.04840000000000001

real	0m5.118s
user	0m4.252s
sys	0m0.008s
 
53.79660000000001 53.79880000000001 58.68060000000001 58.68280000000001

real	0m19.862s
user	0m19.820s
sys	0m0.000s
 
53.79660000000001 53.79880000000001 58.68060000000001 58.68280000000001

real	0m35.415s
user	0m35.344s
sys	0m0.016s
 
9698907.663399998

real	0m4.450s
user	0m4.440s
sys	0m0.008s
 
9698907.663400002

real	0m1.744s
user	0m1.320s
sys	0m0.012s
 
0.04840000000000001

real	0m25.753s
user	0m25.664s
sys	0m0.008s
 
53.79660000000001 53.79880000000001 58.68060000000001 58.68280000000001

real	1m7.665s
user	1m7.272s
sys	0m0.020s
 
53.79660000000001 53.79880000000001 58.68060000000001 58.68280000000001

real	1m48.939s
user	1m47.748s
sys	0m0.016s
 
9698907.663400002

real	0m5.175s
user	0m5.152s
sys	0m0.012s
 
3948765877.809501 3955170852.9146 5863853434.234398 5870258409.339501

real	1m8.049s
user	1m7.668s
sys	0m0.068s
 
3948765877.809501 3955170852.9146 5863853434.2344 5870258409.339501

real	0m36.135s
user	0m34.832s
sys	0m0.092s
 
0.04840000000000001

real	0m25.187s
user	0m25.104s
sys	0m0.008s
 
53.79660000000001 53.79880000000001 58.68060000000001 58.68280000000001

real	1m12.983s
user	1m12.840s
sys	0m0.004s
 
53.79660000000001 53.79880000000001 58.68060000000001 58.68280000000001

real	1m45.994s
user	1m45.460s
sys	0m0.048s
 
9698907.663400002

real	0m4.347s
user	0m4.332s
sys	0m0.008s
 
3948765877.809501 3955170852.9146 5863853434.234398 5870258409.339501

real	1m1.933s
user	1m0.600s
sys	0m0.088s
 
3948765877.809501 3955170852.9146 5863853434.2344 5870258409.339501

real	0m34.913s
user	0m34.296s
sys	0m0.036s
 
0.04840000000000001

real	0m26.408s
user	0m26.368s
sys	0m0.000s
 
53.79660000000001 53.79880000000001 58.68060000000001 58.68280000000001

real	1m8.239s
user	1m7.276s
sys	0m0.020s
 
53.79660000000001 53.79880000000001 58.68060000000001 58.68280000000001

real	1m42.463s
user	1m41.424s
sys	0m0.048s
 
9698907.663400002

real	0m5.897s
user	0m5.884s
sys	0m0.008s
 
3948765877.809501 3955170852.9146 5863853434.234398 5870258409.339501

real	1m8.021s
user	1m4.684s
sys	0m0.176s
 
3948765877.809501 3955170852.9146 5863853434.2344 5870258409.339501

real	0m45.226s
user	0m43.932s
sys	0m0.068s
 
0.04840000000000001

real	0m28.033s
user	0m25.616s
sys	0m0.012s
 
53.79660000000001 53.79880000000001 58.68060000000001 58.68280000000001

real	1m13.516s
user	1m12.436s
sys	0m0.020s
 
53.79660000000001 53.79880000000001 58.68060000000001 58.68280000000001

real	1m42.497s
user	1m41.420s
sys	0m0.008s
 
9698907.663400002

real	0m5.418s
user	0m5.400s
sys	0m0.004s
 
3948765877.809501 3955170852.9146 5863853434.234398 5870258409.339501

real	1m4.353s
user	1m3.512s
sys	0m0.096s
 
3948765877.809501 3955170852.9146 5863853434.2344 5870258409.339501

real	0m43.945s
user	0m43.680s
sys	0m0.080s
 
3037.1121 3037.6632 3611.409 3612.01

real	1m5.964s
user	1m5.240s
sys	0m0.088s
 
3037.1121 3037.6632 3611.409 3612.01

real	1m6.907s
user	1m5.464s
sys	0m0.024s
 
3037.1121 3037.6632 3611.409 3612.01

real	1m5.609s
user	1m5.216s
sys	0m0.084s
 
3037.1121 3037.6632 3611.409 3612.01

real	1m6.239s
user	1m4.760s
sys	0m0.108s
 
SEQUENCE
 
37624.35618 38872.44188 52954.76458 54712.31628

real	0m6.030s
user	0m6.016s
sys	0m0.004s
 
4350478614.186048 4405620767.88845 7321622135.843185 7393481577.214197

real	0m3.673s
user	0m3.648s
sys	0m0.012s
 
48832437279.89182 49241016265.74161 88512227219.28577 89040617812.03198

real	0m14.856s
user	0m14.744s
sys	0m0.056s
 
18696443068.18007 18840087100.15867 37617583432.71078 37823564976.34861

real	0m2.965s
user	0m2.948s
sys	0m0.004s
 
4.901614166865181e+18 4.912723296455449e+18 1.084442578747925e+19 1.086100449795466e+19

real	0m2.217s
user	0m2.172s
sys	0m0.036s
 
1.647418946230568e+16 1.649160037624474e+16 3.76846597969705e+16 3.771108024027194e+16

real	0m2.833s
user	0m2.752s
sys	0m0.068s
 
4.488811165018216e+17 4.490640601531965e+17 1.037309346016861e+18 1.03758774958278e+18

real	0m2.265s
user	0m2.104s
sys	0m0.148s
 
4.488811165018216e+17 4.490640601531965e+17 1.037309346016861e+18 1.03758774958278e+18

real	0m4.068s
user	0m3.872s
sys	0m0.180s
 
4.488811165018216e+17 4.490640601531965e+17 1.037309346016861e+18 1.03758774958278e+18

real	0m4.092s
user	0m3.896s
sys	0m0.176s
 
8.382424294553982e+29 8.385850640122292e+29 1.937388035390321e+30 1.937907243392919e+30

real	0m2.589s
user	0m2.372s
sys	0m0.200s
 
8.382424294553982e+29 8.385850640122292e+29 1.937388035390321e+30 1.937907243392919e+30

real	0m2.739s
user	0m2.544s
sys	0m0.180s
 
8.382424294553982e+29 8.385850640122292e+29 1.937388035390321e+30 1.937907243392919e+30

real	0m2.792s
user	0m2.540s
sys	0m0.180s
 
8.382424294553982e+29 8.385850640122292e+29 1.937388035390321e+30 1.937907243392919e+30

real	0m2.808s
user	0m2.580s
sys	0m0.212s
 
8.382424294553982e+29 8.385850640122292e+29 1.937388035390321e+30 1.937907243392919e+30

real	0m2.609s
user	0m2.408s
sys	0m0.184s
 
8.382424294553982e+29 8.385850640122292e+29 1.937388035390321e+30 1.937907243392919e+30

real	0m2.590s
user	0m2.408s
sys	0m0.172s
 
374124590164.9392 378323909405.2969 483306890414.2386 487506209654.5963

real	0m3.794s
user	0m3.776s
sys	0m0.008s
 
8003498375443.188 8040830216224.576 11400695886549.59 11438027727330.98

real	0m3.502s
user	0m3.488s
sys	0m0.004s
 
467292080353.771 473215316635.7609 603526514839.5372 609449751121.5272

real	0m4.228s
user	0m4.208s
sys	0m0.004s
 
22856685758006.32 23032721850853.32 32186598678896.97 32362634771743.98

real	0m5.290s
user	0m5.264s
sys	0m0.008s
