 
SCALAR_VEC
 
0.5808000000000001 0.5830000000000002 0.6270000000000002 0.6292000000000002

real	0m11.050s
user	0m11.000s
sys	0m0.004s
 
46.0284 46.03060000000001 50.20620000000001 50.2084

real	0m10.933s
user	0m10.888s
sys	0m0.012s
 
29876.5456 29876.5478 32592.58860000001 32592.59080000001

real	0m19.551s
user	0m18.228s
sys	0m0.148s
 
VEC_VEC
 
174.0387

real	0m5.274s
user	0m5.260s
sys	0m0.004s
 
9698907.663399996

real	0m2.248s
user	0m2.240s
sys	0m0.004s
 
24900423491.09201

real	0m3.732s
user	0m3.716s
sys	0m0.004s
 
24900741320632.71

real	0m22.909s
user	0m22.784s
sys	0m0.044s
 
2.490083360868967e+16

real	0m23.156s
user	0m22.452s
sys	0m0.116s
 
VEC_MAT
 
178.7929000000001 178.8030000000001 201.2149000000001 201.2250000000001

real	0m15.826s
user	0m15.796s
sys	0m0.004s
 
992.6821000000002 992.6922000000003 1117.3464 1117.3565

real	0m9.125s
user	0m9.088s
sys	0m0.020s
 
390.3932 390.4204 450.7772000000001 450.8044

real	0m17.824s
user	0m17.780s
sys	0m0.004s
 
2166.9797 2167.0069 2502.7093 2502.7365

real	0m12.508s
user	0m11.488s
sys	0m0.000s
 
157975690.7399002 164380665.8450001

real	0m2.039s
user	0m2.016s
sys	0m0.004s
 
27065907086.64726 28163538210.734

real	0m2.421s
user	0m2.416s
sys	0m0.000s
 
128614163.4402999 133441028.6953997 138267893.9505

real	0m3.099s
user	0m3.080s
sys	0m0.000s
 
17202407856.50187 17848340807.38918 18494273758.27599

real	0m3.466s
user	0m3.452s
sys	0m0.008s
 
2.2266 2.2836 2.3406 2.397600000000001

real	0m2.602s
user	0m2.588s
sys	0m0.008s
 
73.52180000000001 74.6944 86.4204 87.59300000000002

real	0m8.605s
user	0m8.576s
sys	0m0.012s
 
609.1862 615.0844000000001 774.3358000000001 780.2340000000002

real	0m9.795s
user	0m9.780s
sys	0m0.004s
 
31020069.53999998 31057579.07999998 45948866.45999996 45986376.00000001

real	1m2.044s
user	1m1.768s
sys	0m0.036s
 
3948765877.809497 3955170852.914604 5863853434.234404 5870258409.339499

real	1m7.787s
user	1m6.432s
sys	0m0.068s
 
629070346650.9426 630167977775.031 934211799147.1235 935309430271.2021

real	0m38.368s
user	0m38.064s
sys	0m0.152s
 
72549439.0166 72565446.85879999 108086848.7006 108102856.5428001

real	1m6.321s
user	1m4.912s
sys	0m0.068s
 
324096005.6180002 324108897.3359997 483218480.892 483231372.6099998

real	0m28.425s
user	0m28.184s
sys	0m0.156s
 
10829665.1294 10829701.4254 15310551.5134 15310587.8094

real	0m24.792s
user	0m24.428s
sys	0m0.212s
 
107135690886248 108233331157370.3 147748380917728.1 148846021188851.3

real	0m26.329s
user	0m26.004s
sys	0m0.192s
 
MAT_VEC
 
178.7929000000001 178.8030000000001 201.2149000000001 201.2250000000001

real	0m10.067s
user	0m9.132s
sys	0m0.008s
 
992.6821000000002 992.6922000000003 1117.3464 1117.3565

real	0m5.217s
user	0m5.192s
sys	0m0.004s
 
390.3932 390.4204 450.7772000000001 450.8044

real	0m13.856s
user	0m13.812s
sys	0m0.008s
 
2166.9797 2167.0069 2502.7093 2502.7365

real	0m8.086s
user	0m8.056s
sys	0m0.004s
 
157975690.7399002 164380665.8450001

real	0m3.808s
user	0m3.796s
sys	0m0.000s
 
27065907086.64726 28163538210.734

real	0m4.741s
user	0m4.732s
sys	0m0.000s
 
128614163.4402999 133441028.6953997 138267893.9505

real	0m5.183s
user	0m5.172s
sys	0m0.000s
 
17202407856.50187 17848340807.38918 18494273758.27599

real	0m5.362s
user	0m5.348s
sys	0m0.000s
 
2.2266 2.2836 2.3406 2.397600000000001

real	0m2.465s
user	0m2.460s
sys	0m0.000s
 
73.52180000000001 74.6944 86.4204 87.59300000000002

real	0m10.467s
user	0m10.452s
sys	0m0.000s
 
609.1862 615.0844000000001 774.3358000000001 780.2340000000002

real	0m14.420s
user	0m14.348s
sys	0m0.004s
 
31020069.53999998 31057579.07999998 45948866.45999996 45986376.00000001

real	1m2.559s
user	1m1.184s
sys	0m0.064s
 
3948765877.809497 3955170852.914604 5863853434.234404 5870258409.339499

real	1m5.413s
user	1m4.584s
sys	0m0.092s
 
629070346650.9426 630167977775.031 934211799147.1235 935309430271.2021

real	0m27.438s
user	0m27.196s
sys	0m0.148s
 
72549439.0166 72565446.85879999 108086848.7006 108102856.5428001

real	1m10.956s
user	1m10.236s
sys	0m0.080s
 
324096005.6180002 324108897.3359997 483218480.892 483231372.6099998

real	0m33.954s
user	0m33.600s
sys	0m0.176s
 
10829665.1294 10829701.4254 15310551.5134 15310587.8094

real	0m32.853s
user	0m31.412s
sys	0m0.252s
 
107135690886248 108233331157370.3 147748380917728.1 148846021188851.3

real	0m24.248s
user	0m23.900s
sys	0m0.248s
 
OUTER
 
101.277 104.346 110.4774 113.8252

real	0m22.820s
user	0m22.792s
sys	0m0.004s
 
96.84840000000001 99.04950000000002 108.045 110.446

real	0m19.545s
user	0m19.468s
sys	0m0.000s
 
94.13800000000002 95.84960000000002 106.419 108.286

real	0m18.140s
user	0m18.104s
sys	0m0.004s
 
14.5684 14.5728 16.60140000000001 16.606

real	0m5.886s
user	0m5.868s
sys	0m0.008s
 
10.164 10.2025 11.913 11.9548

real	0m5.694s
user	0m5.680s
sys	0m0.004s
 
955.9242 956.3004 1135.8438 1136.254

real	0m24.585s
user	0m23.492s
sys	0m0.016s
 
86477.05440000001 86480.57660000001 102897.9582 102901.8004

real	0m22.921s
user	0m22.488s
sys	0m0.316s
 
27312.9912 27313.3443 32486.685 32487.07

real	0m14.488s
user	0m14.348s
sys	0m0.088s
 
MAT_MAT
 
8054296.570499997 8377212.617400005 11041896.78059999 11521723.02599998

real	0m11.156s
user	0m11.112s
sys	0m0.028s
 
67005585.50399998 69693523.28640002 92209626.6390001 96222702.65399998

real	0m15.132s
user	0m15.052s
sys	0m0.008s
 
56602.02200000002 58658.48450000003 83130.86099999996 86296.01680000003

real	0m7.367s
user	0m7.352s
sys	0m0.004s
 
297546749.5919997 308581623.7314994 440770097.583 457946307.1219999

real	0m13.376s
user	0m13.320s
sys	0m0.004s
 
8054296.570499997 8144829.910200007 11426434.83180001 11521723.02599998

real	0m7.735s
user	0m7.712s
sys	0m0.008s
 
67005585.50399998 67746880.83150004 95442432.67260008 96222702.65399998

real	0m9.927s
user	0m9.884s
sys	0m0.012s
 
56602.02200000002 56765.4044 86117.12820000002 86296.01680000003

real	0m7.045s
user	0m6.192s
sys	0m0.008s
 
297546749.5919997 299613096.1240003 455678605.3310006 457946307.1219999

real	0m15.990s
user	0m15.888s
sys	0m0.036s
 
301.3441 301.7106 379.168 379.5840000000001

real	0m11.976s
user	0m11.948s
sys	0m0.004s
 
45022.4809 45027.16379999999 57025.89409999999 57031.226

real	0m31.028s
user	0m30.824s
sys	0m0.076s
 
79343.34260000002 79353.49420000002 105856.4262 105868.395

real	0m19.204s
user	0m19.012s
sys	0m0.056s
 
77470.43699999999 77485.73999999999 107948.34 107966.91

real	0m14.338s
user	0m14.172s
sys	0m0.100s
 
109.241 111.7864 142.1856 145.251

real	0m8.256s
user	0m8.232s
sys	0m0.004s
 
1739639.1343 1765026.6362 3156552.835599999 3194056.931000001

real	0m15.453s
user	0m15.396s
sys	0m0.000s
 
40128631.98950006 40455680.77900002 81101463.51099998 81608296.35000008

real	0m13.263s
user	0m12.344s
sys	0m0.008s
 
185145.8628 186726.9552 353878.6176 356259.936

real	0m16.614s
user	0m16.572s
sys	0m0.008s
 
5650057.303000003 5674398.905999999 11835110.684 11873364.25000001

real	0m14.922s
user	0m14.860s
sys	0m0.020s
 
3539227257.462 3543179262.324003 8019509498.519998 8025995052.400001

real	0m16.093s
user	0m16.008s
sys	0m0.032s
 
66219776245.92168 66260257446.05717 151986883006.3699 152053753059.55

real	0m15.933s
user	0m15.324s
sys	0m0.092s
 
166212294937.3991 166288626284.498 382568140639.0098 382694366833.2999

real	0m17.638s
user	0m17.404s
sys	0m0.156s
 
608720333715.4655 608956501509.1871 1405127495482.165 1405518727998.903

real	0m37.837s
user	0m36.352s
sys	0m0.312s
 
TRANS1
 
8054296.570499997 8377212.617400005 11041896.78059999 11521723.02599998

real	0m6.646s
user	0m6.620s
sys	0m0.004s
 
67005585.50399998 69693523.28640002 92209626.6390001 96222702.65399998

real	0m8.584s
user	0m8.564s
sys	0m0.000s
 
56602.02200000002 58658.48450000003 83130.86099999996 86296.01680000003

real	0m4.882s
user	0m4.860s
sys	0m0.008s
 
297546749.5919997 308581623.7314994 440770097.583 457946307.1219999

real	0m11.636s
user	0m11.580s
sys	0m0.012s
 
8054296.570499997 8144829.910200007 11426434.83180001 11521723.02599998

real	0m6.506s
user	0m6.496s
sys	0m0.000s
 
67005585.50399998 67746880.83150004 95442432.67260008 96222702.65399998

real	0m9.212s
user	0m9.180s
sys	0m0.016s
 
56602.02200000002 56765.4044 86117.12820000002 86296.01680000003

real	0m5.266s
user	0m5.256s
sys	0m0.000s
 
297546749.5919997 299613096.1240003 455678605.3310006 457946307.1219999

real	0m15.840s
user	0m15.684s
sys	0m0.052s
 
301.3441 301.7106 379.168 379.5840000000001

real	0m13.147s
user	0m13.120s
sys	0m0.000s
 
45022.4809 45027.16379999999 57025.89409999999 57031.226

real	0m27.191s
user	0m26.868s
sys	0m0.116s
 
79343.34260000002 79353.49420000002 105856.4262 105868.395

real	0m18.361s
user	0m17.196s
sys	0m0.104s
 
77470.43699999999 77485.73999999999 107948.34 107966.91

real	0m10.393s
user	0m10.264s
sys	0m0.076s
 
109.241 111.7864 142.1856 145.251

real	0m6.525s
user	0m6.512s
sys	0m0.004s
 
1739639.1343 1765026.6362 3156552.835599999 3194056.931000001

real	0m12.643s
user	0m12.624s
sys	0m0.000s
 
40128631.98950006 40455680.77900002 81101463.51099998 81608296.35000008

real	0m10.914s
user	0m10.876s
sys	0m0.012s
 
185145.8628 186726.9552 353878.6176 356259.936

real	0m12.769s
user	0m12.724s
sys	0m0.000s
 
5650057.303000003 5674398.905999999 11835110.684 11873364.25000001

real	0m13.210s
user	0m13.172s
sys	0m0.008s
 
3539227257.462 3543179262.324003 8019509498.519998 8025995052.400001

real	0m12.818s
user	0m12.692s
sys	0m0.076s
 
66219776245.92168 66260257446.05717 151986883006.3699 152053753059.55

real	0m19.209s
user	0m18.984s
sys	0m0.104s
 
166212294937.3991 166288626284.498 382568140639.0098 382694366833.2999

real	0m17.604s
user	0m16.364s
sys	0m0.168s
 
608720333715.4655 608956501509.1871 1405127495482.165 1405518727998.903

real	0m35.517s
user	0m35.076s
sys	0m0.308s
 
1512441.733 1524415.266 2968657.650000001 2986772.5

real	0m9.608s
user	0m9.576s
sys	0m0.016s
 
608720333715.4655 608956501509.1871 1405127495482.165 1405518727998.903

real	0m31.900s
user	0m31.576s
sys	0m0.152s
 
TRANS2
 
8054296.570499997 8377212.617400005 11041896.78059999 11521723.02599998

real	0m11.401s
user	0m11.380s
sys	0m0.008s
 
67005585.50399998 69693523.28640002 92209626.6390001 96222702.65399998

real	0m15.891s
user	0m15.812s
sys	0m0.008s
 
56602.02200000002 58658.48450000003 83130.86099999996 86296.01680000003

real	0m8.280s
user	0m7.340s
sys	0m0.008s
 
297546749.5919997 308581623.7314994 440770097.583 457946307.1219999

real	0m17.099s
user	0m17.028s
sys	0m0.004s
 
8054296.570499997 8144829.910200007 11426434.83180001 11521723.02599998

real	0m7.785s
user	0m7.760s
sys	0m0.004s
 
67005585.50399998 67746880.83150004 95442432.67260008 96222702.65399998

real	0m9.926s
user	0m9.904s
sys	0m0.004s
 
56602.02200000002 56765.4044 86117.12820000002 86296.01680000003

real	0m6.186s
user	0m6.168s
sys	0m0.004s
 
297546749.5919997 299613096.1240003 455678605.3310006 457946307.1219999

real	0m16.462s
user	0m16.400s
sys	0m0.008s
 
301.3441 301.7106 379.168 379.5840000000001

real	0m12.022s
user	0m11.948s
sys	0m0.000s
 
45022.4809 45027.16379999999 57025.89409999999 57031.226

real	0m31.062s
user	0m30.828s
sys	0m0.096s
 
79343.34260000002 79353.49420000002 105856.4262 105868.395

real	0m20.433s
user	0m19.084s
sys	0m0.056s
 
77470.43699999999 77485.73999999999 107948.34 107966.91

real	0m14.342s
user	0m14.208s
sys	0m0.056s
 
109.241 111.7864 142.1856 145.251

real	0m8.305s
user	0m8.280s
sys	0m0.004s
 
1739639.1343 1765026.6362 3156552.835599999 3194056.931000001

real	0m15.492s
user	0m15.452s
sys	0m0.004s
 
40128631.98950006 40455680.77900002 81101463.51099998 81608296.35000008

real	0m12.844s
user	0m12.804s
sys	0m0.000s
 
185145.8628 186726.9552 353878.6176 356259.936

real	0m17.107s
user	0m16.640s
sys	0m0.012s
 
5650057.303000003 5674398.905999999 11835110.684 11873364.25000001

real	0m15.028s
user	0m14.976s
sys	0m0.008s
 
3539227257.462 3543179262.324003 8019509498.519998 8025995052.400001

real	0m16.650s
user	0m16.508s
sys	0m0.076s
 
66219776245.92168 66260257446.05717 151986883006.3699 152053753059.55

real	0m16.392s
user	0m15.864s
sys	0m0.116s
 
166212294937.3991 166288626284.498 382568140639.0098 382694366833.2999

real	0m18.003s
user	0m17.788s
sys	0m0.132s
 
608720333715.4655 608956501509.1871 1405127495482.165 1405518727998.903

real	0m37.263s
user	0m36.868s
sys	0m0.268s
 
1512441.733 1524415.266 2968657.650000001 2986772.5

real	0m11.945s
user	0m11.892s
sys	0m0.004s
 
608720333715.4655 608956501509.1871 1405127495482.165 1405518727998.903

real	0m33.016s
user	0m32.736s
sys	0m0.168s
 
TRANS12
 
8054296.570499997 8377212.617400005 11041896.78059999 11521723.02599998

real	0m8.168s
user	0m8.144s
sys	0m0.008s
 
67005585.50399998 69693523.28640002 92209626.6390001 96222702.65399998

real	0m14.101s
user	0m13.012s
sys	0m0.024s
 
56602.02200000002 58658.48450000003 83130.86099999996 86296.01680000003

real	0m5.407s
user	0m5.392s
sys	0m0.004s
 
297546749.5919997 308581623.7314994 440770097.583 457946307.1219999

real	0m18.658s
user	0m18.552s
sys	0m0.028s
 
8054296.570499997 8144829.910200007 11426434.83180001 11521723.02599998

real	0m7.378s
user	0m7.360s
sys	0m0.000s
 
67005585.50399998 67746880.83150004 95442432.67260008 96222702.65399998

real	0m9.872s
user	0m9.848s
sys	0m0.004s
 
56602.02200000002 56765.4044 86117.12820000002 86296.01680000003

real	0m6.449s
user	0m6.432s
sys	0m0.004s
 
297546749.5919997 299613096.1240003 455678605.3310006 457946307.1219999

real	0m19.207s
user	0m19.056s
sys	0m0.028s
 
301.3441 301.7106 379.168 379.5840000000001

real	0m16.351s
user	0m16.304s
sys	0m0.016s
 
45022.4809 45027.16379999999 57025.89409999999 57031.226

real	0m29.802s
user	0m29.492s
sys	0m0.104s
 
79343.34260000002 79353.49420000002 105856.4262 105868.395

real	0m19.522s
user	0m19.068s
sys	0m0.084s
 
77470.43699999999 77485.73999999999 107948.34 107966.91

real	0m10.437s
user	0m10.336s
sys	0m0.044s
 
109.241 111.7864 142.1856 145.251

real	0m7.424s
user	0m7.408s
sys	0m0.000s
 
1739639.1343 1765026.6362 3156552.835599999 3194056.931000001

real	0m14.142s
user	0m14.100s
sys	0m0.016s
 
40128631.98950006 40455680.77900002 81101463.51099998 81608296.35000008

real	0m12.148s
user	0m12.112s
sys	0m0.004s
 
185145.8628 186726.9552 353878.6176 356259.936

real	0m23.092s
user	0m22.996s
sys	0m0.008s
 
5650057.303000003 5674398.905999999 11835110.684 11873364.25000001

real	0m14.850s
user	0m14.804s
sys	0m0.004s
 
3539227257.462 3543179262.324003 8019509498.519998 8025995052.400001

real	0m37.410s
user	0m36.096s
sys	0m0.084s
 
66219776245.92168 66260257446.05717 151986883006.3699 152053753059.55

real	0m48.547s
user	0m48.264s
sys	0m0.108s
 
166212294937.3991 166288626284.498 382568140639.0098 382694366833.2999

real	0m44.608s
user	0m44.232s
sys	0m0.196s
 
608720333715.4655 608956501509.1871 1405127495482.165 1405518727998.903

real	1m33.699s
user	1m31.448s
sys	0m0.316s
 
SPECIAL
 
0.04840000000000001

real	0m4.118s
user	0m4.104s
sys	0m0.004s
 
0.04840000000000001

real	0m4.452s
user	0m4.436s
sys	0m0.004s
 
0.04840000000000001

real	0m1.565s
user	0m1.556s
sys	0m0.008s
 
53.79660000000001 53.79880000000001 58.68060000000001 58.68280000000001

real	0m15.897s
user	0m15.832s
sys	0m0.008s
 
53.79660000000001 53.79880000000001 58.68060000000001 58.68280000000001

real	0m21.151s
user	0m20.164s
sys	0m0.004s
 
9698907.663399996

real	0m5.406s
user	0m5.380s
sys	0m0.008s
 
9698907.663399996

real	0m2.419s
user	0m2.412s
sys	0m0.000s
 
0.04840000000000001

real	0m4.688s
user	0m4.636s
sys	0m0.004s
 
53.79660000000001 53.79880000000001 58.68060000000001 58.68280000000001

real	0m9.363s
user	0m9.336s
sys	0m0.004s
 
53.79660000000001 53.79880000000001 58.68060000000001 58.68280000000001

real	0m27.675s
user	0m27.620s
sys	0m0.020s
 
9698907.663399996

real	0m5.403s
user	0m5.392s
sys	0m0.000s
 
3948765877.809497 3955170852.914604 5863853434.234404 5870258409.339499

real	0m49.052s
user	0m48.724s
sys	0m0.048s
 
3948765877.809497 3955170852.914604 5863853434.234404 5870258409.339499

real	0m54.762s
user	0m54.172s
sys	0m0.072s
 
0.04840000000000001

real	0m5.451s
user	0m5.440s
sys	0m0.000s
 
53.79660000000001 53.79880000000001 58.68060000000001 58.68280000000001

real	0m34.051s
user	0m33.920s
sys	0m0.028s
 
53.79660000000001 53.79880000000001 58.68060000000001 58.68280000000001

real	0m46.405s
user	0m45.404s
sys	0m0.000s
 
9698907.663399996

real	0m2.643s
user	0m2.636s
sys	0m0.000s
 
3948765877.809497 3955170852.914604 5863853434.234404 5870258409.339499

real	0m49.103s
user	0m48.900s
sys	0m0.040s
 
3948765877.809497 3955170852.914604 5863853434.234404 5870258409.339499

real	0m50.739s
user	0m50.200s
sys	0m0.068s
 
0.04840000000000001

real	0m5.925s
user	0m5.012s
sys	0m0.000s
 
53.79660000000001 53.79880000000001 58.68060000000001 58.68280000000001

real	0m9.401s
user	0m9.380s
sys	0m0.008s
 
53.79660000000001 53.79880000000001 58.68060000000001 58.68280000000001

real	0m24.573s
user	0m24.516s
sys	0m0.004s
 
9698907.663399996

real	0m5.618s
user	0m5.604s
sys	0m0.004s
 
3948765877.809497 3955170852.914604 5863853434.234404 5870258409.339499

real	0m48.699s
user	0m48.440s
sys	0m0.064s
 
3948765877.809497 3955170852.914604 5863853434.234404 5870258409.339499

real	1m51.687s
user	1m49.764s
sys	0m0.088s
 
0.04840000000000001

real	0m5.726s
user	0m5.712s
sys	0m0.004s
 
53.79660000000001 53.79880000000001 58.68060000000001 58.68280000000001

real	0m42.942s
user	0m41.932s
sys	0m0.032s
 
53.79660000000001 53.79880000000001 58.68060000000001 58.68280000000001

real	0m42.582s
user	0m42.500s
sys	0m0.008s
 
9698907.663399996

real	0m2.650s
user	0m2.640s
sys	0m0.004s
 
3948765877.809497 3955170852.914604 5863853434.234404 5870258409.339499

real	0m54.963s
user	0m54.708s
sys	0m0.032s
 
3948765877.809497 3955170852.914604 5863853434.234404 5870258409.339499

real	1m44.757s
user	1m43.156s
sys	0m0.156s
 
3037.1121 3037.6632 3611.409 3612.01

real	0m38.276s
user	0m36.912s
sys	0m0.052s
 
3037.1121 3037.6632 3611.409 3612.01

real	0m37.092s
user	0m36.892s
sys	0m0.040s
 
3037.1121 3037.6632 3611.409 3612.01

real	0m37.191s
user	0m36.904s
sys	0m0.064s
 
3037.1121 3037.6632 3611.409 3612.01

real	0m39.395s
user	0m38.064s
sys	0m0.040s
 
SEQUENCE
 
37624.35618 38872.44188 52954.76458 54712.31628

real	0m8.744s
user	0m8.712s
sys	0m0.004s
 
4350478614.186048 4405620767.888449 7321622135.843186 7393481577.214199

real	0m8.021s
user	0m8.008s
sys	0m0.000s
 
48832437279.8918 49241016265.74157 88512227219.28583 89040617812.03206

real	0m36.031s
user	0m35.860s
sys	0m0.048s
 
18696443068.18007 18840087100.15867 37617583432.7108 37823564976.3486

real	0m8.194s
user	0m8.116s
sys	0m0.008s
 
4.901614166865179e+18 4.912723296455448e+18 1.084442578747924e+19 1.086100449795465e+19

real	0m9.557s
user	0m9.496s
sys	0m0.024s
 
1.647418946230568e+16 1.649160037624473e+16 3.768465979697054e+16 3.771108024027194e+16

real	0m24.347s
user	0m24.096s
sys	0m0.088s
 
4.48881116501821e+17 4.490640601531962e+17 1.03730934601686e+18 1.03758774958278e+18

real	0m18.484s
user	0m17.148s
sys	0m0.196s
 
4.48881116501821e+17 4.490640601531962e+17 1.03730934601686e+18 1.03758774958278e+18

real	0m32.661s
user	0m32.360s
sys	0m0.176s
 
4.48881116501821e+17 4.490640601531962e+17 1.03730934601686e+18 1.03758774958278e+18

real	0m32.138s
user	0m31.372s
sys	0m0.204s
 
8.382424294553979e+29 8.385850640122295e+29 1.937388035390321e+30 1.93790724339292e+30

real	0m19.384s
user	0m19.004s
sys	0m0.236s
 
8.382424294553979e+29 8.385850640122295e+29 1.937388035390321e+30 1.93790724339292e+30

real	0m18.268s
user	0m17.976s
sys	0m0.228s
 
8.382424294553979e+29 8.385850640122295e+29 1.937388035390321e+30 1.93790724339292e+30

real	0m19.113s
user	0m17.844s
sys	0m0.240s
 
8.382424294553979e+29 8.385850640122295e+29 1.937388035390321e+30 1.93790724339292e+30

real	0m20.821s
user	0m20.552s
sys	0m0.184s
 
8.382424294553979e+29 8.385850640122295e+29 1.937388035390321e+30 1.93790724339292e+30

real	0m17.854s
user	0m17.592s
sys	0m0.188s
 
8.382424294553979e+29 8.385850640122295e+29 1.937388035390321e+30 1.93790724339292e+30

real	0m17.714s
user	0m17.452s
sys	0m0.208s
 
374124590164.9393 378323909405.297 483306890414.2386 487506209654.5964

real	0m8.107s
user	0m8.060s
sys	0m0.004s
 
8003498375443.188 8040830216224.574 11400695886549.59 11438027727330.98

real	0m8.048s
user	0m8.004s
sys	0m0.024s
 
467292080353.7709 473215316635.7608 603526514839.5372 609449751121.5272

real	0m7.366s
user	0m7.336s
sys	0m0.024s
 
22856685758006.32 23032721850853.32 32186598678896.97 32362634771743.98

real	0m8.895s
user	0m8.872s
sys	0m0.000s
