 
SCALAR_VEC
 
0.5808000000000001 0.5830000000000002 0.6270000000000002 0.6292000000000002

real	0m2.960s
user	0m2.944s
sys	0m0.004s
 
46.0284 46.03060000000001 50.20620000000001 50.2084

real	0m4.144s
user	0m4.136s
sys	0m0.000s
 
29876.5456 29876.5478 32592.58860000001 32592.59080000001

real	0m10.727s
user	0m10.576s
sys	0m0.104s
 
VEC_VEC
 
174.0387

real	0m4.871s
user	0m4.856s
sys	0m0.008s
 
9698907.663399996

real	0m2.260s
user	0m2.248s
sys	0m0.004s
 
24900423491.09201

real	0m3.661s
user	0m3.648s
sys	0m0.008s
 
24900741320632.71

real	0m22.472s
user	0m22.288s
sys	0m0.048s
 
2.490083360868967e+16

real	0m22.689s
user	0m22.460s
sys	0m0.140s
 
VEC_MAT
 
178.7929000000001 178.8030000000001 201.2149000000001 201.2250000000001

real	0m6.862s
user	0m6.848s
sys	0m0.004s
 
992.6821000000002 992.6922000000003 1117.3464 1117.3565

real	0m4.734s
user	0m4.720s
sys	0m0.000s
 
390.3932 390.4204 450.7772000000001 450.8044

real	0m13.178s
user	0m12.312s
sys	0m0.008s
 
2166.9797 2167.0069 2502.7093 2502.7365

real	0m7.697s
user	0m7.668s
sys	0m0.004s
 
157975690.7399002 164380665.8450001

real	0m1.962s
user	0m1.952s
sys	0m0.004s
 
27065907086.64726 28163538210.734

real	0m2.084s
user	0m2.076s
sys	0m0.004s
 
128614163.4402999 133441028.6953997 138267893.9505

real	0m2.218s
user	0m2.212s
sys	0m0.000s
 
17202407856.50187 17848340807.38918 18494273758.27599

real	0m2.505s
user	0m2.480s
sys	0m0.004s
 
2.2266 2.2836 2.3406 2.397600000000001

real	0m1.749s
user	0m1.740s
sys	0m0.000s
 
73.52180000000001 74.6944 86.4204 87.59300000000002

real	0m6.493s
user	0m6.476s
sys	0m0.000s
 
609.1862 615.0844000000001 774.3358000000001 780.2340000000002

real	0m8.429s
user	0m8.364s
sys	0m0.016s
 
31020069.53999998 31057579.07999998 45948866.45999996 45986376.00000001

real	0m58.695s
user	0m58.416s
sys	0m0.024s
 
3948765877.809497 3955170852.914604 5863853434.234404 5870258409.339499

real	1m8.818s
user	1m7.600s
sys	0m0.080s
 
629070346650.9426 630167977775.031 934211799147.1235 935309430271.2021

real	0m32.376s
user	0m32.056s
sys	0m0.176s
 
72549439.0166 72565446.85879999 108086848.7006 108102856.5428001

real	1m0.126s
user	0m59.528s
sys	0m0.084s
 
324096005.6180002 324108897.3359997 483218480.892 483231372.6099998

real	0m28.169s
user	0m27.924s
sys	0m0.136s
 
10829665.1294 10829701.4254 15310551.5134 15310587.8094

real	0m21.207s
user	0m20.928s
sys	0m0.204s
 
107135690886248 108233331157370.3 147748380917728.1 148846021188851.3

real	0m22.197s
user	0m21.824s
sys	0m0.244s
 
MAT_VEC
 
178.7929000000001 178.8030000000001 201.2149000000001 201.2250000000001

real	0m5.921s
user	0m5.868s
sys	0m0.004s
 
992.6821000000002 992.6922000000003 1117.3464 1117.3565

real	0m3.525s
user	0m3.516s
sys	0m0.000s
 
390.3932 390.4204 450.7772000000001 450.8044

real	0m9.995s
user	0m9.980s
sys	0m0.004s
 
2166.9797 2167.0069 2502.7093 2502.7365

real	0m6.344s
user	0m6.312s
sys	0m0.004s
 
157975690.7399002 164380665.8450001

real	0m2.227s
user	0m2.204s
sys	0m0.012s
 
27065907086.64726 28163538210.734

real	0m2.499s
user	0m2.480s
sys	0m0.000s
 
128614163.4402999 133441028.6953997 138267893.9505

real	0m3.723s
user	0m2.888s
sys	0m0.000s
 
17202407856.50187 17848340807.38918 18494273758.27599

real	0m2.967s
user	0m2.956s
sys	0m0.004s
 
2.2266 2.2836 2.3406 2.397600000000001

real	0m1.035s
user	0m1.032s
sys	0m0.000s
 
73.52180000000001 74.6944 86.4204 87.59300000000002

real	0m8.195s
user	0m8.176s
sys	0m0.004s
 
609.1862 615.0844000000001 774.3358000000001 780.2340000000002

real	0m11.416s
user	0m11.388s
sys	0m0.004s
 
31020069.53999998 31057579.07999998 45948866.45999996 45986376.00000001

real	1m9.983s
user	1m9.136s
sys	0m0.044s
 
3948765877.809497 3955170852.914604 5863853434.234404 5870258409.339499

real	1m8.045s
user	1m6.780s
sys	0m0.072s
 
629070346650.9426 630167977775.031 934211799147.1235 935309430271.2021

real	0m32.275s
user	0m31.924s
sys	0m0.208s
 
72549439.0166 72565446.85879999 108086848.7006 108102856.5428001

real	1m7.940s
user	1m6.444s
sys	0m0.080s
 
324096005.6180002 324108897.3359997 483218480.892 483231372.6099998

real	0m38.038s
user	0m37.740s
sys	0m0.160s
 
10829665.1294 10829701.4254 15310551.5134 15310587.8094

real	0m24.670s
user	0m24.276s
sys	0m0.276s
 
107135690886248 108233331157370.3 147748380917728.1 148846021188851.3

real	0m24.253s
user	0m23.936s
sys	0m0.232s
 
OUTER
 
101.277 104.346 110.4774 113.8252

real	0m12.081s
user	0m11.088s
sys	0m0.008s
 
96.84840000000001 99.04950000000002 108.045 110.446

real	0m12.463s
user	0m12.436s
sys	0m0.000s
 
94.13800000000002 95.84960000000002 106.419 108.286

real	0m13.585s
user	0m13.540s
sys	0m0.012s
 
14.5684 14.5728 16.60140000000001 16.606

real	0m6.579s
user	0m6.560s
sys	0m0.004s
 
10.164 10.2025 11.913 11.9548

real	0m6.178s
user	0m6.164s
sys	0m0.004s
 
955.9242 956.3004 1135.8438 1136.254

real	0m13.448s
user	0m13.392s
sys	0m0.008s
 
86477.05440000001 86480.57660000001 102897.9582 102901.8004

real	0m12.025s
user	0m11.648s
sys	0m0.324s
 
27312.9912 27313.3443 32486.685 32487.07

real	0m7.479s
user	0m7.324s
sys	0m0.088s
 
MAT_MAT
 
8054296.570499997 8377212.617400005 11041896.78059999 11521723.02599998

real	0m5.157s
user	0m5.148s
sys	0m0.004s
 
67005585.50399998 69693523.28640002 92209626.6390001 96222702.65399998

real	0m7.198s
user	0m7.172s
sys	0m0.008s
 
56602.02200000002 58658.48450000003 83130.86099999996 86296.01680000003

real	0m7.078s
user	0m7.060s
sys	0m0.000s
 
297546749.5919997 308581623.7314994 440770097.583 457946307.1219999

real	0m13.429s
user	0m13.372s
sys	0m0.012s
 
8054296.570499997 8144829.910200007 11426434.83180001 11521723.02599998

real	0m7.610s
user	0m7.564s
sys	0m0.016s
 
67005585.50399998 67746880.83150004 95442432.67260008 96222702.65399998

real	0m9.862s
user	0m9.544s
sys	0m0.008s
 
56602.02200000002 56765.4044 86117.12820000002 86296.01680000003

real	0m5.736s
user	0m5.724s
sys	0m0.000s
 
297546749.5919997 299613096.1240003 455678605.3310006 457946307.1219999

real	0m12.401s
user	0m12.348s
sys	0m0.004s
 
301.3441 301.7106 379.168 379.5840000000001

real	0m5.422s
user	0m5.404s
sys	0m0.000s
 
45022.4809 45027.16379999999 57025.89409999999 57031.226

real	0m25.730s
user	0m25.548s
sys	0m0.072s
 
79343.34260000002 79353.49420000002 105856.4262 105868.395

real	0m18.174s
user	0m17.952s
sys	0m0.100s
 
77470.43699999999 77485.73999999999 107948.34 107966.91

real	0m12.156s
user	0m12.060s
sys	0m0.048s
 
109.241 111.7864 142.1856 145.251

real	0m7.135s
user	0m7.116s
sys	0m0.004s
 
1739639.1343 1765026.6362 3156552.835599999 3194056.931000001

real	0m14.913s
user	0m14.884s
sys	0m0.004s
 
40128631.98950006 40455680.77900002 81101463.51099998 81608296.35000008

real	0m11.985s
user	0m11.888s
sys	0m0.016s
 
185145.8628 186726.9552 353878.6176 356259.936

real	0m16.216s
user	0m15.928s
sys	0m0.008s
 
5650057.303000003 5674398.905999999 11835110.684 11873364.25000001

real	0m14.879s
user	0m14.804s
sys	0m0.024s
 
3539227257.462 3543179262.324003 8019509498.519998 8025995052.400001

real	0m6.343s
user	0m6.292s
sys	0m0.028s
 
66219776245.92168 66260257446.05717 151986883006.3699 152053753059.55

real	0m7.904s
user	0m7.784s
sys	0m0.088s
 
166212294937.3991 166288626284.498 382568140639.0098 382694366833.2999

real	0m7.094s
user	0m6.928s
sys	0m0.136s
 
608720333715.4655 608956501509.1871 1405127495482.165 1405518727998.903

real	0m15.299s
user	0m14.564s
sys	0m0.224s
 
TRANS1
 
8054296.570499997 8377212.617400005 11041896.78059999 11521723.02599998

real	0m6.629s
user	0m6.584s
sys	0m0.004s
 
67005585.50399998 69693523.28640002 92209626.6390001 96222702.65399998

real	0m8.378s
user	0m8.348s
sys	0m0.008s
 
56602.02200000002 58658.48450000003 83130.86099999996 86296.01680000003

real	0m4.956s
user	0m4.948s
sys	0m0.004s
 
297546749.5919997 308581623.7314994 440770097.583 457946307.1219999

real	0m10.490s
user	0m10.368s
sys	0m0.036s
 
8054296.570499997 8144829.910200007 11426434.83180001 11521723.02599998

real	0m5.498s
user	0m5.484s
sys	0m0.000s
 
67005585.50399998 67746880.83150004 95442432.67260008 96222702.65399998

real	0m7.504s
user	0m7.448s
sys	0m0.000s
 
56602.02200000002 56765.4044 86117.12820000002 86296.01680000003

real	0m4.864s
user	0m4.840s
sys	0m0.000s
 
297546749.5919997 299613096.1240003 455678605.3310006 457946307.1219999

real	0m13.298s
user	0m12.164s
sys	0m0.016s
 
301.3441 301.7106 379.168 379.5840000000001

real	0m6.582s
user	0m6.560s
sys	0m0.000s
 
45022.4809 45027.16379999999 57025.89409999999 57031.226

real	0m12.513s
user	0m12.368s
sys	0m0.080s
 
79343.34260000002 79353.49420000002 105856.4262 105868.395

real	0m17.151s
user	0m16.992s
sys	0m0.080s
 
77470.43699999999 77485.73999999999 107948.34 107966.91

real	0m10.428s
user	0m10.304s
sys	0m0.076s
 
109.241 111.7864 142.1856 145.251

real	0m5.748s
user	0m5.736s
sys	0m0.004s
 
1739639.1343 1765026.6362 3156552.835599999 3194056.931000001

real	0m10.959s
user	0m10.912s
sys	0m0.000s
 
40128631.98950006 40455680.77900002 81101463.51099998 81608296.35000008

real	0m9.591s
user	0m9.564s
sys	0m0.004s
 
185145.8628 186726.9552 353878.6176 356259.936

real	0m11.239s
user	0m11.216s
sys	0m0.000s
 
5650057.303000003 5674398.905999999 11835110.684 11873364.25000001

real	0m11.693s
user	0m11.664s
sys	0m0.000s
 
3539227257.462 3543179262.324003 8019509498.519998 8025995052.400001

real	0m4.748s
user	0m4.692s
sys	0m0.040s
 
66219776245.92168 66260257446.05717 151986883006.3699 152053753059.55

real	0m6.914s
user	0m6.736s
sys	0m0.108s
 
166212294937.3991 166288626284.498 382568140639.0098 382694366833.2999

real	0m6.374s
user	0m5.236s
sys	0m0.180s
 
608720333715.4655 608956501509.1871 1405127495482.165 1405518727998.903

real	0m15.344s
user	0m15.056s
sys	0m0.224s
 
1512441.733 1524415.266 2968657.650000001 2986772.5

real	0m6.478s
user	0m6.460s
sys	0m0.008s
 
608720333715.4655 608956501509.1871 1405127495482.165 1405518727998.903

real	0m7.918s
user	0m7.756s
sys	0m0.124s
 
TRANS2
 
8054296.570499997 8377212.617400005 11041896.78059999 11521723.02599998

real	0m5.851s
user	0m5.836s
sys	0m0.004s
 
67005585.50399998 69693523.28640002 92209626.6390001 96222702.65399998

real	0m11.641s
user	0m11.616s
sys	0m0.000s
 
56602.02200000002 58658.48450000003 83130.86099999996 86296.01680000003

real	0m6.389s
user	0m6.372s
sys	0m0.004s
 
297546749.5919997 308581623.7314994 440770097.583 457946307.1219999

real	0m15.525s
user	0m15.380s
sys	0m0.032s
 
8054296.570499997 8144829.910200007 11426434.83180001 11521723.02599998

real	0m7.026s
user	0m7.008s
sys	0m0.004s
 
67005585.50399998 67746880.83150004 95442432.67260008 96222702.65399998

real	0m10.581s
user	0m10.548s
sys	0m0.004s
 
56602.02200000002 56765.4044 86117.12820000002 86296.01680000003

real	0m5.591s
user	0m5.580s
sys	0m0.000s
 
297546749.5919997 299613096.1240003 455678605.3310006 457946307.1219999

real	0m12.680s
user	0m12.636s
sys	0m0.008s
 
301.3441 301.7106 379.168 379.5840000000001

real	0m6.285s
user	0m6.268s
sys	0m0.004s
 
45022.4809 45027.16379999999 57025.89409999999 57031.226

real	0m26.205s
user	0m25.676s
sys	0m0.076s
 
79343.34260000002 79353.49420000002 105856.4262 105868.395

real	0m18.046s
user	0m17.852s
sys	0m0.112s
 
77470.43699999999 77485.73999999999 107948.34 107966.91

real	0m12.026s
user	0m11.944s
sys	0m0.032s
 
109.241 111.7864 142.1856 145.251

real	0m7.177s
user	0m7.164s
sys	0m0.004s
 
1739639.1343 1765026.6362 3156552.835599999 3194056.931000001

real	0m14.873s
user	0m14.788s
sys	0m0.004s
 
40128631.98950006 40455680.77900002 81101463.51099998 81608296.35000008

real	0m12.257s
user	0m12.220s
sys	0m0.004s
 
185145.8628 186726.9552 353878.6176 356259.936

real	0m15.556s
user	0m15.512s
sys	0m0.012s
 
5650057.303000003 5674398.905999999 11835110.684 11873364.25000001

real	0m14.474s
user	0m14.420s
sys	0m0.000s
 
3539227257.462 3543179262.324003 8019509498.519998 8025995052.400001

real	0m7.043s
user	0m6.000s
sys	0m0.044s
 
66219776245.92168 66260257446.05717 151986883006.3699 152053753059.55

real	0m7.719s
user	0m7.576s
sys	0m0.108s
 
166212294937.3991 166288626284.498 382568140639.0098 382694366833.2999

real	0m6.955s
user	0m6.772s
sys	0m0.160s
 
608720333715.4655 608956501509.1871 1405127495482.165 1405518727998.903

real	0m14.523s
user	0m14.216s
sys	0m0.240s
 
1512441.733 1524415.266 2968657.650000001 2986772.5

real	0m8.190s
user	0m8.172s
sys	0m0.000s
 
608720333715.4655 608956501509.1871 1405127495482.165 1405518727998.903

real	0m7.460s
user	0m7.236s
sys	0m0.152s
 
TRANS12
 
8054296.570499997 8377212.617400005 11041896.78059999 11521723.02599998

real	0m7.589s
user	0m7.548s
sys	0m0.028s
 
67005585.50399998 69693523.28640002 92209626.6390001 96222702.65399998

real	0m9.409s
user	0m9.388s
sys	0m0.000s
 
56602.02200000002 58658.48450000003 83130.86099999996 86296.01680000003

real	0m5.875s
user	0m5.864s
sys	0m0.000s
 
297546749.5919997 308581623.7314994 440770097.583 457946307.1219999

real	0m12.574s
user	0m12.468s
sys	0m0.012s
 
8054296.570499997 8144829.910200007 11426434.83180001 11521723.02599998

real	0m5.157s
user	0m5.144s
sys	0m0.000s
 
67005585.50399998 67746880.83150004 95442432.67260008 96222702.65399998

real	0m7.472s
user	0m7.440s
sys	0m0.004s
 
56602.02200000002 56765.4044 86117.12820000002 86296.01680000003

real	0m7.245s
user	0m7.232s
sys	0m0.000s
 
297546749.5919997 299613096.1240003 455678605.3310006 457946307.1219999

real	0m13.491s
user	0m13.424s
sys	0m0.004s
 
301.3441 301.7106 379.168 379.5840000000001

real	0m11.221s
user	0m10.488s
sys	0m0.008s
 
45022.4809 45027.16379999999 57025.89409999999 57031.226

real	0m35.388s
user	0m35.108s
sys	0m0.100s
 
79343.34260000002 79353.49420000002 105856.4262 105868.395

real	0m23.745s
user	0m23.140s
sys	0m0.096s
 
77470.43699999999 77485.73999999999 107948.34 107966.91

real	0m15.034s
user	0m14.868s
sys	0m0.072s
 
109.241 111.7864 142.1856 145.251

real	0m7.613s
user	0m7.580s
sys	0m0.016s
 
1739639.1343 1765026.6362 3156552.835599999 3194056.931000001

real	0m14.791s
user	0m14.768s
sys	0m0.000s
 
40128631.98950006 40455680.77900002 81101463.51099998 81608296.35000008

real	0m12.308s
user	0m12.256s
sys	0m0.004s
 
185145.8628 186726.9552 353878.6176 356259.936

real	0m17.577s
user	0m16.700s
sys	0m0.008s
 
5650057.303000003 5674398.905999999 11835110.684 11873364.25000001

real	0m14.792s
user	0m14.732s
sys	0m0.008s
 
3539227257.462 3543179262.324003 8019509498.519998 8025995052.400001

real	0m7.406s
user	0m7.328s
sys	0m0.044s
 
66219776245.92168 66260257446.05717 151986883006.3699 152053753059.55

real	0m9.927s
user	0m9.788s
sys	0m0.104s
 
166212294937.3991 166288626284.498 382568140639.0098 382694366833.2999

real	0m8.740s
user	0m8.524s
sys	0m0.184s
 
608720333715.4655 608956501509.1871 1405127495482.165 1405518727998.903

real	0m17.528s
user	0m17.168s
sys	0m0.268s
 
SPECIAL
 
0.04840000000000001

real	0m1.252s
user	0m1.248s
sys	0m0.004s
 
0.04840000000000001

real	0m2.210s
user	0m2.204s
sys	0m0.000s
 
0.04840000000000001

real	0m1.282s
user	0m1.280s
sys	0m0.000s
 
53.79660000000001 53.79880000000001 58.68060000000001 58.68280000000001

real	0m9.258s
user	0m9.244s
sys	0m0.000s
 
53.79660000000001 53.79880000000001 58.68060000000001 58.68280000000001

real	0m9.281s
user	0m9.256s
sys	0m0.000s
 
9698907.663399996

real	0m2.264s
user	0m2.260s
sys	0m0.004s
 
9698907.663399996

real	0m2.274s
user	0m2.268s
sys	0m0.000s
 
0.04840000000000001

real	0m3.827s
user	0m3.820s
sys	0m0.004s
 
53.79660000000001 53.79880000000001 58.68060000000001 58.68280000000001

real	0m9.313s
user	0m9.284s
sys	0m0.016s
 
53.79660000000001 53.79880000000001 58.68060000000001 58.68280000000001

real	0m10.360s
user	0m9.476s
sys	0m0.012s
 
9698907.663399996

real	0m2.310s
user	0m2.300s
sys	0m0.004s
 
3948765877.809497 3955170852.914604 5863853434.234404 5870258409.339499

real	0m50.712s
user	0m50.476s
sys	0m0.060s
 
3948765877.809497 3955170852.914604 5863853434.234404 5870258409.339499

real	0m51.044s
user	0m50.776s
sys	0m0.072s
 
0.04840000000000001

real	0m4.426s
user	0m4.420s
sys	0m0.000s
 
53.79660000000001 53.79880000000001 58.68060000000001 58.68280000000001

real	0m10.194s
user	0m9.368s
sys	0m0.008s
 
53.79660000000001 53.79880000000001 58.68060000000001 58.68280000000001

real	0m9.545s
user	0m9.520s
sys	0m0.004s
 
9698907.663399996

real	0m2.315s
user	0m2.304s
sys	0m0.004s
 
3948765877.809497 3955170852.914604 5863853434.234404 5870258409.339499

real	0m50.690s
user	0m50.436s
sys	0m0.056s
 
3948765877.809497 3955170852.914604 5863853434.234404 5870258409.339499

real	0m51.129s
user	0m50.828s
sys	0m0.068s
 
0.04840000000000001

real	0m3.958s
user	0m3.936s
sys	0m0.000s
 
53.79660000000001 53.79880000000001 58.68060000000001 58.68280000000001

real	0m9.588s
user	0m9.344s
sys	0m0.000s
 
53.79660000000001 53.79880000000001 58.68060000000001 58.68280000000001

real	0m9.595s
user	0m9.568s
sys	0m0.000s
 
9698907.663399996

real	0m2.297s
user	0m2.292s
sys	0m0.004s
 
3948765877.809497 3955170852.914604 5863853434.234404 5870258409.339499

real	0m50.315s
user	0m50.048s
sys	0m0.056s
 
3948765877.809497 3955170852.914604 5863853434.234404 5870258409.339499

real	0m51.415s
user	0m50.108s
sys	0m0.060s
 
0.04840000000000001

real	0m3.548s
user	0m3.532s
sys	0m0.004s
 
53.79660000000001 53.79880000000001 58.68060000000001 58.68280000000001

real	0m9.424s
user	0m9.360s
sys	0m0.008s
 
53.79660000000001 53.79880000000001 58.68060000000001 58.68280000000001

real	0m9.359s
user	0m9.332s
sys	0m0.000s
 
9698907.663399996

real	0m2.294s
user	0m2.288s
sys	0m0.000s
 
3948765877.809497 3955170852.914604 5863853434.234404 5870258409.339499

real	0m51.058s
user	0m50.348s
sys	0m0.040s
 
3948765877.809497 3955170852.914604 5863853434.234404 5870258409.339499

real	0m51.385s
user	0m50.204s
sys	0m0.092s
 
3037.1121 3037.6632 3611.409 3612.01

real	0m19.084s
user	0m18.944s
sys	0m0.044s
 
3037.1121 3037.6632 3611.409 3612.01

real	0m19.076s
user	0m18.996s
sys	0m0.004s
 
3037.1121 3037.6632 3611.409 3612.01

real	0m19.102s
user	0m19.004s
sys	0m0.020s
 
3037.1121 3037.6632 3611.409 3612.01

real	0m19.129s
user	0m18.984s
sys	0m0.040s
 
SEQUENCE
 
37624.35618 38872.44188 52954.76458 54712.31628

real	0m4.014s
user	0m4.000s
sys	0m0.004s
 
4350478614.186048 4405620767.888449 7321622135.843186 7393481577.214199

real	0m7.664s
user	0m7.636s
sys	0m0.012s
 
48832437279.8918 49241016265.74157 88512227219.28583 89040617812.03206

real	0m34.929s
user	0m33.832s
sys	0m0.028s
 
18696443068.18007 18840087100.15867 37617583432.7108 37823564976.3486

real	0m7.801s
user	0m7.764s
sys	0m0.004s
 
4.901614166865179e+18 4.912723296455448e+18 1.084442578747924e+19 1.086100449795465e+19

real	0m6.366s
user	0m6.320s
sys	0m0.024s
 
1.647418946230568e+16 1.649160037624473e+16 3.768465979697054e+16 3.771108024027194e+16

real	0m9.433s
user	0m9.320s
sys	0m0.068s
 
4.48881116501821e+17 4.490640601531962e+17 1.03730934601686e+18 1.03758774958278e+18

real	0m6.901s
user	0m6.704s
sys	0m0.172s
 
4.48881116501821e+17 4.490640601531962e+17 1.03730934601686e+18 1.03758774958278e+18

real	0m13.216s
user	0m13.048s
sys	0m0.136s
 
4.48881116501821e+17 4.490640601531962e+17 1.03730934601686e+18 1.03758774958278e+18

real	0m11.995s
user	0m11.772s
sys	0m0.184s
 
8.382424294553979e+29 8.385850640122295e+29 1.937388035390321e+30 1.93790724339292e+30

real	0m7.801s
user	0m7.480s
sys	0m0.208s
 
8.382424294553979e+29 8.385850640122295e+29 1.937388035390321e+30 1.93790724339292e+30

real	0m7.217s
user	0m6.992s
sys	0m0.196s
 
8.382424294553979e+29 8.385850640122295e+29 1.937388035390321e+30 1.93790724339292e+30

real	0m7.040s
user	0m6.792s
sys	0m0.220s
 
8.382424294553979e+29 8.385850640122295e+29 1.937388035390321e+30 1.93790724339292e+30

real	0m7.420s
user	0m7.180s
sys	0m0.216s
 
8.382424294553979e+29 8.385850640122295e+29 1.937388035390321e+30 1.93790724339292e+30

real	0m6.812s
user	0m6.620s
sys	0m0.168s
 
8.382424294553979e+29 8.385850640122295e+29 1.937388035390321e+30 1.93790724339292e+30

real	0m6.741s
user	0m6.512s
sys	0m0.204s
 
374124590164.9393 378323909405.297 483306890414.2386 487506209654.5964

real	0m7.749s
user	0m7.692s
sys	0m0.012s
 
8003498375443.188 8040830216224.574 11400695886549.59 11438027727330.98

real	0m8.906s
user	0m7.932s
sys	0m0.012s
 
467292080353.7709 473215316635.7608 603526514839.5372 609449751121.5272

real	0m6.014s
user	0m6.004s
sys	0m0.000s
 
22856685758006.32 23032721850853.32 32186598678896.97 32362634771743.98

real	0m8.048s
user	0m8.008s
sys	0m0.012s
