 
SCALAR_VEC
 
0.5808000000000001 0.5830000000000002 0.6270000000000002 0.6292000000000002

real	0m2.953s
user	0m2.948s
sys	0m0.000s
 
46.0284 46.03060000000001 50.20620000000001 50.2084

real	0m4.115s
user	0m4.108s
sys	0m0.000s
 
29876.5456 29876.5478 32592.58860000001 32592.59080000001

real	0m9.767s
user	0m9.496s
sys	0m0.148s
 
VEC_VEC
 
174.0387

real	0m5.604s
user	0m4.852s
sys	0m0.004s
 
9698907.663399996

real	0m2.261s
user	0m2.256s
sys	0m0.000s
 
24900423491.09201

real	0m3.814s
user	0m3.796s
sys	0m0.004s
 
24900741320632.71

real	0m22.049s
user	0m21.916s
sys	0m0.040s
 
2.490083360868967e+16

real	0m22.501s
user	0m22.316s
sys	0m0.104s
 
VEC_MAT
 
178.7929000000001 178.8030000000001 201.2149000000001 201.2250000000001

real	0m7.414s
user	0m7.400s
sys	0m0.004s
 
992.6821000000002 992.6922000000003 1117.3464 1117.3565

real	0m4.027s
user	0m4.012s
sys	0m0.000s
 
390.3932 390.4204 450.7772000000001 450.8044

real	0m12.040s
user	0m11.988s
sys	0m0.004s
 
2166.9797 2167.0069 2502.7093 2502.7365

real	0m8.503s
user	0m8.468s
sys	0m0.012s
 
157975690.7399002 164380665.8450001

real	0m1.969s
user	0m1.956s
sys	0m0.000s
 
27065907086.64726 28163538210.734

real	0m3.890s
user	0m3.864s
sys	0m0.020s
 
128614163.4402999 133441028.6953997 138267893.9505

real	0m2.220s
user	0m2.212s
sys	0m0.000s
 
17202407856.50187 17848340807.38918 18494273758.27599

real	0m6.380s
user	0m6.364s
sys	0m0.000s
 
2.2266 2.2836 2.3406 2.397600000000001

real	0m1.747s
user	0m1.740s
sys	0m0.000s
 
73.52180000000001 74.6944 86.4204 87.59300000000002

real	0m6.486s
user	0m6.476s
sys	0m0.000s
 
609.1862 615.0844000000001 774.3358000000001 780.2340000000002

real	0m8.418s
user	0m8.372s
sys	0m0.012s
 
31020069.53999998 31057579.07999998 45948866.45999996 45986376.00000001

real	0m56.922s
user	0m55.740s
sys	0m0.060s
 
3948765877.809497 3955170852.914604 5863853434.234404 5870258409.339499

real	1m6.702s
user	1m5.336s
sys	0m0.072s
 
629070346650.9426 630167977775.031 934211799147.1235 935309430271.2021

real	0m29.757s
user	0m29.484s
sys	0m0.144s
 
72549439.0166 72565446.85879999 108086848.7006 108102856.5428001

real	1m0.019s
user	0m59.652s
sys	0m0.084s
 
324096005.6180002 324108897.3359997 483218480.892 483231372.6099998

real	0m27.792s
user	0m27.216s
sys	0m0.164s
 
10829665.1294 10829701.4254 15310551.5134 15310587.8094

real	0m21.817s
user	0m20.820s
sys	0m0.180s
 
107135690886248 108233331157370.3 147748380917728.1 148846021188851.3

real	0m19.598s
user	0m19.252s
sys	0m0.264s
 
MAT_VEC
 
178.7929000000001 178.8030000000001 201.2149000000001 201.2250000000001

real	0m5.880s
user	0m5.868s
sys	0m0.004s
 
992.6821000000002 992.6922000000003 1117.3464 1117.3565

real	0m3.448s
user	0m3.440s
sys	0m0.000s
 
390.3932 390.4204 450.7772000000001 450.8044

real	0m10.928s
user	0m10.912s
sys	0m0.004s
 
2166.9797 2167.0069 2502.7093 2502.7365

real	0m7.554s
user	0m7.528s
sys	0m0.004s
 
157975690.7399002 164380665.8450001

real	0m2.250s
user	0m2.216s
sys	0m0.000s
 
27065907086.64726 28163538210.734

real	0m2.476s
user	0m2.468s
sys	0m0.004s
 
128614163.4402999 133441028.6953997 138267893.9505

real	0m2.882s
user	0m2.868s
sys	0m0.004s
 
17202407856.50187 17848340807.38918 18494273758.27599

real	0m2.968s
user	0m2.956s
sys	0m0.004s
 
2.2266 2.2836 2.3406 2.397600000000001

real	0m1.156s
user	0m1.152s
sys	0m0.000s
 
73.52180000000001 74.6944 86.4204 87.59300000000002

real	0m9.727s
user	0m9.704s
sys	0m0.004s
 
609.1862 615.0844000000001 774.3358000000001 780.2340000000002

real	0m14.574s
user	0m14.548s
sys	0m0.008s
 
31020069.53999998 31057579.07999998 45948866.45999996 45986376.00000001

real	1m3.562s
user	1m2.252s
sys	0m0.052s
 
3948765877.809497 3955170852.914604 5863853434.234404 5870258409.339499

real	1m6.866s
user	1m6.072s
sys	0m0.060s
 
629070346650.9426 630167977775.031 934211799147.1235 935309430271.2021

real	0m29.126s
user	0m27.728s
sys	0m0.172s
 
72549439.0166 72565446.85879999 108086848.7006 108102856.5428001

real	1m8.750s
user	1m8.364s
sys	0m0.060s
 
324096005.6180002 324108897.3359997 483218480.892 483231372.6099998

real	0m30.540s
user	0m29.276s
sys	0m0.140s
 
10829665.1294 10829701.4254 15310551.5134 15310587.8094

real	0m20.798s
user	0m20.544s
sys	0m0.168s
 
107135690886248 108233331157370.3 147748380917728.1 148846021188851.3

real	0m24.668s
user	0m24.372s
sys	0m0.208s
 
OUTER
 
101.277 104.346 110.4774 113.8252

real	0m11.082s
user	0m11.056s
sys	0m0.012s
 
96.84840000000001 99.04950000000002 108.045 110.446

real	0m12.604s
user	0m12.532s
sys	0m0.000s
 
94.13800000000002 95.84960000000002 106.419 108.286

real	0m13.618s
user	0m13.596s
sys	0m0.004s
 
14.5684 14.5728 16.60140000000001 16.606

real	0m6.575s
user	0m6.556s
sys	0m0.000s
 
10.164 10.2025 11.913 11.9548

real	0m6.173s
user	0m6.160s
sys	0m0.000s
 
955.9242 956.3004 1135.8438 1136.254

real	0m13.527s
user	0m13.456s
sys	0m0.024s
 
86477.05440000001 86480.57660000001 102897.9582 102901.8004

real	0m12.478s
user	0m11.732s
sys	0m0.332s
 
27312.9912 27313.3443 32486.685 32487.07

real	0m7.462s
user	0m7.336s
sys	0m0.096s
 
MAT_MAT
 
8054296.570499997 8377212.617400005 11041896.78059999 11521723.02599998

real	0m5.170s
user	0m5.148s
sys	0m0.004s
 
67005585.50399998 69693523.28640002 92209626.6390001 96222702.65399998

real	0m7.358s
user	0m7.340s
sys	0m0.000s
 
56602.02200000002 58658.48450000003 83130.86099999996 86296.01680000003

real	0m7.075s
user	0m7.060s
sys	0m0.000s
 
297546749.5919997 308581623.7314994 440770097.583 457946307.1219999

real	0m13.660s
user	0m13.600s
sys	0m0.012s
 
8054296.570499997 8144829.910200007 11426434.83180001 11521723.02599998

real	0m7.584s
user	0m7.568s
sys	0m0.004s
 
67005585.50399998 67746880.83150004 95442432.67260008 96222702.65399998

real	0m9.408s
user	0m9.392s
sys	0m0.000s
 
56602.02200000002 56765.4044 86117.12820000002 86296.01680000003

real	0m5.758s
user	0m5.744s
sys	0m0.000s
 
297546749.5919997 299613096.1240003 455678605.3310006 457946307.1219999

real	0m12.864s
user	0m12.724s
sys	0m0.040s
 
301.3441 301.7106 379.168 379.5840000000001

real	0m5.423s
user	0m5.412s
sys	0m0.000s
 
45022.4809 45027.16379999999 57025.89409999999 57031.226

real	0m24.620s
user	0m24.436s
sys	0m0.076s
 
79343.34260000002 79353.49420000002 105856.4262 105868.395

real	0m17.839s
user	0m17.360s
sys	0m0.076s
 
77470.43699999999 77485.73999999999 107948.34 107966.91

real	0m11.768s
user	0m11.664s
sys	0m0.048s
 
109.241 111.7864 142.1856 145.251

real	0m7.107s
user	0m7.092s
sys	0m0.000s
 
1739639.1343 1765026.6362 3156552.835599999 3194056.931000001

real	0m14.913s
user	0m14.876s
sys	0m0.012s
 
40128631.98950006 40455680.77900002 81101463.51099998 81608296.35000008

real	0m12.236s
user	0m12.200s
sys	0m0.004s
 
185145.8628 186726.9552 353878.6176 356259.936

real	0m15.979s
user	0m15.924s
sys	0m0.004s
 
5650057.303000003 5674398.905999999 11835110.684 11873364.25000001

real	0m15.011s
user	0m14.972s
sys	0m0.004s
 
3539227257.462 3543179262.324003 8019509498.519998 8025995052.400001

real	0m6.233s
user	0m6.168s
sys	0m0.040s
 
66219776245.92168 66260257446.05717 151986883006.3699 152053753059.55

real	0m7.947s
user	0m7.792s
sys	0m0.116s
 
166212294937.3991 166288626284.498 382568140639.0098 382694366833.2999

real	0m7.181s
user	0m7.008s
sys	0m0.144s
 
608720333715.4655 608956501509.1871 1405127495482.165 1405518727998.903

real	0m16.229s
user	0m14.880s
sys	0m0.232s
 
TRANS1
 
8054296.570499997 8377212.617400005 11041896.78059999 11521723.02599998

real	0m6.602s
user	0m6.584s
sys	0m0.000s
 
67005585.50399998 69693523.28640002 92209626.6390001 96222702.65399998

real	0m8.507s
user	0m8.476s
sys	0m0.000s
 
56602.02200000002 58658.48450000003 83130.86099999996 86296.01680000003

real	0m4.955s
user	0m4.944s
sys	0m0.004s
 
297546749.5919997 308581623.7314994 440770097.583 457946307.1219999

real	0m10.384s
user	0m10.336s
sys	0m0.004s
 
8054296.570499997 8144829.910200007 11426434.83180001 11521723.02599998

real	0m5.494s
user	0m5.484s
sys	0m0.000s
 
67005585.50399998 67746880.83150004 95442432.67260008 96222702.65399998

real	0m7.531s
user	0m7.508s
sys	0m0.004s
 
56602.02200000002 56765.4044 86117.12820000002 86296.01680000003

real	0m4.845s
user	0m4.832s
sys	0m0.004s
 
297546749.5919997 299613096.1240003 455678605.3310006 457946307.1219999

real	0m12.205s
user	0m11.688s
sys	0m0.012s
 
301.3441 301.7106 379.168 379.5840000000001

real	0m6.596s
user	0m6.544s
sys	0m0.012s
 
45022.4809 45027.16379999999 57025.89409999999 57031.226

real	0m12.525s
user	0m12.412s
sys	0m0.056s
 
79343.34260000002 79353.49420000002 105856.4262 105868.395

real	0m16.513s
user	0m16.364s
sys	0m0.076s
 
77470.43699999999 77485.73999999999 107948.34 107966.91

real	0m10.082s
user	0m10.008s
sys	0m0.032s
 
109.241 111.7864 142.1856 145.251

real	0m5.760s
user	0m5.732s
sys	0m0.004s
 
1739639.1343 1765026.6362 3156552.835599999 3194056.931000001

real	0m11.983s
user	0m10.948s
sys	0m0.004s
 
40128631.98950006 40455680.77900002 81101463.51099998 81608296.35000008

real	0m9.623s
user	0m9.556s
sys	0m0.020s
 
185145.8628 186726.9552 353878.6176 356259.936

real	0m11.243s
user	0m11.204s
sys	0m0.016s
 
5650057.303000003 5674398.905999999 11835110.684 11873364.25000001

real	0m11.781s
user	0m11.740s
sys	0m0.012s
 
3539227257.462 3543179262.324003 8019509498.519998 8025995052.400001

real	0m4.696s
user	0m4.656s
sys	0m0.024s
 
66219776245.92168 66260257446.05717 151986883006.3699 152053753059.55

real	0m6.560s
user	0m6.436s
sys	0m0.096s
 
166212294937.3991 166288626284.498 382568140639.0098 382694366833.2999

real	0m5.287s
user	0m5.104s
sys	0m0.164s
 
608720333715.4655 608956501509.1871 1405127495482.165 1405518727998.903

real	0m12.120s
user	0m11.868s
sys	0m0.204s
 
1512441.733 1524415.266 2968657.650000001 2986772.5

real	0m6.552s
user	0m6.472s
sys	0m0.000s
 
608720333715.4655 608956501509.1871 1405127495482.165 1405518727998.903

real	0m6.655s
user	0m6.480s
sys	0m0.148s
 
TRANS2
 
8054296.570499997 8377212.617400005 11041896.78059999 11521723.02599998

real	0m5.897s
user	0m5.844s
sys	0m0.004s
 
67005585.50399998 69693523.28640002 92209626.6390001 96222702.65399998

real	0m10.250s
user	0m10.216s
sys	0m0.012s
 
56602.02200000002 58658.48450000003 83130.86099999996 86296.01680000003

real	0m6.379s
user	0m6.352s
sys	0m0.020s
 
297546749.5919997 308581623.7314994 440770097.583 457946307.1219999

real	0m16.315s
user	0m15.852s
sys	0m0.024s
 
8054296.570499997 8144829.910200007 11426434.83180001 11521723.02599998

real	0m7.040s
user	0m6.992s
sys	0m0.000s
 
67005585.50399998 67746880.83150004 95442432.67260008 96222702.65399998

real	0m9.319s
user	0m9.284s
sys	0m0.004s
 
56602.02200000002 56765.4044 86117.12820000002 86296.01680000003

real	0m5.587s
user	0m5.572s
sys	0m0.004s
 
297546749.5919997 299613096.1240003 455678605.3310006 457946307.1219999

real	0m12.689s
user	0m12.628s
sys	0m0.008s
 
301.3441 301.7106 379.168 379.5840000000001

real	0m6.193s
user	0m6.184s
sys	0m0.000s
 
45022.4809 45027.16379999999 57025.89409999999 57031.226

real	0m24.653s
user	0m24.440s
sys	0m0.112s
 
79343.34260000002 79353.49420000002 105856.4262 105868.395

real	0m17.386s
user	0m17.216s
sys	0m0.076s
 
77470.43699999999 77485.73999999999 107948.34 107966.91

real	0m11.624s
user	0m11.528s
sys	0m0.040s
 
109.241 111.7864 142.1856 145.251

real	0m7.178s
user	0m7.168s
sys	0m0.004s
 
1739639.1343 1765026.6362 3156552.835599999 3194056.931000001

real	0m14.856s
user	0m14.792s
sys	0m0.012s
 
40128631.98950006 40455680.77900002 81101463.51099998 81608296.35000008

real	0m13.461s
user	0m12.352s
sys	0m0.020s
 
185145.8628 186726.9552 353878.6176 356259.936

real	0m15.559s
user	0m15.516s
sys	0m0.008s
 
5650057.303000003 5674398.905999999 11835110.684 11873364.25000001

real	0m14.428s
user	0m14.380s
sys	0m0.004s
 
3539227257.462 3543179262.324003 8019509498.519998 8025995052.400001

real	0m5.973s
user	0m5.916s
sys	0m0.036s
 
66219776245.92168 66260257446.05717 151986883006.3699 152053753059.55

real	0m7.590s
user	0m7.472s
sys	0m0.088s
 
166212294937.3991 166288626284.498 382568140639.0098 382694366833.2999

real	0m7.034s
user	0m6.832s
sys	0m0.176s
 
608720333715.4655 608956501509.1871 1405127495482.165 1405518727998.903

real	0m14.780s
user	0m14.428s
sys	0m0.260s
 
1512441.733 1524415.266 2968657.650000001 2986772.5

real	0m8.188s
user	0m8.164s
sys	0m0.012s
 
608720333715.4655 608956501509.1871 1405127495482.165 1405518727998.903

real	0m7.496s
user	0m7.316s
sys	0m0.148s
 
TRANS12
 
8054296.570499997 8377212.617400005 11041896.78059999 11521723.02599998

real	0m7.606s
user	0m7.588s
sys	0m0.004s
 
67005585.50399998 69693523.28640002 92209626.6390001 96222702.65399998

real	0m9.490s
user	0m9.464s
sys	0m0.008s
 
56602.02200000002 58658.48450000003 83130.86099999996 86296.01680000003

real	0m5.930s
user	0m5.900s
sys	0m0.004s
 
297546749.5919997 308581623.7314994 440770097.583 457946307.1219999

real	0m13.829s
user	0m12.708s
sys	0m0.032s
 
8054296.570499997 8144829.910200007 11426434.83180001 11521723.02599998

real	0m5.155s
user	0m5.140s
sys	0m0.004s
 
67005585.50399998 67746880.83150004 95442432.67260008 96222702.65399998

real	0m7.621s
user	0m7.588s
sys	0m0.004s
 
56602.02200000002 56765.4044 86117.12820000002 86296.01680000003

real	0m7.207s
user	0m7.188s
sys	0m0.000s
 
297546749.5919997 299613096.1240003 455678605.3310006 457946307.1219999

real	0m13.585s
user	0m13.484s
sys	0m0.044s
 
301.3441 301.7106 379.168 379.5840000000001

real	0m10.474s
user	0m10.452s
sys	0m0.004s
 
45022.4809 45027.16379999999 57025.89409999999 57031.226

real	0m34.704s
user	0m34.456s
sys	0m0.076s
 
79343.34260000002 79353.49420000002 105856.4262 105868.395

real	0m23.379s
user	0m23.188s
sys	0m0.096s
 
77470.43699999999 77485.73999999999 107948.34 107966.91

real	0m15.759s
user	0m14.616s
sys	0m0.064s
 
109.241 111.7864 142.1856 145.251

real	0m7.523s
user	0m7.512s
sys	0m0.004s
 
1739639.1343 1765026.6362 3156552.835599999 3194056.931000001

real	0m14.971s
user	0m14.924s
sys	0m0.004s
 
40128631.98950006 40455680.77900002 81101463.51099998 81608296.35000008

real	0m12.277s
user	0m12.236s
sys	0m0.008s
 
185145.8628 186726.9552 353878.6176 356259.936

real	0m17.089s
user	0m17.024s
sys	0m0.004s
 
5650057.303000003 5674398.905999999 11835110.684 11873364.25000001

real	0m16.283s
user	0m15.808s
sys	0m0.024s
 
3539227257.462 3543179262.324003 8019509498.519998 8025995052.400001

real	0m7.340s
user	0m7.280s
sys	0m0.032s
 
66219776245.92168 66260257446.05717 151986883006.3699 152053753059.55

real	0m9.781s
user	0m9.656s
sys	0m0.084s
 
166212294937.3991 166288626284.498 382568140639.0098 382694366833.2999

real	0m8.816s
user	0m8.656s
sys	0m0.120s
 
608720333715.4655 608956501509.1871 1405127495482.165 1405518727998.903

real	0m18.243s
user	0m17.644s
sys	0m0.232s
 
SPECIAL
 
0.04840000000000001

real	0m2.432s
user	0m1.712s
sys	0m0.008s
 
0.04840000000000001

real	0m2.076s
user	0m2.068s
sys	0m0.000s
 
0.04840000000000001

real	0m1.289s
user	0m1.284s
sys	0m0.000s
 
53.79660000000001 53.79880000000001 58.68060000000001 58.68280000000001

real	0m9.244s
user	0m9.224s
sys	0m0.000s
 
53.79660000000001 53.79880000000001 58.68060000000001 58.68280000000001

real	0m9.281s
user	0m9.256s
sys	0m0.000s
 
9698907.663399996

real	0m2.272s
user	0m2.268s
sys	0m0.000s
 
9698907.663399996

real	0m2.280s
user	0m2.264s
sys	0m0.004s
 
0.04840000000000001

real	0m3.855s
user	0m3.840s
sys	0m0.012s
 
53.79660000000001 53.79880000000001 58.68060000000001 58.68280000000001

real	0m9.327s
user	0m9.308s
sys	0m0.000s
 
53.79660000000001 53.79880000000001 58.68060000000001 58.68280000000001

real	0m9.600s
user	0m9.584s
sys	0m0.000s
 
9698907.663399996

real	0m2.307s
user	0m2.304s
sys	0m0.000s
 
3948765877.809497 3955170852.914604 5863853434.234404 5870258409.339499

real	0m49.938s
user	0m49.680s
sys	0m0.060s
 
3948765877.809497 3955170852.914604 5863853434.234404 5870258409.339499

real	0m50.087s
user	0m48.812s
sys	0m0.064s
 
0.04840000000000001

real	0m4.398s
user	0m4.388s
sys	0m0.000s
 
53.79660000000001 53.79880000000001 58.68060000000001 58.68280000000001

real	0m9.362s
user	0m9.348s
sys	0m0.000s
 
53.79660000000001 53.79880000000001 58.68060000000001 58.68280000000001

real	0m9.364s
user	0m9.344s
sys	0m0.008s
 
9698907.663399996

real	0m2.311s
user	0m2.296s
sys	0m0.008s
 
3948765877.809497 3955170852.914604 5863853434.234404 5870258409.339499

real	0m47.080s
user	0m46.852s
sys	0m0.048s
 
3948765877.809497 3955170852.914604 5863853434.234404 5870258409.339499

real	0m50.591s
user	0m48.900s
sys	0m0.100s
 
0.04840000000000001

real	0m3.910s
user	0m3.904s
sys	0m0.000s
 
53.79660000000001 53.79880000000001 58.68060000000001 58.68280000000001

real	0m9.364s
user	0m9.348s
sys	0m0.000s
 
53.79660000000001 53.79880000000001 58.68060000000001 58.68280000000001

real	0m9.563s
user	0m9.548s
sys	0m0.000s
 
9698907.663399996

real	0m2.302s
user	0m2.296s
sys	0m0.004s
 
3948765877.809497 3955170852.914604 5863853434.234404 5870258409.339499

real	0m49.684s
user	0m49.384s
sys	0m0.092s
 
3948765877.809497 3955170852.914604 5863853434.234404 5870258409.339499

real	0m50.936s
user	0m49.584s
sys	0m0.060s
 
0.04840000000000001

real	0m3.587s
user	0m3.576s
sys	0m0.004s
 
53.79660000000001 53.79880000000001 58.68060000000001 58.68280000000001

real	0m9.316s
user	0m9.288s
sys	0m0.016s
 
53.79660000000001 53.79880000000001 58.68060000000001 58.68280000000001

real	0m9.436s
user	0m9.416s
sys	0m0.008s
 
9698907.663399996

real	0m2.303s
user	0m2.296s
sys	0m0.000s
 
3948765877.809497 3955170852.914604 5863853434.234404 5870258409.339499

real	0m47.147s
user	0m46.904s
sys	0m0.060s
 
3948765877.809497 3955170852.914604 5863853434.234404 5870258409.339499

real	0m50.917s
user	0m49.572s
sys	0m0.072s
 
3037.1121 3037.6632 3611.409 3612.01

real	0m19.689s
user	0m19.108s
sys	0m0.016s
 
3037.1121 3037.6632 3611.409 3612.01

real	0m19.282s
user	0m19.064s
sys	0m0.064s
 
3037.1121 3037.6632 3611.409 3612.01

real	0m29.522s
user	0m19.268s
sys	0m0.160s
 
3037.1121 3037.6632 3611.409 3612.01

real	0m38.685s
user	0m19.372s
sys	0m0.224s
 
SEQUENCE
 
37624.35618 38872.44188 52954.76458 54712.31628

real	0m8.557s
user	0m4.352s
sys	0m0.080s
 
4350478614.186048 4405620767.888449 7321622135.843186 7393481577.214199

real	0m15.216s
user	0m7.940s
sys	0m0.096s
 
48832437279.8918 49241016265.74157 88512227219.28583 89040617812.03206

real	1m16.239s
user	0m37.972s
sys	0m0.280s
 
18696443068.18007 18840087100.15867 37617583432.7108 37823564976.3486

real	0m18.650s
user	0m9.188s
sys	0m0.076s
 
4.901614166865179e+18 4.912723296455448e+18 1.084442578747924e+19 1.086100449795465e+19

real	0m13.101s
user	0m6.960s
sys	0m0.084s
 
1.647418946230568e+16 1.649160037624473e+16 3.768465979697054e+16 3.771108024027194e+16

real	0m21.633s
user	0m10.736s
sys	0m0.128s
 
4.48881116501821e+17 4.490640601531962e+17 1.03730934601686e+18 1.03758774958278e+18

real	0m13.022s
user	0m7.592s
sys	0m0.244s
 
4.48881116501821e+17 4.490640601531962e+17 1.03730934601686e+18 1.03758774958278e+18

real	0m26.236s
user	0m14.244s
sys	0m0.252s
 
4.48881116501821e+17 4.490640601531962e+17 1.03730934601686e+18 1.03758774958278e+18

real	0m22.731s
user	0m12.176s
sys	0m0.272s
 
8.382424294553979e+29 8.385850640122295e+29 1.937388035390321e+30 1.93790724339292e+30

real	0m12.797s
user	0m8.176s
sys	0m0.328s
 
8.382424294553979e+29 8.385850640122295e+29 1.937388035390321e+30 1.93790724339292e+30

real	0m7.604s
user	0m6.492s
sys	0m0.336s
 
8.382424294553979e+29 8.385850640122295e+29 1.937388035390321e+30 1.93790724339292e+30

real	0m7.560s
user	0m6.384s
sys	0m0.344s
 
8.382424294553979e+29 8.385850640122295e+29 1.937388035390321e+30 1.93790724339292e+30

real	0m7.974s
user	0m6.936s
sys	0m0.328s
 
8.382424294553979e+29 8.385850640122295e+29 1.937388035390321e+30 1.93790724339292e+30

real	0m6.910s
user	0m6.156s
sys	0m0.228s
 
8.382424294553979e+29 8.385850640122295e+29 1.937388035390321e+30 1.93790724339292e+30

real	0m6.974s
user	0m6.152s
sys	0m0.256s
 
374124590164.9393 378323909405.297 483306890414.2386 487506209654.5964

real	0m8.050s
user	0m7.724s
sys	0m0.040s
 
8003498375443.188 8040830216224.574 11400695886549.59 11438027727330.98

real	0m8.708s
user	0m8.052s
sys	0m0.092s
 
467292080353.7709 473215316635.7608 603526514839.5372 609449751121.5272

real	0m7.874s
user	0m7.408s
sys	0m0.056s
 
22856685758006.32 23032721850853.32 32186598678896.97 32362634771743.98

real	0m11.940s
user	0m11.208s
sys	0m0.092s
