 
SCALAR_VEC
 
0.5808000000000001 0.5830000000000002 0.6270000000000002 0.6292000000000002

real	0m5.419s
user	0m5.408s
sys	0m0.001s
 
46.0284 46.03060000000001 50.20620000000001 50.2084

real	0m5.465s
user	0m5.366s
sys	0m0.001s
 
29876.5456 29876.5478 32592.58860000001 32592.59080000001

real	0m1.251s
user	0m1.231s
sys	0m0.011s
 
VEC_VEC
 
174.0387

real	0m1.132s
user	0m1.128s
sys	0m0.001s
 
9698907.663399996

real	0m0.915s
user	0m0.912s
sys	0m0.001s
 
24900423491.09201

real	0m1.244s
user	0m1.240s
sys	0m0.001s
 
24900741320632.71

real	0m1.291s
user	0m1.286s
sys	0m0.001s
 
2.490083360868967e+16

real	0m1.453s
user	0m1.428s
sys	0m0.012s
 
VEC_MAT
 
178.7929000000001 178.8030000000001 201.2149000000001 201.2250000000001

real	0m3.762s
user	0m3.752s
sys	0m0.001s
 
992.6821000000002 992.6922000000003 1117.3464 1117.3565

real	0m2.185s
user	0m2.177s
sys	0m0.002s
 
390.3932 390.4204 450.7772000000001 450.8044

real	0m4.278s
user	0m4.268s
sys	0m0.000s
 
2166.9797 2167.0069 2502.7093 2502.7365

real	0m2.469s
user	0m2.461s
sys	0m0.001s
 
157975690.7399002 164380665.8450001

real	0m0.910s
user	0m0.907s
sys	0m0.001s
 
27065907086.64726 28163538210.734

real	0m1.010s
user	0m1.007s
sys	0m0.000s
 
128614163.4402999 133441028.6953997 138267893.9505

real	0m1.224s
user	0m1.221s
sys	0m0.000s
 
17202407856.50187 17848340807.38918 18494273758.27599

real	0m1.270s
user	0m1.267s
sys	0m0.000s
 
2.2266 2.2836 2.3406 2.397600000000001

real	0m0.802s
user	0m0.799s
sys	0m0.001s
 
73.52180000000001 74.6944 86.4204 87.59300000000002

real	0m2.124s
user	0m2.118s
sys	0m0.001s
 
609.1862 615.0844000000001 774.3358000000001 780.2340000000002

real	0m3.188s
user	0m3.180s
sys	0m0.001s
 
31020069.53999998 31057579.07999998 45948866.45999996 45986376.00000001

real	0m6.073s
user	0m5.977s
sys	0m0.001s
 
3948765877.809497 3955170852.914604 5863853434.234404 5870258409.339499

real	0m5.537s
user	0m5.491s
sys	0m0.004s
 
629070346650.9426 630167977775.031 934211799147.1235 935309430271.2021

real	0m2.910s
user	0m2.875s
sys	0m0.016s
 
72549439.0166 72565446.85879999 108086848.7006 108102856.5428001

real	0m5.211s
user	0m5.164s
sys	0m0.004s
 
324096005.6180002 324108897.3359997 483218480.892 483231372.6099998

real	0m2.623s
user	0m2.588s
sys	0m0.014s
 
10829665.1294 10829701.4254 15310551.5134 15310587.8094

real	0m1.501s
user	0m1.475s
sys	0m0.014s
 
107135690886248 108233331157370.3 147748380917728.1 148846021188851.3

real	0m2.050s
user	0m2.015s
sys	0m0.019s
 
MAT_VEC
 
178.7929000000001 178.8030000000001 201.2149000000001 201.2250000000001

real	0m0.844s
user	0m0.842s
sys	0m0.000s
 
992.6821000000002 992.6922000000003 1117.3464 1117.3565

real	0m0.795s
user	0m0.792s
sys	0m0.001s
 
390.3932 390.4204 450.7772000000001 450.8044

real	0m1.086s
user	0m1.081s
sys	0m0.002s
 
2166.9797 2167.0069 2502.7093 2502.7365

real	0m0.989s
user	0m0.986s
sys	0m0.000s
 
157975690.7399002 164380665.8450001

real	0m1.149s
user	0m1.144s
sys	0m0.002s
 
27065907086.64726 28163538210.734

real	0m1.278s
user	0m1.229s
sys	0m0.001s
 
128614163.4402999 133441028.6953997 138267893.9505

real	0m1.262s
user	0m1.259s
sys	0m0.000s
 
17202407856.50187 17848340807.38918 18494273758.27599

real	0m1.295s
user	0m1.290s
sys	0m0.001s
 
2.2266 2.2836 2.3406 2.397600000000001

real	0m0.792s
user	0m0.790s
sys	0m0.000s
 
73.52180000000001 74.6944 86.4204 87.59300000000002

real	0m1.972s
user	0m1.967s
sys	0m0.000s
 
609.1862 615.0844000000001 774.3358000000001 780.2340000000002

real	0m1.662s
user	0m1.657s
sys	0m0.001s
 
31020069.53999998 31057579.07999998 45948866.45999996 45986376.00000001

real	0m1.428s
user	0m1.422s
sys	0m0.002s
 
3948765877.809497 3955170852.914604 5863853434.234404 5870258409.339499

real	0m1.968s
user	0m1.947s
sys	0m0.002s
 
629070346650.9426 630167977775.031 934211799147.1235 935309430271.2021

real	0m1.140s
user	0m1.115s
sys	0m0.015s
 
72549439.0166 72565446.85879999 108086848.7006 108102856.5428001

real	0m1.994s
user	0m1.973s
sys	0m0.001s
 
324096005.6180002 324108897.3359997 483218480.892 483231372.6099998

real	0m1.352s
user	0m1.325s
sys	0m0.016s
 
10829665.1294 10829701.4254 15310551.5134 15310587.8094

real	0m1.075s
user	0m1.042s
sys	0m0.024s
 
107135690886248 108233331157370.3 147748380917728.1 148846021188851.3

real	0m0.883s
user	0m0.854s
sys	0m0.021s
 
OUTER
 
101.277 104.346 110.4774 113.8252

real	0m27.454s
user	0m27.389s
sys	0m0.000s
 
96.84840000000001 99.04950000000002 108.045 110.446

real	0m19.918s
user	0m19.870s
sys	0m0.000s
 
94.13800000000002 95.84960000000002 106.419 108.286

real	0m11.624s
user	0m11.594s
sys	0m0.002s
 
14.5684 14.5728 16.60140000000001 16.606

real	0m1.271s
user	0m1.268s
sys	0m0.000s
 
10.164 10.2025 11.913 11.9548

real	0m2.808s
user	0m2.802s
sys	0m0.000s
 
955.9242 956.3004 1135.8438 1136.254

real	0m1.924s
user	0m1.918s
sys	0m0.000s
 
86477.05440000001 86480.57660000001 102897.9582 102901.8004

real	0m1.026s
user	0m0.982s
sys	0m0.033s
 
27312.9912 27313.3443 32486.685 32487.07

real	0m0.873s
user	0m0.853s
sys	0m0.011s
 
MAT_MAT
 
8054296.570499997 8377212.617400005 11041896.78059999 11521723.02599998

real	0m3.927s
user	0m3.790s
sys	0m0.001s
 
67005585.50399998 69693523.28640002 92209626.6390001 96222702.65399998

real	0m4.699s
user	0m4.685s
sys	0m0.001s
 
56602.02200000002 58658.48450000003 83130.86099999996 86296.01680000003

real	0m2.562s
user	0m2.556s
sys	0m0.000s
 
297546749.5919997 308581623.7314994 440770097.583 457946307.1219999

real	0m2.419s
user	0m2.410s
sys	0m0.002s
 
8054296.570499997 8144829.910200007 11426434.83180001 11521723.02599998

real	0m0.844s
user	0m0.841s
sys	0m0.001s
 
67005585.50399998 67746880.83150004 95442432.67260008 96222702.65399998

real	0m1.246s
user	0m1.241s
sys	0m0.001s
 
56602.02200000002 56765.4044 86117.12820000002 86296.01680000003

real	0m0.407s
user	0m0.405s
sys	0m0.001s
 
297546749.5919997 299613096.1240003 455678605.3310006 457946307.1219999

real	0m0.770s
user	0m0.767s
sys	0m0.001s
 
301.3441 301.7106 379.168 379.5840000000001

real	0m1.555s
user	0m1.550s
sys	0m0.001s
 
45022.4809 45027.16379999999 57025.89409999999 57031.226

real	0m1.199s
user	0m1.183s
sys	0m0.008s
 
79343.34260000002 79353.49420000002 105856.4262 105868.395

real	0m0.865s
user	0m0.849s
sys	0m0.011s
 
77470.43699999999 77485.73999999999 107948.34 107966.91

real	0m0.795s
user	0m0.786s
sys	0m0.005s
 
109.241 111.7864 142.1856 145.251

real	0m2.547s
user	0m2.541s
sys	0m0.001s
 
1739639.1343 1765026.6362 3156552.835599999 3194056.931000001

real	0m2.653s
user	0m2.645s
sys	0m0.001s
 
40128631.98950006 40455680.77900002 81101463.51099998 81608296.35000008

real	0m1.249s
user	0m1.245s
sys	0m0.001s
 
185145.8628 186726.9552 353878.6176 356259.936

real	0m1.788s
user	0m1.783s
sys	0m0.001s
 
5650057.303000003 5674398.905999999 11835110.684 11873364.25000001

real	0m1.248s
user	0m1.243s
sys	0m0.001s
 
3539227257.462 3543179262.324003 8019509498.519998 8025995052.400001

real	0m0.597s
user	0m0.591s
sys	0m0.004s
 
66219776245.92168 66260257446.05717 151986883006.3699 152053753059.55

real	0m0.934s
user	0m0.911s
sys	0m0.013s
 
166212294937.3991 166288626284.498 382568140639.0098 382694366833.2999

real	0m0.937s
user	0m0.913s
sys	0m0.015s
 
608720333715.4655 608956501509.1871 1405127495482.165 1405518727998.903

real	0m1.836s
user	0m1.798s
sys	0m0.019s
 
TRANS1
 
8054296.570499997 8377212.617400005 11041896.78059999 11521723.02599998

real	0m3.496s
user	0m3.487s
sys	0m0.001s
 
67005585.50399998 69693523.28640002 92209626.6390001 96222702.65399998

real	0m4.478s
user	0m4.465s
sys	0m0.001s
 
56602.02200000002 58658.48450000003 83130.86099999996 86296.01680000003

real	0m1.901s
user	0m1.897s
sys	0m0.000s
 
297546749.5919997 308581623.7314994 440770097.583 457946307.1219999

real	0m2.771s
user	0m2.763s
sys	0m0.001s
 
8054296.570499997 8144829.910200007 11426434.83180001 11521723.02599998

real	0m3.475s
user	0m3.466s
sys	0m0.001s
 
67005585.50399998 67746880.83150004 95442432.67260008 96222702.65399998

real	0m4.469s
user	0m4.455s
sys	0m0.001s
 
56602.02200000002 56765.4044 86117.12820000002 86296.01680000003

real	0m1.834s
user	0m1.829s
sys	0m0.001s
 
297546749.5919997 299613096.1240003 455678605.3310006 457946307.1219999

real	0m2.767s
user	0m2.757s
sys	0m0.002s
 
301.3441 301.7106 379.168 379.5840000000001

real	0m6.203s
user	0m6.189s
sys	0m0.001s
 
45022.4809 45027.16379999999 57025.89409999999 57031.226

real	0m4.782s
user	0m4.755s
sys	0m0.006s
 
79343.34260000002 79353.49420000002 105856.4262 105868.395

real	0m3.173s
user	0m3.153s
sys	0m0.009s
 
77470.43699999999 77485.73999999999 107948.34 107966.91

real	0m1.510s
user	0m1.496s
sys	0m0.008s
 
109.241 111.7864 142.1856 145.251

real	0m1.658s
user	0m1.654s
sys	0m0.000s
 
1739639.1343 1765026.6362 3156552.835599999 3194056.931000001

real	0m6.277s
user	0m6.262s
sys	0m0.000s
 
40128631.98950006 40455680.77900002 81101463.51099998 81608296.35000008

real	0m5.426s
user	0m5.412s
sys	0m0.000s
 
185145.8628 186726.9552 353878.6176 356259.936

real	0m5.420s
user	0m5.405s
sys	0m0.002s
 
5650057.303000003 5674398.905999999 11835110.684 11873364.25000001

real	0m6.085s
user	0m6.068s
sys	0m0.001s
 
3539227257.462 3543179262.324003 8019509498.519998 8025995052.400001

real	0m2.299s
user	0m2.289s
sys	0m0.003s
 
66219776245.92168 66260257446.05717 151986883006.3699 152053753059.55

real	0m2.956s
user	0m2.923s
sys	0m0.010s
 
166212294937.3991 166288626284.498 382568140639.0098 382694366833.2999

real	0m2.571s
user	0m2.537s
sys	0m0.015s
 
608720333715.4655 608956501509.1871 1405127495482.165 1405518727998.903

real	0m5.455s
user	0m5.399s
sys	0m0.020s
 
1512441.733 1524415.266 2968657.650000001 2986772.5

real	0m3.525s
user	0m3.516s
sys	0m0.001s
 
608720333715.4655 608956501509.1871 1405127495482.165 1405518727998.903

real	0m2.719s
user	0m2.680s
sys	0m0.021s
 
TRANS2
 
8054296.570499997 8377212.617400005 11041896.78059999 11521723.02599998

real	0m4.474s
user	0m4.462s
sys	0m0.001s
 
67005585.50399998 69693523.28640002 92209626.6390001 96222702.65399998

real	0m5.817s
user	0m5.800s
sys	0m0.001s
 
56602.02200000002 58658.48450000003 83130.86099999996 86296.01680000003

real	0m2.961s
user	0m2.954s
sys	0m0.000s
 
297546749.5919997 308581623.7314994 440770097.583 457946307.1219999

real	0m3.136s
user	0m3.104s
sys	0m0.001s
 
8054296.570499997 8144829.910200007 11426434.83180001 11521723.02599998

real	0m0.862s
user	0m0.856s
sys	0m0.004s
 
67005585.50399998 67746880.83150004 95442432.67260008 96222702.65399998

real	0m1.238s
user	0m1.235s
sys	0m0.000s
 
56602.02200000002 56765.4044 86117.12820000002 86296.01680000003

real	0m0.413s
user	0m0.411s
sys	0m0.001s
 
297546749.5919997 299613096.1240003 455678605.3310006 457946307.1219999

real	0m0.782s
user	0m0.778s
sys	0m0.001s
 
301.3441 301.7106 379.168 379.5840000000001

real	0m1.595s
user	0m1.590s
sys	0m0.001s
 
45022.4809 45027.16379999999 57025.89409999999 57031.226

real	0m1.256s
user	0m1.203s
sys	0m0.007s
 
79343.34260000002 79353.49420000002 105856.4262 105868.395

real	0m0.863s
user	0m0.852s
sys	0m0.006s
 
77470.43699999999 77485.73999999999 107948.34 107966.91

real	0m0.798s
user	0m0.788s
sys	0m0.006s
 
109.241 111.7864 142.1856 145.251

real	0m2.674s
user	0m2.667s
sys	0m0.001s
 
1739639.1343 1765026.6362 3156552.835599999 3194056.931000001

real	0m2.856s
user	0m2.848s
sys	0m0.001s
 
40128631.98950006 40455680.77900002 81101463.51099998 81608296.35000008

real	0m1.549s
user	0m1.543s
sys	0m0.001s
 
185145.8628 186726.9552 353878.6176 356259.936

real	0m1.946s
user	0m1.941s
sys	0m0.001s
 
5650057.303000003 5674398.905999999 11835110.684 11873364.25000001

real	0m1.337s
user	0m1.332s
sys	0m0.001s
 
3539227257.462 3543179262.324003 8019509498.519998 8025995052.400001

real	0m0.625s
user	0m0.620s
sys	0m0.003s
 
66219776245.92168 66260257446.05717 151986883006.3699 152053753059.55

real	0m1.070s
user	0m1.048s
sys	0m0.011s
 
166212294937.3991 166288626284.498 382568140639.0098 382694366833.2999

real	0m1.020s
user	0m1.000s
sys	0m0.011s
 
608720333715.4655 608956501509.1871 1405127495482.165 1405518727998.903

real	0m1.939s
user	0m1.896s
sys	0m0.026s
 
1512441.733 1524415.266 2968657.650000001 2986772.5

real	0m1.503s
user	0m1.498s
sys	0m0.001s
 
608720333715.4655 608956501509.1871 1405127495482.165 1405518727998.903

real	0m1.340s
user	0m1.310s
sys	0m0.018s
 
TRANS12
 
8054296.570499997 8377212.617400005 11041896.78059999 11521723.02599998

real	0m3.534s
user	0m3.525s
sys	0m0.001s
 
67005585.50399998 69693523.28640002 92209626.6390001 96222702.65399998

real	0m4.616s
user	0m4.604s
sys	0m0.000s
 
56602.02200000002 58658.48450000003 83130.86099999996 86296.01680000003

real	0m2.053s
user	0m2.048s
sys	0m0.001s
 
297546749.5919997 308581623.7314994 440770097.583 457946307.1219999

real	0m2.795s
user	0m2.785s
sys	0m0.001s
 
8054296.570499997 8144829.910200007 11426434.83180001 11521723.02599998

real	0m3.476s
user	0m3.468s
sys	0m0.000s
 
67005585.50399998 67746880.83150004 95442432.67260008 96222702.65399998

real	0m4.440s
user	0m4.426s
sys	0m0.002s
 
56602.02200000002 56765.4044 86117.12820000002 86296.01680000003

real	0m2.073s
user	0m2.067s
sys	0m0.001s
 
297546749.5919997 299613096.1240003 455678605.3310006 457946307.1219999

real	0m2.728s
user	0m2.719s
sys	0m0.002s
 
301.3441 301.7106 379.168 379.5840000000001

real	0m4.974s
user	0m4.961s
sys	0m0.001s
 
45022.4809 45027.16379999999 57025.89409999999 57031.226

real	0m3.846s
user	0m3.820s
sys	0m0.008s
 
79343.34260000002 79353.49420000002 105856.4262 105868.395

real	0m3.225s
user	0m3.208s
sys	0m0.006s
 
77470.43699999999 77485.73999999999 107948.34 107966.91

real	0m2.252s
user	0m2.238s
sys	0m0.005s
 
109.241 111.7864 142.1856 145.251

real	0m2.174s
user	0m2.167s
sys	0m0.002s
 
1739639.1343 1765026.6362 3156552.835599999 3194056.931000001

real	0m6.503s
user	0m6.487s
sys	0m0.000s
 
40128631.98950006 40455680.77900002 81101463.51099998 81608296.35000008

real	0m5.493s
user	0m5.477s
sys	0m0.001s
 
185145.8628 186726.9552 353878.6176 356259.936

real	0m6.360s
user	0m6.344s
sys	0m0.001s
 
5650057.303000003 5674398.905999999 11835110.684 11873364.25000001

real	0m6.341s
user	0m6.324s
sys	0m0.001s
 
3539227257.462 3543179262.324003 8019509498.519998 8025995052.400001

real	0m2.447s
user	0m2.432s
sys	0m0.006s
 
66219776245.92168 66260257446.05717 151986883006.3699 152053753059.55

real	0m4.969s
user	0m4.937s
sys	0m0.010s
 
166212294937.3991 166288626284.498 382568140639.0098 382694366833.2999

real	0m14.769s
user	0m14.702s
sys	0m0.012s
 
608720333715.4655 608956501509.1871 1405127495482.165 1405518727998.903

real	0m42.721s
user	0m42.542s
sys	0m0.025s
 
SPECIAL
 
0.04840000000000001

real	0m1.471s
user	0m1.468s
sys	0m0.000s
 
0.04840000000000001

real	0m1.773s
user	0m1.769s
sys	0m0.000s
 
0.04840000000000001

real	0m0.425s
user	0m0.424s
sys	0m0.000s
 
53.79660000000001 53.79880000000001 58.68060000000001 58.68280000000001

real	0m1.353s
user	0m1.349s
sys	0m0.001s
 
53.79660000000001 53.79880000000001 58.68060000000001 58.68280000000001

real	0m8.975s
user	0m8.954s
sys	0m0.001s
 
9698907.663399996

real	0m1.924s
user	0m1.918s
sys	0m0.001s
 
9698907.663399996

real	0m0.933s
user	0m0.930s
sys	0m0.001s
 
0.04840000000000001

real	0m1.916s
user	0m1.912s
sys	0m0.000s
 
53.79660000000001 53.79880000000001 58.68060000000001 58.68280000000001

real	0m1.526s
user	0m1.387s
sys	0m0.000s
 
53.79660000000001 53.79880000000001 58.68060000000001 58.68280000000001

real	0m40.725s
user	0m40.632s
sys	0m0.001s
 
9698907.663399996

real	0m1.842s
user	0m1.838s
sys	0m0.000s
 
3948765877.809497 3955170852.914604 5863853434.234404 5870258409.339499

real	0m1.701s
user	0m1.680s
sys	0m0.004s
 
3948765877.809497 3955170852.914604 5863853434.234404 5870258409.339499

real	0m8.257s
user	0m8.214s
sys	0m0.004s
 
0.04840000000000001

real	0m1.814s
user	0m1.810s
sys	0m0.000s
 
53.79660000000001 53.79880000000001 58.68060000000001 58.68280000000001

real	0m9.036s
user	0m9.015s
sys	0m0.001s
 
53.79660000000001 53.79880000000001 58.68060000000001 58.68280000000001

real	0m13.754s
user	0m13.722s
sys	0m0.001s
 
9698907.663399996

real	0m0.935s
user	0m0.933s
sys	0m0.000s
 
3948765877.809497 3955170852.914604 5863853434.234404 5870258409.339499

real	0m4.156s
user	0m4.124s
sys	0m0.004s
 
3948765877.809497 3955170852.914604 5863853434.234404 5870258409.339499

real	0m4.151s
user	0m4.116s
sys	0m0.004s
 
0.04840000000000001

real	0m2.339s
user	0m2.333s
sys	0m0.001s
 
53.79660000000001 53.79880000000001 58.68060000000001 58.68280000000001

real	0m1.392s
user	0m1.388s
sys	0m0.001s
 
53.79660000000001 53.79880000000001 58.68060000000001 58.68280000000001

real	0m39.349s
user	0m39.258s
sys	0m0.001s
 
9698907.663399996

real	0m1.854s
user	0m1.849s
sys	0m0.001s
 
3948765877.809497 3955170852.914604 5863853434.234404 5870258409.339499

real	0m1.508s
user	0m1.490s
sys	0m0.003s
 
3948765877.809497 3955170852.914604 5863853434.234404 5870258409.339499

real	0m20.666s
user	0m20.564s
sys	0m0.003s
 
0.04840000000000001

real	0m2.148s
user	0m2.143s
sys	0m0.000s
 
53.79660000000001 53.79880000000001 58.68060000000001 58.68280000000001

real	0m9.060s
user	0m9.039s
sys	0m0.001s
 
53.79660000000001 53.79880000000001 58.68060000000001 58.68280000000001

real	0m15.199s
user	0m15.164s
sys	0m0.000s
 
9698907.663399996

real	0m0.938s
user	0m0.936s
sys	0m0.000s
 
3948765877.809497 3955170852.914604 5863853434.234404 5870258409.339499

real	0m4.146s
user	0m4.113s
sys	0m0.004s
 
3948765877.809497 3955170852.914604 5863853434.234404 5870258409.339499

real	0m19.607s
user	0m19.509s
sys	0m0.004s
 
3037.1121 3037.6632 3611.409 3612.01

real	0m1.220s
user	0m1.213s
sys	0m0.003s
 
3037.1121 3037.6632 3611.409 3612.01

real	0m1.228s
user	0m1.221s
sys	0m0.002s
 
3037.1121 3037.6632 3611.409 3612.01

real	0m5.108s
user	0m5.086s
sys	0m0.004s
 
3037.1121 3037.6632 3611.409 3612.01

real	0m5.140s
user	0m5.118s
sys	0m0.001s
 
SEQUENCE
 
37624.35618 38872.44188 52954.76458 54712.31628

real	0m3.450s
user	0m3.443s
sys	0m0.000s
 
4350478614.186048 4405620767.888449 7321622135.843186 7393481577.214199

real	0m0.912s
user	0m0.908s
sys	0m0.002s
 
48832437279.8918 49241016265.74157 88512227219.28583 89040617812.03206

real	0m3.075s
user	0m3.064s
sys	0m0.002s
 
18696443068.18007 18840087100.15867 37617583432.7108 37823564976.3486

real	0m0.872s
user	0m0.868s
sys	0m0.001s
 
4.901614166865179e+18 4.912723296455448e+18 1.084442578747924e+19 1.086100449795465e+19

real	0m0.634s
user	0m0.631s
sys	0m0.001s
 
1.647418946230568e+16 1.649160037624473e+16 3.768465979697054e+16 3.771108024027194e+16

real	0m0.990s
user	0m0.978s
sys	0m0.006s
 
4.48881116501821e+17 4.490640601531962e+17 1.03730934601686e+18 1.03758774958278e+18

real	0m0.858s
user	0m0.835s
sys	0m0.014s
 
4.48881116501821e+17 4.490640601531962e+17 1.03730934601686e+18 1.03758774958278e+18

real	0m3.938s
user	0m3.889s
sys	0m0.020s
 
4.48881116501821e+17 4.490640601531962e+17 1.03730934601686e+18 1.03758774958278e+18

real	0m5.152s
user	0m4.989s
sys	0m0.020s
 
8.382424294553979e+29 8.385850640122295e+29 1.937388035390321e+30 1.93790724339292e+30

real	0m0.910s
user	0m0.880s
sys	0m0.022s
 
8.382424294553979e+29 8.385850640122295e+29 1.937388035390321e+30 1.93790724339292e+30

real	0m2.588s
user	0m2.553s
sys	0m0.017s
 
8.382424294553979e+29 8.385850640122295e+29 1.937388035390321e+30 1.93790724339292e+30

real	0m2.819s
user	0m2.782s
sys	0m0.018s
 
8.382424294553979e+29 8.385850640122295e+29 1.937388035390321e+30 1.93790724339292e+30

real	0m2.828s
user	0m2.787s
sys	0m0.022s
 
8.382424294553979e+29 8.385850640122295e+29 1.937388035390321e+30 1.93790724339292e+30

real	0m2.544s
user	0m2.510s
sys	0m0.017s
 
8.382424294553979e+29 8.385850640122295e+29 1.937388035390321e+30 1.93790724339292e+30

real	0m2.652s
user	0m2.616s
sys	0m0.017s
 
374124590164.9393 378323909405.297 483306890414.2386 487506209654.5964

real	0m0.941s
user	0m0.938s
sys	0m0.001s
 
8003498375443.188 8040830216224.574 11400695886549.59 11438027727330.98

real	0m0.870s
user	0m0.866s
sys	0m0.001s
 
467292080353.7709 473215316635.7608 603526514839.5372 609449751121.5272

real	0m0.735s
user	0m0.733s
sys	0m0.000s
 
22856685758006.32 23032721850853.32 32186598678896.97 32362634771743.98

real	0m0.658s
user	0m0.655s
sys	0m0.001s
