 
SCALAR_VEC
 
0.5808000000000001 0.5830000000000002 0.6270000000000002 0.6292000000000002

real	0m4.686s
user	0m4.675s
sys	0m0.000s
 
46.0284 46.03060000000001 50.20620000000001 50.2084

real	0m5.260s
user	0m5.247s
sys	0m0.001s
 
29876.5456 29876.5478 32592.58860000001 32592.59080000001

real	0m1.165s
user	0m1.145s
sys	0m0.011s
 
VEC_VEC
 
174.0387

real	0m1.072s
user	0m1.068s
sys	0m0.001s
 
9698907.663399996

real	0m0.915s
user	0m0.912s
sys	0m0.001s
 
24900423491.09201

real	0m1.274s
user	0m1.268s
sys	0m0.002s
 
24900741320632.71

real	0m1.292s
user	0m1.285s
sys	0m0.002s
 
2.490083360868967e+16

real	0m1.469s
user	0m1.445s
sys	0m0.011s
 
VEC_MAT
 
178.7929000000001 178.8030000000001 201.2149000000001 201.2250000000001

real	0m3.392s
user	0m3.383s
sys	0m0.002s
 
992.6821000000002 992.6922000000003 1117.3464 1117.3565

real	0m1.946s
user	0m1.940s
sys	0m0.001s
 
390.3932 390.4204 450.7772000000001 450.8044

real	0m4.300s
user	0m4.289s
sys	0m0.001s
 
2166.9797 2167.0069 2502.7093 2502.7365

real	0m2.453s
user	0m2.446s
sys	0m0.000s
 
157975690.7399002 164380665.8450001

real	0m0.939s
user	0m0.937s
sys	0m0.000s
 
27065907086.64726 28163538210.734

real	0m1.046s
user	0m1.042s
sys	0m0.001s
 
128614163.4402999 133441028.6953997 138267893.9505

real	0m1.268s
user	0m1.265s
sys	0m0.001s
 
17202407856.50187 17848340807.38918 18494273758.27599

real	0m1.311s
user	0m1.307s
sys	0m0.001s
 
2.2266 2.2836 2.3406 2.397600000000001

real	0m0.547s
user	0m0.545s
sys	0m0.001s
 
73.52180000000001 74.6944 86.4204 87.59300000000002

real	0m2.036s
user	0m2.031s
sys	0m0.001s
 
609.1862 615.0844000000001 774.3358000000001 780.2340000000002

real	0m2.955s
user	0m2.949s
sys	0m0.000s
 
31020069.53999998 31057579.07999998 45948866.45999996 45986376.00000001

real	0m6.200s
user	0m6.181s
sys	0m0.002s
 
3948765877.809497 3955170852.914604 5863853434.234404 5870258409.339499

real	0m5.873s
user	0m5.692s
sys	0m0.006s
 
629070346650.9426 630167977775.031 934211799147.1235 935309430271.2021

real	0m2.986s
user	0m2.949s
sys	0m0.019s
 
72549439.0166 72565446.85879999 108086848.7006 108102856.5428001

real	0m5.218s
user	0m5.172s
sys	0m0.004s
 
324096005.6180002 324108897.3359997 483218480.892 483231372.6099998

real	0m2.722s
user	0m2.685s
sys	0m0.016s
 
10829665.1294 10829701.4254 15310551.5134 15310587.8094

real	0m1.510s
user	0m1.472s
sys	0m0.024s
 
107135690886248 108233331157370.3 147748380917728.1 148846021188851.3

real	0m2.165s
user	0m2.132s
sys	0m0.018s
 
MAT_VEC
 
178.7929000000001 178.8030000000001 201.2149000000001 201.2250000000001

real	0m1.044s
user	0m1.041s
sys	0m0.000s
 
992.6821000000002 992.6922000000003 1117.3464 1117.3565

real	0m0.820s
user	0m0.817s
sys	0m0.001s
 
390.3932 390.4204 450.7772000000001 450.8044

real	0m1.304s
user	0m1.301s
sys	0m0.000s
 
2166.9797 2167.0069 2502.7093 2502.7365

real	0m0.979s
user	0m0.976s
sys	0m0.000s
 
157975690.7399002 164380665.8450001

real	0m1.216s
user	0m1.104s
sys	0m0.001s
 
27065907086.64726 28163538210.734

real	0m1.225s
user	0m1.222s
sys	0m0.000s
 
128614163.4402999 133441028.6953997 138267893.9505

real	0m1.287s
user	0m1.281s
sys	0m0.002s
 
17202407856.50187 17848340807.38918 18494273758.27599

real	0m1.310s
user	0m1.305s
sys	0m0.000s
 
2.2266 2.2836 2.3406 2.397600000000001

real	0m0.680s
user	0m0.678s
sys	0m0.000s
 
73.52180000000001 74.6944 86.4204 87.59300000000002

real	0m1.855s
user	0m1.850s
sys	0m0.001s
 
609.1862 615.0844000000001 774.3358000000001 780.2340000000002

real	0m1.704s
user	0m1.700s
sys	0m0.000s
 
31020069.53999998 31057579.07999998 45948866.45999996 45986376.00000001

real	0m1.599s
user	0m1.592s
sys	0m0.002s
 
3948765877.809497 3955170852.914604 5863853434.234404 5870258409.339499

real	0m2.031s
user	0m2.008s
sys	0m0.003s
 
629070346650.9426 630167977775.031 934211799147.1235 935309430271.2021

real	0m1.186s
user	0m1.163s
sys	0m0.013s
 
72549439.0166 72565446.85879999 108086848.7006 108102856.5428001

real	0m2.033s
user	0m2.011s
sys	0m0.003s
 
324096005.6180002 324108897.3359997 483218480.892 483231372.6099998

real	0m1.303s
user	0m1.279s
sys	0m0.013s
 
10829665.1294 10829701.4254 15310551.5134 15310587.8094

real	0m1.100s
user	0m1.071s
sys	0m0.018s
 
107135690886248 108233331157370.3 147748380917728.1 148846021188851.3

real	0m0.885s
user	0m0.858s
sys	0m0.020s
 
OUTER
 
101.277 104.346 110.4774 113.8252

real	0m28.929s
user	0m28.858s
sys	0m0.000s
 
96.84840000000001 99.04950000000002 108.045 110.446

real	0m20.622s
user	0m20.573s
sys	0m0.001s
 
94.13800000000002 95.84960000000002 106.419 108.286

real	0m12.528s
user	0m12.496s
sys	0m0.001s
 
14.5684 14.5728 16.60140000000001 16.606

real	0m1.596s
user	0m1.591s
sys	0m0.001s
 
10.164 10.2025 11.913 11.9548

real	0m2.798s
user	0m2.791s
sys	0m0.000s
 
955.9242 956.3004 1135.8438 1136.254

real	0m2.038s
user	0m2.029s
sys	0m0.003s
 
86477.05440000001 86480.57660000001 102897.9582 102901.8004

real	0m1.079s
user	0m1.039s
sys	0m0.029s
 
27312.9912 27313.3443 32486.685 32487.07

real	0m0.876s
user	0m0.855s
sys	0m0.012s
 
MAT_MAT
 
8054296.570499997 8377212.617400005 11041896.78059999 11521723.02599998

real	0m3.802s
user	0m3.793s
sys	0m0.000s
 
67005585.50399998 69693523.28640002 92209626.6390001 96222702.65399998

real	0m4.736s
user	0m4.722s
sys	0m0.000s
 
56602.02200000002 58658.48450000003 83130.86099999996 86296.01680000003

real	0m2.573s
user	0m2.565s
sys	0m0.002s
 
297546749.5919997 308581623.7314994 440770097.583 457946307.1219999

real	0m2.430s
user	0m2.422s
sys	0m0.001s
 
8054296.570499997 8144829.910200007 11426434.83180001 11521723.02599998

real	0m0.942s
user	0m0.939s
sys	0m0.000s
 
67005585.50399998 67746880.83150004 95442432.67260008 96222702.65399998

real	0m1.235s
user	0m1.231s
sys	0m0.001s
 
56602.02200000002 56765.4044 86117.12820000002 86296.01680000003

real	0m0.554s
user	0m0.552s
sys	0m0.001s
 
297546749.5919997 299613096.1240003 455678605.3310006 457946307.1219999

real	0m0.828s
user	0m0.825s
sys	0m0.000s
 
301.3441 301.7106 379.168 379.5840000000001

real	0m1.549s
user	0m1.546s
sys	0m0.000s
 
45022.4809 45027.16379999999 57025.89409999999 57031.226

real	0m1.476s
user	0m1.462s
sys	0m0.005s
 
79343.34260000002 79353.49420000002 105856.4262 105868.395

real	0m1.025s
user	0m1.008s
sys	0m0.011s
 
77470.43699999999 77485.73999999999 107948.34 107966.91

real	0m0.775s
user	0m0.765s
sys	0m0.006s
 
109.241 111.7864 142.1856 145.251

real	0m2.596s
user	0m2.589s
sys	0m0.001s
 
1739639.1343 1765026.6362 3156552.835599999 3194056.931000001

real	0m2.800s
user	0m2.792s
sys	0m0.001s
 
40128631.98950006 40455680.77900002 81101463.51099998 81608296.35000008

real	0m1.400s
user	0m1.395s
sys	0m0.001s
 
185145.8628 186726.9552 353878.6176 356259.936

real	0m1.768s
user	0m1.762s
sys	0m0.001s
 
5650057.303000003 5674398.905999999 11835110.684 11873364.25000001

real	0m1.667s
user	0m1.660s
sys	0m0.002s
 
3539227257.462 3543179262.324003 8019509498.519998 8025995052.400001

real	0m0.644s
user	0m0.636s
sys	0m0.006s
 
66219776245.92168 66260257446.05717 151986883006.3699 152053753059.55

real	0m0.972s
user	0m0.952s
sys	0m0.011s
 
166212294937.3991 166288626284.498 382568140639.0098 382694366833.2999

real	0m0.947s
user	0m0.922s
sys	0m0.016s
 
608720333715.4655 608956501509.1871 1405127495482.165 1405518727998.903

real	0m1.841s
user	0m1.800s
sys	0m0.022s
 
TRANS1
 
8054296.570499997 8377212.617400005 11041896.78059999 11521723.02599998

real	0m3.586s
user	0m3.577s
sys	0m0.000s
 
67005585.50399998 69693523.28640002 92209626.6390001 96222702.65399998

real	0m4.541s
user	0m4.527s
sys	0m0.001s
 
56602.02200000002 58658.48450000003 83130.86099999996 86296.01680000003

real	0m1.912s
user	0m1.905s
sys	0m0.002s
 
297546749.5919997 308581623.7314994 440770097.583 457946307.1219999

real	0m2.789s
user	0m2.780s
sys	0m0.001s
 
8054296.570499997 8144829.910200007 11426434.83180001 11521723.02599998

real	0m3.570s
user	0m3.561s
sys	0m0.000s
 
67005585.50399998 67746880.83150004 95442432.67260008 96222702.65399998

real	0m4.529s
user	0m4.515s
sys	0m0.001s
 
56602.02200000002 56765.4044 86117.12820000002 86296.01680000003

real	0m1.824s
user	0m1.819s
sys	0m0.000s
 
297546749.5919997 299613096.1240003 455678605.3310006 457946307.1219999

real	0m2.785s
user	0m2.773s
sys	0m0.003s
 
301.3441 301.7106 379.168 379.5840000000001

real	0m5.658s
user	0m5.643s
sys	0m0.001s
 
45022.4809 45027.16379999999 57025.89409999999 57031.226

real	0m4.381s
user	0m4.353s
sys	0m0.008s
 
79343.34260000002 79353.49420000002 105856.4262 105868.395

real	0m3.186s
user	0m3.167s
sys	0m0.007s
 
77470.43699999999 77485.73999999999 107948.34 107966.91

real	0m1.813s
user	0m1.800s
sys	0m0.005s
 
109.241 111.7864 142.1856 145.251

real	0m1.677s
user	0m1.672s
sys	0m0.001s
 
1739639.1343 1765026.6362 3156552.835599999 3194056.931000001

real	0m6.523s
user	0m6.507s
sys	0m0.001s
 
40128631.98950006 40455680.77900002 81101463.51099998 81608296.35000008

real	0m5.431s
user	0m5.415s
sys	0m0.001s
 
185145.8628 186726.9552 353878.6176 356259.936

real	0m6.148s
user	0m6.133s
sys	0m0.001s
 
5650057.303000003 5674398.905999999 11835110.684 11873364.25000001

real	0m6.019s
user	0m6.002s
sys	0m0.002s
 
3539227257.462 3543179262.324003 8019509498.519998 8025995052.400001

real	0m2.445s
user	0m2.430s
sys	0m0.006s
 
66219776245.92168 66260257446.05717 151986883006.3699 152053753059.55

real	0m2.962s
user	0m2.926s
sys	0m0.012s
 
166212294937.3991 166288626284.498 382568140639.0098 382694366833.2999

real	0m2.662s
user	0m2.631s
sys	0m0.013s
 
608720333715.4655 608956501509.1871 1405127495482.165 1405518727998.903

real	0m5.365s
user	0m5.304s
sys	0m0.024s
 
1512441.733 1524415.266 2968657.650000001 2986772.5

real	0m3.505s
user	0m3.495s
sys	0m0.001s
 
608720333715.4655 608956501509.1871 1405127495482.165 1405518727998.903

real	0m2.750s
user	0m2.711s
sys	0m0.020s
 
TRANS2
 
8054296.570499997 8377212.617400005 11041896.78059999 11521723.02599998

real	0m4.386s
user	0m4.375s
sys	0m0.001s
 
67005585.50399998 69693523.28640002 92209626.6390001 96222702.65399998

real	0m5.879s
user	0m5.861s
sys	0m0.001s
 
56602.02200000002 58658.48450000003 83130.86099999996 86296.01680000003

real	0m2.769s
user	0m2.762s
sys	0m0.000s
 
297546749.5919997 308581623.7314994 440770097.583 457946307.1219999

real	0m3.010s
user	0m3.000s
sys	0m0.002s
 
8054296.570499997 8144829.910200007 11426434.83180001 11521723.02599998

real	0m0.943s
user	0m0.939s
sys	0m0.002s
 
67005585.50399998 67746880.83150004 95442432.67260008 96222702.65399998

real	0m1.264s
user	0m1.259s
sys	0m0.001s
 
56602.02200000002 56765.4044 86117.12820000002 86296.01680000003

real	0m0.560s
user	0m0.559s
sys	0m0.000s
 
297546749.5919997 299613096.1240003 455678605.3310006 457946307.1219999

real	0m0.827s
user	0m0.824s
sys	0m0.001s
 
301.3441 301.7106 379.168 379.5840000000001

real	0m1.591s
user	0m1.587s
sys	0m0.001s
 
45022.4809 45027.16379999999 57025.89409999999 57031.226

real	0m1.483s
user	0m1.468s
sys	0m0.006s
 
79343.34260000002 79353.49420000002 105856.4262 105868.395

real	0m1.029s
user	0m1.016s
sys	0m0.008s
 
77470.43699999999 77485.73999999999 107948.34 107966.91

real	0m0.777s
user	0m0.766s
sys	0m0.007s
 
109.241 111.7864 142.1856 145.251

real	0m2.631s
user	0m2.624s
sys	0m0.001s
 
1739639.1343 1765026.6362 3156552.835599999 3194056.931000001

real	0m2.849s
user	0m2.841s
sys	0m0.001s
 
40128631.98950006 40455680.77900002 81101463.51099998 81608296.35000008

real	0m1.621s
user	0m1.615s
sys	0m0.001s
 
185145.8628 186726.9552 353878.6176 356259.936

real	0m1.908s
user	0m1.903s
sys	0m0.001s
 
5650057.303000003 5674398.905999999 11835110.684 11873364.25000001

real	0m1.770s
user	0m1.765s
sys	0m0.000s
 
3539227257.462 3543179262.324003 8019509498.519998 8025995052.400001

real	0m0.672s
user	0m0.666s
sys	0m0.003s
 
66219776245.92168 66260257446.05717 151986883006.3699 152053753059.55

real	0m1.093s
user	0m1.073s
sys	0m0.010s
 
166212294937.3991 166288626284.498 382568140639.0098 382694366833.2999

real	0m1.008s
user	0m0.984s
sys	0m0.015s
 
608720333715.4655 608956501509.1871 1405127495482.165 1405518727998.903

real	0m1.939s
user	0m1.894s
sys	0m0.028s
 
1512441.733 1524415.266 2968657.650000001 2986772.5

real	0m1.583s
user	0m1.579s
sys	0m0.000s
 
608720333715.4655 608956501509.1871 1405127495482.165 1405518727998.903

real	0m1.376s
user	0m1.348s
sys	0m0.015s
 
TRANS12
 
8054296.570499997 8377212.617400005 11041896.78059999 11521723.02599998

real	0m3.627s
user	0m3.617s
sys	0m0.001s
 
67005585.50399998 69693523.28640002 92209626.6390001 96222702.65399998

real	0m4.652s
user	0m4.637s
sys	0m0.001s
 
56602.02200000002 58658.48450000003 83130.86099999996 86296.01680000003

real	0m2.064s
user	0m2.058s
sys	0m0.001s
 
297546749.5919997 308581623.7314994 440770097.583 457946307.1219999

real	0m2.811s
user	0m2.801s
sys	0m0.002s
 
8054296.570499997 8144829.910200007 11426434.83180001 11521723.02599998

real	0m3.562s
user	0m3.553s
sys	0m0.001s
 
67005585.50399998 67746880.83150004 95442432.67260008 96222702.65399998

real	0m4.443s
user	0m4.429s
sys	0m0.001s
 
56602.02200000002 56765.4044 86117.12820000002 86296.01680000003

real	0m2.049s
user	0m2.043s
sys	0m0.001s
 
297546749.5919997 299613096.1240003 455678605.3310006 457946307.1219999

real	0m2.725s
user	0m2.716s
sys	0m0.002s
 
301.3441 301.7106 379.168 379.5840000000001

real	0m5.503s
user	0m5.490s
sys	0m0.000s
 
45022.4809 45027.16379999999 57025.89409999999 57031.226

real	0m4.287s
user	0m4.260s
sys	0m0.008s
 
79343.34260000002 79353.49420000002 105856.4262 105868.395

real	0m3.241s
user	0m3.219s
sys	0m0.007s
 
77470.43699999999 77485.73999999999 107948.34 107966.91

real	0m2.268s
user	0m2.253s
sys	0m0.006s
 
109.241 111.7864 142.1856 145.251

real	0m2.129s
user	0m2.123s
sys	0m0.001s
 
1739639.1343 1765026.6362 3156552.835599999 3194056.931000001

real	0m6.698s
user	0m6.681s
sys	0m0.001s
 
40128631.98950006 40455680.77900002 81101463.51099998 81608296.35000008

real	0m5.587s
user	0m5.481s
sys	0m0.002s
 
185145.8628 186726.9552 353878.6176 356259.936

real	0m6.705s
user	0m6.687s
sys	0m0.002s
 
5650057.303000003 5674398.905999999 11835110.684 11873364.25000001

real	0m6.363s
user	0m6.345s
sys	0m0.001s
 
3539227257.462 3543179262.324003 8019509498.519998 8025995052.400001

real	0m2.516s
user	0m2.502s
sys	0m0.004s
 
66219776245.92168 66260257446.05717 151986883006.3699 152053753059.55

real	0m4.514s
user	0m4.482s
sys	0m0.011s
 
166212294937.3991 166288626284.498 382568140639.0098 382694366833.2999

real	0m14.775s
user	0m14.710s
sys	0m0.010s
 
608720333715.4655 608956501509.1871 1405127495482.165 1405518727998.903

real	0m42.754s
user	0m42.578s
sys	0m0.018s
 
SPECIAL
 
0.04840000000000001

real	0m1.210s
user	0m1.206s
sys	0m0.001s
 
0.04840000000000001

real	0m1.295s
user	0m1.291s
sys	0m0.001s
 
0.04840000000000001

real	0m0.445s
user	0m0.442s
sys	0m0.002s
 
53.79660000000001 53.79880000000001 58.68060000000001 58.68280000000001

real	0m1.977s
user	0m1.972s
sys	0m0.001s
 
53.79660000000001 53.79880000000001 58.68060000000001 58.68280000000001

real	0m8.337s
user	0m8.318s
sys	0m0.001s
 
9698907.663399996

real	0m1.917s
user	0m1.912s
sys	0m0.000s
 
9698907.663399996

real	0m0.960s
user	0m0.957s
sys	0m0.001s
 
0.04840000000000001

real	0m1.624s
user	0m1.620s
sys	0m0.001s
 
53.79660000000001 53.79880000000001 58.68060000000001 58.68280000000001

real	0m1.982s
user	0m1.977s
sys	0m0.001s
 
53.79660000000001 53.79880000000001 58.68060000000001 58.68280000000001

real	0m41.989s
user	0m41.890s
sys	0m0.000s
 
9698907.663399996

real	0m1.856s
user	0m1.851s
sys	0m0.001s
 
3948765877.809497 3955170852.914604 5863853434.234404 5870258409.339499

real	0m1.581s
user	0m1.562s
sys	0m0.004s
 
3948765877.809497 3955170852.914604 5863853434.234404 5870258409.339499

real	0m8.305s
user	0m8.265s
sys	0m0.003s
 
0.04840000000000001

real	0m1.270s
user	0m1.266s
sys	0m0.001s
 
53.79660000000001 53.79880000000001 58.68060000000001 58.68280000000001

real	0m9.739s
user	0m9.717s
sys	0m0.001s
 
53.79660000000001 53.79880000000001 58.68060000000001 58.68280000000001

real	0m14.031s
user	0m13.998s
sys	0m0.000s
 
9698907.663399996

real	0m0.960s
user	0m0.957s
sys	0m0.001s
 
3948765877.809497 3955170852.914604 5863853434.234404 5870258409.339499

real	0m4.302s
user	0m4.270s
sys	0m0.002s
 
3948765877.809497 3955170852.914604 5863853434.234404 5870258409.339499

real	0m4.306s
user	0m4.272s
sys	0m0.004s
 
0.04840000000000001

real	0m1.793s
user	0m1.788s
sys	0m0.001s
 
53.79660000000001 53.79880000000001 58.68060000000001 58.68280000000001

real	0m1.993s
user	0m1.987s
sys	0m0.001s
 
53.79660000000001 53.79880000000001 58.68060000000001 58.68280000000001

real	0m42.300s
user	0m42.199s
sys	0m0.003s
 
9698907.663399996

real	0m1.847s
user	0m1.843s
sys	0m0.000s
 
3948765877.809497 3955170852.914604 5863853434.234404 5870258409.339499

real	0m1.581s
user	0m1.562s
sys	0m0.004s
 
3948765877.809497 3955170852.914604 5863853434.234404 5870258409.339499

real	0m20.329s
user	0m20.228s
sys	0m0.005s
 
0.04840000000000001

real	0m1.354s
user	0m1.350s
sys	0m0.001s
 
53.79660000000001 53.79880000000001 58.68060000000001 58.68280000000001

real	0m9.009s
user	0m8.988s
sys	0m0.001s
 
53.79660000000001 53.79880000000001 58.68060000000001 58.68280000000001

real	0m15.157s
user	0m15.122s
sys	0m0.000s
 
9698907.663399996

real	0m0.938s
user	0m0.934s
sys	0m0.001s
 
3948765877.809497 3955170852.914604 5863853434.234404 5870258409.339499

real	0m4.234s
user	0m4.200s
sys	0m0.004s
 
3948765877.809497 3955170852.914604 5863853434.234404 5870258409.339499

real	0m19.611s
user	0m19.513s
sys	0m0.005s
 
3037.1121 3037.6632 3611.409 3612.01

real	0m1.426s
user	0m1.421s
sys	0m0.000s
 
3037.1121 3037.6632 3611.409 3612.01

real	0m1.414s
user	0m1.409s
sys	0m0.001s
 
3037.1121 3037.6632 3611.409 3612.01

real	0m5.136s
user	0m5.117s
sys	0m0.003s
 
3037.1121 3037.6632 3611.409 3612.01

real	0m5.087s
user	0m5.068s
sys	0m0.002s
 
SEQUENCE
 
37624.35618 38872.44188 52954.76458 54712.31628

real	0m3.450s
user	0m3.441s
sys	0m0.000s
 
4350478614.186048 4405620767.888449 7321622135.843186 7393481577.214199

real	0m1.044s
user	0m1.041s
sys	0m0.000s
 
48832437279.8918 49241016265.74157 88512227219.28583 89040617812.03206

real	0m3.527s
user	0m3.517s
sys	0m0.001s
 
18696443068.18007 18840087100.15867 37617583432.7108 37823564976.3486

real	0m0.864s
user	0m0.861s
sys	0m0.000s
 
4.901614166865179e+18 4.912723296455448e+18 1.084442578747924e+19 1.086100449795465e+19

real	0m0.670s
user	0m0.664s
sys	0m0.003s
 
1.647418946230568e+16 1.649160037624473e+16 3.768465979697054e+16 3.771108024027194e+16

real	0m1.002s
user	0m0.992s
sys	0m0.004s
 
4.48881116501821e+17 4.490640601531962e+17 1.03730934601686e+18 1.03758774958278e+18

real	0m0.846s
user	0m0.820s
sys	0m0.018s
 
4.48881116501821e+17 4.490640601531962e+17 1.03730934601686e+18 1.03758774958278e+18

real	0m3.893s
user	0m3.848s
sys	0m0.015s
 
4.48881116501821e+17 4.490640601531962e+17 1.03730934601686e+18 1.03758774958278e+18

real	0m5.038s
user	0m4.979s
sys	0m0.022s
 
8.382424294553979e+29 8.385850640122295e+29 1.937388035390321e+30 1.93790724339292e+30

real	0m0.903s
user	0m0.871s
sys	0m0.024s
 
8.382424294553979e+29 8.385850640122295e+29 1.937388035390321e+30 1.93790724339292e+30

real	0m2.590s
user	0m2.554s
sys	0m0.018s
 
8.382424294553979e+29 8.385850640122295e+29 1.937388035390321e+30 1.93790724339292e+30

real	0m2.833s
user	0m2.796s
sys	0m0.019s
 
8.382424294553979e+29 8.385850640122295e+29 1.937388035390321e+30 1.93790724339292e+30

real	0m2.846s
user	0m2.804s
sys	0m0.022s
 
8.382424294553979e+29 8.385850640122295e+29 1.937388035390321e+30 1.93790724339292e+30

real	0m2.554s
user	0m2.519s
sys	0m0.018s
 
8.382424294553979e+29 8.385850640122295e+29 1.937388035390321e+30 1.93790724339292e+30

real	0m2.657s
user	0m2.623s
sys	0m0.017s
 
374124590164.9393 378323909405.297 483306890414.2386 487506209654.5964

real	0m1.045s
user	0m1.040s
sys	0m0.002s
 
8003498375443.188 8040830216224.574 11400695886549.59 11438027727330.98

real	0m0.878s
user	0m0.875s
sys	0m0.000s
 
467292080353.7709 473215316635.7608 603526514839.5372 609449751121.5272

real	0m0.760s
user	0m0.756s
sys	0m0.002s
 
22856685758006.32 23032721850853.32 32186598678896.97 32362634771743.98

real	0m0.701s
user	0m0.697s
sys	0m0.002s
