 
SCALAR_VEC
 
0.5808000000000001 0.5830000000000002 0.6270000000000002 0.6292000000000002

real	0m0.544s
user	0m0.541s
sys	0m0.001s
 
46.0284 46.03060000000001 50.20620000000001 50.2084

real	0m0.745s
user	0m0.742s
sys	0m0.001s
 
29876.5456 29876.5478 32592.58860000001 32592.59080000001

real	0m0.562s
user	0m0.547s
sys	0m0.010s
 
VEC_VEC
 
174.0387

real	0m0.900s
user	0m0.897s
sys	0m0.001s
 
9698907.663399996

real	0m0.924s
user	0m0.921s
sys	0m0.001s
 
24900423491.09201

real	0m1.297s
user	0m1.294s
sys	0m0.000s
 
24900741320632.71

real	0m1.301s
user	0m1.296s
sys	0m0.001s
 
2.490083360868967e+16

real	0m1.473s
user	0m1.451s
sys	0m0.009s
 
VEC_MAT
 
178.7929000000001 178.8030000000001 201.2149000000001 201.2250000000001

real	0m0.881s
user	0m0.878s
sys	0m0.001s
 
992.6821000000002 992.6922000000003 1117.3464 1117.3565

real	0m0.579s
user	0m0.575s
sys	0m0.002s
 
390.3932 390.4204 450.7772000000001 450.8044

real	0m2.061s
user	0m2.056s
sys	0m0.000s
 
2166.9797 2167.0069 2502.7093 2502.7365

real	0m1.240s
user	0m1.235s
sys	0m0.001s
 
157975690.7399002 164380665.8450001

real	0m0.486s
user	0m0.484s
sys	0m0.000s
 
27065907086.64726 28163538210.734

real	0m0.540s
user	0m0.537s
sys	0m0.001s
 
128614163.4402999 133441028.6953997 138267893.9505

real	0m0.414s
user	0m0.412s
sys	0m0.001s
 
17202407856.50187 17848340807.38918 18494273758.27599

real	0m0.427s
user	0m0.425s
sys	0m0.001s
 
2.2266 2.2836 2.3406 2.397600000000001

real	0m0.397s
user	0m0.396s
sys	0m0.000s
 
73.52180000000001 74.6944 86.4204 87.59300000000002

real	0m1.545s
user	0m1.542s
sys	0m0.000s
 
609.1862 615.0844000000001 774.3358000000001 780.2340000000002

real	0m1.966s
user	0m1.960s
sys	0m0.002s
 
31020069.53999998 31057579.07999998 45948866.45999996 45986376.00000001

real	0m2.258s
user	0m2.250s
sys	0m0.001s
 
3948765877.809497 3955170852.914604 5863853434.234404 5870258409.339499

real	0m2.225s
user	0m2.198s
sys	0m0.005s
 
629070346650.9426 630167977775.031 934211799147.1235 935309430271.2021

real	0m1.249s
user	0m1.224s
sys	0m0.013s
 
72549439.0166 72565446.85879999 108086848.7006 108102856.5428001

real	0m2.668s
user	0m2.638s
sys	0m0.005s
 
324096005.6180002 324108897.3359997 483218480.892 483231372.6099998

real	0m1.622s
user	0m1.486s
sys	0m0.016s
 
10829665.1294 10829701.4254 15310551.5134 15310587.8094

real	0m1.104s
user	0m1.074s
sys	0m0.020s
 
107135690886248 108233331157370.3 147748380917728.1 148846021188851.3

real	0m0.831s
user	0m0.807s
sys	0m0.016s
 
MAT_VEC
 
178.7929000000001 178.8030000000001 201.2149000000001 201.2250000000001

real	0m0.679s
user	0m0.677s
sys	0m0.000s
 
992.6821000000002 992.6922000000003 1117.3464 1117.3565

real	0m0.480s
user	0m0.479s
sys	0m0.000s
 
390.3932 390.4204 450.7772000000001 450.8044

real	0m1.316s
user	0m1.313s
sys	0m0.000s
 
2166.9797 2167.0069 2502.7093 2502.7365

real	0m0.890s
user	0m0.886s
sys	0m0.001s
 
157975690.7399002 164380665.8450001

real	0m0.505s
user	0m0.502s
sys	0m0.002s
 
27065907086.64726 28163538210.734

real	0m0.576s
user	0m0.574s
sys	0m0.000s
 
128614163.4402999 133441028.6953997 138267893.9505

real	0m0.427s
user	0m0.425s
sys	0m0.001s
 
17202407856.50187 17848340807.38918 18494273758.27599

real	0m0.532s
user	0m0.530s
sys	0m0.000s
 
2.2266 2.2836 2.3406 2.397600000000001

real	0m0.251s
user	0m0.248s
sys	0m0.002s
 
73.52180000000001 74.6944 86.4204 87.59300000000002

real	0m1.088s
user	0m1.085s
sys	0m0.000s
 
609.1862 615.0844000000001 774.3358000000001 780.2340000000002

real	0m1.401s
user	0m1.396s
sys	0m0.002s
 
31020069.53999998 31057579.07999998 45948866.45999996 45986376.00000001

real	0m2.105s
user	0m2.098s
sys	0m0.000s
 
3948765877.809497 3955170852.914604 5863853434.234404 5870258409.339499

real	0m2.544s
user	0m2.516s
sys	0m0.004s
 
629070346650.9426 630167977775.031 934211799147.1235 935309430271.2021

real	0m1.452s
user	0m1.419s
sys	0m0.018s
 
72549439.0166 72565446.85879999 108086848.7006 108102856.5428001

real	0m2.232s
user	0m2.205s
sys	0m0.005s
 
324096005.6180002 324108897.3359997 483218480.892 483231372.6099998

real	0m1.222s
user	0m1.192s
sys	0m0.018s
 
10829665.1294 10829701.4254 15310551.5134 15310587.8094

real	0m0.843s
user	0m0.813s
sys	0m0.022s
 
107135690886248 108233331157370.3 147748380917728.1 148846021188851.3

real	0m0.888s
user	0m0.857s
sys	0m0.023s
 
OUTER
 
101.277 104.346 110.4774 113.8252

real	0m1.972s
user	0m1.967s
sys	0m0.000s
 
96.84840000000001 99.04950000000002 108.045 110.446

real	0m1.886s
user	0m1.881s
sys	0m0.000s
 
94.13800000000002 95.84960000000002 106.419 108.286

real	0m1.941s
user	0m1.935s
sys	0m0.001s
 
14.5684 14.5728 16.60140000000001 16.606

real	0m0.929s
user	0m0.926s
sys	0m0.001s
 
10.164 10.2025 11.913 11.9548

real	0m0.815s
user	0m0.813s
sys	0m0.000s
 
955.9242 956.3004 1135.8438 1136.254

real	0m1.191s
user	0m1.188s
sys	0m0.000s
 
86477.05440000001 86480.57660000001 102897.9582 102901.8004

real	0m1.128s
user	0m1.091s
sys	0m0.027s
 
27312.9912 27313.3443 32486.685 32487.07

real	0m0.681s
user	0m0.668s
sys	0m0.006s
 
MAT_MAT
 
8054296.570499997 8377212.617400005 11041896.78059999 11521723.02599998

real	0m0.941s
user	0m0.938s
sys	0m0.000s
 
67005585.50399998 69693523.28640002 92209626.6390001 96222702.65399998

real	0m1.214s
user	0m1.210s
sys	0m0.001s
 
56602.02200000002 58658.48450000003 83130.86099999996 86296.01680000003

real	0m1.192s
user	0m1.188s
sys	0m0.001s
 
297546749.5919997 308581623.7314994 440770097.583 457946307.1219999

real	0m1.145s
user	0m1.141s
sys	0m0.000s
 
8054296.570499997 8144829.910200007 11426434.83180001 11521723.02599998

real	0m0.845s
user	0m0.842s
sys	0m0.000s
 
67005585.50399998 67746880.83150004 95442432.67260008 96222702.65399998

real	0m1.043s
user	0m1.039s
sys	0m0.001s
 
56602.02200000002 56765.4044 86117.12820000002 86296.01680000003

real	0m0.690s
user	0m0.686s
sys	0m0.002s
 
297546749.5919997 299613096.1240003 455678605.3310006 457946307.1219999

real	0m0.793s
user	0m0.790s
sys	0m0.000s
 
301.3441 301.7106 379.168 379.5840000000001

real	0m1.767s
user	0m1.762s
sys	0m0.000s
 
45022.4809 45027.16379999999 57025.89409999999 57031.226

real	0m1.713s
user	0m1.692s
sys	0m0.007s
 
79343.34260000002 79353.49420000002 105856.4262 105868.395

real	0m1.308s
user	0m1.291s
sys	0m0.008s
 
77470.43699999999 77485.73999999999 107948.34 107966.91

real	0m0.889s
user	0m0.881s
sys	0m0.003s
 
109.241 111.7864 142.1856 145.251

real	0m1.087s
user	0m1.084s
sys	0m0.000s
 
1739639.1343 1765026.6362 3156552.835599999 3194056.931000001

real	0m1.818s
user	0m1.814s
sys	0m0.000s
 
40128631.98950006 40455680.77900002 81101463.51099998 81608296.35000008

real	0m1.328s
user	0m1.323s
sys	0m0.001s
 
185145.8628 186726.9552 353878.6176 356259.936

real	0m1.826s
user	0m1.820s
sys	0m0.001s
 
5650057.303000003 5674398.905999999 11835110.684 11873364.25000001

real	0m1.590s
user	0m1.585s
sys	0m0.000s
 
3539227257.462 3543179262.324003 8019509498.519998 8025995052.400001

real	0m0.579s
user	0m0.571s
sys	0m0.005s
 
66219776245.92168 66260257446.05717 151986883006.3699 152053753059.55

real	0m0.671s
user	0m0.655s
sys	0m0.013s
 
166212294937.3991 166288626284.498 382568140639.0098 382694366833.2999

real	0m0.630s
user	0m0.615s
sys	0m0.013s
 
608720333715.4655 608956501509.1871 1405127495482.165 1405518727998.903

real	0m1.164s
user	0m1.137s
sys	0m0.022s
 
TRANS1
 
8054296.570499997 8377212.617400005 11041896.78059999 11521723.02599998

real	0m1.008s
user	0m1.005s
sys	0m0.001s
 
67005585.50399998 69693523.28640002 92209626.6390001 96222702.65399998

real	0m1.249s
user	0m1.244s
sys	0m0.001s
 
56602.02200000002 58658.48450000003 83130.86099999996 86296.01680000003

real	0m0.897s
user	0m0.894s
sys	0m0.001s
 
297546749.5919997 308581623.7314994 440770097.583 457946307.1219999

real	0m0.969s
user	0m0.964s
sys	0m0.001s
 
8054296.570499997 8144829.910200007 11426434.83180001 11521723.02599998

real	0m0.828s
user	0m0.826s
sys	0m0.000s
 
67005585.50399998 67746880.83150004 95442432.67260008 96222702.65399998

real	0m0.996s
user	0m0.992s
sys	0m0.001s
 
56602.02200000002 56765.4044 86117.12820000002 86296.01680000003

real	0m0.783s
user	0m0.781s
sys	0m0.000s
 
297546749.5919997 299613096.1240003 455678605.3310006 457946307.1219999

real	0m0.875s
user	0m0.871s
sys	0m0.001s
 
301.3441 301.7106 379.168 379.5840000000001

real	0m0.923s
user	0m0.920s
sys	0m0.001s
 
45022.4809 45027.16379999999 57025.89409999999 57031.226

real	0m1.116s
user	0m1.096s
sys	0m0.008s
 
79343.34260000002 79353.49420000002 105856.4262 105868.395

real	0m1.050s
user	0m1.035s
sys	0m0.008s
 
77470.43699999999 77485.73999999999 107948.34 107966.91

real	0m0.822s
user	0m0.812s
sys	0m0.005s
 
109.241 111.7864 142.1856 145.251

real	0m1.069s
user	0m1.065s
sys	0m0.001s
 
1739639.1343 1765026.6362 3156552.835599999 3194056.931000001

real	0m1.691s
user	0m1.685s
sys	0m0.001s
 
40128631.98950006 40455680.77900002 81101463.51099998 81608296.35000008

real	0m1.177s
user	0m1.173s
sys	0m0.001s
 
185145.8628 186726.9552 353878.6176 356259.936

real	0m1.902s
user	0m1.898s
sys	0m0.000s
 
5650057.303000003 5674398.905999999 11835110.684 11873364.25000001

real	0m1.471s
user	0m1.468s
sys	0m0.000s
 
3539227257.462 3543179262.324003 8019509498.519998 8025995052.400001

real	0m0.590s
user	0m0.585s
sys	0m0.004s
 
66219776245.92168 66260257446.05717 151986883006.3699 152053753059.55

real	0m0.629s
user	0m0.615s
sys	0m0.011s
 
166212294937.3991 166288626284.498 382568140639.0098 382694366833.2999

real	0m0.606s
user	0m0.590s
sys	0m0.013s
 
608720333715.4655 608956501509.1871 1405127495482.165 1405518727998.903

real	0m1.224s
user	0m1.199s
sys	0m0.020s
 
1512441.733 1524415.266 2968657.650000001 2986772.5

real	0m1.016s
user	0m0.885s
sys	0m0.000s
 
608720333715.4655 608956501509.1871 1405127495482.165 1405518727998.903

real	0m0.664s
user	0m0.649s
sys	0m0.012s
 
TRANS2
 
8054296.570499997 8377212.617400005 11041896.78059999 11521723.02599998

real	0m1.258s
user	0m1.254s
sys	0m0.001s
 
67005585.50399998 69693523.28640002 92209626.6390001 96222702.65399998

real	0m1.628s
user	0m1.623s
sys	0m0.000s
 
56602.02200000002 58658.48450000003 83130.86099999996 86296.01680000003

real	0m1.147s
user	0m1.144s
sys	0m0.001s
 
297546749.5919997 308581623.7314994 440770097.583 457946307.1219999

real	0m1.581s
user	0m1.575s
sys	0m0.001s
 
8054296.570499997 8144829.910200007 11426434.83180001 11521723.02599998

real	0m0.832s
user	0m0.827s
sys	0m0.002s
 
67005585.50399998 67746880.83150004 95442432.67260008 96222702.65399998

real	0m1.009s
user	0m1.004s
sys	0m0.002s
 
56602.02200000002 56765.4044 86117.12820000002 86296.01680000003

real	0m0.672s
user	0m0.670s
sys	0m0.001s
 
297546749.5919997 299613096.1240003 455678605.3310006 457946307.1219999

real	0m0.767s
user	0m0.763s
sys	0m0.002s
 
301.3441 301.7106 379.168 379.5840000000001

real	0m1.339s
user	0m1.335s
sys	0m0.000s
 
45022.4809 45027.16379999999 57025.89409999999 57031.226

real	0m1.583s
user	0m1.563s
sys	0m0.006s
 
79343.34260000002 79353.49420000002 105856.4262 105868.395

real	0m1.147s
user	0m1.131s
sys	0m0.007s
 
77470.43699999999 77485.73999999999 107948.34 107966.91

real	0m0.832s
user	0m0.826s
sys	0m0.002s
 
109.241 111.7864 142.1856 145.251

real	0m1.019s
user	0m1.016s
sys	0m0.000s
 
1739639.1343 1765026.6362 3156552.835599999 3194056.931000001

real	0m1.815s
user	0m1.810s
sys	0m0.001s
 
40128631.98950006 40455680.77900002 81101463.51099998 81608296.35000008

real	0m1.414s
user	0m1.408s
sys	0m0.001s
 
185145.8628 186726.9552 353878.6176 356259.936

real	0m1.780s
user	0m1.776s
sys	0m0.000s
 
5650057.303000003 5674398.905999999 11835110.684 11873364.25000001

real	0m1.588s
user	0m1.583s
sys	0m0.001s
 
3539227257.462 3543179262.324003 8019509498.519998 8025995052.400001

real	0m0.587s
user	0m0.582s
sys	0m0.003s
 
66219776245.92168 66260257446.05717 151986883006.3699 152053753059.55

real	0m0.675s
user	0m0.663s
sys	0m0.010s
 
166212294937.3991 166288626284.498 382568140639.0098 382694366833.2999

real	0m0.664s
user	0m0.647s
sys	0m0.015s
 
608720333715.4655 608956501509.1871 1405127495482.165 1405518727998.903

real	0m1.233s
user	0m1.200s
sys	0m0.028s
 
1512441.733 1524415.266 2968657.650000001 2986772.5

real	0m1.066s
user	0m1.062s
sys	0m0.001s
 
608720333715.4655 608956501509.1871 1405127495482.165 1405518727998.903

real	0m0.661s
user	0m0.643s
sys	0m0.015s
 
TRANS12
 
8054296.570499997 8377212.617400005 11041896.78059999 11521723.02599998

real	0m0.821s
user	0m0.819s
sys	0m0.000s
 
67005585.50399998 69693523.28640002 92209626.6390001 96222702.65399998

real	0m1.048s
user	0m1.044s
sys	0m0.001s
 
56602.02200000002 58658.48450000003 83130.86099999996 86296.01680000003

real	0m0.659s
user	0m0.656s
sys	0m0.001s
 
297546749.5919997 308581623.7314994 440770097.583 457946307.1219999

real	0m0.681s
user	0m0.678s
sys	0m0.001s
 
8054296.570499997 8144829.910200007 11426434.83180001 11521723.02599998

real	0m0.943s
user	0m0.940s
sys	0m0.000s
 
67005585.50399998 67746880.83150004 95442432.67260008 96222702.65399998

real	0m1.215s
user	0m1.211s
sys	0m0.000s
 
56602.02200000002 56765.4044 86117.12820000002 86296.01680000003

real	0m1.173s
user	0m1.169s
sys	0m0.001s
 
297546749.5919997 299613096.1240003 455678605.3310006 457946307.1219999

real	0m1.143s
user	0m1.139s
sys	0m0.001s
 
301.3441 301.7106 379.168 379.5840000000001

real	0m2.756s
user	0m2.749s
sys	0m0.001s
 
45022.4809 45027.16379999999 57025.89409999999 57031.226

real	0m2.982s
user	0m2.955s
sys	0m0.009s
 
79343.34260000002 79353.49420000002 105856.4262 105868.395

real	0m2.065s
user	0m2.041s
sys	0m0.012s
 
77470.43699999999 77485.73999999999 107948.34 107966.91

real	0m1.846s
user	0m1.832s
sys	0m0.006s
 
109.241 111.7864 142.1856 145.251

real	0m1.189s
user	0m1.185s
sys	0m0.001s
 
1739639.1343 1765026.6362 3156552.835599999 3194056.931000001

real	0m1.627s
user	0m1.622s
sys	0m0.001s
 
40128631.98950006 40455680.77900002 81101463.51099998 81608296.35000008

real	0m1.236s
user	0m1.231s
sys	0m0.001s
 
185145.8628 186726.9552 353878.6176 356259.936

real	0m1.793s
user	0m1.789s
sys	0m0.000s
 
5650057.303000003 5674398.905999999 11835110.684 11873364.25000001

real	0m1.529s
user	0m1.504s
sys	0m0.000s
 
3539227257.462 3543179262.324003 8019509498.519998 8025995052.400001

real	0m0.593s
user	0m0.584s
sys	0m0.007s
 
66219776245.92168 66260257446.05717 151986883006.3699 152053753059.55

real	0m0.803s
user	0m0.788s
sys	0m0.011s
 
166212294937.3991 166288626284.498 382568140639.0098 382694366833.2999

real	0m0.768s
user	0m0.746s
sys	0m0.017s
 
608720333715.4655 608956501509.1871 1405127495482.165 1405518727998.903

real	0m1.531s
user	0m1.497s
sys	0m0.023s
 
SPECIAL
 
0.04840000000000001

real	0m0.466s
user	0m0.463s
sys	0m0.001s
 
0.04840000000000001

real	0m0.485s
user	0m0.484s
sys	0m0.000s
 
0.04840000000000001

real	0m0.284s
user	0m0.283s
sys	0m0.001s
 
53.79660000000001 53.79880000000001 58.68060000000001 58.68280000000001

real	0m1.572s
user	0m1.567s
sys	0m0.001s
 
53.79660000000001 53.79880000000001 58.68060000000001 58.68280000000001

real	0m1.614s
user	0m1.610s
sys	0m0.000s
 
9698907.663399996

real	0m0.927s
user	0m0.923s
sys	0m0.001s
 
9698907.663399996

real	0m0.927s
user	0m0.923s
sys	0m0.001s
 
0.04840000000000001

real	0m0.589s
user	0m0.588s
sys	0m0.000s
 
53.79660000000001 53.79880000000001 58.68060000000001 58.68280000000001

real	0m1.605s
user	0m1.600s
sys	0m0.001s
 
53.79660000000001 53.79880000000001 58.68060000000001 58.68280000000001

real	0m1.639s
user	0m1.633s
sys	0m0.002s
 
9698907.663399996

real	0m0.931s
user	0m0.929s
sys	0m0.000s
 
3948765877.809497 3955170852.914604 5863853434.234404 5870258409.339499

real	0m2.079s
user	0m2.056s
sys	0m0.004s
 
3948765877.809497 3955170852.914604 5863853434.234404 5870258409.339499

real	0m1.630s
user	0m1.611s
sys	0m0.002s
 
0.04840000000000001

real	0m0.687s
user	0m0.685s
sys	0m0.001s
 
53.79660000000001 53.79880000000001 58.68060000000001 58.68280000000001

real	0m1.554s
user	0m1.551s
sys	0m0.000s
 
53.79660000000001 53.79880000000001 58.68060000000001 58.68280000000001

real	0m1.612s
user	0m1.608s
sys	0m0.000s
 
9698907.663399996

real	0m0.932s
user	0m0.929s
sys	0m0.001s
 
3948765877.809497 3955170852.914604 5863853434.234404 5870258409.339499

real	0m1.682s
user	0m1.659s
sys	0m0.006s
 
3948765877.809497 3955170852.914604 5863853434.234404 5870258409.339499

real	0m1.674s
user	0m1.656s
sys	0m0.002s
 
0.04840000000000001

real	0m0.606s
user	0m0.605s
sys	0m0.000s
 
53.79660000000001 53.79880000000001 58.68060000000001 58.68280000000001

real	0m1.548s
user	0m1.542s
sys	0m0.002s
 
53.79660000000001 53.79880000000001 58.68060000000001 58.68280000000001

real	0m1.576s
user	0m1.573s
sys	0m0.000s
 
9698907.663399996

real	0m0.934s
user	0m0.932s
sys	0m0.000s
 
3948765877.809497 3955170852.914604 5863853434.234404 5870258409.339499

real	0m1.916s
user	0m1.897s
sys	0m0.002s
 
3948765877.809497 3955170852.914604 5863853434.234404 5870258409.339499

real	0m2.075s
user	0m2.052s
sys	0m0.003s
 
0.04840000000000001

real	0m0.665s
user	0m0.663s
sys	0m0.001s
 
53.79660000000001 53.79880000000001 58.68060000000001 58.68280000000001

real	0m1.555s
user	0m1.550s
sys	0m0.002s
 
53.79660000000001 53.79880000000001 58.68060000000001 58.68280000000001

real	0m1.627s
user	0m1.623s
sys	0m0.000s
 
9698907.663399996

real	0m0.939s
user	0m0.937s
sys	0m0.000s
 
3948765877.809497 3955170852.914604 5863853434.234404 5870258409.339499

real	0m1.676s
user	0m1.654s
sys	0m0.005s
 
3948765877.809497 3955170852.914604 5863853434.234404 5870258409.339499

real	0m1.933s
user	0m1.912s
sys	0m0.004s
 
3037.1121 3037.6632 3611.409 3612.01

real	0m0.999s
user	0m0.995s
sys	0m0.001s
 
3037.1121 3037.6632 3611.409 3612.01

real	0m1.005s
user	0m0.999s
sys	0m0.002s
 
3037.1121 3037.6632 3611.409 3612.01

real	0m0.994s
user	0m0.989s
sys	0m0.001s
 
3037.1121 3037.6632 3611.409 3612.01

real	0m0.991s
user	0m0.986s
sys	0m0.002s
 
SEQUENCE
 
37624.35618 38872.44188 52954.76458 54712.31628

real	0m0.610s
user	0m0.608s
sys	0m0.001s
 
4350478614.186048 4405620767.888449 7321622135.843186 7393481577.214199

real	0m0.897s
user	0m0.893s
sys	0m0.001s
 
48832437279.8918 49241016265.74157 88512227219.28583 89040617812.03206

real	0m3.456s
user	0m3.445s
sys	0m0.001s
 
18696443068.18007 18840087100.15867 37617583432.7108 37823564976.3486

real	0m0.840s
user	0m0.837s
sys	0m0.001s
 
4.901614166865179e+18 4.912723296455448e+18 1.084442578747924e+19 1.086100449795465e+19

real	0m0.597s
user	0m0.592s
sys	0m0.003s
 
1.647418946230568e+16 1.649160037624473e+16 3.768465979697054e+16 3.771108024027194e+16

real	0m0.772s
user	0m0.764s
sys	0m0.005s
 
4.48881116501821e+17 4.490640601531962e+17 1.03730934601686e+18 1.03758774958278e+18

real	0m0.563s
user	0m0.541s
sys	0m0.020s
 
4.48881116501821e+17 4.490640601531962e+17 1.03730934601686e+18 1.03758774958278e+18

real	0m1.124s
user	0m1.102s
sys	0m0.018s
 
4.48881116501821e+17 4.490640601531962e+17 1.03730934601686e+18 1.03758774958278e+18

real	0m1.138s
user	0m1.119s
sys	0m0.015s
 
8.382424294553979e+29 8.385850640122295e+29 1.937388035390321e+30 1.93790724339292e+30

real	0m0.626s
user	0m0.602s
sys	0m0.022s
 
8.382424294553979e+29 8.385850640122295e+29 1.937388035390321e+30 1.93790724339292e+30

real	0m0.667s
user	0m0.644s
sys	0m0.021s
 
8.382424294553979e+29 8.385850640122295e+29 1.937388035390321e+30 1.93790724339292e+30

real	0m0.669s
user	0m0.645s
sys	0m0.021s
 
8.382424294553979e+29 8.385850640122295e+29 1.937388035390321e+30 1.93790724339292e+30

real	0m0.676s
user	0m0.651s
sys	0m0.023s
 
8.382424294553979e+29 8.385850640122295e+29 1.937388035390321e+30 1.93790724339292e+30

real	0m0.628s
user	0m0.609s
sys	0m0.017s
 
8.382424294553979e+29 8.385850640122295e+29 1.937388035390321e+30 1.93790724339292e+30

real	0m0.630s
user	0m0.612s
sys	0m0.015s
 
374124590164.9393 378323909405.297 483306890414.2386 487506209654.5964

real	0m0.875s
user	0m0.872s
sys	0m0.001s
 
8003498375443.188 8040830216224.574 11400695886549.59 11438027727330.98

real	0m0.835s
user	0m0.832s
sys	0m0.001s
 
467292080353.7709 473215316635.7608 603526514839.5372 609449751121.5272

real	0m0.723s
user	0m0.720s
sys	0m0.001s
 
22856685758006.32 23032721850853.32 32186598678896.97 32362634771743.98

real	0m0.873s
user	0m0.870s
sys	0m0.000s
