 
SCALAR_VEC
 
0.5808000000000001 0.5830000000000002 0.6270000000000002 0.6292000000000002

real	0m0.488s
user	0m0.486s
sys	0m0.001s
 
46.0284 46.03060000000001 50.20620000000001 50.2084

real	0m0.351s
user	0m0.350s
sys	0m0.000s
 
29876.5456 29876.5478 32592.58860000001 32592.59080000001

real	0m0.562s
user	0m0.544s
sys	0m0.012s
 
VEC_VEC
 
174.0387

real	0m0.903s
user	0m0.901s
sys	0m0.000s
 
9698907.663399996

real	0m0.879s
user	0m0.876s
sys	0m0.001s
 
24900423491.09201

real	0m1.242s
user	0m1.238s
sys	0m0.001s
 
24900741320632.71

real	0m1.250s
user	0m1.244s
sys	0m0.001s
 
2.490083360868967e+16

real	0m1.469s
user	0m1.450s
sys	0m0.007s
 
VEC_MAT
 
178.7929000000001 178.8030000000001 201.2149000000001 201.2250000000001

real	0m0.790s
user	0m0.788s
sys	0m0.000s
 
992.6821000000002 992.6922000000003 1117.3464 1117.3565

real	0m0.530s
user	0m0.527s
sys	0m0.001s
 
390.3932 390.4204 450.7772000000001 450.8044

real	0m1.595s
user	0m1.590s
sys	0m0.001s
 
2166.9797 2167.0069 2502.7093 2502.7365

real	0m1.046s
user	0m1.042s
sys	0m0.000s
 
157975690.7399002 164380665.8450001

real	0m0.464s
user	0m0.463s
sys	0m0.000s
 
27065907086.64726 28163538210.734

real	0m0.514s
user	0m0.511s
sys	0m0.001s
 
128614163.4402999 133441028.6953997 138267893.9505

real	0m0.422s
user	0m0.420s
sys	0m0.001s
 
17202407856.50187 17848340807.38918 18494273758.27599

real	0m0.443s
user	0m0.440s
sys	0m0.001s
 
2.2266 2.2836 2.3406 2.397600000000001

real	0m0.381s
user	0m0.379s
sys	0m0.001s
 
73.52180000000001 74.6944 86.4204 87.59300000000002

real	0m1.057s
user	0m1.054s
sys	0m0.001s
 
609.1862 615.0844000000001 774.3358000000001 780.2340000000002

real	0m1.481s
user	0m1.477s
sys	0m0.001s
 
31020069.53999998 31057579.07999998 45948866.45999996 45986376.00000001

real	0m1.699s
user	0m1.692s
sys	0m0.002s
 
3948765877.809497 3955170852.914604 5863853434.234404 5870258409.339499

real	0m2.115s
user	0m2.091s
sys	0m0.003s
 
629070346650.9426 630167977775.031 934211799147.1235 935309430271.2021

real	0m1.228s
user	0m1.200s
sys	0m0.016s
 
72549439.0166 72565446.85879999 108086848.7006 108102856.5428001

real	0m2.697s
user	0m2.668s
sys	0m0.002s
 
324096005.6180002 324108897.3359997 483218480.892 483231372.6099998

real	0m1.359s
user	0m1.328s
sys	0m0.018s
 
10829665.1294 10829701.4254 15310551.5134 15310587.8094

real	0m1.128s
user	0m1.093s
sys	0m0.024s
 
107135690886248 108233331157370.3 147748380917728.1 148846021188851.3

real	0m0.810s
user	0m0.780s
sys	0m0.022s
 
MAT_VEC
 
178.7929000000001 178.8030000000001 201.2149000000001 201.2250000000001

real	0m0.601s
user	0m0.599s
sys	0m0.001s
 
992.6821000000002 992.6922000000003 1117.3464 1117.3565

real	0m0.473s
user	0m0.470s
sys	0m0.001s
 
390.3932 390.4204 450.7772000000001 450.8044

real	0m0.868s
user	0m0.864s
sys	0m0.001s
 
2166.9797 2167.0069 2502.7093 2502.7365

real	0m0.757s
user	0m0.755s
sys	0m0.000s
 
157975690.7399002 164380665.8450001

real	0m0.448s
user	0m0.446s
sys	0m0.001s
 
27065907086.64726 28163538210.734

real	0m0.502s
user	0m0.500s
sys	0m0.000s
 
128614163.4402999 133441028.6953997 138267893.9505

real	0m0.412s
user	0m0.410s
sys	0m0.000s
 
17202407856.50187 17848340807.38918 18494273758.27599

real	0m0.464s
user	0m0.463s
sys	0m0.000s
 
2.2266 2.2836 2.3406 2.397600000000001

real	0m0.208s
user	0m0.207s
sys	0m0.000s
 
73.52180000000001 74.6944 86.4204 87.59300000000002

real	0m0.898s
user	0m0.895s
sys	0m0.001s
 
609.1862 615.0844000000001 774.3358000000001 780.2340000000002

real	0m1.004s
user	0m1.001s
sys	0m0.000s
 
31020069.53999998 31057579.07999998 45948866.45999996 45986376.00000001

real	0m1.482s
user	0m1.477s
sys	0m0.001s
 
3948765877.809497 3955170852.914604 5863853434.234404 5870258409.339499

real	0m1.993s
user	0m1.970s
sys	0m0.003s
 
629070346650.9426 630167977775.031 934211799147.1235 935309430271.2021

real	0m1.174s
user	0m1.146s
sys	0m0.017s
 
72549439.0166 72565446.85879999 108086848.7006 108102856.5428001

real	0m1.978s
user	0m1.954s
sys	0m0.004s
 
324096005.6180002 324108897.3359997 483218480.892 483231372.6099998

real	0m1.214s
user	0m1.189s
sys	0m0.013s
 
10829665.1294 10829701.4254 15310551.5134 15310587.8094

real	0m0.829s
user	0m0.802s
sys	0m0.019s
 
107135690886248 108233331157370.3 147748380917728.1 148846021188851.3

real	0m0.815s
user	0m0.792s
sys	0m0.015s
 
OUTER
 
101.277 104.346 110.4774 113.8252

real	0m1.827s
user	0m1.822s
sys	0m0.000s
 
96.84840000000001 99.04950000000002 108.045 110.446

real	0m1.814s
user	0m1.809s
sys	0m0.001s
 
94.13800000000002 95.84960000000002 106.419 108.286

real	0m1.852s
user	0m1.847s
sys	0m0.001s
 
14.5684 14.5728 16.60140000000001 16.606

real	0m0.704s
user	0m0.702s
sys	0m0.001s
 
10.164 10.2025 11.913 11.9548

real	0m0.836s
user	0m0.833s
sys	0m0.001s
 
955.9242 956.3004 1135.8438 1136.254

real	0m1.158s
user	0m1.153s
sys	0m0.001s
 
86477.05440000001 86480.57660000001 102897.9582 102901.8004

real	0m1.125s
user	0m1.083s
sys	0m0.030s
 
27312.9912 27313.3443 32486.685 32487.07

real	0m0.681s
user	0m0.665s
sys	0m0.009s
 
MAT_MAT
 
8054296.570499997 8377212.617400005 11041896.78059999 11521723.02599998

real	0m0.941s
user	0m0.939s
sys	0m0.000s
 
67005585.50399998 69693523.28640002 92209626.6390001 96222702.65399998

real	0m1.212s
user	0m1.207s
sys	0m0.001s
 
56602.02200000002 58658.48450000003 83130.86099999996 86296.01680000003

real	0m1.154s
user	0m1.152s
sys	0m0.000s
 
297546749.5919997 308581623.7314994 440770097.583 457946307.1219999

real	0m1.099s
user	0m1.094s
sys	0m0.002s
 
8054296.570499997 8144829.910200007 11426434.83180001 11521723.02599998

real	0m0.649s
user	0m0.648s
sys	0m0.000s
 
67005585.50399998 67746880.83150004 95442432.67260008 96222702.65399998

real	0m0.794s
user	0m0.791s
sys	0m0.001s
 
56602.02200000002 56765.4044 86117.12820000002 86296.01680000003

real	0m0.373s
user	0m0.371s
sys	0m0.001s
 
297546749.5919997 299613096.1240003 455678605.3310006 457946307.1219999

real	0m0.533s
user	0m0.531s
sys	0m0.000s
 
301.3441 301.7106 379.168 379.5840000000001

real	0m1.366s
user	0m1.362s
sys	0m0.001s
 
45022.4809 45027.16379999999 57025.89409999999 57031.226

real	0m1.302s
user	0m1.284s
sys	0m0.005s
 
79343.34260000002 79353.49420000002 105856.4262 105868.395

real	0m0.890s
user	0m0.873s
sys	0m0.008s
 
77470.43699999999 77485.73999999999 107948.34 107966.91

real	0m0.750s
user	0m0.740s
sys	0m0.005s
 
109.241 111.7864 142.1856 145.251

real	0m1.012s
user	0m1.010s
sys	0m0.000s
 
1739639.1343 1765026.6362 3156552.835599999 3194056.931000001

real	0m1.275s
user	0m1.271s
sys	0m0.001s
 
40128631.98950006 40455680.77900002 81101463.51099998 81608296.35000008

real	0m0.977s
user	0m0.973s
sys	0m0.001s
 
185145.8628 186726.9552 353878.6176 356259.936

real	0m1.192s
user	0m1.188s
sys	0m0.001s
 
5650057.303000003 5674398.905999999 11835110.684 11873364.25000001

real	0m0.926s
user	0m0.922s
sys	0m0.001s
 
3539227257.462 3543179262.324003 8019509498.519998 8025995052.400001

real	0m0.382s
user	0m0.378s
sys	0m0.002s
 
66219776245.92168 66260257446.05717 151986883006.3699 152053753059.55

real	0m0.414s
user	0m0.402s
sys	0m0.011s
 
166212294937.3991 166288626284.498 382568140639.0098 382694366833.2999

real	0m0.434s
user	0m0.417s
sys	0m0.015s
 
608720333715.4655 608956501509.1871 1405127495482.165 1405518727998.903

real	0m0.890s
user	0m0.861s
sys	0m0.025s
 
TRANS1
 
8054296.570499997 8377212.617400005 11041896.78059999 11521723.02599998

real	0m0.945s
user	0m0.941s
sys	0m0.002s
 
67005585.50399998 69693523.28640002 92209626.6390001 96222702.65399998

real	0m1.281s
user	0m1.276s
sys	0m0.001s
 
56602.02200000002 58658.48450000003 83130.86099999996 86296.01680000003

real	0m0.889s
user	0m0.887s
sys	0m0.000s
 
297546749.5919997 308581623.7314994 440770097.583 457946307.1219999

real	0m0.984s
user	0m0.981s
sys	0m0.001s
 
8054296.570499997 8144829.910200007 11426434.83180001 11521723.02599998

real	0m0.786s
user	0m0.783s
sys	0m0.001s
 
67005585.50399998 67746880.83150004 95442432.67260008 96222702.65399998

real	0m1.033s
user	0m1.029s
sys	0m0.001s
 
56602.02200000002 56765.4044 86117.12820000002 86296.01680000003

real	0m0.799s
user	0m0.796s
sys	0m0.001s
 
297546749.5919997 299613096.1240003 455678605.3310006 457946307.1219999

real	0m0.889s
user	0m0.886s
sys	0m0.000s
 
301.3441 301.7106 379.168 379.5840000000001

real	0m0.872s
user	0m0.870s
sys	0m0.000s
 
45022.4809 45027.16379999999 57025.89409999999 57031.226

real	0m1.114s
user	0m1.095s
sys	0m0.007s
 
79343.34260000002 79353.49420000002 105856.4262 105868.395

real	0m1.037s
user	0m1.018s
sys	0m0.011s
 
77470.43699999999 77485.73999999999 107948.34 107966.91

real	0m0.659s
user	0m0.648s
sys	0m0.006s
 
109.241 111.7864 142.1856 145.251

real	0m1.076s
user	0m1.073s
sys	0m0.000s
 
1739639.1343 1765026.6362 3156552.835599999 3194056.931000001

real	0m1.637s
user	0m1.634s
sys	0m0.000s
 
40128631.98950006 40455680.77900002 81101463.51099998 81608296.35000008

real	0m1.214s
user	0m1.208s
sys	0m0.002s
 
185145.8628 186726.9552 353878.6176 356259.936

real	0m1.841s
user	0m1.836s
sys	0m0.001s
 
5650057.303000003 5674398.905999999 11835110.684 11873364.25000001

real	0m1.530s
user	0m1.525s
sys	0m0.001s
 
3539227257.462 3543179262.324003 8019509498.519998 8025995052.400001

real	0m0.568s
user	0m0.562s
sys	0m0.004s
 
66219776245.92168 66260257446.05717 151986883006.3699 152053753059.55

real	0m0.653s
user	0m0.637s
sys	0m0.013s
 
166212294937.3991 166288626284.498 382568140639.0098 382694366833.2999

real	0m0.603s
user	0m0.586s
sys	0m0.014s
 
608720333715.4655 608956501509.1871 1405127495482.165 1405518727998.903

real	0m1.246s
user	0m1.218s
sys	0m0.023s
 
1512441.733 1524415.266 2968657.650000001 2986772.5

real	0m0.931s
user	0m0.928s
sys	0m0.001s
 
608720333715.4655 608956501509.1871 1405127495482.165 1405518727998.903

real	0m0.673s
user	0m0.651s
sys	0m0.019s
 
TRANS2
 
8054296.570499997 8377212.617400005 11041896.78059999 11521723.02599998

real	0m1.204s
user	0m1.201s
sys	0m0.000s
 
67005585.50399998 69693523.28640002 92209626.6390001 96222702.65399998

real	0m1.699s
user	0m1.692s
sys	0m0.001s
 
56602.02200000002 58658.48450000003 83130.86099999996 86296.01680000003

real	0m1.135s
user	0m1.131s
sys	0m0.001s
 
297546749.5919997 308581623.7314994 440770097.583 457946307.1219999

real	0m1.538s
user	0m1.532s
sys	0m0.002s
 
8054296.570499997 8144829.910200007 11426434.83180001 11521723.02599998

real	0m0.561s
user	0m0.559s
sys	0m0.000s
 
67005585.50399998 67746880.83150004 95442432.67260008 96222702.65399998

real	0m0.758s
user	0m0.756s
sys	0m0.000s
 
56602.02200000002 56765.4044 86117.12820000002 86296.01680000003

real	0m0.501s
user	0m0.499s
sys	0m0.000s
 
297546749.5919997 299613096.1240003 455678605.3310006 457946307.1219999

real	0m0.591s
user	0m0.588s
sys	0m0.001s
 
301.3441 301.7106 379.168 379.5840000000001

real	0m1.334s
user	0m1.329s
sys	0m0.002s
 
45022.4809 45027.16379999999 57025.89409999999 57031.226

real	0m1.584s
user	0m1.563s
sys	0m0.007s
 
79343.34260000002 79353.49420000002 105856.4262 105868.395

real	0m1.148s
user	0m1.133s
sys	0m0.006s
 
77470.43699999999 77485.73999999999 107948.34 107966.91

real	0m0.745s
user	0m0.735s
sys	0m0.006s
 
109.241 111.7864 142.1856 145.251

real	0m0.944s
user	0m0.940s
sys	0m0.001s
 
1739639.1343 1765026.6362 3156552.835599999 3194056.931000001

real	0m1.325s
user	0m1.320s
sys	0m0.001s
 
40128631.98950006 40455680.77900002 81101463.51099998 81608296.35000008

real	0m1.020s
user	0m1.017s
sys	0m0.000s
 
185145.8628 186726.9552 353878.6176 356259.936

real	0m1.311s
user	0m1.306s
sys	0m0.001s
 
5650057.303000003 5674398.905999999 11835110.684 11873364.25000001

real	0m1.197s
user	0m1.192s
sys	0m0.001s
 
3539227257.462 3543179262.324003 8019509498.519998 8025995052.400001

real	0m0.388s
user	0m0.383s
sys	0m0.004s
 
66219776245.92168 66260257446.05717 151986883006.3699 152053753059.55

real	0m0.511s
user	0m0.499s
sys	0m0.009s
 
166212294937.3991 166288626284.498 382568140639.0098 382694366833.2999

real	0m0.467s
user	0m0.449s
sys	0m0.016s
 
608720333715.4655 608956501509.1871 1405127495482.165 1405518727998.903

real	0m0.971s
user	0m0.941s
sys	0m0.025s
 
1512441.733 1524415.266 2968657.650000001 2986772.5

real	0m0.768s
user	0m0.766s
sys	0m0.000s
 
608720333715.4655 608956501509.1871 1405127495482.165 1405518727998.903

real	0m0.527s
user	0m0.507s
sys	0m0.018s
 
TRANS12
 
8054296.570499997 8377212.617400005 11041896.78059999 11521723.02599998

real	0m0.653s
user	0m0.652s
sys	0m0.000s
 
67005585.50399998 69693523.28640002 92209626.6390001 96222702.65399998

real	0m0.794s
user	0m0.791s
sys	0m0.001s
 
56602.02200000002 58658.48450000003 83130.86099999996 86296.01680000003

real	0m0.425s
user	0m0.423s
sys	0m0.001s
 
297546749.5919997 308581623.7314994 440770097.583 457946307.1219999

real	0m0.528s
user	0m0.524s
sys	0m0.003s
 
8054296.570499997 8144829.910200007 11426434.83180001 11521723.02599998

real	0m0.942s
user	0m0.939s
sys	0m0.000s
 
67005585.50399998 67746880.83150004 95442432.67260008 96222702.65399998

real	0m1.213s
user	0m1.208s
sys	0m0.001s
 
56602.02200000002 56765.4044 86117.12820000002 86296.01680000003

real	0m1.246s
user	0m1.242s
sys	0m0.001s
 
297546749.5919997 299613096.1240003 455678605.3310006 457946307.1219999

real	0m1.107s
user	0m1.103s
sys	0m0.001s
 
301.3441 301.7106 379.168 379.5840000000001

real	0m2.500s
user	0m2.493s
sys	0m0.000s
 
45022.4809 45027.16379999999 57025.89409999999 57031.226

real	0m2.752s
user	0m2.730s
sys	0m0.010s
 
79343.34260000002 79353.49420000002 105856.4262 105868.395

real	0m1.813s
user	0m1.797s
sys	0m0.008s
 
77470.43699999999 77485.73999999999 107948.34 107966.91

real	0m1.691s
user	0m1.677s
sys	0m0.007s
 
109.241 111.7864 142.1856 145.251

real	0m1.130s
user	0m1.127s
sys	0m0.001s
 
1739639.1343 1765026.6362 3156552.835599999 3194056.931000001

real	0m1.306s
user	0m1.300s
sys	0m0.002s
 
40128631.98950006 40455680.77900002 81101463.51099998 81608296.35000008

real	0m0.969s
user	0m0.965s
sys	0m0.001s
 
185145.8628 186726.9552 353878.6176 356259.936

real	0m1.213s
user	0m1.209s
sys	0m0.002s
 
5650057.303000003 5674398.905999999 11835110.684 11873364.25000001

real	0m0.982s
user	0m0.980s
sys	0m0.000s
 
3539227257.462 3543179262.324003 8019509498.519998 8025995052.400001

real	0m0.427s
user	0m0.420s
sys	0m0.005s
 
66219776245.92168 66260257446.05717 151986883006.3699 152053753059.55

real	0m0.585s
user	0m0.571s
sys	0m0.011s
 
166212294937.3991 166288626284.498 382568140639.0098 382694366833.2999

real	0m0.587s
user	0m0.566s
sys	0m0.017s
 
608720333715.4655 608956501509.1871 1405127495482.165 1405518727998.903

real	0m1.251s
user	0m1.216s
sys	0m0.026s
 
SPECIAL
 
0.04840000000000001

real	0m0.444s
user	0m0.441s
sys	0m0.002s
 
0.04840000000000001

real	0m0.405s
user	0m0.403s
sys	0m0.000s
 
0.04840000000000001

real	0m0.284s
user	0m0.283s
sys	0m0.000s
 
53.79660000000001 53.79880000000001 58.68060000000001 58.68280000000001

real	0m1.107s
user	0m1.103s
sys	0m0.001s
 
53.79660000000001 53.79880000000001 58.68060000000001 58.68280000000001

real	0m1.043s
user	0m1.040s
sys	0m0.001s
 
9698907.663399996

real	0m0.890s
user	0m0.887s
sys	0m0.001s
 
9698907.663399996

real	0m0.885s
user	0m0.882s
sys	0m0.001s
 
0.04840000000000001

real	0m0.625s
user	0m0.622s
sys	0m0.001s
 
53.79660000000001 53.79880000000001 58.68060000000001 58.68280000000001

real	0m1.123s
user	0m1.120s
sys	0m0.001s
 
53.79660000000001 53.79880000000001 58.68060000000001 58.68280000000001

real	0m1.079s
user	0m1.075s
sys	0m0.001s
 
9698907.663399996

real	0m0.895s
user	0m0.892s
sys	0m0.001s
 
3948765877.809497 3955170852.914604 5863853434.234404 5870258409.339499

real	0m1.699s
user	0m1.679s
sys	0m0.003s
 
3948765877.809497 3955170852.914604 5863853434.234404 5870258409.339499

real	0m1.588s
user	0m1.570s
sys	0m0.003s
 
0.04840000000000001

real	0m0.646s
user	0m0.644s
sys	0m0.001s
 
53.79660000000001 53.79880000000001 58.68060000000001 58.68280000000001

real	0m1.090s
user	0m1.087s
sys	0m0.000s
 
53.79660000000001 53.79880000000001 58.68060000000001 58.68280000000001

real	0m1.071s
user	0m1.068s
sys	0m0.000s
 
9698907.663399996

real	0m0.896s
user	0m0.894s
sys	0m0.000s
 
3948765877.809497 3955170852.914604 5863853434.234404 5870258409.339499

real	0m1.498s
user	0m1.479s
sys	0m0.004s
 
3948765877.809497 3955170852.914604 5863853434.234404 5870258409.339499

real	0m1.580s
user	0m1.559s
sys	0m0.005s
 
0.04840000000000001

real	0m0.626s
user	0m0.625s
sys	0m0.000s
 
53.79660000000001 53.79880000000001 58.68060000000001 58.68280000000001

real	0m1.090s
user	0m1.087s
sys	0m0.000s
 
53.79660000000001 53.79880000000001 58.68060000000001 58.68280000000001

real	0m1.072s
user	0m1.068s
sys	0m0.001s
 
9698907.663399996

real	0m0.898s
user	0m0.895s
sys	0m0.001s
 
3948765877.809497 3955170852.914604 5863853434.234404 5870258409.339499

real	0m1.494s
user	0m1.476s
sys	0m0.003s
 
3948765877.809497 3955170852.914604 5863853434.234404 5870258409.339499

real	0m1.501s
user	0m1.482s
sys	0m0.005s
 
0.04840000000000001

real	0m0.708s
user	0m0.705s
sys	0m0.001s
 
53.79660000000001 53.79880000000001 58.68060000000001 58.68280000000001

real	0m1.270s
user	0m1.130s
sys	0m0.001s
 
53.79660000000001 53.79880000000001 58.68060000000001 58.68280000000001

real	0m1.108s
user	0m1.105s
sys	0m0.001s
 
9698907.663399996

real	0m0.903s
user	0m0.901s
sys	0m0.000s
 
3948765877.809497 3955170852.914604 5863853434.234404 5870258409.339499

real	0m1.506s
user	0m1.486s
sys	0m0.005s
 
3948765877.809497 3955170852.914604 5863853434.234404 5870258409.339499

real	0m1.504s
user	0m1.487s
sys	0m0.003s
 
3037.1121 3037.6632 3611.409 3612.01

real	0m0.932s
user	0m0.926s
sys	0m0.002s
 
3037.1121 3037.6632 3611.409 3612.01

real	0m0.936s
user	0m0.930s
sys	0m0.002s
 
3037.1121 3037.6632 3611.409 3612.01

real	0m0.926s
user	0m0.921s
sys	0m0.002s
 
3037.1121 3037.6632 3611.409 3612.01

real	0m0.932s
user	0m0.928s
sys	0m0.001s
 
SEQUENCE
 
37624.35618 38872.44188 52954.76458 54712.31628

real	0m0.606s
user	0m0.604s
sys	0m0.001s
 
4350478614.186048 4405620767.888449 7321622135.843186 7393481577.214199

real	0m0.625s
user	0m0.622s
sys	0m0.001s
 
48832437279.8918 49241016265.74157 88512227219.28583 89040617812.03206

real	0m2.419s
user	0m2.412s
sys	0m0.000s
 
18696443068.18007 18840087100.15867 37617583432.7108 37823564976.3486

real	0m0.591s
user	0m0.588s
sys	0m0.001s
 
4.901614166865179e+18 4.912723296455448e+18 1.084442578747924e+19 1.086100449795465e+19

real	0m0.400s
user	0m0.396s
sys	0m0.002s
 
1.647418946230568e+16 1.649160037624473e+16 3.768465979697054e+16 3.771108024027194e+16

real	0m0.576s
user	0m0.570s
sys	0m0.003s
 
4.48881116501821e+17 4.490640601531962e+17 1.03730934601686e+18 1.03758774958278e+18

real	0m0.420s
user	0m0.400s
sys	0m0.018s
 
4.48881116501821e+17 4.490640601531962e+17 1.03730934601686e+18 1.03758774958278e+18

real	0m1.050s
user	0m1.027s
sys	0m0.019s
 
4.48881116501821e+17 4.490640601531962e+17 1.03730934601686e+18 1.03758774958278e+18

real	0m1.153s
user	0m1.132s
sys	0m0.017s
 
8.382424294553979e+29 8.385850640122295e+29 1.937388035390321e+30 1.93790724339292e+30

real	0m0.461s
user	0m0.434s
sys	0m0.025s
 
8.382424294553979e+29 8.385850640122295e+29 1.937388035390321e+30 1.93790724339292e+30

real	0m0.665s
user	0m0.638s
sys	0m0.024s
 
8.382424294553979e+29 8.385850640122295e+29 1.937388035390321e+30 1.93790724339292e+30

real	0m0.680s
user	0m0.660s
sys	0m0.017s
 
8.382424294553979e+29 8.385850640122295e+29 1.937388035390321e+30 1.93790724339292e+30

real	0m0.676s
user	0m0.655s
sys	0m0.018s
 
8.382424294553979e+29 8.385850640122295e+29 1.937388035390321e+30 1.93790724339292e+30

real	0m0.635s
user	0m0.618s
sys	0m0.015s
 
8.382424294553979e+29 8.385850640122295e+29 1.937388035390321e+30 1.93790724339292e+30

real	0m0.642s
user	0m0.618s
sys	0m0.022s
 
374124590164.9393 378323909405.297 483306890414.2386 487506209654.5964

real	0m0.635s
user	0m0.632s
sys	0m0.001s
 
8003498375443.188 8040830216224.574 11400695886549.59 11438027727330.98

real	0m0.595s
user	0m0.591s
sys	0m0.002s
 
467292080353.7709 473215316635.7608 603526514839.5372 609449751121.5272

real	0m0.519s
user	0m0.518s
sys	0m0.000s
 
22856685758006.32 23032721850853.32 32186598678896.97 32362634771743.98

real	0m0.565s
user	0m0.562s
sys	0m0.001s
