 
SCALAR_VEC
 
0.5808000000000001 0.5830000000000002 0.6270000000000002 0.6292000000000002

real	0m0.535s
user	0m0.532s
sys	0m0.001s
 
46.0284 46.03060000000001 50.20620000000001 50.2084

real	0m0.570s
user	0m0.568s
sys	0m0.001s
 
29876.5456 29876.5478 32592.58860000001 32592.59080000001

real	0m0.566s
user	0m0.551s
sys	0m0.009s
 
VEC_VEC
 
174.0387

real	0m0.890s
user	0m0.887s
sys	0m0.001s
 
9698907.663399996

real	0m0.881s
user	0m0.879s
sys	0m0.000s
 
24900423491.09201

real	0m1.242s
user	0m1.239s
sys	0m0.000s
 
24900741320632.71

real	0m1.259s
user	0m1.249s
sys	0m0.004s
 
2.490083360868967e+16

real	0m1.457s
user	0m1.431s
sys	0m0.012s
 
VEC_MAT
 
178.7929000000001 178.8030000000001 201.2149000000001 201.2250000000001

real	0m0.788s
user	0m0.785s
sys	0m0.001s
 
992.6821000000002 992.6922000000003 1117.3464 1117.3565

real	0m0.535s
user	0m0.532s
sys	0m0.001s
 
390.3932 390.4204 450.7772000000001 450.8044

real	0m1.835s
user	0m1.831s
sys	0m0.000s
 
2166.9797 2167.0069 2502.7093 2502.7365

real	0m1.145s
user	0m1.140s
sys	0m0.001s
 
157975690.7399002 164380665.8450001

real	0m0.450s
user	0m0.447s
sys	0m0.001s
 
27065907086.64726 28163538210.734

real	0m0.513s
user	0m0.512s
sys	0m0.000s
 
128614163.4402999 133441028.6953997 138267893.9505

real	0m0.413s
user	0m0.410s
sys	0m0.002s
 
17202407856.50187 17848340807.38918 18494273758.27599

real	0m0.434s
user	0m0.433s
sys	0m0.000s
 
2.2266 2.2836 2.3406 2.397600000000001

real	0m0.347s
user	0m0.344s
sys	0m0.002s
 
73.52180000000001 74.6944 86.4204 87.59300000000002

real	0m1.101s
user	0m1.099s
sys	0m0.000s
 
609.1862 615.0844000000001 774.3358000000001 780.2340000000002

real	0m1.553s
user	0m1.548s
sys	0m0.001s
 
31020069.53999998 31057579.07999998 45948866.45999996 45986376.00000001

real	0m1.728s
user	0m1.721s
sys	0m0.002s
 
3948765877.809497 3955170852.914604 5863853434.234404 5870258409.339499

real	0m2.090s
user	0m2.066s
sys	0m0.003s
 
629070346650.9426 630167977775.031 934211799147.1235 935309430271.2021

real	0m1.217s
user	0m1.187s
sys	0m0.018s
 
72549439.0166 72565446.85879999 108086848.7006 108102856.5428001

real	0m2.404s
user	0m2.377s
sys	0m0.005s
 
324096005.6180002 324108897.3359997 483218480.892 483231372.6099998

real	0m1.352s
user	0m1.328s
sys	0m0.014s
 
10829665.1294 10829701.4254 15310551.5134 15310587.8094

real	0m1.008s
user	0m0.975s
sys	0m0.023s
 
107135690886248 108233331157370.3 147748380917728.1 148846021188851.3

real	0m0.811s
user	0m0.783s
sys	0m0.020s
 
MAT_VEC
 
178.7929000000001 178.8030000000001 201.2149000000001 201.2250000000001

real	0m0.618s
user	0m0.615s
sys	0m0.001s
 
992.6821000000002 992.6922000000003 1117.3464 1117.3565

real	0m0.509s
user	0m0.508s
sys	0m0.000s
 
390.3932 390.4204 450.7772000000001 450.8044

real	0m1.107s
user	0m1.104s
sys	0m0.000s
 
2166.9797 2167.0069 2502.7093 2502.7365

real	0m0.863s
user	0m0.860s
sys	0m0.001s
 
157975690.7399002 164380665.8450001

real	0m0.447s
user	0m0.446s
sys	0m0.000s
 
27065907086.64726 28163538210.734

real	0m0.501s
user	0m0.498s
sys	0m0.001s
 
128614163.4402999 133441028.6953997 138267893.9505

real	0m0.414s
user	0m0.411s
sys	0m0.002s
 
17202407856.50187 17848340807.38918 18494273758.27599

real	0m0.474s
user	0m0.472s
sys	0m0.000s
 
2.2266 2.2836 2.3406 2.397600000000001

real	0m0.190s
user	0m0.190s
sys	0m0.000s
 
73.52180000000001 74.6944 86.4204 87.59300000000002

real	0m1.072s
user	0m1.070s
sys	0m0.000s
 
609.1862 615.0844000000001 774.3358000000001 780.2340000000002

real	0m1.317s
user	0m1.314s
sys	0m0.000s
 
31020069.53999998 31057579.07999998 45948866.45999996 45986376.00000001

real	0m1.832s
user	0m1.825s
sys	0m0.001s
 
3948765877.809497 3955170852.914604 5863853434.234404 5870258409.339499

real	0m2.657s
user	0m2.628s
sys	0m0.003s
 
629070346650.9426 630167977775.031 934211799147.1235 935309430271.2021

real	0m1.384s
user	0m1.355s
sys	0m0.017s
 
72549439.0166 72565446.85879999 108086848.7006 108102856.5428001

real	0m2.212s
user	0m2.189s
sys	0m0.002s
 
324096005.6180002 324108897.3359997 483218480.892 483231372.6099998

real	0m1.293s
user	0m1.265s
sys	0m0.016s
 
10829665.1294 10829701.4254 15310551.5134 15310587.8094

real	0m0.838s
user	0m0.807s
sys	0m0.023s
 
107135690886248 108233331157370.3 147748380917728.1 148846021188851.3

real	0m0.894s
user	0m0.858s
sys	0m0.028s
 
OUTER
 
101.277 104.346 110.4774 113.8252

real	0m1.875s
user	0m1.868s
sys	0m0.002s
 
96.84840000000001 99.04950000000002 108.045 110.446

real	0m1.831s
user	0m1.826s
sys	0m0.001s
 
94.13800000000002 95.84960000000002 106.419 108.286

real	0m1.855s
user	0m1.850s
sys	0m0.001s
 
14.5684 14.5728 16.60140000000001 16.606

real	0m0.795s
user	0m0.792s
sys	0m0.001s
 
10.164 10.2025 11.913 11.9548

real	0m0.827s
user	0m0.825s
sys	0m0.000s
 
955.9242 956.3004 1135.8438 1136.254

real	0m1.165s
user	0m1.159s
sys	0m0.002s
 
86477.05440000001 86480.57660000001 102897.9582 102901.8004

real	0m1.129s
user	0m1.092s
sys	0m0.027s
 
27312.9912 27313.3443 32486.685 32487.07

real	0m0.682s
user	0m0.664s
sys	0m0.011s
 
MAT_MAT
 
8054296.570499997 8377212.617400005 11041896.78059999 11521723.02599998

real	0m0.899s
user	0m0.896s
sys	0m0.001s
 
67005585.50399998 69693523.28640002 92209626.6390001 96222702.65399998

real	0m1.156s
user	0m1.152s
sys	0m0.000s
 
56602.02200000002 58658.48450000003 83130.86099999996 86296.01680000003

real	0m1.184s
user	0m1.180s
sys	0m0.001s
 
297546749.5919997 308581623.7314994 440770097.583 457946307.1219999

real	0m1.281s
user	0m1.276s
sys	0m0.001s
 
8054296.570499997 8144829.910200007 11426434.83180001 11521723.02599998

real	0m0.740s
user	0m0.737s
sys	0m0.001s
 
67005585.50399998 67746880.83150004 95442432.67260008 96222702.65399998

real	0m1.044s
user	0m1.038s
sys	0m0.002s
 
56602.02200000002 56765.4044 86117.12820000002 86296.01680000003

real	0m0.551s
user	0m0.548s
sys	0m0.001s
 
297546749.5919997 299613096.1240003 455678605.3310006 457946307.1219999

real	0m0.623s
user	0m0.618s
sys	0m0.003s
 
301.3441 301.7106 379.168 379.5840000000001

real	0m1.742s
user	0m1.736s
sys	0m0.001s
 
45022.4809 45027.16379999999 57025.89409999999 57031.226

real	0m1.386s
user	0m1.365s
sys	0m0.008s
 
79343.34260000002 79353.49420000002 105856.4262 105868.395

real	0m1.045s
user	0m1.032s
sys	0m0.004s
 
77470.43699999999 77485.73999999999 107948.34 107966.91

real	0m0.885s
user	0m0.875s
sys	0m0.004s
 
109.241 111.7864 142.1856 145.251

real	0m1.090s
user	0m1.087s
sys	0m0.000s
 
1739639.1343 1765026.6362 3156552.835599999 3194056.931000001

real	0m1.693s
user	0m1.689s
sys	0m0.000s
 
40128631.98950006 40455680.77900002 81101463.51099998 81608296.35000008

real	0m1.126s
user	0m1.122s
sys	0m0.001s
 
185145.8628 186726.9552 353878.6176 356259.936

real	0m1.760s
user	0m1.755s
sys	0m0.001s
 
5650057.303000003 5674398.905999999 11835110.684 11873364.25000001

real	0m1.349s
user	0m1.345s
sys	0m0.000s
 
3539227257.462 3543179262.324003 8019509498.519998 8025995052.400001

real	0m0.496s
user	0m0.491s
sys	0m0.003s
 
66219776245.92168 66260257446.05717 151986883006.3699 152053753059.55

real	0m0.568s
user	0m0.557s
sys	0m0.009s
 
166212294937.3991 166288626284.498 382568140639.0098 382694366833.2999

real	0m0.552s
user	0m0.533s
sys	0m0.016s
 
608720333715.4655 608956501509.1871 1405127495482.165 1405518727998.903

real	0m1.184s
user	0m1.154s
sys	0m0.024s
 
TRANS1
 
8054296.570499997 8377212.617400005 11041896.78059999 11521723.02599998

real	0m0.906s
user	0m0.902s
sys	0m0.002s
 
67005585.50399998 69693523.28640002 92209626.6390001 96222702.65399998

real	0m1.243s
user	0m1.238s
sys	0m0.001s
 
56602.02200000002 58658.48450000003 83130.86099999996 86296.01680000003

real	0m0.897s
user	0m0.894s
sys	0m0.001s
 
297546749.5919997 308581623.7314994 440770097.583 457946307.1219999

real	0m0.970s
user	0m0.965s
sys	0m0.002s
 
8054296.570499997 8144829.910200007 11426434.83180001 11521723.02599998

real	0m0.700s
user	0m0.697s
sys	0m0.001s
 
67005585.50399998 67746880.83150004 95442432.67260008 96222702.65399998

real	0m0.998s
user	0m0.994s
sys	0m0.001s
 
56602.02200000002 56765.4044 86117.12820000002 86296.01680000003

real	0m0.787s
user	0m0.785s
sys	0m0.000s
 
297546749.5919997 299613096.1240003 455678605.3310006 457946307.1219999

real	0m0.874s
user	0m0.870s
sys	0m0.001s
 
301.3441 301.7106 379.168 379.5840000000001

real	0m0.863s
user	0m0.860s
sys	0m0.001s
 
45022.4809 45027.16379999999 57025.89409999999 57031.226

real	0m1.112s
user	0m1.094s
sys	0m0.006s
 
79343.34260000002 79353.49420000002 105856.4262 105868.395

real	0m0.959s
user	0m0.946s
sys	0m0.006s
 
77470.43699999999 77485.73999999999 107948.34 107966.91

real	0m0.783s
user	0m0.773s
sys	0m0.005s
 
109.241 111.7864 142.1856 145.251

real	0m1.015s
user	0m1.012s
sys	0m0.000s
 
1739639.1343 1765026.6362 3156552.835599999 3194056.931000001

real	0m1.488s
user	0m1.483s
sys	0m0.002s
 
40128631.98950006 40455680.77900002 81101463.51099998 81608296.35000008

real	0m1.166s
user	0m1.163s
sys	0m0.000s
 
185145.8628 186726.9552 353878.6176 356259.936

real	0m1.686s
user	0m1.681s
sys	0m0.001s
 
5650057.303000003 5674398.905999999 11835110.684 11873364.25000001

real	0m1.472s
user	0m1.468s
sys	0m0.000s
 
3539227257.462 3543179262.324003 8019509498.519998 8025995052.400001

real	0m0.488s
user	0m0.484s
sys	0m0.003s
 
66219776245.92168 66260257446.05717 151986883006.3699 152053753059.55

real	0m0.628s
user	0m0.616s
sys	0m0.010s
 
166212294937.3991 166288626284.498 382568140639.0098 382694366833.2999

real	0m0.539s
user	0m0.519s
sys	0m0.018s
 
608720333715.4655 608956501509.1871 1405127495482.165 1405518727998.903

real	0m1.220s
user	0m1.194s
sys	0m0.022s
 
1512441.733 1524415.266 2968657.650000001 2986772.5

real	0m0.892s
user	0m0.890s
sys	0m0.000s
 
608720333715.4655 608956501509.1871 1405127495482.165 1405518727998.903

real	0m0.663s
user	0m0.647s
sys	0m0.013s
 
TRANS2
 
8054296.570499997 8377212.617400005 11041896.78059999 11521723.02599998

real	0m1.011s
user	0m1.006s
sys	0m0.002s
 
67005585.50399998 69693523.28640002 92209626.6390001 96222702.65399998

real	0m1.627s
user	0m1.621s
sys	0m0.001s
 
56602.02200000002 58658.48450000003 83130.86099999996 86296.01680000003

real	0m1.116s
user	0m1.113s
sys	0m0.000s
 
297546749.5919997 308581623.7314994 440770097.583 457946307.1219999

real	0m1.536s
user	0m1.531s
sys	0m0.000s
 
8054296.570499997 8144829.910200007 11426434.83180001 11521723.02599998

real	0m0.730s
user	0m0.727s
sys	0m0.001s
 
67005585.50399998 67746880.83150004 95442432.67260008 96222702.65399998

real	0m1.029s
user	0m1.025s
sys	0m0.001s
 
56602.02200000002 56765.4044 86117.12820000002 86296.01680000003

real	0m0.537s
user	0m0.534s
sys	0m0.001s
 
297546749.5919997 299613096.1240003 455678605.3310006 457946307.1219999

real	0m0.624s
user	0m0.621s
sys	0m0.001s
 
301.3441 301.7106 379.168 379.5840000000001

real	0m1.314s
user	0m1.310s
sys	0m0.001s
 
45022.4809 45027.16379999999 57025.89409999999 57031.226

real	0m1.296s
user	0m1.277s
sys	0m0.006s
 
79343.34260000002 79353.49420000002 105856.4262 105868.395

real	0m0.886s
user	0m0.872s
sys	0m0.006s
 
77470.43699999999 77485.73999999999 107948.34 107966.91

real	0m0.817s
user	0m0.806s
sys	0m0.006s
 
109.241 111.7864 142.1856 145.251

real	0m1.012s
user	0m1.010s
sys	0m0.000s
 
1739639.1343 1765026.6362 3156552.835599999 3194056.931000001

real	0m1.744s
user	0m1.739s
sys	0m0.001s
 
40128631.98950006 40455680.77900002 81101463.51099998 81608296.35000008

real	0m1.252s
user	0m1.247s
sys	0m0.001s
 
185145.8628 186726.9552 353878.6176 356259.936

real	0m1.756s
user	0m1.750s
sys	0m0.002s
 
5650057.303000003 5674398.905999999 11835110.684 11873364.25000001

real	0m1.340s
user	0m1.335s
sys	0m0.001s
 
3539227257.462 3543179262.324003 8019509498.519998 8025995052.400001

real	0m0.510s
user	0m0.503s
sys	0m0.004s
 
66219776245.92168 66260257446.05717 151986883006.3699 152053753059.55

real	0m0.575s
user	0m0.561s
sys	0m0.012s
 
166212294937.3991 166288626284.498 382568140639.0098 382694366833.2999

real	0m0.584s
user	0m0.564s
sys	0m0.017s
 
608720333715.4655 608956501509.1871 1405127495482.165 1405518727998.903

real	0m1.255s
user	0m1.220s
sys	0m0.029s
 
1512441.733 1524415.266 2968657.650000001 2986772.5

real	0m0.895s
user	0m0.891s
sys	0m0.001s
 
608720333715.4655 608956501509.1871 1405127495482.165 1405518727998.903

real	0m0.674s
user	0m0.654s
sys	0m0.017s
 
TRANS12
 
8054296.570499997 8377212.617400005 11041896.78059999 11521723.02599998

real	0m0.744s
user	0m0.742s
sys	0m0.000s
 
67005585.50399998 69693523.28640002 92209626.6390001 96222702.65399998

real	0m1.044s
user	0m1.039s
sys	0m0.002s
 
56602.02200000002 58658.48450000003 83130.86099999996 86296.01680000003

real	0m0.590s
user	0m0.588s
sys	0m0.000s
 
297546749.5919997 308581623.7314994 440770097.583 457946307.1219999

real	0m0.630s
user	0m0.628s
sys	0m0.000s
 
8054296.570499997 8144829.910200007 11426434.83180001 11521723.02599998

real	0m0.899s
user	0m0.895s
sys	0m0.001s
 
67005585.50399998 67746880.83150004 95442432.67260008 96222702.65399998

real	0m1.157s
user	0m1.153s
sys	0m0.001s
 
56602.02200000002 56765.4044 86117.12820000002 86296.01680000003

real	0m1.213s
user	0m1.208s
sys	0m0.001s
 
297546749.5919997 299613096.1240003 455678605.3310006 457946307.1219999

real	0m1.136s
user	0m1.132s
sys	0m0.001s
 
301.3441 301.7106 379.168 379.5840000000001

real	0m2.728s
user	0m2.720s
sys	0m0.001s
 
45022.4809 45027.16379999999 57025.89409999999 57031.226

real	0m3.010s
user	0m2.985s
sys	0m0.008s
 
79343.34260000002 79353.49420000002 105856.4262 105868.395

real	0m2.036s
user	0m2.017s
sys	0m0.008s
 
77470.43699999999 77485.73999999999 107948.34 107966.91

real	0m1.779s
user	0m1.767s
sys	0m0.004s
 
109.241 111.7864 142.1856 145.251

real	0m1.161s
user	0m1.157s
sys	0m0.001s
 
1739639.1343 1765026.6362 3156552.835599999 3194056.931000001

real	0m1.488s
user	0m1.484s
sys	0m0.000s
 
40128631.98950006 40455680.77900002 81101463.51099998 81608296.35000008

real	0m1.173s
user	0m1.167s
sys	0m0.002s
 
185145.8628 186726.9552 353878.6176 356259.936

real	0m1.639s
user	0m1.634s
sys	0m0.001s
 
5650057.303000003 5674398.905999999 11835110.684 11873364.25000001

real	0m1.367s
user	0m1.362s
sys	0m0.001s
 
3539227257.462 3543179262.324003 8019509498.519998 8025995052.400001

real	0m0.555s
user	0m0.550s
sys	0m0.003s
 
66219776245.92168 66260257446.05717 151986883006.3699 152053753059.55

real	0m0.742s
user	0m0.727s
sys	0m0.011s
 
166212294937.3991 166288626284.498 382568140639.0098 382694366833.2999

real	0m0.726s
user	0m0.705s
sys	0m0.017s
 
608720333715.4655 608956501509.1871 1405127495482.165 1405518727998.903

real	0m1.529s
user	0m1.493s
sys	0m0.025s
 
SPECIAL
 
0.04840000000000001

real	0m0.404s
user	0m0.403s
sys	0m0.000s
 
0.04840000000000001

real	0m0.403s
user	0m0.401s
sys	0m0.001s
 
0.04840000000000001

real	0m0.330s
user	0m0.328s
sys	0m0.001s
 
53.79660000000001 53.79880000000001 58.68060000000001 58.68280000000001

real	0m1.318s
user	0m1.314s
sys	0m0.001s
 
53.79660000000001 53.79880000000001 58.68060000000001 58.68280000000001

real	0m1.315s
user	0m1.311s
sys	0m0.001s
 
9698907.663399996

real	0m0.888s
user	0m0.885s
sys	0m0.000s
 
9698907.663399996

real	0m0.885s
user	0m0.882s
sys	0m0.001s
 
0.04840000000000001

real	0m0.706s
user	0m0.704s
sys	0m0.000s
 
53.79660000000001 53.79880000000001 58.68060000000001 58.68280000000001

real	0m1.352s
user	0m1.348s
sys	0m0.001s
 
53.79660000000001 53.79880000000001 58.68060000000001 58.68280000000001

real	0m1.396s
user	0m1.387s
sys	0m0.000s
 
9698907.663399996

real	0m0.896s
user	0m0.892s
sys	0m0.002s
 
3948765877.809497 3955170852.914604 5863853434.234404 5870258409.339499

real	0m1.993s
user	0m1.970s
sys	0m0.003s
 
3948765877.809497 3955170852.914604 5863853434.234404 5870258409.339499

real	0m1.554s
user	0m1.536s
sys	0m0.002s
 
0.04840000000000001

real	0m0.611s
user	0m0.609s
sys	0m0.000s
 
53.79660000000001 53.79880000000001 58.68060000000001 58.68280000000001

real	0m1.351s
user	0m1.347s
sys	0m0.000s
 
53.79660000000001 53.79880000000001 58.68060000000001 58.68280000000001

real	0m1.360s
user	0m1.357s
sys	0m0.000s
 
9698907.663399996

real	0m0.892s
user	0m0.889s
sys	0m0.001s
 
3948765877.809497 3955170852.914604 5863853434.234404 5870258409.339499

real	0m1.573s
user	0m1.554s
sys	0m0.003s
 
3948765877.809497 3955170852.914604 5863853434.234404 5870258409.339499

real	0m1.565s
user	0m1.547s
sys	0m0.002s
 
0.04840000000000001

real	0m0.650s
user	0m0.648s
sys	0m0.000s
 
53.79660000000001 53.79880000000001 58.68060000000001 58.68280000000001

real	0m1.359s
user	0m1.355s
sys	0m0.001s
 
53.79660000000001 53.79880000000001 58.68060000000001 58.68280000000001

real	0m1.351s
user	0m1.346s
sys	0m0.002s
 
9698907.663399996

real	0m0.901s
user	0m0.898s
sys	0m0.001s
 
3948765877.809497 3955170852.914604 5863853434.234404 5870258409.339499

real	0m1.990s
user	0m1.966s
sys	0m0.005s
 
3948765877.809497 3955170852.914604 5863853434.234404 5870258409.339499

real	0m2.015s
user	0m1.991s
sys	0m0.004s
 
0.04840000000000001

real	0m0.739s
user	0m0.736s
sys	0m0.001s
 
53.79660000000001 53.79880000000001 58.68060000000001 58.68280000000001

real	0m1.401s
user	0m1.397s
sys	0m0.001s
 
53.79660000000001 53.79880000000001 58.68060000000001 58.68280000000001

real	0m1.438s
user	0m1.434s
sys	0m0.000s
 
9698907.663399996

real	0m0.901s
user	0m0.899s
sys	0m0.000s
 
3948765877.809497 3955170852.914604 5863853434.234404 5870258409.339499

real	0m1.579s
user	0m1.560s
sys	0m0.003s
 
3948765877.809497 3955170852.914604 5863853434.234404 5870258409.339499

real	0m2.001s
user	0m1.976s
sys	0m0.005s
 
3037.1121 3037.6632 3611.409 3612.01

real	0m0.951s
user	0m0.946s
sys	0m0.001s
 
3037.1121 3037.6632 3611.409 3612.01

real	0m0.940s
user	0m0.935s
sys	0m0.002s
 
3037.1121 3037.6632 3611.409 3612.01

real	0m0.935s
user	0m0.929s
sys	0m0.002s
 
3037.1121 3037.6632 3611.409 3612.01

real	0m0.938s
user	0m0.934s
sys	0m0.001s
 
SEQUENCE
 
37624.35618 38872.44188 52954.76458 54712.31628

real	0m0.603s
user	0m0.600s
sys	0m0.001s
 
4350478614.186048 4405620767.888449 7321622135.843186 7393481577.214199

real	0m0.794s
user	0m0.792s
sys	0m0.000s
 
48832437279.8918 49241016265.74157 88512227219.28583 89040617812.03206

real	0m2.940s
user	0m2.930s
sys	0m0.001s
 
18696443068.18007 18840087100.15867 37617583432.7108 37823564976.3486

real	0m0.824s
user	0m0.822s
sys	0m0.000s
 
4.901614166865179e+18 4.912723296455448e+18 1.084442578747924e+19 1.086100449795465e+19

real	0m0.565s
user	0m0.560s
sys	0m0.003s
 
1.647418946230568e+16 1.649160037624473e+16 3.768465979697054e+16 3.771108024027194e+16

real	0m0.783s
user	0m0.775s
sys	0m0.005s
 
4.48881116501821e+17 4.490640601531962e+17 1.03730934601686e+18 1.03758774958278e+18

real	0m0.559s
user	0m0.540s
sys	0m0.016s
 
4.48881116501821e+17 4.490640601531962e+17 1.03730934601686e+18 1.03758774958278e+18

real	0m1.113s
user	0m1.093s
sys	0m0.016s
 
4.48881116501821e+17 4.490640601531962e+17 1.03730934601686e+18 1.03758774958278e+18

real	0m1.100s
user	0m1.079s
sys	0m0.017s
 
8.382424294553979e+29 8.385850640122295e+29 1.937388035390321e+30 1.93790724339292e+30

real	0m0.620s
user	0m0.595s
sys	0m0.022s
 
8.382424294553979e+29 8.385850640122295e+29 1.937388035390321e+30 1.93790724339292e+30

real	0m0.656s
user	0m0.630s
sys	0m0.024s
 
8.382424294553979e+29 8.385850640122295e+29 1.937388035390321e+30 1.93790724339292e+30

real	0m0.647s
user	0m0.625s
sys	0m0.020s
 
8.382424294553979e+29 8.385850640122295e+29 1.937388035390321e+30 1.93790724339292e+30

real	0m0.666s
user	0m0.639s
sys	0m0.024s
 
8.382424294553979e+29 8.385850640122295e+29 1.937388035390321e+30 1.93790724339292e+30

real	0m0.614s
user	0m0.594s
sys	0m0.018s
 
8.382424294553979e+29 8.385850640122295e+29 1.937388035390321e+30 1.93790724339292e+30

real	0m0.612s
user	0m0.593s
sys	0m0.016s
 
374124590164.9393 378323909405.297 483306890414.2386 487506209654.5964

real	0m0.806s
user	0m0.804s
sys	0m0.000s
 
8003498375443.188 8040830216224.574 11400695886549.59 11438027727330.98

real	0m0.823s
user	0m0.818s
sys	0m0.002s
 
467292080353.7709 473215316635.7608 603526514839.5372 609449751121.5272

real	0m0.678s
user	0m0.677s
sys	0m0.000s
 
22856685758006.32 23032721850853.32 32186598678896.97 32362634771743.98

real	0m0.784s
user	0m0.781s
sys	0m0.001s
