 
SCALAR_VEC
 
0.5808000000000001 0.5830000000000002 0.6270000000000002 0.6292000000000002

real	0m0.566s
user	0m0.564s
sys	0m0.001s
 
46.0284 46.03060000000001 50.20620000000001 50.2084

real	0m0.540s
user	0m0.538s
sys	0m0.000s
 
29876.5456 29876.5478 32592.58860000001 32592.59080000001

real	0m0.562s
user	0m0.547s
sys	0m0.010s
 
VEC_VEC
 
174.0387

real	0m0.940s
user	0m0.936s
sys	0m0.001s
 
9698907.663399996

real	0m0.927s
user	0m0.925s
sys	0m0.000s
 
24900423491.09201

real	0m1.299s
user	0m1.295s
sys	0m0.000s
 
24900741320632.71

real	0m1.309s
user	0m1.305s
sys	0m0.000s
 
2.490083360868967e+16

real	0m1.470s
user	0m1.446s
sys	0m0.010s
 
VEC_MAT
 
178.7929000000001 178.8030000000001 201.2149000000001 201.2250000000001

real	0m0.756s
user	0m0.754s
sys	0m0.000s
 
992.6821000000002 992.6922000000003 1117.3464 1117.3565

real	0m0.489s
user	0m0.485s
sys	0m0.002s
 
390.3932 390.4204 450.7772000000001 450.8044

real	0m1.668s
user	0m1.663s
sys	0m0.001s
 
2166.9797 2167.0069 2502.7093 2502.7365

real	0m1.052s
user	0m1.048s
sys	0m0.001s
 
157975690.7399002 164380665.8450001

real	0m0.485s
user	0m0.483s
sys	0m0.001s
 
27065907086.64726 28163538210.734

real	0m0.539s
user	0m0.537s
sys	0m0.001s
 
128614163.4402999 133441028.6953997 138267893.9505

real	0m0.453s
user	0m0.450s
sys	0m0.001s
 
17202407856.50187 17848340807.38918 18494273758.27599

real	0m0.467s
user	0m0.464s
sys	0m0.001s
 
2.2266 2.2836 2.3406 2.397600000000001

real	0m0.499s
user	0m0.497s
sys	0m0.000s
 
73.52180000000001 74.6944 86.4204 87.59300000000002

real	0m1.062s
user	0m1.059s
sys	0m0.000s
 
609.1862 615.0844000000001 774.3358000000001 780.2340000000002

real	0m1.435s
user	0m1.432s
sys	0m0.000s
 
31020069.53999998 31057579.07999998 45948866.45999996 45986376.00000001

real	0m1.885s
user	0m1.876s
sys	0m0.003s
 
3948765877.809497 3955170852.914604 5863853434.234404 5870258409.339499

real	0m2.140s
user	0m2.117s
sys	0m0.003s
 
629070346650.9426 630167977775.031 934211799147.1235 935309430271.2021

real	0m1.283s
user	0m1.254s
sys	0m0.016s
 
72549439.0166 72565446.85879999 108086848.7006 108102856.5428001

real	0m2.407s
user	0m2.381s
sys	0m0.003s
 
324096005.6180002 324108897.3359997 483218480.892 483231372.6099998

real	0m1.427s
user	0m1.399s
sys	0m0.014s
 
10829665.1294 10829701.4254 15310551.5134 15310587.8094

real	0m1.048s
user	0m1.017s
sys	0m0.021s
 
107135690886248 108233331157370.3 147748380917728.1 148846021188851.3

real	0m0.815s
user	0m0.790s
sys	0m0.017s
 
MAT_VEC
 
178.7929000000001 178.8030000000001 201.2149000000001 201.2250000000001

real	0m0.654s
user	0m0.653s
sys	0m0.000s
 
992.6821000000002 992.6922000000003 1117.3464 1117.3565

real	0m0.423s
user	0m0.421s
sys	0m0.001s
 
390.3932 390.4204 450.7772000000001 450.8044

real	0m1.001s
user	0m0.997s
sys	0m0.001s
 
2166.9797 2167.0069 2502.7093 2502.7365

real	0m0.803s
user	0m0.800s
sys	0m0.000s
 
157975690.7399002 164380665.8450001

real	0m0.506s
user	0m0.505s
sys	0m0.000s
 
27065907086.64726 28163538210.734

real	0m0.585s
user	0m0.583s
sys	0m0.000s
 
128614163.4402999 133441028.6953997 138267893.9505

real	0m0.441s
user	0m0.440s
sys	0m0.000s
 
17202407856.50187 17848340807.38918 18494273758.27599

real	0m0.492s
user	0m0.489s
sys	0m0.001s
 
2.2266 2.2836 2.3406 2.397600000000001

real	0m0.196s
user	0m0.195s
sys	0m0.000s
 
73.52180000000001 74.6944 86.4204 87.59300000000002

real	0m0.824s
user	0m0.822s
sys	0m0.001s
 
609.1862 615.0844000000001 774.3358000000001 780.2340000000002

real	0m0.985s
user	0m0.982s
sys	0m0.001s
 
31020069.53999998 31057579.07999998 45948866.45999996 45986376.00000001

real	0m1.775s
user	0m1.650s
sys	0m0.001s
 
3948765877.809497 3955170852.914604 5863853434.234404 5870258409.339499

real	0m2.274s
user	0m2.247s
sys	0m0.005s
 
629070346650.9426 630167977775.031 934211799147.1235 935309430271.2021

real	0m1.247s
user	0m1.220s
sys	0m0.015s
 
72549439.0166 72565446.85879999 108086848.7006 108102856.5428001

real	0m2.110s
user	0m1.986s
sys	0m0.002s
 
324096005.6180002 324108897.3359997 483218480.892 483231372.6099998

real	0m1.198s
user	0m1.170s
sys	0m0.016s
 
10829665.1294 10829701.4254 15310551.5134 15310587.8094

real	0m0.843s
user	0m0.816s
sys	0m0.019s
 
107135690886248 108233331157370.3 147748380917728.1 148846021188851.3

real	0m0.817s
user	0m0.792s
sys	0m0.017s
 
OUTER
 
101.277 104.346 110.4774 113.8252

real	0m1.811s
user	0m1.806s
sys	0m0.001s
 
96.84840000000001 99.04950000000002 108.045 110.446

real	0m1.849s
user	0m1.843s
sys	0m0.001s
 
94.13800000000002 95.84960000000002 106.419 108.286

real	0m1.846s
user	0m1.841s
sys	0m0.000s
 
14.5684 14.5728 16.60140000000001 16.606

real	0m0.645s
user	0m0.644s
sys	0m0.000s
 
10.164 10.2025 11.913 11.9548

real	0m0.693s
user	0m0.691s
sys	0m0.000s
 
955.9242 956.3004 1135.8438 1136.254

real	0m1.166s
user	0m1.162s
sys	0m0.000s
 
86477.05440000001 86480.57660000001 102897.9582 102901.8004

real	0m1.128s
user	0m1.093s
sys	0m0.025s
 
27312.9912 27313.3443 32486.685 32487.07

real	0m0.681s
user	0m0.665s
sys	0m0.009s
 
MAT_MAT
 
8054296.570499997 8377212.617400005 11041896.78059999 11521723.02599998

real	0m0.941s
user	0m0.938s
sys	0m0.001s
 
67005585.50399998 69693523.28640002 92209626.6390001 96222702.65399998

real	0m1.214s
user	0m1.210s
sys	0m0.000s
 
56602.02200000002 58658.48450000003 83130.86099999996 86296.01680000003

real	0m1.220s
user	0m1.216s
sys	0m0.001s
 
297546749.5919997 308581623.7314994 440770097.583 457946307.1219999

real	0m1.158s
user	0m1.154s
sys	0m0.001s
 
8054296.570499997 8144829.910200007 11426434.83180001 11521723.02599998

real	0m0.593s
user	0m0.592s
sys	0m0.000s
 
67005585.50399998 67746880.83150004 95442432.67260008 96222702.65399998

real	0m0.858s
user	0m0.855s
sys	0m0.001s
 
56602.02200000002 56765.4044 86117.12820000002 86296.01680000003

real	0m0.495s
user	0m0.493s
sys	0m0.000s
 
297546749.5919997 299613096.1240003 455678605.3310006 457946307.1219999

real	0m0.632s
user	0m0.628s
sys	0m0.002s
 
301.3441 301.7106 379.168 379.5840000000001

real	0m1.331s
user	0m1.328s
sys	0m0.000s
 
45022.4809 45027.16379999999 57025.89409999999 57031.226

real	0m1.643s
user	0m1.563s
sys	0m0.007s
 
79343.34260000002 79353.49420000002 105856.4262 105868.395

real	0m1.146s
user	0m1.129s
sys	0m0.008s
 
77470.43699999999 77485.73999999999 107948.34 107966.91

real	0m0.748s
user	0m0.739s
sys	0m0.004s
 
109.241 111.7864 142.1856 145.251

real	0m0.953s
user	0m0.951s
sys	0m0.000s
 
1739639.1343 1765026.6362 3156552.835599999 3194056.931000001

real	0m1.403s
user	0m1.400s
sys	0m0.000s
 
40128631.98950006 40455680.77900002 81101463.51099998 81608296.35000008

real	0m0.985s
user	0m0.983s
sys	0m0.000s
 
185145.8628 186726.9552 353878.6176 356259.936

real	0m1.226s
user	0m1.223s
sys	0m0.000s
 
5650057.303000003 5674398.905999999 11835110.684 11873364.25000001

real	0m1.141s
user	0m1.136s
sys	0m0.002s
 
3539227257.462 3543179262.324003 8019509498.519998 8025995052.400001

real	0m0.424s
user	0m0.418s
sys	0m0.005s
 
66219776245.92168 66260257446.05717 151986883006.3699 152053753059.55

real	0m0.503s
user	0m0.494s
sys	0m0.007s
 
166212294937.3991 166288626284.498 382568140639.0098 382694366833.2999

real	0m0.483s
user	0m0.463s
sys	0m0.018s
 
608720333715.4655 608956501509.1871 1405127495482.165 1405518727998.903

real	0m0.917s
user	0m0.888s
sys	0m0.024s
 
TRANS1
 
8054296.570499997 8377212.617400005 11041896.78059999 11521723.02599998

real	0m1.003s
user	0m1.000s
sys	0m0.001s
 
67005585.50399998 69693523.28640002 92209626.6390001 96222702.65399998

real	0m1.284s
user	0m1.278s
sys	0m0.002s
 
56602.02200000002 58658.48450000003 83130.86099999996 86296.01680000003

real	0m0.875s
user	0m0.871s
sys	0m0.001s
 
297546749.5919997 308581623.7314994 440770097.583 457946307.1219999

real	0m0.983s
user	0m0.980s
sys	0m0.000s
 
8054296.570499997 8144829.910200007 11426434.83180001 11521723.02599998

real	0m0.820s
user	0m0.818s
sys	0m0.000s
 
67005585.50399998 67746880.83150004 95442432.67260008 96222702.65399998

real	0m1.037s
user	0m1.035s
sys	0m0.000s
 
56602.02200000002 56765.4044 86117.12820000002 86296.01680000003

real	0m0.801s
user	0m0.798s
sys	0m0.001s
 
297546749.5919997 299613096.1240003 455678605.3310006 457946307.1219999

real	0m0.892s
user	0m0.888s
sys	0m0.001s
 
301.3441 301.7106 379.168 379.5840000000001

real	0m0.877s
user	0m0.875s
sys	0m0.000s
 
45022.4809 45027.16379999999 57025.89409999999 57031.226

real	0m1.069s
user	0m1.051s
sys	0m0.008s
 
79343.34260000002 79353.49420000002 105856.4262 105868.395

real	0m1.024s
user	0m1.011s
sys	0m0.006s
 
77470.43699999999 77485.73999999999 107948.34 107966.91

real	0m0.733s
user	0m0.722s
sys	0m0.006s
 
109.241 111.7864 142.1856 145.251

real	0m1.091s
user	0m1.086s
sys	0m0.002s
 
1739639.1343 1765026.6362 3156552.835599999 3194056.931000001

real	0m1.672s
user	0m1.668s
sys	0m0.000s
 
40128631.98950006 40455680.77900002 81101463.51099998 81608296.35000008

real	0m1.215s
user	0m1.210s
sys	0m0.001s
 
185145.8628 186726.9552 353878.6176 356259.936

real	0m1.829s
user	0m1.823s
sys	0m0.001s
 
5650057.303000003 5674398.905999999 11835110.684 11873364.25000001

real	0m1.542s
user	0m1.537s
sys	0m0.001s
 
3539227257.462 3543179262.324003 8019509498.519998 8025995052.400001

real	0m0.570s
user	0m0.566s
sys	0m0.002s
 
66219776245.92168 66260257446.05717 151986883006.3699 152053753059.55

real	0m0.653s
user	0m0.636s
sys	0m0.014s
 
166212294937.3991 166288626284.498 382568140639.0098 382694366833.2999

real	0m0.603s
user	0m0.587s
sys	0m0.014s
 
608720333715.4655 608956501509.1871 1405127495482.165 1405518727998.903

real	0m1.257s
user	0m1.230s
sys	0m0.022s
 
1512441.733 1524415.266 2968657.650000001 2986772.5

real	0m0.962s
user	0m0.919s
sys	0m0.001s
 
608720333715.4655 608956501509.1871 1405127495482.165 1405518727998.903

real	0m0.678s
user	0m0.661s
sys	0m0.014s
 
TRANS2
 
8054296.570499997 8377212.617400005 11041896.78059999 11521723.02599998

real	0m1.199s
user	0m1.196s
sys	0m0.000s
 
67005585.50399998 69693523.28640002 92209626.6390001 96222702.65399998

real	0m1.708s
user	0m1.703s
sys	0m0.000s
 
56602.02200000002 58658.48450000003 83130.86099999996 86296.01680000003

real	0m1.111s
user	0m1.108s
sys	0m0.001s
 
297546749.5919997 308581623.7314994 440770097.583 457946307.1219999

real	0m1.538s
user	0m1.533s
sys	0m0.000s
 
8054296.570499997 8144829.910200007 11426434.83180001 11521723.02599998

real	0m0.584s
user	0m0.581s
sys	0m0.001s
 
67005585.50399998 67746880.83150004 95442432.67260008 96222702.65399998

real	0m0.750s
user	0m0.747s
sys	0m0.001s
 
56602.02200000002 56765.4044 86117.12820000002 86296.01680000003

real	0m0.479s
user	0m0.477s
sys	0m0.001s
 
297546749.5919997 299613096.1240003 455678605.3310006 457946307.1219999

real	0m0.608s
user	0m0.606s
sys	0m0.000s
 
301.3441 301.7106 379.168 379.5840000000001

real	0m1.323s
user	0m1.320s
sys	0m0.000s
 
45022.4809 45027.16379999999 57025.89409999999 57031.226

real	0m1.581s
user	0m1.563s
sys	0m0.004s
 
79343.34260000002 79353.49420000002 105856.4262 105868.395

real	0m1.149s
user	0m1.132s
sys	0m0.008s
 
77470.43699999999 77485.73999999999 107948.34 107966.91

real	0m0.752s
user	0m0.741s
sys	0m0.006s
 
109.241 111.7864 142.1856 145.251

real	0m0.900s
user	0m0.897s
sys	0m0.001s
 
1739639.1343 1765026.6362 3156552.835599999 3194056.931000001

real	0m1.362s
user	0m1.358s
sys	0m0.001s
 
40128631.98950006 40455680.77900002 81101463.51099998 81608296.35000008

real	0m1.053s
user	0m1.049s
sys	0m0.001s
 
185145.8628 186726.9552 353878.6176 356259.936

real	0m1.217s
user	0m1.213s
sys	0m0.001s
 
5650057.303000003 5674398.905999999 11835110.684 11873364.25000001

real	0m1.136s
user	0m1.130s
sys	0m0.002s
 
3539227257.462 3543179262.324003 8019509498.519998 8025995052.400001

real	0m0.427s
user	0m0.423s
sys	0m0.002s
 
66219776245.92168 66260257446.05717 151986883006.3699 152053753059.55

real	0m0.502s
user	0m0.489s
sys	0m0.011s
 
166212294937.3991 166288626284.498 382568140639.0098 382694366833.2999

real	0m0.510s
user	0m0.489s
sys	0m0.019s
 
608720333715.4655 608956501509.1871 1405127495482.165 1405518727998.903

real	0m0.982s
user	0m0.957s
sys	0m0.020s
 
1512441.733 1524415.266 2968657.650000001 2986772.5

real	0m0.776s
user	0m0.773s
sys	0m0.001s
 
608720333715.4655 608956501509.1871 1405127495482.165 1405518727998.903

real	0m0.525s
user	0m0.505s
sys	0m0.017s
 
TRANS12
 
8054296.570499997 8377212.617400005 11041896.78059999 11521723.02599998

real	0m0.592s
user	0m0.590s
sys	0m0.001s
 
67005585.50399998 69693523.28640002 92209626.6390001 96222702.65399998

real	0m0.802s
user	0m0.799s
sys	0m0.001s
 
56602.02200000002 58658.48450000003 83130.86099999996 86296.01680000003

real	0m0.470s
user	0m0.468s
sys	0m0.001s
 
297546749.5919997 308581623.7314994 440770097.583 457946307.1219999

real	0m0.543s
user	0m0.540s
sys	0m0.001s
 
8054296.570499997 8144829.910200007 11426434.83180001 11521723.02599998

real	0m0.942s
user	0m0.940s
sys	0m0.000s
 
67005585.50399998 67746880.83150004 95442432.67260008 96222702.65399998

real	0m1.216s
user	0m1.211s
sys	0m0.001s
 
56602.02200000002 56765.4044 86117.12820000002 86296.01680000003

real	0m1.202s
user	0m1.198s
sys	0m0.001s
 
297546749.5919997 299613096.1240003 455678605.3310006 457946307.1219999

real	0m1.154s
user	0m1.150s
sys	0m0.001s
 
301.3441 301.7106 379.168 379.5840000000001

real	0m2.436s
user	0m2.430s
sys	0m0.000s
 
45022.4809 45027.16379999999 57025.89409999999 57031.226

real	0m2.800s
user	0m2.776s
sys	0m0.008s
 
79343.34260000002 79353.49420000002 105856.4262 105868.395

real	0m1.818s
user	0m1.805s
sys	0m0.005s
 
77470.43699999999 77485.73999999999 107948.34 107966.91

real	0m1.690s
user	0m1.679s
sys	0m0.004s
 
109.241 111.7864 142.1856 145.251

real	0m0.954s
user	0m0.951s
sys	0m0.001s
 
1739639.1343 1765026.6362 3156552.835599999 3194056.931000001

real	0m1.268s
user	0m1.265s
sys	0m0.000s
 
40128631.98950006 40455680.77900002 81101463.51099998 81608296.35000008

real	0m1.002s
user	0m0.999s
sys	0m0.001s
 
185145.8628 186726.9552 353878.6176 356259.936

real	0m1.289s
user	0m1.285s
sys	0m0.001s
 
5650057.303000003 5674398.905999999 11835110.684 11873364.25000001

real	0m1.081s
user	0m1.077s
sys	0m0.000s
 
3539227257.462 3543179262.324003 8019509498.519998 8025995052.400001

real	0m0.454s
user	0m0.449s
sys	0m0.003s
 
66219776245.92168 66260257446.05717 151986883006.3699 152053753059.55

real	0m0.625s
user	0m0.613s
sys	0m0.008s
 
166212294937.3991 166288626284.498 382568140639.0098 382694366833.2999

real	0m0.704s
user	0m0.598s
sys	0m0.017s
 
608720333715.4655 608956501509.1871 1405127495482.165 1405518727998.903

real	0m1.256s
user	0m1.221s
sys	0m0.025s
 
SPECIAL
 
0.04840000000000001

real	0m0.465s
user	0m0.463s
sys	0m0.001s
 
0.04840000000000001

real	0m0.485s
user	0m0.483s
sys	0m0.001s
 
0.04840000000000001

real	0m0.313s
user	0m0.312s
sys	0m0.000s
 
53.79660000000001 53.79880000000001 58.68060000000001 58.68280000000001

real	0m1.370s
user	0m1.366s
sys	0m0.001s
 
53.79660000000001 53.79880000000001 58.68060000000001 58.68280000000001

real	0m1.346s
user	0m1.343s
sys	0m0.000s
 
9698907.663399996

real	0m0.932s
user	0m0.928s
sys	0m0.001s
 
9698907.663399996

real	0m0.931s
user	0m0.929s
sys	0m0.000s
 
0.04840000000000001

real	0m0.625s
user	0m0.624s
sys	0m0.000s
 
53.79660000000001 53.79880000000001 58.68060000000001 58.68280000000001

real	0m1.375s
user	0m1.372s
sys	0m0.000s
 
53.79660000000001 53.79880000000001 58.68060000000001 58.68280000000001

real	0m1.343s
user	0m1.339s
sys	0m0.000s
 
9698907.663399996

real	0m0.935s
user	0m0.932s
sys	0m0.001s
 
3948765877.809497 3955170852.914604 5863853434.234404 5870258409.339499

real	0m1.533s
user	0m1.514s
sys	0m0.005s
 
3948765877.809497 3955170852.914604 5863853434.234404 5870258409.339499

real	0m1.618s
user	0m1.596s
sys	0m0.005s
 
0.04840000000000001

real	0m0.707s
user	0m0.704s
sys	0m0.001s
 
53.79660000000001 53.79880000000001 58.68060000000001 58.68280000000001

real	0m1.392s
user	0m1.387s
sys	0m0.001s
 
53.79660000000001 53.79880000000001 58.68060000000001 58.68280000000001

real	0m1.347s
user	0m1.343s
sys	0m0.001s
 
9698907.663399996

real	0m0.939s
user	0m0.936s
sys	0m0.001s
 
3948765877.809497 3955170852.914604 5863853434.234404 5870258409.339499

real	0m1.622s
user	0m1.605s
sys	0m0.001s
 
3948765877.809497 3955170852.914604 5863853434.234404 5870258409.339499

real	0m1.619s
user	0m1.599s
sys	0m0.003s
 
0.04840000000000001

real	0m0.685s
user	0m0.684s
sys	0m0.000s
 
53.79660000000001 53.79880000000001 58.68060000000001 58.68280000000001

real	0m1.366s
user	0m1.361s
sys	0m0.001s
 
53.79660000000001 53.79880000000001 58.68060000000001 58.68280000000001

real	0m1.353s
user	0m1.350s
sys	0m0.000s
 
9698907.663399996

real	0m0.942s
user	0m0.940s
sys	0m0.000s
 
3948765877.809497 3955170852.914604 5863853434.234404 5870258409.339499

real	0m1.523s
user	0m1.505s
sys	0m0.004s
 
3948765877.809497 3955170852.914604 5863853434.234404 5870258409.339499

real	0m1.547s
user	0m1.529s
sys	0m0.003s
 
0.04840000000000001

real	0m0.727s
user	0m0.725s
sys	0m0.000s
 
53.79660000000001 53.79880000000001 58.68060000000001 58.68280000000001

real	0m1.461s
user	0m1.457s
sys	0m0.001s
 
53.79660000000001 53.79880000000001 58.68060000000001 58.68280000000001

real	0m1.324s
user	0m1.320s
sys	0m0.000s
 
9698907.663399996

real	0m0.942s
user	0m0.939s
sys	0m0.001s
 
3948765877.809497 3955170852.914604 5863853434.234404 5870258409.339499

real	0m1.633s
user	0m1.612s
sys	0m0.004s
 
3948765877.809497 3955170852.914604 5863853434.234404 5870258409.339499

real	0m1.549s
user	0m1.531s
sys	0m0.003s
 
3037.1121 3037.6632 3611.409 3612.01

real	0m0.970s
user	0m0.965s
sys	0m0.001s
 
3037.1121 3037.6632 3611.409 3612.01

real	0m0.966s
user	0m0.960s
sys	0m0.003s
 
3037.1121 3037.6632 3611.409 3612.01

real	0m0.959s
user	0m0.953s
sys	0m0.002s
 
3037.1121 3037.6632 3611.409 3612.01

real	0m0.974s
user	0m0.967s
sys	0m0.002s
 
SEQUENCE
 
37624.35618 38872.44188 52954.76458 54712.31628

real	0m0.605s
user	0m0.604s
sys	0m0.000s
 
4350478614.186048 4405620767.888449 7321622135.843186 7393481577.214199

real	0m0.628s
user	0m0.625s
sys	0m0.001s
 
48832437279.8918 49241016265.74157 88512227219.28583 89040617812.03206

real	0m2.500s
user	0m2.492s
sys	0m0.001s
 
18696443068.18007 18840087100.15867 37617583432.7108 37823564976.3486

real	0m0.614s
user	0m0.610s
sys	0m0.002s
 
4.901614166865179e+18 4.912723296455448e+18 1.084442578747924e+19 1.086100449795465e+19

real	0m0.438s
user	0m0.434s
sys	0m0.003s
 
1.647418946230568e+16 1.649160037624473e+16 3.768465979697054e+16 3.771108024027194e+16

real	0m0.596s
user	0m0.586s
sys	0m0.008s
 
4.48881116501821e+17 4.490640601531962e+17 1.03730934601686e+18 1.03758774958278e+18

real	0m0.433s
user	0m0.414s
sys	0m0.017s
 
4.48881116501821e+17 4.490640601531962e+17 1.03730934601686e+18 1.03758774958278e+18

real	0m1.055s
user	0m1.034s
sys	0m0.017s
 
4.48881116501821e+17 4.490640601531962e+17 1.03730934601686e+18 1.03758774958278e+18

real	0m1.164s
user	0m1.144s
sys	0m0.016s
 
8.382424294553979e+29 8.385850640122295e+29 1.937388035390321e+30 1.93790724339292e+30

real	0m0.486s
user	0m0.462s
sys	0m0.021s
 
8.382424294553979e+29 8.385850640122295e+29 1.937388035390321e+30 1.93790724339292e+30

real	0m0.666s
user	0m0.644s
sys	0m0.020s
 
8.382424294553979e+29 8.385850640122295e+29 1.937388035390321e+30 1.93790724339292e+30

real	0m0.683s
user	0m0.659s
sys	0m0.022s
 
8.382424294553979e+29 8.385850640122295e+29 1.937388035390321e+30 1.93790724339292e+30

real	0m0.673s
user	0m0.650s
sys	0m0.021s
 
8.382424294553979e+29 8.385850640122295e+29 1.937388035390321e+30 1.93790724339292e+30

real	0m0.634s
user	0m0.613s
sys	0m0.019s
 
8.382424294553979e+29 8.385850640122295e+29 1.937388035390321e+30 1.93790724339292e+30

real	0m0.644s
user	0m0.618s
sys	0m0.024s
 
374124590164.9393 378323909405.297 483306890414.2386 487506209654.5964

real	0m0.617s
user	0m0.614s
sys	0m0.001s
 
8003498375443.188 8040830216224.574 11400695886549.59 11438027727330.98

real	0m0.623s
user	0m0.620s
sys	0m0.001s
 
467292080353.7709 473215316635.7608 603526514839.5372 609449751121.5272

real	0m0.529s
user	0m0.527s
sys	0m0.000s
 
22856685758006.32 23032721850853.32 32186598678896.97 32362634771743.98

real	0m0.639s
user	0m0.637s
sys	0m0.000s
