 
SCALAR_VEC
 
0.5808000000000001 0.5830000000000002 0.6270000000000002 0.6292000000000002

real	0m0.549s
user	0m0.548s
sys	0m0.000s
 
46.0284 46.03060000000001 50.20620000000001 50.2084

real	0m0.360s
user	0m0.358s
sys	0m0.001s
 
29876.5456 29876.5478 32592.58860000001 32592.59080000001

real	0m0.564s
user	0m0.549s
sys	0m0.009s
 
VEC_VEC
 
174.0387

real	0m0.890s
user	0m0.886s
sys	0m0.002s
 
9698907.663399996

real	0m0.882s
user	0m0.879s
sys	0m0.001s
 
24900423491.09201

real	0m1.243s
user	0m1.239s
sys	0m0.001s
 
24900741320632.71

real	0m1.251s
user	0m1.246s
sys	0m0.001s
 
2.490083360868967e+16

real	0m1.459s
user	0m1.433s
sys	0m0.012s
 
VEC_MAT
 
178.7929000000001 178.8030000000001 201.2149000000001 201.2250000000001

real	0m0.688s
user	0m0.685s
sys	0m0.001s
 
992.6821000000002 992.6922000000003 1117.3464 1117.3565

real	0m0.526s
user	0m0.525s
sys	0m0.000s
 
390.3932 390.4204 450.7772000000001 450.8044

real	0m1.653s
user	0m1.649s
sys	0m0.000s
 
2166.9797 2167.0069 2502.7093 2502.7365

real	0m1.049s
user	0m1.046s
sys	0m0.000s
 
157975690.7399002 164380665.8450001

real	0m0.463s
user	0m0.461s
sys	0m0.001s
 
27065907086.64726 28163538210.734

real	0m0.514s
user	0m0.511s
sys	0m0.001s
 
128614163.4402999 133441028.6953997 138267893.9505

real	0m0.423s
user	0m0.422s
sys	0m0.000s
 
17202407856.50187 17848340807.38918 18494273758.27599

real	0m0.444s
user	0m0.442s
sys	0m0.001s
 
2.2266 2.2836 2.3406 2.397600000000001

real	0m0.363s
user	0m0.361s
sys	0m0.001s
 
73.52180000000001 74.6944 86.4204 87.59300000000002

real	0m1.173s
user	0m1.169s
sys	0m0.001s
 
609.1862 615.0844000000001 774.3358000000001 780.2340000000002

real	0m1.763s
user	0m1.757s
sys	0m0.002s
 
31020069.53999998 31057579.07999998 45948866.45999996 45986376.00000001

real	0m1.695s
user	0m1.688s
sys	0m0.002s
 
3948765877.809497 3955170852.914604 5863853434.234404 5870258409.339499

real	0m2.104s
user	0m2.079s
sys	0m0.004s
 
629070346650.9426 630167977775.031 934211799147.1235 935309430271.2021

real	0m1.233s
user	0m1.206s
sys	0m0.014s
 
72549439.0166 72565446.85879999 108086848.7006 108102856.5428001

real	0m2.432s
user	0m2.404s
sys	0m0.005s
 
324096005.6180002 324108897.3359997 483218480.892 483231372.6099998

real	0m1.363s
user	0m1.333s
sys	0m0.016s
 
10829665.1294 10829701.4254 15310551.5134 15310587.8094

real	0m1.049s
user	0m1.017s
sys	0m0.021s
 
107135690886248 108233331157370.3 147748380917728.1 148846021188851.3

real	0m0.811s
user	0m0.781s
sys	0m0.022s
 
MAT_VEC
 
178.7929000000001 178.8030000000001 201.2149000000001 201.2250000000001

real	0m0.595s
user	0m0.593s
sys	0m0.000s
 
992.6821000000002 992.6922000000003 1117.3464 1117.3565

real	0m0.432s
user	0m0.430s
sys	0m0.001s
 
390.3932 390.4204 450.7772000000001 450.8044

real	0m0.861s
user	0m0.859s
sys	0m0.000s
 
2166.9797 2167.0069 2502.7093 2502.7365

real	0m0.755s
user	0m0.752s
sys	0m0.001s
 
157975690.7399002 164380665.8450001

real	0m0.460s
user	0m0.458s
sys	0m0.001s
 
27065907086.64726 28163538210.734

real	0m0.536s
user	0m0.533s
sys	0m0.001s
 
128614163.4402999 133441028.6953997 138267893.9505

real	0m0.413s
user	0m0.411s
sys	0m0.001s
 
17202407856.50187 17848340807.38918 18494273758.27599

real	0m0.480s
user	0m0.479s
sys	0m0.000s
 
2.2266 2.2836 2.3406 2.397600000000001

real	0m0.211s
user	0m0.209s
sys	0m0.001s
 
73.52180000000001 74.6944 86.4204 87.59300000000002

real	0m0.836s
user	0m0.833s
sys	0m0.000s
 
609.1862 615.0844000000001 774.3358000000001 780.2340000000002

real	0m0.848s
user	0m0.845s
sys	0m0.001s
 
31020069.53999998 31057579.07999998 45948866.45999996 45986376.00000001

real	0m1.473s
user	0m1.467s
sys	0m0.001s
 
3948765877.809497 3955170852.914604 5863853434.234404 5870258409.339499

real	0m1.994s
user	0m1.970s
sys	0m0.005s
 
629070346650.9426 630167977775.031 934211799147.1235 935309430271.2021

real	0m1.192s
user	0m1.164s
sys	0m0.016s
 
72549439.0166 72565446.85879999 108086848.7006 108102856.5428001

real	0m1.822s
user	0m1.802s
sys	0m0.002s
 
324096005.6180002 324108897.3359997 483218480.892 483231372.6099998

real	0m1.197s
user	0m1.166s
sys	0m0.019s
 
10829665.1294 10829701.4254 15310551.5134 15310587.8094

real	0m0.837s
user	0m0.804s
sys	0m0.025s
 
107135690886248 108233331157370.3 147748380917728.1 148846021188851.3

real	0m0.814s
user	0m0.785s
sys	0m0.021s
 
OUTER
 
101.277 104.346 110.4774 113.8252

real	0m1.776s
user	0m1.772s
sys	0m0.000s
 
96.84840000000001 99.04950000000002 108.045 110.446

real	0m1.832s
user	0m1.826s
sys	0m0.001s
 
94.13800000000002 95.84960000000002 106.419 108.286

real	0m1.825s
user	0m1.820s
sys	0m0.000s
 
14.5684 14.5728 16.60140000000001 16.606

real	0m0.583s
user	0m0.581s
sys	0m0.000s
 
10.164 10.2025 11.913 11.9548

real	0m0.693s
user	0m0.692s
sys	0m0.000s
 
955.9242 956.3004 1135.8438 1136.254

real	0m1.156s
user	0m1.152s
sys	0m0.001s
 
86477.05440000001 86480.57660000001 102897.9582 102901.8004

real	0m1.124s
user	0m1.081s
sys	0m0.031s
 
27312.9912 27313.3443 32486.685 32487.07

real	0m0.681s
user	0m0.662s
sys	0m0.012s
 
MAT_MAT
 
8054296.570499997 8377212.617400005 11041896.78059999 11521723.02599998

real	0m0.898s
user	0m0.894s
sys	0m0.001s
 
67005585.50399998 69693523.28640002 92209626.6390001 96222702.65399998

real	0m1.158s
user	0m1.153s
sys	0m0.001s
 
56602.02200000002 58658.48450000003 83130.86099999996 86296.01680000003

real	0m1.167s
user	0m1.163s
sys	0m0.001s
 
297546749.5919997 308581623.7314994 440770097.583 457946307.1219999

real	0m1.285s
user	0m1.279s
sys	0m0.002s
 
8054296.570499997 8144829.910200007 11426434.83180001 11521723.02599998

real	0m0.546s
user	0m0.543s
sys	0m0.002s
 
67005585.50399998 67746880.83150004 95442432.67260008 96222702.65399998

real	0m0.861s
user	0m0.857s
sys	0m0.001s
 
56602.02200000002 56765.4044 86117.12820000002 86296.01680000003

real	0m0.363s
user	0m0.361s
sys	0m0.000s
 
297546749.5919997 299613096.1240003 455678605.3310006 457946307.1219999

real	0m0.490s
user	0m0.487s
sys	0m0.002s
 
301.3441 301.7106 379.168 379.5840000000001

real	0m1.322s
user	0m1.319s
sys	0m0.000s
 
45022.4809 45027.16379999999 57025.89409999999 57031.226

real	0m1.295s
user	0m1.273s
sys	0m0.009s
 
79343.34260000002 79353.49420000002 105856.4262 105868.395

real	0m0.887s
user	0m0.868s
sys	0m0.010s
 
77470.43699999999 77485.73999999999 107948.34 107966.91

real	0m0.756s
user	0m0.746s
sys	0m0.005s
 
109.241 111.7864 142.1856 145.251

real	0m1.043s
user	0m1.040s
sys	0m0.001s
 
1739639.1343 1765026.6362 3156552.835599999 3194056.931000001

real	0m1.331s
user	0m1.326s
sys	0m0.002s
 
40128631.98950006 40455680.77900002 81101463.51099998 81608296.35000008

real	0m0.871s
user	0m0.867s
sys	0m0.001s
 
185145.8628 186726.9552 353878.6176 356259.936

real	0m1.220s
user	0m1.216s
sys	0m0.001s
 
5650057.303000003 5674398.905999999 11835110.684 11873364.25000001

real	0m0.860s
user	0m0.856s
sys	0m0.001s
 
3539227257.462 3543179262.324003 8019509498.519998 8025995052.400001

real	0m0.373s
user	0m0.367s
sys	0m0.005s
 
66219776245.92168 66260257446.05717 151986883006.3699 152053753059.55

real	0m0.413s
user	0m0.399s
sys	0m0.013s
 
166212294937.3991 166288626284.498 382568140639.0098 382694366833.2999

real	0m0.435s
user	0m0.419s
sys	0m0.013s
 
608720333715.4655 608956501509.1871 1405127495482.165 1405518727998.903

real	0m0.908s
user	0m0.884s
sys	0m0.020s
 
TRANS1
 
8054296.570499997 8377212.617400005 11041896.78059999 11521723.02599998

real	0m0.950s
user	0m0.947s
sys	0m0.000s
 
67005585.50399998 69693523.28640002 92209626.6390001 96222702.65399998

real	0m1.247s
user	0m1.241s
sys	0m0.002s
 
56602.02200000002 58658.48450000003 83130.86099999996 86296.01680000003

real	0m0.877s
user	0m0.873s
sys	0m0.001s
 
297546749.5919997 308581623.7314994 440770097.583 457946307.1219999

real	0m0.976s
user	0m0.971s
sys	0m0.001s
 
8054296.570499997 8144829.910200007 11426434.83180001 11521723.02599998

real	0m0.781s
user	0m0.776s
sys	0m0.002s
 
67005585.50399998 67746880.83150004 95442432.67260008 96222702.65399998

real	0m1.022s
user	0m1.018s
sys	0m0.000s
 
56602.02200000002 56765.4044 86117.12820000002 86296.01680000003

real	0m0.805s
user	0m0.802s
sys	0m0.001s
 
297546749.5919997 299613096.1240003 455678605.3310006 457946307.1219999

real	0m0.884s
user	0m0.881s
sys	0m0.001s
 
301.3441 301.7106 379.168 379.5840000000001

real	0m0.842s
user	0m0.839s
sys	0m0.001s
 
45022.4809 45027.16379999999 57025.89409999999 57031.226

real	0m1.110s
user	0m1.095s
sys	0m0.004s
 
79343.34260000002 79353.49420000002 105856.4262 105868.395

real	0m0.875s
user	0m0.858s
sys	0m0.010s
 
77470.43699999999 77485.73999999999 107948.34 107966.91

real	0m0.647s
user	0m0.638s
sys	0m0.004s
 
109.241 111.7864 142.1856 145.251

real	0m0.976s
user	0m0.974s
sys	0m0.000s
 
1739639.1343 1765026.6362 3156552.835599999 3194056.931000001

real	0m1.621s
user	0m1.617s
sys	0m0.000s
 
40128631.98950006 40455680.77900002 81101463.51099998 81608296.35000008

real	0m1.214s
user	0m1.208s
sys	0m0.002s
 
185145.8628 186726.9552 353878.6176 356259.936

real	0m1.736s
user	0m1.730s
sys	0m0.001s
 
5650057.303000003 5674398.905999999 11835110.684 11873364.25000001

real	0m1.536s
user	0m1.532s
sys	0m0.000s
 
3539227257.462 3543179262.324003 8019509498.519998 8025995052.400001

real	0m0.525s
user	0m0.520s
sys	0m0.003s
 
66219776245.92168 66260257446.05717 151986883006.3699 152053753059.55

real	0m0.653s
user	0m0.640s
sys	0m0.010s
 
166212294937.3991 166288626284.498 382568140639.0098 382694366833.2999

real	0m0.582s
user	0m0.567s
sys	0m0.013s
 
608720333715.4655 608956501509.1871 1405127495482.165 1405518727998.903

real	0m1.253s
user	0m1.222s
sys	0m0.026s
 
1512441.733 1524415.266 2968657.650000001 2986772.5

real	0m0.928s
user	0m0.925s
sys	0m0.000s
 
608720333715.4655 608956501509.1871 1405127495482.165 1405518727998.903

real	0m0.676s
user	0m0.660s
sys	0m0.014s
 
TRANS2
 
8054296.570499997 8377212.617400005 11041896.78059999 11521723.02599998

real	0m1.011s
user	0m1.007s
sys	0m0.001s
 
67005585.50399998 69693523.28640002 92209626.6390001 96222702.65399998

real	0m1.537s
user	0m1.532s
sys	0m0.000s
 
56602.02200000002 58658.48450000003 83130.86099999996 86296.01680000003

real	0m1.081s
user	0m1.077s
sys	0m0.002s
 
297546749.5919997 308581623.7314994 440770097.583 457946307.1219999

real	0m1.529s
user	0m1.524s
sys	0m0.000s
 
8054296.570499997 8144829.910200007 11426434.83180001 11521723.02599998

real	0m0.514s
user	0m0.512s
sys	0m0.001s
 
67005585.50399998 67746880.83150004 95442432.67260008 96222702.65399998

real	0m0.757s
user	0m0.755s
sys	0m0.000s
 
56602.02200000002 56765.4044 86117.12820000002 86296.01680000003

real	0m0.348s
user	0m0.347s
sys	0m0.000s
 
297546749.5919997 299613096.1240003 455678605.3310006 457946307.1219999

real	0m0.480s
user	0m0.478s
sys	0m0.001s
 
301.3441 301.7106 379.168 379.5840000000001

real	0m1.316s
user	0m1.310s
sys	0m0.002s
 
45022.4809 45027.16379999999 57025.89409999999 57031.226

real	0m1.297s
user	0m1.274s
sys	0m0.010s
 
79343.34260000002 79353.49420000002 105856.4262 105868.395

real	0m0.884s
user	0m0.869s
sys	0m0.006s
 
77470.43699999999 77485.73999999999 107948.34 107966.91

real	0m0.760s
user	0m0.750s
sys	0m0.006s
 
109.241 111.7864 142.1856 145.251

real	0m0.878s
user	0m0.875s
sys	0m0.001s
 
1739639.1343 1765026.6362 3156552.835599999 3194056.931000001

real	0m1.281s
user	0m1.277s
sys	0m0.001s
 
40128631.98950006 40455680.77900002 81101463.51099998 81608296.35000008

real	0m0.941s
user	0m0.938s
sys	0m0.000s
 
185145.8628 186726.9552 353878.6176 356259.936

real	0m1.228s
user	0m1.224s
sys	0m0.001s
 
5650057.303000003 5674398.905999999 11835110.684 11873364.25000001

real	0m0.843s
user	0m0.840s
sys	0m0.000s
 
3539227257.462 3543179262.324003 8019509498.519998 8025995052.400001

real	0m0.383s
user	0m0.378s
sys	0m0.004s
 
66219776245.92168 66260257446.05717 151986883006.3699 152053753059.55

real	0m0.410s
user	0m0.397s
sys	0m0.011s
 
166212294937.3991 166288626284.498 382568140639.0098 382694366833.2999

real	0m0.460s
user	0m0.441s
sys	0m0.017s
 
608720333715.4655 608956501509.1871 1405127495482.165 1405518727998.903

real	0m0.972s
user	0m0.940s
sys	0m0.027s
 
1512441.733 1524415.266 2968657.650000001 2986772.5

real	0m0.683s
user	0m0.680s
sys	0m0.001s
 
608720333715.4655 608956501509.1871 1405127495482.165 1405518727998.903

real	0m0.518s
user	0m0.498s
sys	0m0.017s
 
TRANS12
 
8054296.570499997 8377212.617400005 11041896.78059999 11521723.02599998

real	0m0.549s
user	0m0.547s
sys	0m0.000s
 
67005585.50399998 69693523.28640002 92209626.6390001 96222702.65399998

real	0m0.808s
user	0m0.805s
sys	0m0.001s
 
56602.02200000002 58658.48450000003 83130.86099999996 86296.01680000003

real	0m0.394s
user	0m0.392s
sys	0m0.001s
 
297546749.5919997 308581623.7314994 440770097.583 457946307.1219999

real	0m0.507s
user	0m0.506s
sys	0m0.000s
 
8054296.570499997 8144829.910200007 11426434.83180001 11521723.02599998

real	0m0.899s
user	0m0.896s
sys	0m0.001s
 
67005585.50399998 67746880.83150004 95442432.67260008 96222702.65399998

real	0m1.158s
user	0m1.153s
sys	0m0.001s
 
56602.02200000002 56765.4044 86117.12820000002 86296.01680000003

real	0m1.178s
user	0m1.175s
sys	0m0.000s
 
297546749.5919997 299613096.1240003 455678605.3310006 457946307.1219999

real	0m1.151s
user	0m1.146s
sys	0m0.001s
 
301.3441 301.7106 379.168 379.5840000000001

real	0m2.389s
user	0m2.382s
sys	0m0.002s
 
45022.4809 45027.16379999999 57025.89409999999 57031.226

real	0m2.807s
user	0m2.789s
sys	0m0.006s
 
79343.34260000002 79353.49420000002 105856.4262 105868.395

real	0m1.781s
user	0m1.764s
sys	0m0.010s
 
77470.43699999999 77485.73999999999 107948.34 107966.91

real	0m1.602s
user	0m1.591s
sys	0m0.004s
 
109.241 111.7864 142.1856 145.251

real	0m0.958s
user	0m0.954s
sys	0m0.002s
 
1739639.1343 1765026.6362 3156552.835599999 3194056.931000001

real	0m1.170s
user	0m1.166s
sys	0m0.001s
 
40128631.98950006 40455680.77900002 81101463.51099998 81608296.35000008

real	0m0.918s
user	0m0.915s
sys	0m0.000s
 
185145.8628 186726.9552 353878.6176 356259.936

real	0m1.099s
user	0m1.097s
sys	0m0.000s
 
5650057.303000003 5674398.905999999 11835110.684 11873364.25000001

real	0m0.904s
user	0m0.900s
sys	0m0.001s
 
3539227257.462 3543179262.324003 8019509498.519998 8025995052.400001

real	0m0.405s
user	0m0.399s
sys	0m0.004s
 
66219776245.92168 66260257446.05717 151986883006.3699 152053753059.55

real	0m0.563s
user	0m0.552s
sys	0m0.007s
 
166212294937.3991 166288626284.498 382568140639.0098 382694366833.2999

real	0m0.566s
user	0m0.544s
sys	0m0.019s
 
608720333715.4655 608956501509.1871 1405127495482.165 1405518727998.903

real	0m1.238s
user	0m1.203s
sys	0m0.025s
 
SPECIAL
 
0.04840000000000001

real	0m0.465s
user	0m0.462s
sys	0m0.001s
 
0.04840000000000001

real	0m0.485s
user	0m0.483s
sys	0m0.001s
 
0.04840000000000001

real	0m0.304s
user	0m0.303s
sys	0m0.001s
 
53.79660000000001 53.79880000000001 58.68060000000001 58.68280000000001

real	0m1.089s
user	0m1.087s
sys	0m0.000s
 
53.79660000000001 53.79880000000001 58.68060000000001 58.68280000000001

real	0m1.051s
user	0m1.048s
sys	0m0.000s
 
9698907.663399996

real	0m0.890s
user	0m0.887s
sys	0m0.001s
 
9698907.663399996

real	0m0.888s
user	0m0.885s
sys	0m0.001s
 
0.04840000000000001

real	0m0.647s
user	0m0.645s
sys	0m0.000s
 
53.79660000000001 53.79880000000001 58.68060000000001 58.68280000000001

real	0m1.115s
user	0m1.113s
sys	0m0.000s
 
53.79660000000001 53.79880000000001 58.68060000000001 58.68280000000001

real	0m1.085s
user	0m1.082s
sys	0m0.000s
 
9698907.663399996

real	0m0.906s
user	0m0.903s
sys	0m0.001s
 
3948765877.809497 3955170852.914604 5863853434.234404 5870258409.339499

real	0m1.510s
user	0m1.490s
sys	0m0.005s
 
3948765877.809497 3955170852.914604 5863853434.234404 5870258409.339499

real	0m1.527s
user	0m1.508s
sys	0m0.004s
 
0.04840000000000001

real	0m0.697s
user	0m0.696s
sys	0m0.000s
 
53.79660000000001 53.79880000000001 58.68060000000001 58.68280000000001

real	0m1.080s
user	0m1.077s
sys	0m0.000s
 
53.79660000000001 53.79880000000001 58.68060000000001 58.68280000000001

real	0m1.084s
user	0m1.080s
sys	0m0.001s
 
9698907.663399996

real	0m0.909s
user	0m0.905s
sys	0m0.002s
 
3948765877.809497 3955170852.914604 5863853434.234404 5870258409.339499

real	0m1.604s
user	0m1.584s
sys	0m0.004s
 
3948765877.809497 3955170852.914604 5863853434.234404 5870258409.339499

real	0m1.497s
user	0m1.477s
sys	0m0.005s
 
0.04840000000000001

real	0m0.645s
user	0m0.643s
sys	0m0.000s
 
53.79660000000001 53.79880000000001 58.68060000000001 58.68280000000001

real	0m1.108s
user	0m1.104s
sys	0m0.001s
 
53.79660000000001 53.79880000000001 58.68060000000001 58.68280000000001

real	0m1.073s
user	0m1.069s
sys	0m0.001s
 
9698907.663399996

real	0m0.899s
user	0m0.897s
sys	0m0.000s
 
3948765877.809497 3955170852.914604 5863853434.234404 5870258409.339499

real	0m1.577s
user	0m1.486s
sys	0m0.004s
 
3948765877.809497 3955170852.914604 5863853434.234404 5870258409.339499

real	0m1.516s
user	0m1.495s
sys	0m0.005s
 
0.04840000000000001

real	0m0.707s
user	0m0.704s
sys	0m0.001s
 
53.79660000000001 53.79880000000001 58.68060000000001 58.68280000000001

real	0m1.120s
user	0m1.116s
sys	0m0.001s
 
53.79660000000001 53.79880000000001 58.68060000000001 58.68280000000001

real	0m1.114s
user	0m1.111s
sys	0m0.000s
 
9698907.663399996

real	0m0.901s
user	0m0.898s
sys	0m0.001s
 
3948765877.809497 3955170852.914604 5863853434.234404 5870258409.339499

real	0m1.510s
user	0m1.492s
sys	0m0.004s
 
3948765877.809497 3955170852.914604 5863853434.234404 5870258409.339499

real	0m1.505s
user	0m1.487s
sys	0m0.004s
 
3037.1121 3037.6632 3611.409 3612.01

real	0m0.933s
user	0m0.927s
sys	0m0.002s
 
3037.1121 3037.6632 3611.409 3612.01

real	0m0.925s
user	0m0.918s
sys	0m0.003s
 
3037.1121 3037.6632 3611.409 3612.01

real	0m0.925s
user	0m0.919s
sys	0m0.003s
 
3037.1121 3037.6632 3611.409 3612.01

real	0m0.950s
user	0m0.944s
sys	0m0.002s
 
SEQUENCE
 
37624.35618 38872.44188 52954.76458 54712.31628

real	0m0.603s
user	0m0.600s
sys	0m0.001s
 
4350478614.186048 4405620767.888449 7321622135.843186 7393481577.214199

real	0m0.528s
user	0m0.527s
sys	0m0.000s
 
48832437279.8918 49241016265.74157 88512227219.28583 89040617812.03206

real	0m2.159s
user	0m2.151s
sys	0m0.001s
 
18696443068.18007 18840087100.15867 37617583432.7108 37823564976.3486

real	0m0.608s
user	0m0.605s
sys	0m0.001s
 
4.901614166865179e+18 4.912723296455448e+18 1.084442578747924e+19 1.086100449795465e+19

real	0m0.399s
user	0m0.393s
sys	0m0.004s
 
1.647418946230568e+16 1.649160037624473e+16 3.768465979697054e+16 3.771108024027194e+16

real	0m0.595s
user	0m0.587s
sys	0m0.005s
 
4.48881116501821e+17 4.490640601531962e+17 1.03730934601686e+18 1.03758774958278e+18

real	0m0.428s
user	0m0.408s
sys	0m0.018s
 
4.48881116501821e+17 4.490640601531962e+17 1.03730934601686e+18 1.03758774958278e+18

real	0m1.048s
user	0m1.021s
sys	0m0.023s
 
4.48881116501821e+17 4.490640601531962e+17 1.03730934601686e+18 1.03758774958278e+18

real	0m1.152s
user	0m1.130s
sys	0m0.018s
 
8.382424294553979e+29 8.385850640122295e+29 1.937388035390321e+30 1.93790724339292e+30

real	0m0.472s
user	0m0.445s
sys	0m0.025s
 
8.382424294553979e+29 8.385850640122295e+29 1.937388035390321e+30 1.93790724339292e+30

real	0m0.660s
user	0m0.642s
sys	0m0.016s
 
8.382424294553979e+29 8.385850640122295e+29 1.937388035390321e+30 1.93790724339292e+30

real	0m0.675s
user	0m0.648s
sys	0m0.024s
 
8.382424294553979e+29 8.385850640122295e+29 1.937388035390321e+30 1.93790724339292e+30

real	0m0.666s
user	0m0.649s
sys	0m0.014s
 
8.382424294553979e+29 8.385850640122295e+29 1.937388035390321e+30 1.93790724339292e+30

real	0m0.628s
user	0m0.608s
sys	0m0.017s
 
8.382424294553979e+29 8.385850640122295e+29 1.937388035390321e+30 1.93790724339292e+30

real	0m0.638s
user	0m0.618s
sys	0m0.018s
 
374124590164.9393 378323909405.297 483306890414.2386 487506209654.5964

real	0m0.543s
user	0m0.541s
sys	0m0.000s
 
8003498375443.188 8040830216224.574 11400695886549.59 11438027727330.98

real	0m0.608s
user	0m0.605s
sys	0m0.001s
 
467292080353.7709 473215316635.7608 603526514839.5372 609449751121.5272

real	0m0.483s
user	0m0.481s
sys	0m0.000s
 
22856685758006.32 23032721850853.32 32186598678896.97 32362634771743.98

real	0m0.586s
user	0m0.583s
sys	0m0.002s
