 
SCALAR_VEC
 
0.5808000000000001 0.5830000000000002 0.6270000000000002 0.6292000000000002

real	0m0.549s
user	0m0.547s
sys	0m0.001s
 
46.0284 46.03060000000001 50.20620000000001 50.2084

real	0m0.360s
user	0m0.358s
sys	0m0.001s
 
29876.5456 29876.5478 32592.58860000001 32592.59080000001

real	0m0.562s
user	0m0.545s
sys	0m0.011s
 
VEC_VEC
 
174.0387

real	0m0.897s
user	0m0.894s
sys	0m0.001s
 
9698907.663399996

real	0m0.881s
user	0m0.879s
sys	0m0.000s
 
24900423491.09201

real	0m1.243s
user	0m1.239s
sys	0m0.001s
 
24900741320632.71

real	0m1.250s
user	0m1.243s
sys	0m0.003s
 
2.490083360868967e+16

real	0m1.467s
user	0m1.440s
sys	0m0.014s
 
VEC_MAT
 
178.7929000000001 178.8030000000001 201.2149000000001 201.2250000000001

real	0m0.684s
user	0m0.682s
sys	0m0.001s
 
992.6821000000002 992.6922000000003 1117.3464 1117.3565

real	0m0.448s
user	0m0.446s
sys	0m0.001s
 
390.3932 390.4204 450.7772000000001 450.8044

real	0m1.677s
user	0m1.673s
sys	0m0.000s
 
2166.9797 2167.0069 2502.7093 2502.7365

real	0m1.063s
user	0m1.059s
sys	0m0.001s
 
157975690.7399002 164380665.8450001

real	0m0.462s
user	0m0.461s
sys	0m0.000s
 
27065907086.64726 28163538210.734

real	0m0.514s
user	0m0.511s
sys	0m0.001s
 
128614163.4402999 133441028.6953997 138267893.9505

real	0m0.421s
user	0m0.419s
sys	0m0.001s
 
17202407856.50187 17848340807.38918 18494273758.27599

real	0m0.445s
user	0m0.442s
sys	0m0.001s
 
2.2266 2.2836 2.3406 2.397600000000001

real	0m0.357s
user	0m0.355s
sys	0m0.001s
 
73.52180000000001 74.6944 86.4204 87.59300000000002

real	0m1.013s
user	0m1.010s
sys	0m0.000s
 
609.1862 615.0844000000001 774.3358000000001 780.2340000000002

real	0m1.521s
user	0m1.518s
sys	0m0.000s
 
31020069.53999998 31057579.07999998 45948866.45999996 45986376.00000001

real	0m1.693s
user	0m1.687s
sys	0m0.001s
 
3948765877.809497 3955170852.914604 5863853434.234404 5870258409.339499

real	0m1.971s
user	0m1.946s
sys	0m0.004s
 
629070346650.9426 630167977775.031 934211799147.1235 935309430271.2021

real	0m1.295s
user	0m1.267s
sys	0m0.015s
 
72549439.0166 72565446.85879999 108086848.7006 108102856.5428001

real	0m2.383s
user	0m2.357s
sys	0m0.003s
 
324096005.6180002 324108897.3359997 483218480.892 483231372.6099998

real	0m1.373s
user	0m1.347s
sys	0m0.012s
 
10829665.1294 10829701.4254 15310551.5134 15310587.8094

real	0m1.033s
user	0m0.999s
sys	0m0.024s
 
107135690886248 108233331157370.3 147748380917728.1 148846021188851.3

real	0m0.812s
user	0m0.784s
sys	0m0.019s
 
MAT_VEC
 
178.7929000000001 178.8030000000001 201.2149000000001 201.2250000000001

real	0m0.597s
user	0m0.595s
sys	0m0.001s
 
992.6821000000002 992.6922000000003 1117.3464 1117.3565

real	0m0.446s
user	0m0.444s
sys	0m0.000s
 
390.3932 390.4204 450.7772000000001 450.8044

real	0m0.863s
user	0m0.860s
sys	0m0.001s
 
2166.9797 2167.0069 2502.7093 2502.7365

real	0m0.746s
user	0m0.743s
sys	0m0.001s
 
157975690.7399002 164380665.8450001

real	0m0.449s
user	0m0.447s
sys	0m0.001s
 
27065907086.64726 28163538210.734

real	0m0.500s
user	0m0.497s
sys	0m0.001s
 
128614163.4402999 133441028.6953997 138267893.9505

real	0m0.413s
user	0m0.410s
sys	0m0.002s
 
17202407856.50187 17848340807.38918 18494273758.27599

real	0m0.464s
user	0m0.463s
sys	0m0.000s
 
2.2266 2.2836 2.3406 2.397600000000001

real	0m0.210s
user	0m0.209s
sys	0m0.000s
 
73.52180000000001 74.6944 86.4204 87.59300000000002

real	0m0.825s
user	0m0.822s
sys	0m0.002s
 
609.1862 615.0844000000001 774.3358000000001 780.2340000000002

real	0m0.852s
user	0m0.849s
sys	0m0.001s
 
31020069.53999998 31057579.07999998 45948866.45999996 45986376.00000001

real	0m1.476s
user	0m1.470s
sys	0m0.002s
 
3948765877.809497 3955170852.914604 5863853434.234404 5870258409.339499

real	0m1.990s
user	0m1.967s
sys	0m0.004s
 
629070346650.9426 630167977775.031 934211799147.1235 935309430271.2021

real	0m1.187s
user	0m1.161s
sys	0m0.014s
 
72549439.0166 72565446.85879999 108086848.7006 108102856.5428001

real	0m1.824s
user	0m1.803s
sys	0m0.004s
 
324096005.6180002 324108897.3359997 483218480.892 483231372.6099998

real	0m1.206s
user	0m1.181s
sys	0m0.013s
 
10829665.1294 10829701.4254 15310551.5134 15310587.8094

real	0m0.834s
user	0m0.805s
sys	0m0.020s
 
107135690886248 108233331157370.3 147748380917728.1 148846021188851.3

real	0m0.813s
user	0m0.785s
sys	0m0.020s
 
OUTER
 
101.277 104.346 110.4774 113.8252

real	0m1.784s
user	0m1.779s
sys	0m0.001s
 
96.84840000000001 99.04950000000002 108.045 110.446

real	0m1.835s
user	0m1.830s
sys	0m0.000s
 
94.13800000000002 95.84960000000002 106.419 108.286

real	0m1.825s
user	0m1.820s
sys	0m0.001s
 
14.5684 14.5728 16.60140000000001 16.606

real	0m0.646s
user	0m0.645s
sys	0m0.000s
 
10.164 10.2025 11.913 11.9548

real	0m0.697s
user	0m0.693s
sys	0m0.002s
 
955.9242 956.3004 1135.8438 1136.254

real	0m1.155s
user	0m1.150s
sys	0m0.001s
 
86477.05440000001 86480.57660000001 102897.9582 102901.8004

real	0m1.127s
user	0m1.087s
sys	0m0.030s
 
27312.9912 27313.3443 32486.685 32487.07

real	0m0.682s
user	0m0.667s
sys	0m0.008s
 
MAT_MAT
 
8054296.570499997 8377212.617400005 11041896.78059999 11521723.02599998

real	0m0.899s
user	0m0.896s
sys	0m0.001s
 
67005585.50399998 69693523.28640002 92209626.6390001 96222702.65399998

real	0m1.159s
user	0m1.155s
sys	0m0.001s
 
56602.02200000002 58658.48450000003 83130.86099999996 86296.01680000003

real	0m1.220s
user	0m1.217s
sys	0m0.000s
 
297546749.5919997 308581623.7314994 440770097.583 457946307.1219999

real	0m1.335s
user	0m1.330s
sys	0m0.002s
 
8054296.570499997 8144829.910200007 11426434.83180001 11521723.02599998

real	0m0.580s
user	0m0.578s
sys	0m0.000s
 
67005585.50399998 67746880.83150004 95442432.67260008 96222702.65399998

real	0m0.843s
user	0m0.839s
sys	0m0.001s
 
56602.02200000002 56765.4044 86117.12820000002 86296.01680000003

real	0m0.366s
user	0m0.365s
sys	0m0.000s
 
297546749.5919997 299613096.1240003 455678605.3310006 457946307.1219999

real	0m0.498s
user	0m0.494s
sys	0m0.002s
 
301.3441 301.7106 379.168 379.5840000000001

real	0m1.328s
user	0m1.324s
sys	0m0.001s
 
45022.4809 45027.16379999999 57025.89409999999 57031.226

real	0m1.293s
user	0m1.274s
sys	0m0.006s
 
79343.34260000002 79353.49420000002 105856.4262 105868.395

real	0m0.885s
user	0m0.868s
sys	0m0.008s
 
77470.43699999999 77485.73999999999 107948.34 107966.91

real	0m0.744s
user	0m0.735s
sys	0m0.004s
 
109.241 111.7864 142.1856 145.251

real	0m1.146s
user	0m1.143s
sys	0m0.001s
 
1739639.1343 1765026.6362 3156552.835599999 3194056.931000001

real	0m1.357s
user	0m1.353s
sys	0m0.001s
 
40128631.98950006 40455680.77900002 81101463.51099998 81608296.35000008

real	0m0.900s
user	0m0.897s
sys	0m0.000s
 
185145.8628 186726.9552 353878.6176 356259.936

real	0m1.252s
user	0m1.248s
sys	0m0.001s
 
5650057.303000003 5674398.905999999 11835110.684 11873364.25000001

real	0m0.954s
user	0m0.875s
sys	0m0.001s
 
3539227257.462 3543179262.324003 8019509498.519998 8025995052.400001

real	0m0.376s
user	0m0.374s
sys	0m0.000s
 
66219776245.92168 66260257446.05717 151986883006.3699 152053753059.55

real	0m0.412s
user	0m0.397s
sys	0m0.013s
 
166212294937.3991 166288626284.498 382568140639.0098 382694366833.2999

real	0m0.435s
user	0m0.417s
sys	0m0.016s
 
608720333715.4655 608956501509.1871 1405127495482.165 1405518727998.903

real	0m0.894s
user	0m0.864s
sys	0m0.026s
 
TRANS1
 
8054296.570499997 8377212.617400005 11041896.78059999 11521723.02599998

real	0m0.949s
user	0m0.947s
sys	0m0.000s
 
67005585.50399998 69693523.28640002 92209626.6390001 96222702.65399998

real	0m1.247s
user	0m1.243s
sys	0m0.000s
 
56602.02200000002 58658.48450000003 83130.86099999996 86296.01680000003

real	0m0.874s
user	0m0.871s
sys	0m0.001s
 
297546749.5919997 308581623.7314994 440770097.583 457946307.1219999

real	0m0.972s
user	0m0.968s
sys	0m0.000s
 
8054296.570499997 8144829.910200007 11426434.83180001 11521723.02599998

real	0m0.780s
user	0m0.777s
sys	0m0.001s
 
67005585.50399998 67746880.83150004 95442432.67260008 96222702.65399998

real	0m1.021s
user	0m1.018s
sys	0m0.000s
 
56602.02200000002 56765.4044 86117.12820000002 86296.01680000003

real	0m0.802s
user	0m0.799s
sys	0m0.001s
 
297546749.5919997 299613096.1240003 455678605.3310006 457946307.1219999

real	0m0.886s
user	0m0.882s
sys	0m0.002s
 
301.3441 301.7106 379.168 379.5840000000001

real	0m0.962s
user	0m0.839s
sys	0m0.001s
 
45022.4809 45027.16379999999 57025.89409999999 57031.226

real	0m1.062s
user	0m1.043s
sys	0m0.009s
 
79343.34260000002 79353.49420000002 105856.4262 105868.395

real	0m0.869s
user	0m0.856s
sys	0m0.007s
 
77470.43699999999 77485.73999999999 107948.34 107966.91

real	0m0.647s
user	0m0.640s
sys	0m0.003s
 
109.241 111.7864 142.1856 145.251

real	0m0.992s
user	0m0.990s
sys	0m0.000s
 
1739639.1343 1765026.6362 3156552.835599999 3194056.931000001

real	0m1.620s
user	0m1.616s
sys	0m0.000s
 
40128631.98950006 40455680.77900002 81101463.51099998 81608296.35000008

real	0m1.214s
user	0m1.210s
sys	0m0.000s
 
185145.8628 186726.9552 353878.6176 356259.936

real	0m1.738s
user	0m1.732s
sys	0m0.001s
 
5650057.303000003 5674398.905999999 11835110.684 11873364.25000001

real	0m1.535s
user	0m1.529s
sys	0m0.001s
 
3539227257.462 3543179262.324003 8019509498.519998 8025995052.400001

real	0m0.526s
user	0m0.520s
sys	0m0.004s
 
66219776245.92168 66260257446.05717 151986883006.3699 152053753059.55

real	0m0.652s
user	0m0.638s
sys	0m0.012s
 
166212294937.3991 166288626284.498 382568140639.0098 382694366833.2999

real	0m0.582s
user	0m0.562s
sys	0m0.018s
 
608720333715.4655 608956501509.1871 1405127495482.165 1405518727998.903

real	0m1.254s
user	0m1.230s
sys	0m0.019s
 
1512441.733 1524415.266 2968657.650000001 2986772.5

real	0m0.928s
user	0m0.923s
sys	0m0.002s
 
608720333715.4655 608956501509.1871 1405127495482.165 1405518727998.903

real	0m0.677s
user	0m0.660s
sys	0m0.014s
 
TRANS2
 
8054296.570499997 8377212.617400005 11041896.78059999 11521723.02599998

real	0m1.012s
user	0m1.009s
sys	0m0.000s
 
67005585.50399998 69693523.28640002 92209626.6390001 96222702.65399998

real	0m1.779s
user	0m1.772s
sys	0m0.002s
 
56602.02200000002 58658.48450000003 83130.86099999996 86296.01680000003

real	0m1.087s
user	0m1.084s
sys	0m0.000s
 
297546749.5919997 308581623.7314994 440770097.583 457946307.1219999

real	0m1.539s
user	0m1.534s
sys	0m0.000s
 
8054296.570499997 8144829.910200007 11426434.83180001 11521723.02599998

real	0m0.559s
user	0m0.556s
sys	0m0.001s
 
67005585.50399998 67746880.83150004 95442432.67260008 96222702.65399998

real	0m0.748s
user	0m0.745s
sys	0m0.001s
 
56602.02200000002 56765.4044 86117.12820000002 86296.01680000003

real	0m0.363s
user	0m0.361s
sys	0m0.001s
 
297546749.5919997 299613096.1240003 455678605.3310006 457946307.1219999

real	0m0.484s
user	0m0.480s
sys	0m0.002s
 
301.3441 301.7106 379.168 379.5840000000001

real	0m1.314s
user	0m1.309s
sys	0m0.001s
 
45022.4809 45027.16379999999 57025.89409999999 57031.226

real	0m1.298s
user	0m1.280s
sys	0m0.005s
 
79343.34260000002 79353.49420000002 105856.4262 105868.395

real	0m0.886s
user	0m0.868s
sys	0m0.010s
 
77470.43699999999 77485.73999999999 107948.34 107966.91

real	0m0.759s
user	0m0.749s
sys	0m0.005s
 
109.241 111.7864 142.1856 145.251

real	0m0.881s
user	0m0.879s
sys	0m0.000s
 
1739639.1343 1765026.6362 3156552.835599999 3194056.931000001

real	0m1.282s
user	0m1.279s
sys	0m0.000s
 
40128631.98950006 40455680.77900002 81101463.51099998 81608296.35000008

real	0m0.945s
user	0m0.940s
sys	0m0.002s
 
185145.8628 186726.9552 353878.6176 356259.936

real	0m1.225s
user	0m1.222s
sys	0m0.000s
 
5650057.303000003 5674398.905999999 11835110.684 11873364.25000001

real	0m0.872s
user	0m0.868s
sys	0m0.001s
 
3539227257.462 3543179262.324003 8019509498.519998 8025995052.400001

real	0m0.377s
user	0m0.372s
sys	0m0.003s
 
66219776245.92168 66260257446.05717 151986883006.3699 152053753059.55

real	0m0.414s
user	0m0.400s
sys	0m0.012s
 
166212294937.3991 166288626284.498 382568140639.0098 382694366833.2999

real	0m0.461s
user	0m0.439s
sys	0m0.019s
 
608720333715.4655 608956501509.1871 1405127495482.165 1405518727998.903

real	0m0.971s
user	0m0.942s
sys	0m0.024s
 
1512441.733 1524415.266 2968657.650000001 2986772.5

real	0m0.690s
user	0m0.687s
sys	0m0.001s
 
608720333715.4655 608956501509.1871 1405127495482.165 1405518727998.903

real	0m0.517s
user	0m0.501s
sys	0m0.014s
 
TRANS12
 
8054296.570499997 8377212.617400005 11041896.78059999 11521723.02599998

real	0m0.581s
user	0m0.579s
sys	0m0.000s
 
67005585.50399998 69693523.28640002 92209626.6390001 96222702.65399998

real	0m0.850s
user	0m0.848s
sys	0m0.000s
 
56602.02200000002 58658.48450000003 83130.86099999996 86296.01680000003

real	0m0.396s
user	0m0.393s
sys	0m0.002s
 
297546749.5919997 308581623.7314994 440770097.583 457946307.1219999

real	0m0.502s
user	0m0.499s
sys	0m0.001s
 
8054296.570499997 8144829.910200007 11426434.83180001 11521723.02599998

real	0m0.898s
user	0m0.896s
sys	0m0.000s
 
67005585.50399998 67746880.83150004 95442432.67260008 96222702.65399998

real	0m1.158s
user	0m1.154s
sys	0m0.001s
 
56602.02200000002 56765.4044 86117.12820000002 86296.01680000003

real	0m1.262s
user	0m1.258s
sys	0m0.001s
 
297546749.5919997 299613096.1240003 455678605.3310006 457946307.1219999

real	0m1.180s
user	0m1.175s
sys	0m0.001s
 
301.3441 301.7106 379.168 379.5840000000001

real	0m2.426s
user	0m2.419s
sys	0m0.001s
 
45022.4809 45027.16379999999 57025.89409999999 57031.226

real	0m2.717s
user	0m2.698s
sys	0m0.007s
 
79343.34260000002 79353.49420000002 105856.4262 105868.395

real	0m1.847s
user	0m1.830s
sys	0m0.007s
 
77470.43699999999 77485.73999999999 107948.34 107966.91

real	0m1.621s
user	0m1.607s
sys	0m0.007s
 
109.241 111.7864 142.1856 145.251

real	0m1.105s
user	0m1.102s
sys	0m0.001s
 
1739639.1343 1765026.6362 3156552.835599999 3194056.931000001

real	0m1.230s
user	0m1.226s
sys	0m0.001s
 
40128631.98950006 40455680.77900002 81101463.51099998 81608296.35000008

real	0m0.855s
user	0m0.851s
sys	0m0.001s
 
185145.8628 186726.9552 353878.6176 356259.936

real	0m1.126s
user	0m1.123s
sys	0m0.000s
 
5650057.303000003 5674398.905999999 11835110.684 11873364.25000001

real	0m0.926s
user	0m0.922s
sys	0m0.001s
 
3539227257.462 3543179262.324003 8019509498.519998 8025995052.400001

real	0m0.411s
user	0m0.406s
sys	0m0.004s
 
66219776245.92168 66260257446.05717 151986883006.3699 152053753059.55

real	0m0.579s
user	0m0.563s
sys	0m0.013s
 
166212294937.3991 166288626284.498 382568140639.0098 382694366833.2999

real	0m0.590s
user	0m0.579s
sys	0m0.007s
 
608720333715.4655 608956501509.1871 1405127495482.165 1405518727998.903

real	0m1.251s
user	0m1.219s
sys	0m0.023s
 
SPECIAL
 
0.04840000000000001

real	0m0.465s
user	0m0.463s
sys	0m0.000s
 
0.04840000000000001

real	0m0.486s
user	0m0.484s
sys	0m0.000s
 
0.04840000000000001

real	0m0.303s
user	0m0.301s
sys	0m0.001s
 
53.79660000000001 53.79880000000001 58.68060000000001 58.68280000000001

real	0m1.062s
user	0m1.057s
sys	0m0.002s
 
53.79660000000001 53.79880000000001 58.68060000000001 58.68280000000001

real	0m1.065s
user	0m1.062s
sys	0m0.000s
 
9698907.663399996

real	0m0.890s
user	0m0.887s
sys	0m0.001s
 
9698907.663399996

real	0m0.890s
user	0m0.886s
sys	0m0.002s
 
0.04840000000000001

real	0m0.645s
user	0m0.643s
sys	0m0.001s
 
53.79660000000001 53.79880000000001 58.68060000000001 58.68280000000001

real	0m1.084s
user	0m1.082s
sys	0m0.000s
 
53.79660000000001 53.79880000000001 58.68060000000001 58.68280000000001

real	0m1.087s
user	0m1.084s
sys	0m0.001s
 
9698907.663399996

real	0m0.898s
user	0m0.895s
sys	0m0.001s
 
3948765877.809497 3955170852.914604 5863853434.234404 5870258409.339499

real	0m1.609s
user	0m1.477s
sys	0m0.003s
 
3948765877.809497 3955170852.914604 5863853434.234404 5870258409.339499

real	0m1.594s
user	0m1.573s
sys	0m0.004s
 
0.04840000000000001

real	0m0.704s
user	0m0.701s
sys	0m0.001s
 
53.79660000000001 53.79880000000001 58.68060000000001 58.68280000000001

real	0m1.092s
user	0m1.089s
sys	0m0.000s
 
53.79660000000001 53.79880000000001 58.68060000000001 58.68280000000001

real	0m1.071s
user	0m1.069s
sys	0m0.000s
 
9698907.663399996

real	0m0.900s
user	0m0.897s
sys	0m0.001s
 
3948765877.809497 3955170852.914604 5863853434.234404 5870258409.339499

real	0m1.500s
user	0m1.482s
sys	0m0.003s
 
3948765877.809497 3955170852.914604 5863853434.234404 5870258409.339499

real	0m1.509s
user	0m1.489s
sys	0m0.004s
 
0.04840000000000001

real	0m0.665s
user	0m0.662s
sys	0m0.001s
 
53.79660000000001 53.79880000000001 58.68060000000001 58.68280000000001

real	0m1.140s
user	0m1.136s
sys	0m0.001s
 
53.79660000000001 53.79880000000001 58.68060000000001 58.68280000000001

real	0m1.099s
user	0m1.096s
sys	0m0.001s
 
9698907.663399996

real	0m0.898s
user	0m0.897s
sys	0m0.000s
 
3948765877.809497 3955170852.914604 5863853434.234404 5870258409.339499

real	0m1.537s
user	0m1.518s
sys	0m0.004s
 
3948765877.809497 3955170852.914604 5863853434.234404 5870258409.339499

real	0m1.502s
user	0m1.484s
sys	0m0.003s
 
0.04840000000000001

real	0m0.707s
user	0m0.705s
sys	0m0.000s
 
53.79660000000001 53.79880000000001 58.68060000000001 58.68280000000001

real	0m1.151s
user	0m1.146s
sys	0m0.002s
 
53.79660000000001 53.79880000000001 58.68060000000001 58.68280000000001

real	0m1.063s
user	0m1.059s
sys	0m0.001s
 
9698907.663399996

real	0m0.903s
user	0m0.901s
sys	0m0.000s
 
3948765877.809497 3955170852.914604 5863853434.234404 5870258409.339499

real	0m1.503s
user	0m1.485s
sys	0m0.004s
 
3948765877.809497 3955170852.914604 5863853434.234404 5870258409.339499

real	0m1.508s
user	0m1.488s
sys	0m0.005s
 
3037.1121 3037.6632 3611.409 3612.01

real	0m0.923s
user	0m0.918s
sys	0m0.002s
 
3037.1121 3037.6632 3611.409 3612.01

real	0m0.914s
user	0m0.910s
sys	0m0.001s
 
3037.1121 3037.6632 3611.409 3612.01

real	0m0.927s
user	0m0.921s
sys	0m0.002s
 
3037.1121 3037.6632 3611.409 3612.01

real	0m0.917s
user	0m0.911s
sys	0m0.002s
 
SEQUENCE
 
37624.35618 38872.44188 52954.76458 54712.31628

real	0m0.602s
user	0m0.600s
sys	0m0.001s
 
4350478614.186048 4405620767.888449 7321622135.843186 7393481577.214199

real	0m0.565s
user	0m0.564s
sys	0m0.000s
 
48832437279.8918 49241016265.74157 88512227219.28583 89040617812.03206

real	0m2.223s
user	0m2.215s
sys	0m0.001s
 
18696443068.18007 18840087100.15867 37617583432.7108 37823564976.3486

real	0m0.605s
user	0m0.602s
sys	0m0.001s
 
4.901614166865179e+18 4.912723296455448e+18 1.084442578747924e+19 1.086100449795465e+19

real	0m0.396s
user	0m0.390s
sys	0m0.004s
 
1.647418946230568e+16 1.649160037624473e+16 3.768465979697054e+16 3.771108024027194e+16

real	0m0.577s
user	0m0.568s
sys	0m0.006s
 
4.48881116501821e+17 4.490640601531962e+17 1.03730934601686e+18 1.03758774958278e+18

real	0m0.421s
user	0m0.400s
sys	0m0.019s
 
4.48881116501821e+17 4.490640601531962e+17 1.03730934601686e+18 1.03758774958278e+18

real	0m1.045s
user	0m1.023s
sys	0m0.018s
 
4.48881116501821e+17 4.490640601531962e+17 1.03730934601686e+18 1.03758774958278e+18

real	0m1.152s
user	0m1.132s
sys	0m0.015s
 
8.382424294553979e+29 8.385850640122295e+29 1.937388035390321e+30 1.93790724339292e+30

real	0m0.462s
user	0m0.438s
sys	0m0.022s
 
8.382424294553979e+29 8.385850640122295e+29 1.937388035390321e+30 1.93790724339292e+30

real	0m0.658s
user	0m0.638s
sys	0m0.018s
 
8.382424294553979e+29 8.385850640122295e+29 1.937388035390321e+30 1.93790724339292e+30

real	0m0.675s
user	0m0.653s
sys	0m0.020s
 
8.382424294553979e+29 8.385850640122295e+29 1.937388035390321e+30 1.93790724339292e+30

real	0m0.667s
user	0m0.642s
sys	0m0.022s
 
8.382424294553979e+29 8.385850640122295e+29 1.937388035390321e+30 1.93790724339292e+30

real	0m0.627s
user	0m0.602s
sys	0m0.022s
 
8.382424294553979e+29 8.385850640122295e+29 1.937388035390321e+30 1.93790724339292e+30

real	0m0.637s
user	0m0.617s
sys	0m0.018s
 
374124590164.9393 378323909405.297 483306890414.2386 487506209654.5964

real	0m0.580s
user	0m0.578s
sys	0m0.000s
 
8003498375443.188 8040830216224.574 11400695886549.59 11438027727330.98

real	0m0.608s
user	0m0.605s
sys	0m0.001s
 
467292080353.7709 473215316635.7608 603526514839.5372 609449751121.5272

real	0m0.474s
user	0m0.472s
sys	0m0.001s
 
22856685758006.32 23032721850853.32 32186598678896.97 32362634771743.98

real	0m0.603s
user	0m0.599s
sys	0m0.002s
