 
SCALAR_VEC
 
0.5808000000000001 0.5830000000000002 0.6270000000000002 0.6292000000000002

real	0m0.488s
user	0m0.485s
sys	0m0.002s
 
46.0284 46.03060000000001 50.20620000000001 50.2084

real	0m0.348s
user	0m0.346s
sys	0m0.001s
 
29876.5456 29876.5478 32592.58860000001 32592.59080000001

real	0m0.564s
user	0m0.553s
sys	0m0.005s
 
VEC_VEC
 
174.0387

real	0m0.899s
user	0m0.897s
sys	0m0.000s
 
9698907.663399996

real	0m0.880s
user	0m0.877s
sys	0m0.001s
 
24900423491.09201

real	0m1.242s
user	0m1.238s
sys	0m0.001s
 
24900741320632.71

real	0m1.256s
user	0m1.249s
sys	0m0.002s
 
2.490083360868967e+16

real	0m1.444s
user	0m1.420s
sys	0m0.010s
 
VEC_MAT
 
178.7929000000001 178.8030000000001 201.2149000000001 201.2250000000001

real	0m0.685s
user	0m0.684s
sys	0m0.000s
 
992.6821000000002 992.6922000000003 1117.3464 1117.3565

real	0m0.499s
user	0m0.498s
sys	0m0.000s
 
390.3932 390.4204 450.7772000000001 450.8044

real	0m1.788s
user	0m1.676s
sys	0m0.001s
 
2166.9797 2167.0069 2502.7093 2502.7365

real	0m1.062s
user	0m1.058s
sys	0m0.001s
 
157975690.7399002 164380665.8450001

real	0m0.463s
user	0m0.461s
sys	0m0.000s
 
27065907086.64726 28163538210.734

real	0m0.513s
user	0m0.511s
sys	0m0.001s
 
128614163.4402999 133441028.6953997 138267893.9505

real	0m0.423s
user	0m0.422s
sys	0m0.000s
 
17202407856.50187 17848340807.38918 18494273758.27599

real	0m0.445s
user	0m0.442s
sys	0m0.001s
 
2.2266 2.2836 2.3406 2.397600000000001

real	0m0.359s
user	0m0.357s
sys	0m0.001s
 
73.52180000000001 74.6944 86.4204 87.59300000000002

real	0m1.151s
user	0m1.149s
sys	0m0.000s
 
609.1862 615.0844000000001 774.3358000000001 780.2340000000002

real	0m1.518s
user	0m1.513s
sys	0m0.001s
 
31020069.53999998 31057579.07999998 45948866.45999996 45986376.00000001

real	0m1.694s
user	0m1.688s
sys	0m0.001s
 
3948765877.809497 3955170852.914604 5863853434.234404 5870258409.339499

real	0m2.122s
user	0m2.097s
sys	0m0.004s
 
629070346650.9426 630167977775.031 934211799147.1235 935309430271.2021

real	0m1.293s
user	0m1.264s
sys	0m0.016s
 
72549439.0166 72565446.85879999 108086848.7006 108102856.5428001

real	0m2.678s
user	0m2.647s
sys	0m0.004s
 
324096005.6180002 324108897.3359997 483218480.892 483231372.6099998

real	0m1.378s
user	0m1.346s
sys	0m0.018s
 
10829665.1294 10829701.4254 15310551.5134 15310587.8094

real	0m1.035s
user	0m1.001s
sys	0m0.024s
 
107135690886248 108233331157370.3 147748380917728.1 148846021188851.3

real	0m0.813s
user	0m0.783s
sys	0m0.021s
 
MAT_VEC
 
178.7929000000001 178.8030000000001 201.2149000000001 201.2250000000001

real	0m0.591s
user	0m0.589s
sys	0m0.001s
 
992.6821000000002 992.6922000000003 1117.3464 1117.3565

real	0m0.402s
user	0m0.399s
sys	0m0.002s
 
390.3932 390.4204 450.7772000000001 450.8044

real	0m0.853s
user	0m0.851s
sys	0m0.000s
 
2166.9797 2167.0069 2502.7093 2502.7365

real	0m0.714s
user	0m0.711s
sys	0m0.001s
 
157975690.7399002 164380665.8450001

real	0m0.448s
user	0m0.446s
sys	0m0.001s
 
27065907086.64726 28163538210.734

real	0m0.499s
user	0m0.497s
sys	0m0.001s
 
128614163.4402999 133441028.6953997 138267893.9505

real	0m0.413s
user	0m0.412s
sys	0m0.000s
 
17202407856.50187 17848340807.38918 18494273758.27599

real	0m0.465s
user	0m0.463s
sys	0m0.001s
 
2.2266 2.2836 2.3406 2.397600000000001

real	0m0.197s
user	0m0.195s
sys	0m0.002s
 
73.52180000000001 74.6944 86.4204 87.59300000000002

real	0m0.830s
user	0m0.828s
sys	0m0.000s
 
609.1862 615.0844000000001 774.3358000000001 780.2340000000002

real	0m0.851s
user	0m0.849s
sys	0m0.000s
 
31020069.53999998 31057579.07999998 45948866.45999996 45986376.00000001

real	0m1.476s
user	0m1.468s
sys	0m0.003s
 
3948765877.809497 3955170852.914604 5863853434.234404 5870258409.339499

real	0m2.229s
user	0m2.205s
sys	0m0.002s
 
629070346650.9426 630167977775.031 934211799147.1235 935309430271.2021

real	0m1.203s
user	0m1.177s
sys	0m0.014s
 
72549439.0166 72565446.85879999 108086848.7006 108102856.5428001

real	0m1.960s
user	0m1.937s
sys	0m0.004s
 
324096005.6180002 324108897.3359997 483218480.892 483231372.6099998

real	0m1.193s
user	0m1.166s
sys	0m0.016s
 
10829665.1294 10829701.4254 15310551.5134 15310587.8094

real	0m0.836s
user	0m0.809s
sys	0m0.019s
 
107135690886248 108233331157370.3 147748380917728.1 148846021188851.3

real	0m0.815s
user	0m0.789s
sys	0m0.018s
 
OUTER
 
101.277 104.346 110.4774 113.8252

real	0m1.790s
user	0m1.786s
sys	0m0.000s
 
96.84840000000001 99.04950000000002 108.045 110.446

real	0m1.834s
user	0m1.830s
sys	0m0.000s
 
94.13800000000002 95.84960000000002 106.419 108.286

real	0m1.825s
user	0m1.820s
sys	0m0.001s
 
14.5684 14.5728 16.60140000000001 16.606

real	0m0.645s
user	0m0.642s
sys	0m0.001s
 
10.164 10.2025 11.913 11.9548

real	0m0.699s
user	0m0.696s
sys	0m0.001s
 
955.9242 956.3004 1135.8438 1136.254

real	0m1.157s
user	0m1.152s
sys	0m0.001s
 
86477.05440000001 86480.57660000001 102897.9582 102901.8004

real	0m1.127s
user	0m1.091s
sys	0m0.026s
 
27312.9912 27313.3443 32486.685 32487.07

real	0m0.683s
user	0m0.662s
sys	0m0.014s
 
MAT_MAT
 
8054296.570499997 8377212.617400005 11041896.78059999 11521723.02599998

real	0m0.898s
user	0m0.896s
sys	0m0.000s
 
67005585.50399998 69693523.28640002 92209626.6390001 96222702.65399998

real	0m1.155s
user	0m1.151s
sys	0m0.001s
 
56602.02200000002 58658.48450000003 83130.86099999996 86296.01680000003

real	0m1.226s
user	0m1.223s
sys	0m0.000s
 
297546749.5919997 308581623.7314994 440770097.583 457946307.1219999

real	0m1.320s
user	0m1.315s
sys	0m0.001s
 
8054296.570499997 8144829.910200007 11426434.83180001 11521723.02599998

real	0m0.577s
user	0m0.574s
sys	0m0.001s
 
67005585.50399998 67746880.83150004 95442432.67260008 96222702.65399998

real	0m0.873s
user	0m0.870s
sys	0m0.000s
 
56602.02200000002 56765.4044 86117.12820000002 86296.01680000003

real	0m0.364s
user	0m0.363s
sys	0m0.000s
 
297546749.5919997 299613096.1240003 455678605.3310006 457946307.1219999

real	0m0.505s
user	0m0.502s
sys	0m0.001s
 
301.3441 301.7106 379.168 379.5840000000001

real	0m1.334s
user	0m1.331s
sys	0m0.000s
 
45022.4809 45027.16379999999 57025.89409999999 57031.226

real	0m1.298s
user	0m1.276s
sys	0m0.009s
 
79343.34260000002 79353.49420000002 105856.4262 105868.395

real	0m0.887s
user	0m0.871s
sys	0m0.008s
 
77470.43699999999 77485.73999999999 107948.34 107966.91

real	0m0.748s
user	0m0.740s
sys	0m0.003s
 
109.241 111.7864 142.1856 145.251

real	0m1.114s
user	0m1.111s
sys	0m0.000s
 
1739639.1343 1765026.6362 3156552.835599999 3194056.931000001

real	0m1.354s
user	0m1.349s
sys	0m0.001s
 
40128631.98950006 40455680.77900002 81101463.51099998 81608296.35000008

real	0m0.933s
user	0m0.930s
sys	0m0.000s
 
185145.8628 186726.9552 353878.6176 356259.936

real	0m1.287s
user	0m1.283s
sys	0m0.000s
 
5650057.303000003 5674398.905999999 11835110.684 11873364.25000001

real	0m0.975s
user	0m0.971s
sys	0m0.001s
 
3539227257.462 3543179262.324003 8019509498.519998 8025995052.400001

real	0m0.377s
user	0m0.371s
sys	0m0.004s
 
66219776245.92168 66260257446.05717 151986883006.3699 152053753059.55

real	0m0.408s
user	0m0.394s
sys	0m0.013s
 
166212294937.3991 166288626284.498 382568140639.0098 382694366833.2999

real	0m0.436s
user	0m0.418s
sys	0m0.016s
 
608720333715.4655 608956501509.1871 1405127495482.165 1405518727998.903

real	0m0.893s
user	0m0.866s
sys	0m0.023s
 
TRANS1
 
8054296.570499997 8377212.617400005 11041896.78059999 11521723.02599998

real	0m0.948s
user	0m0.945s
sys	0m0.001s
 
67005585.50399998 69693523.28640002 92209626.6390001 96222702.65399998

real	0m1.246s
user	0m1.242s
sys	0m0.001s
 
56602.02200000002 58658.48450000003 83130.86099999996 86296.01680000003

real	0m0.877s
user	0m0.875s
sys	0m0.000s
 
297546749.5919997 308581623.7314994 440770097.583 457946307.1219999

real	0m0.974s
user	0m0.971s
sys	0m0.000s
 
8054296.570499997 8144829.910200007 11426434.83180001 11521723.02599998

real	0m0.779s
user	0m0.776s
sys	0m0.001s
 
67005585.50399998 67746880.83150004 95442432.67260008 96222702.65399998

real	0m1.024s
user	0m1.019s
sys	0m0.002s
 
56602.02200000002 56765.4044 86117.12820000002 86296.01680000003

real	0m0.805s
user	0m0.803s
sys	0m0.000s
 
297546749.5919997 299613096.1240003 455678605.3310006 457946307.1219999

real	0m0.886s
user	0m0.880s
sys	0m0.003s
 
301.3441 301.7106 379.168 379.5840000000001

real	0m0.846s
user	0m0.844s
sys	0m0.000s
 
45022.4809 45027.16379999999 57025.89409999999 57031.226

real	0m1.111s
user	0m1.091s
sys	0m0.009s
 
79343.34260000002 79353.49420000002 105856.4262 105868.395

real	0m0.889s
user	0m0.876s
sys	0m0.005s
 
77470.43699999999 77485.73999999999 107948.34 107966.91

real	0m0.661s
user	0m0.650s
sys	0m0.006s
 
109.241 111.7864 142.1856 145.251

real	0m0.983s
user	0m0.979s
sys	0m0.002s
 
1739639.1343 1765026.6362 3156552.835599999 3194056.931000001

real	0m1.735s
user	0m1.615s
sys	0m0.001s
 
40128631.98950006 40455680.77900002 81101463.51099998 81608296.35000008

real	0m1.210s
user	0m1.207s
sys	0m0.000s
 
185145.8628 186726.9552 353878.6176 356259.936

real	0m1.735s
user	0m1.731s
sys	0m0.000s
 
5650057.303000003 5674398.905999999 11835110.684 11873364.25000001

real	0m1.536s
user	0m1.531s
sys	0m0.000s
 
3539227257.462 3543179262.324003 8019509498.519998 8025995052.400001

real	0m0.526s
user	0m0.521s
sys	0m0.003s
 
66219776245.92168 66260257446.05717 151986883006.3699 152053753059.55

real	0m0.653s
user	0m0.642s
sys	0m0.008s
 
166212294937.3991 166288626284.498 382568140639.0098 382694366833.2999

real	0m0.582s
user	0m0.565s
sys	0m0.015s
 
608720333715.4655 608956501509.1871 1405127495482.165 1405518727998.903

real	0m1.255s
user	0m1.222s
sys	0m0.028s
 
1512441.733 1524415.266 2968657.650000001 2986772.5

real	0m0.929s
user	0m0.926s
sys	0m0.001s
 
608720333715.4655 608956501509.1871 1405127495482.165 1405518727998.903

real	0m0.678s
user	0m0.655s
sys	0m0.020s
 
TRANS2
 
8054296.570499997 8377212.617400005 11041896.78059999 11521723.02599998

real	0m1.024s
user	0m1.021s
sys	0m0.000s
 
67005585.50399998 69693523.28640002 92209626.6390001 96222702.65399998

real	0m2.234s
user	0m2.227s
sys	0m0.001s
 
56602.02200000002 58658.48450000003 83130.86099999996 86296.01680000003

real	0m1.079s
user	0m1.075s
sys	0m0.001s
 
297546749.5919997 308581623.7314994 440770097.583 457946307.1219999

real	0m1.529s
user	0m1.524s
sys	0m0.001s
 
8054296.570499997 8144829.910200007 11426434.83180001 11521723.02599998

real	0m0.544s
user	0m0.542s
sys	0m0.001s
 
67005585.50399998 67746880.83150004 95442432.67260008 96222702.65399998

real	0m0.756s
user	0m0.753s
sys	0m0.001s
 
56602.02200000002 56765.4044 86117.12820000002 86296.01680000003

real	0m0.346s
user	0m0.345s
sys	0m0.000s
 
297546749.5919997 299613096.1240003 455678605.3310006 457946307.1219999

real	0m0.478s
user	0m0.477s
sys	0m0.000s
 
301.3441 301.7106 379.168 379.5840000000001

real	0m1.321s
user	0m1.316s
sys	0m0.001s
 
45022.4809 45027.16379999999 57025.89409999999 57031.226

real	0m1.296s
user	0m1.277s
sys	0m0.006s
 
79343.34260000002 79353.49420000002 105856.4262 105868.395

real	0m0.885s
user	0m0.869s
sys	0m0.007s
 
77470.43699999999 77485.73999999999 107948.34 107966.91

real	0m0.756s
user	0m0.746s
sys	0m0.005s
 
109.241 111.7864 142.1856 145.251

real	0m0.883s
user	0m0.880s
sys	0m0.001s
 
1739639.1343 1765026.6362 3156552.835599999 3194056.931000001

real	0m1.279s
user	0m1.276s
sys	0m0.000s
 
40128631.98950006 40455680.77900002 81101463.51099998 81608296.35000008

real	0m0.946s
user	0m0.943s
sys	0m0.001s
 
185145.8628 186726.9552 353878.6176 356259.936

real	0m1.218s
user	0m1.213s
sys	0m0.002s
 
5650057.303000003 5674398.905999999 11835110.684 11873364.25000001

real	0m0.847s
user	0m0.843s
sys	0m0.001s
 
3539227257.462 3543179262.324003 8019509498.519998 8025995052.400001

real	0m0.381s
user	0m0.377s
sys	0m0.003s
 
66219776245.92168 66260257446.05717 151986883006.3699 152053753059.55

real	0m0.416s
user	0m0.407s
sys	0m0.007s
 
166212294937.3991 166288626284.498 382568140639.0098 382694366833.2999

real	0m0.461s
user	0m0.442s
sys	0m0.017s
 
608720333715.4655 608956501509.1871 1405127495482.165 1405518727998.903

real	0m0.970s
user	0m0.941s
sys	0m0.025s
 
1512441.733 1524415.266 2968657.650000001 2986772.5

real	0m0.682s
user	0m0.679s
sys	0m0.001s
 
608720333715.4655 608956501509.1871 1405127495482.165 1405518727998.903

real	0m0.519s
user	0m0.502s
sys	0m0.014s
 
TRANS12
 
8054296.570499997 8377212.617400005 11041896.78059999 11521723.02599998

real	0m0.580s
user	0m0.577s
sys	0m0.001s
 
67005585.50399998 69693523.28640002 92209626.6390001 96222702.65399998

real	0m0.859s
user	0m0.856s
sys	0m0.001s
 
56602.02200000002 58658.48450000003 83130.86099999996 86296.01680000003

real	0m0.396s
user	0m0.394s
sys	0m0.001s
 
297546749.5919997 308581623.7314994 440770097.583 457946307.1219999

real	0m0.494s
user	0m0.492s
sys	0m0.001s
 
8054296.570499997 8144829.910200007 11426434.83180001 11521723.02599998

real	0m0.900s
user	0m0.896s
sys	0m0.001s
 
67005585.50399998 67746880.83150004 95442432.67260008 96222702.65399998

real	0m1.161s
user	0m1.157s
sys	0m0.001s
 
56602.02200000002 56765.4044 86117.12820000002 86296.01680000003

real	0m1.259s
user	0m1.255s
sys	0m0.001s
 
297546749.5919997 299613096.1240003 455678605.3310006 457946307.1219999

real	0m1.177s
user	0m1.174s
sys	0m0.000s
 
301.3441 301.7106 379.168 379.5840000000001

real	0m2.414s
user	0m2.408s
sys	0m0.000s
 
45022.4809 45027.16379999999 57025.89409999999 57031.226

real	0m2.806s
user	0m2.785s
sys	0m0.005s
 
79343.34260000002 79353.49420000002 105856.4262 105868.395

real	0m1.860s
user	0m1.835s
sys	0m0.014s
 
77470.43699999999 77485.73999999999 107948.34 107966.91

real	0m1.705s
user	0m1.694s
sys	0m0.003s
 
109.241 111.7864 142.1856 145.251

real	0m1.097s
user	0m1.095s
sys	0m0.000s
 
1739639.1343 1765026.6362 3156552.835599999 3194056.931000001

real	0m1.229s
user	0m1.224s
sys	0m0.002s
 
40128631.98950006 40455680.77900002 81101463.51099998 81608296.35000008

real	0m0.923s
user	0m0.918s
sys	0m0.002s
 
185145.8628 186726.9552 353878.6176 356259.936

real	0m1.131s
user	0m1.128s
sys	0m0.000s
 
5650057.303000003 5674398.905999999 11835110.684 11873364.25000001

real	0m0.930s
user	0m0.927s
sys	0m0.001s
 
3539227257.462 3543179262.324003 8019509498.519998 8025995052.400001

real	0m0.411s
user	0m0.404s
sys	0m0.005s
 
66219776245.92168 66260257446.05717 151986883006.3699 152053753059.55

real	0m0.579s
user	0m0.565s
sys	0m0.010s
 
166212294937.3991 166288626284.498 382568140639.0098 382694366833.2999

real	0m0.601s
user	0m0.584s
sys	0m0.014s
 
608720333715.4655 608956501509.1871 1405127495482.165 1405518727998.903

real	0m1.244s
user	0m1.210s
sys	0m0.025s
 
SPECIAL
 
0.04840000000000001

real	0m0.444s
user	0m0.443s
sys	0m0.000s
 
0.04840000000000001

real	0m0.486s
user	0m0.485s
sys	0m0.000s
 
0.04840000000000001

real	0m0.304s
user	0m0.302s
sys	0m0.001s
 
53.79660000000001 53.79880000000001 58.68060000000001 58.68280000000001

real	0m1.111s
user	0m1.109s
sys	0m0.000s
 
53.79660000000001 53.79880000000001 58.68060000000001 58.68280000000001

real	0m1.063s
user	0m1.060s
sys	0m0.001s
 
9698907.663399996

real	0m0.886s
user	0m0.883s
sys	0m0.001s
 
9698907.663399996

real	0m0.891s
user	0m0.887s
sys	0m0.002s
 
0.04840000000000001

real	0m0.645s
user	0m0.643s
sys	0m0.001s
 
53.79660000000001 53.79880000000001 58.68060000000001 58.68280000000001

real	0m1.115s
user	0m1.112s
sys	0m0.000s
 
53.79660000000001 53.79880000000001 58.68060000000001 58.68280000000001

real	0m1.082s
user	0m1.078s
sys	0m0.001s
 
9698907.663399996

real	0m0.896s
user	0m0.894s
sys	0m0.000s
 
3948765877.809497 3955170852.914604 5863853434.234404 5870258409.339499

real	0m1.693s
user	0m1.675s
sys	0m0.002s
 
3948765877.809497 3955170852.914604 5863853434.234404 5870258409.339499

real	0m1.581s
user	0m1.561s
sys	0m0.003s
 
0.04840000000000001

real	0m0.700s
user	0m0.697s
sys	0m0.001s
 
53.79660000000001 53.79880000000001 58.68060000000001 58.68280000000001

real	0m1.139s
user	0m1.135s
sys	0m0.001s
 
53.79660000000001 53.79880000000001 58.68060000000001 58.68280000000001

real	0m1.078s
user	0m1.075s
sys	0m0.001s
 
9698907.663399996

real	0m0.908s
user	0m0.905s
sys	0m0.001s
 
3948765877.809497 3955170852.914604 5863853434.234404 5870258409.339499

real	0m1.596s
user	0m1.576s
sys	0m0.004s
 
3948765877.809497 3955170852.914604 5863853434.234404 5870258409.339499

real	0m1.581s
user	0m1.561s
sys	0m0.004s
 
0.04840000000000001

real	0m0.686s
user	0m0.685s
sys	0m0.000s
 
53.79660000000001 53.79880000000001 58.68060000000001 58.68280000000001

real	0m1.153s
user	0m1.148s
sys	0m0.002s
 
53.79660000000001 53.79880000000001 58.68060000000001 58.68280000000001

real	0m1.097s
user	0m1.094s
sys	0m0.001s
 
9698907.663399996

real	0m0.902s
user	0m0.900s
sys	0m0.000s
 
3948765877.809497 3955170852.914604 5863853434.234404 5870258409.339499

real	0m1.685s
user	0m1.664s
sys	0m0.004s
 
3948765877.809497 3955170852.914604 5863853434.234404 5870258409.339499

real	0m1.693s
user	0m1.673s
sys	0m0.004s
 
0.04840000000000001

real	0m0.725s
user	0m0.723s
sys	0m0.001s
 
53.79660000000001 53.79880000000001 58.68060000000001 58.68280000000001

real	0m1.159s
user	0m1.156s
sys	0m0.000s
 
53.79660000000001 53.79880000000001 58.68060000000001 58.68280000000001

real	0m1.103s
user	0m1.099s
sys	0m0.001s
 
9698907.663399996

real	0m0.911s
user	0m0.907s
sys	0m0.002s
 
3948765877.809497 3955170852.914604 5863853434.234404 5870258409.339499

real	0m1.585s
user	0m1.567s
sys	0m0.002s
 
3948765877.809497 3955170852.914604 5863853434.234404 5870258409.339499

real	0m1.689s
user	0m1.668s
sys	0m0.004s
 
3037.1121 3037.6632 3611.409 3612.01

real	0m0.947s
user	0m0.941s
sys	0m0.002s
 
3037.1121 3037.6632 3611.409 3612.01

real	0m0.938s
user	0m0.932s
sys	0m0.002s
 
3037.1121 3037.6632 3611.409 3612.01

real	0m0.947s
user	0m0.941s
sys	0m0.003s
 
3037.1121 3037.6632 3611.409 3612.01

real	0m0.929s
user	0m0.925s
sys	0m0.001s
 
SEQUENCE
 
37624.35618 38872.44188 52954.76458 54712.31628

real	0m0.607s
user	0m0.604s
sys	0m0.001s
 
4350478614.186048 4405620767.888449 7321622135.843186 7393481577.214199

real	0m0.566s
user	0m0.564s
sys	0m0.000s
 
48832437279.8918 49241016265.74157 88512227219.28583 89040617812.03206

real	0m2.227s
user	0m2.219s
sys	0m0.001s
 
18696443068.18007 18840087100.15867 37617583432.7108 37823564976.3486

real	0m0.604s
user	0m0.601s
sys	0m0.001s
 
4.901614166865179e+18 4.912723296455448e+18 1.084442578747924e+19 1.086100449795465e+19

real	0m0.395s
user	0m0.392s
sys	0m0.001s
 
1.647418946230568e+16 1.649160037624473e+16 3.768465979697054e+16 3.771108024027194e+16

real	0m0.579s
user	0m0.572s
sys	0m0.005s
 
4.48881116501821e+17 4.490640601531962e+17 1.03730934601686e+18 1.03758774958278e+18

real	0m0.421s
user	0m0.403s
sys	0m0.016s
 
4.48881116501821e+17 4.490640601531962e+17 1.03730934601686e+18 1.03758774958278e+18

real	0m1.050s
user	0m1.027s
sys	0m0.019s
 
4.48881116501821e+17 4.490640601531962e+17 1.03730934601686e+18 1.03758774958278e+18

real	0m1.152s
user	0m1.129s
sys	0m0.019s
 
8.382424294553979e+29 8.385850640122295e+29 1.937388035390321e+30 1.93790724339292e+30

real	0m0.464s
user	0m0.439s
sys	0m0.023s
 
8.382424294553979e+29 8.385850640122295e+29 1.937388035390321e+30 1.93790724339292e+30

real	0m0.660s
user	0m0.635s
sys	0m0.022s
 
8.382424294553979e+29 8.385850640122295e+29 1.937388035390321e+30 1.93790724339292e+30

real	0m0.676s
user	0m0.655s
sys	0m0.019s
 
8.382424294553979e+29 8.385850640122295e+29 1.937388035390321e+30 1.93790724339292e+30

real	0m0.667s
user	0m0.641s
sys	0m0.023s
 
8.382424294553979e+29 8.385850640122295e+29 1.937388035390321e+30 1.93790724339292e+30

real	0m0.627s
user	0m0.606s
sys	0m0.018s
 
8.382424294553979e+29 8.385850640122295e+29 1.937388035390321e+30 1.93790724339292e+30

real	0m0.638s
user	0m0.618s
sys	0m0.017s
 
374124590164.9393 378323909405.297 483306890414.2386 487506209654.5964

real	0m0.578s
user	0m0.576s
sys	0m0.001s
 
8003498375443.188 8040830216224.574 11400695886549.59 11438027727330.98

real	0m0.603s
user	0m0.600s
sys	0m0.001s
 
467292080353.7709 473215316635.7608 603526514839.5372 609449751121.5272

real	0m0.475s
user	0m0.473s
sys	0m0.001s
 
22856685758006.32 23032721850853.32 32186598678896.97 32362634771743.98

real	0m0.566s
user	0m0.563s
sys	0m0.001s
