 
SCALAR_VEC
 
0.5808000000000001 0.5830000000000002 0.6270000000000002 0.6292000000000002

real	0m0.551s
user	0m0.547s
sys	0m0.002s
 
46.0284 46.03060000000001 50.20620000000001 50.2084

real	0m0.363s
user	0m0.361s
sys	0m0.001s
 
29876.5456 29876.5478 32592.58860000001 32592.59080000001

real	0m0.562s
user	0m0.547s
sys	0m0.009s
 
VEC_VEC
 
174.0387

real	0m0.907s
user	0m0.905s
sys	0m0.000s
 
9698907.663399996

real	0m0.879s
user	0m0.876s
sys	0m0.001s
 
24900423491.09201

real	0m1.241s
user	0m1.237s
sys	0m0.001s
 
24900741320632.71

real	0m1.250s
user	0m1.243s
sys	0m0.002s
 
2.490083360868967e+16

real	0m1.454s
user	0m1.428s
sys	0m0.014s
 
VEC_MAT
 
178.7929000000001 178.8030000000001 201.2149000000001 201.2250000000001

real	0m0.693s
user	0m0.691s
sys	0m0.000s
 
992.6821000000002 992.6922000000003 1117.3464 1117.3565

real	0m0.501s
user	0m0.498s
sys	0m0.001s
 
390.3932 390.4204 450.7772000000001 450.8044

real	0m2.048s
user	0m2.042s
sys	0m0.001s
 
2166.9797 2167.0069 2502.7093 2502.7365

real	0m1.264s
user	0m1.260s
sys	0m0.000s
 
157975690.7399002 164380665.8450001

real	0m0.463s
user	0m0.460s
sys	0m0.001s
 
27065907086.64726 28163538210.734

real	0m0.514s
user	0m0.511s
sys	0m0.001s
 
128614163.4402999 133441028.6953997 138267893.9505

real	0m0.419s
user	0m0.417s
sys	0m0.001s
 
17202407856.50187 17848340807.38918 18494273758.27599

real	0m0.440s
user	0m0.436s
sys	0m0.002s
 
2.2266 2.2836 2.3406 2.397600000000001

real	0m0.410s
user	0m0.408s
sys	0m0.001s
 
73.52180000000001 74.6944 86.4204 87.59300000000002

real	0m1.561s
user	0m1.556s
sys	0m0.002s
 
609.1862 615.0844000000001 774.3358000000001 780.2340000000002

real	0m1.989s
user	0m1.982s
sys	0m0.001s
 
31020069.53999998 31057579.07999998 45948866.45999996 45986376.00000001

real	0m2.263s
user	0m2.255s
sys	0m0.001s
 
3948765877.809497 3955170852.914604 5863853434.234404 5870258409.339499

real	0m2.180s
user	0m2.153s
sys	0m0.004s
 
629070346650.9426 630167977775.031 934211799147.1235 935309430271.2021

real	0m1.289s
user	0m1.243s
sys	0m0.017s
 
72549439.0166 72565446.85879999 108086848.7006 108102856.5428001

real	0m2.593s
user	0m2.569s
sys	0m0.002s
 
324096005.6180002 324108897.3359997 483218480.892 483231372.6099998

real	0m1.523s
user	0m1.473s
sys	0m0.021s
 
10829665.1294 10829701.4254 15310551.5134 15310587.8094

real	0m1.117s
user	0m1.076s
sys	0m0.022s
 
107135690886248 108233331157370.3 147748380917728.1 148846021188851.3

real	0m0.846s
user	0m0.811s
sys	0m0.019s
 
MAT_VEC
 
178.7929000000001 178.8030000000001 201.2149000000001 201.2250000000001

real	0m0.601s
user	0m0.599s
sys	0m0.000s
 
992.6821000000002 992.6922000000003 1117.3464 1117.3565

real	0m0.444s
user	0m0.442s
sys	0m0.001s
 
390.3932 390.4204 450.7772000000001 450.8044

real	0m0.901s
user	0m0.896s
sys	0m0.002s
 
2166.9797 2167.0069 2502.7093 2502.7365

real	0m0.784s
user	0m0.780s
sys	0m0.001s
 
157975690.7399002 164380665.8450001

real	0m0.465s
user	0m0.462s
sys	0m0.001s
 
27065907086.64726 28163538210.734

real	0m0.553s
user	0m0.549s
sys	0m0.002s
 
128614163.4402999 133441028.6953997 138267893.9505

real	0m0.428s
user	0m0.426s
sys	0m0.001s
 
17202407856.50187 17848340807.38918 18494273758.27599

real	0m0.545s
user	0m0.543s
sys	0m0.000s
 
2.2266 2.2836 2.3406 2.397600000000001

real	0m0.309s
user	0m0.307s
sys	0m0.001s
 
73.52180000000001 74.6944 86.4204 87.59300000000002

real	0m0.871s
user	0m0.868s
sys	0m0.001s
 
609.1862 615.0844000000001 774.3358000000001 780.2340000000002

real	0m1.015s
user	0m1.002s
sys	0m0.003s
 
31020069.53999998 31057579.07999998 45948866.45999996 45986376.00000001

real	0m1.475s
user	0m1.467s
sys	0m0.003s
 
3948765877.809497 3955170852.914604 5863853434.234404 5870258409.339499

real	0m1.985s
user	0m1.963s
sys	0m0.003s
 
629070346650.9426 630167977775.031 934211799147.1235 935309430271.2021

real	0m1.198s
user	0m1.164s
sys	0m0.016s
 
72549439.0166 72565446.85879999 108086848.7006 108102856.5428001

real	0m1.796s
user	0m1.772s
sys	0m0.006s
 
324096005.6180002 324108897.3359997 483218480.892 483231372.6099998

real	0m1.869s
user	0m1.838s
sys	0m0.013s
 
10829665.1294 10829701.4254 15310551.5134 15310587.8094

real	0m1.199s
user	0m1.165s
sys	0m0.022s
 
107135690886248 108233331157370.3 147748380917728.1 148846021188851.3

real	0m0.823s
user	0m0.786s
sys	0m0.027s
 
OUTER
 
101.277 104.346 110.4774 113.8252

real	0m1.750s
user	0m1.744s
sys	0m0.002s
 
96.84840000000001 99.04950000000002 108.045 110.446

real	0m1.752s
user	0m1.747s
sys	0m0.000s
 
94.13800000000002 95.84960000000002 106.419 108.286

real	0m3.469s
user	0m3.459s
sys	0m0.001s
 
14.5684 14.5728 16.60140000000001 16.606

real	0m0.646s
user	0m0.643s
sys	0m0.001s
 
10.164 10.2025 11.913 11.9548

real	0m0.768s
user	0m0.766s
sys	0m0.000s
 
955.9242 956.3004 1135.8438 1136.254

real	0m1.160s
user	0m1.155s
sys	0m0.001s
 
86477.05440000001 86480.57660000001 102897.9582 102901.8004

real	0m1.130s
user	0m1.079s
sys	0m0.039s
 
27312.9912 27313.3443 32486.685 32487.07

real	0m0.672s
user	0m0.657s
sys	0m0.010s
 
MAT_MAT
 
8054296.570499997 8377212.617400005 11041896.78059999 11521723.02599998

real	0m1.206s
user	0m1.201s
sys	0m0.002s
 
67005585.50399998 69693523.28640002 92209626.6390001 96222702.65399998

real	0m1.537s
user	0m1.529s
sys	0m0.002s
 
56602.02200000002 58658.48450000003 83130.86099999996 86296.01680000003

real	0m1.539s
user	0m1.525s
sys	0m0.004s
 
297546749.5919997 308581623.7314994 440770097.583 457946307.1219999

real	0m1.469s
user	0m1.459s
sys	0m0.001s
 
8054296.570499997 8144829.910200007 11426434.83180001 11521723.02599998

real	0m1.320s
user	0m1.317s
sys	0m0.000s
 
67005585.50399998 67746880.83150004 95442432.67260008 96222702.65399998

real	0m1.687s
user	0m1.680s
sys	0m0.001s
 
56602.02200000002 56765.4044 86117.12820000002 86296.01680000003

real	0m1.026s
user	0m1.020s
sys	0m0.001s
 
297546749.5919997 299613096.1240003 455678605.3310006 457946307.1219999

real	0m1.089s
user	0m1.084s
sys	0m0.002s
 
301.3441 301.7106 379.168 379.5840000000001

real	0m1.339s
user	0m1.336s
sys	0m0.000s
 
45022.4809 45027.16379999999 57025.89409999999 57031.226

real	0m1.297s
user	0m1.273s
sys	0m0.011s
 
79343.34260000002 79353.49420000002 105856.4262 105868.395

real	0m1.155s
user	0m1.140s
sys	0m0.003s
 
77470.43699999999 77485.73999999999 107948.34 107966.91

real	0m0.987s
user	0m0.979s
sys	0m0.002s
 
109.241 111.7864 142.1856 145.251

real	0m1.697s
user	0m1.691s
sys	0m0.000s
 
1739639.1343 1765026.6362 3156552.835599999 3194056.931000001

real	0m2.714s
user	0m2.696s
sys	0m0.004s
 
40128631.98950006 40455680.77900002 81101463.51099998 81608296.35000008

real	0m2.042s
user	0m2.032s
sys	0m0.002s
 
185145.8628 186726.9552 353878.6176 356259.936

real	0m2.935s
user	0m2.924s
sys	0m0.002s
 
5650057.303000003 5674398.905999999 11835110.684 11873364.25000001

real	0m2.624s
user	0m2.615s
sys	0m0.000s
 
3539227257.462 3543179262.324003 8019509498.519998 8025995052.400001

real	0m0.880s
user	0m0.872s
sys	0m0.005s
 
66219776245.92168 66260257446.05717 151986883006.3699 152053753059.55

real	0m1.019s
user	0m1.003s
sys	0m0.012s
 
166212294937.3991 166288626284.498 382568140639.0098 382694366833.2999

real	0m0.935s
user	0m0.912s
sys	0m0.019s
 
608720333715.4655 608956501509.1871 1405127495482.165 1405518727998.903

real	0m1.864s
user	0m1.840s
sys	0m0.017s
 
TRANS1
 
8054296.570499997 8377212.617400005 11041896.78059999 11521723.02599998

real	0m1.236s
user	0m1.232s
sys	0m0.001s
 
67005585.50399998 69693523.28640002 92209626.6390001 96222702.65399998

real	0m1.589s
user	0m1.584s
sys	0m0.001s
 
56602.02200000002 58658.48450000003 83130.86099999996 86296.01680000003

real	0m1.067s
user	0m1.064s
sys	0m0.001s
 
297546749.5919997 308581623.7314994 440770097.583 457946307.1219999

real	0m1.121s
user	0m1.117s
sys	0m0.001s
 
8054296.570499997 8144829.910200007 11426434.83180001 11521723.02599998

real	0m1.213s
user	0m1.209s
sys	0m0.001s
 
67005585.50399998 67746880.83150004 95442432.67260008 96222702.65399998

real	0m1.552s
user	0m1.547s
sys	0m0.001s
 
56602.02200000002 56765.4044 86117.12820000002 86296.01680000003

real	0m1.023s
user	0m1.020s
sys	0m0.001s
 
297546749.5919997 299613096.1240003 455678605.3310006 457946307.1219999

real	0m1.108s
user	0m1.104s
sys	0m0.000s
 
301.3441 301.7106 379.168 379.5840000000001

real	0m0.737s
user	0m0.734s
sys	0m0.001s
 
45022.4809 45027.16379999999 57025.89409999999 57031.226

real	0m1.112s
user	0m1.093s
sys	0m0.006s
 
79343.34260000002 79353.49420000002 105856.4262 105868.395

real	0m1.173s
user	0m1.159s
sys	0m0.008s
 
77470.43699999999 77485.73999999999 107948.34 107966.91

real	0m0.956s
user	0m0.946s
sys	0m0.005s
 
109.241 111.7864 142.1856 145.251

real	0m1.386s
user	0m1.382s
sys	0m0.001s
 
1739639.1343 1765026.6362 3156552.835599999 3194056.931000001

real	0m2.425s
user	0m2.418s
sys	0m0.001s
 
40128631.98950006 40455680.77900002 81101463.51099998 81608296.35000008

real	0m1.893s
user	0m1.887s
sys	0m0.000s
 
185145.8628 186726.9552 353878.6176 356259.936

real	0m2.736s
user	0m2.729s
sys	0m0.001s
 
5650057.303000003 5674398.905999999 11835110.684 11873364.25000001

real	0m2.406s
user	0m2.398s
sys	0m0.001s
 
3539227257.462 3543179262.324003 8019509498.519998 8025995052.400001

real	0m0.827s
user	0m0.822s
sys	0m0.003s
 
66219776245.92168 66260257446.05717 151986883006.3699 152053753059.55

real	0m1.003s
user	0m0.987s
sys	0m0.013s
 
166212294937.3991 166288626284.498 382568140639.0098 382694366833.2999

real	0m0.892s
user	0m0.874s
sys	0m0.014s
 
608720333715.4655 608956501509.1871 1405127495482.165 1405518727998.903

real	0m1.871s
user	0m1.847s
sys	0m0.018s
 
1512441.733 1524415.266 2968657.650000001 2986772.5

real	0m1.422s
user	0m1.418s
sys	0m0.001s
 
608720333715.4655 608956501509.1871 1405127495482.165 1405518727998.903

real	0m0.988s
user	0m0.964s
sys	0m0.021s
 
TRANS2
 
8054296.570499997 8377212.617400005 11041896.78059999 11521723.02599998

real	0m1.333s
user	0m1.329s
sys	0m0.001s
 
67005585.50399998 69693523.28640002 92209626.6390001 96222702.65399998

real	0m2.441s
user	0m2.432s
sys	0m0.002s
 
56602.02200000002 58658.48450000003 83130.86099999996 86296.01680000003

real	0m1.454s
user	0m1.450s
sys	0m0.001s
 
297546749.5919997 308581623.7314994 440770097.583 457946307.1219999

real	0m1.887s
user	0m1.880s
sys	0m0.001s
 
8054296.570499997 8144829.910200007 11426434.83180001 11521723.02599998

real	0m1.318s
user	0m1.315s
sys	0m0.000s
 
67005585.50399998 67746880.83150004 95442432.67260008 96222702.65399998

real	0m1.660s
user	0m1.654s
sys	0m0.001s
 
56602.02200000002 56765.4044 86117.12820000002 86296.01680000003

real	0m1.025s
user	0m1.021s
sys	0m0.001s
 
297546749.5919997 299613096.1240003 455678605.3310006 457946307.1219999

real	0m1.080s
user	0m1.076s
sys	0m0.001s
 
301.3441 301.7106 379.168 379.5840000000001

real	0m1.336s
user	0m1.331s
sys	0m0.002s
 
45022.4809 45027.16379999999 57025.89409999999 57031.226

real	0m1.297s
user	0m1.274s
sys	0m0.010s
 
79343.34260000002 79353.49420000002 105856.4262 105868.395

real	0m0.886s
user	0m0.873s
sys	0m0.005s
 
77470.43699999999 77485.73999999999 107948.34 107966.91

real	0m0.997s
user	0m0.988s
sys	0m0.004s
 
109.241 111.7864 142.1856 145.251

real	0m1.492s
user	0m1.489s
sys	0m0.000s
 
1739639.1343 1765026.6362 3156552.835599999 3194056.931000001

real	0m2.758s
user	0m2.750s
sys	0m0.001s
 
40128631.98950006 40455680.77900002 81101463.51099998 81608296.35000008

real	0m2.116s
user	0m2.109s
sys	0m0.000s
 
185145.8628 186726.9552 353878.6176 356259.936

real	0m2.912s
user	0m2.905s
sys	0m0.000s
 
5650057.303000003 5674398.905999999 11835110.684 11873364.25000001

real	0m2.587s
user	0m2.578s
sys	0m0.001s
 
3539227257.462 3543179262.324003 8019509498.519998 8025995052.400001

real	0m0.904s
user	0m0.897s
sys	0m0.004s
 
66219776245.92168 66260257446.05717 151986883006.3699 152053753059.55

real	0m1.044s
user	0m1.029s
sys	0m0.011s
 
166212294937.3991 166288626284.498 382568140639.0098 382694366833.2999

real	0m0.975s
user	0m0.954s
sys	0m0.017s
 
608720333715.4655 608956501509.1871 1405127495482.165 1405518727998.903

real	0m1.955s
user	0m1.927s
sys	0m0.020s
 
1512441.733 1524415.266 2968657.650000001 2986772.5

real	0m1.581s
user	0m1.577s
sys	0m0.000s
 
608720333715.4655 608956501509.1871 1405127495482.165 1405518727998.903

real	0m1.026s
user	0m1.007s
sys	0m0.015s
 
TRANS12
 
8054296.570499997 8377212.617400005 11041896.78059999 11521723.02599998

real	0m1.464s
user	0m1.324s
sys	0m0.001s
 
67005585.50399998 69693523.28640002 92209626.6390001 96222702.65399998

real	0m1.684s
user	0m1.678s
sys	0m0.001s
 
56602.02200000002 58658.48450000003 83130.86099999996 86296.01680000003

real	0m1.071s
user	0m1.068s
sys	0m0.001s
 
297546749.5919997 308581623.7314994 440770097.583 457946307.1219999

real	0m1.092s
user	0m1.088s
sys	0m0.001s
 
8054296.570499997 8144829.910200007 11426434.83180001 11521723.02599998

real	0m1.272s
user	0m1.208s
sys	0m0.000s
 
67005585.50399998 67746880.83150004 95442432.67260008 96222702.65399998

real	0m1.529s
user	0m1.523s
sys	0m0.001s
 
56602.02200000002 56765.4044 86117.12820000002 86296.01680000003

real	0m1.558s
user	0m1.554s
sys	0m0.000s
 
297546749.5919997 299613096.1240003 455678605.3310006 457946307.1219999

real	0m1.464s
user	0m1.458s
sys	0m0.001s
 
301.3441 301.7106 379.168 379.5840000000001

real	0m2.473s
user	0m2.466s
sys	0m0.001s
 
45022.4809 45027.16379999999 57025.89409999999 57031.226

real	0m2.862s
user	0m2.837s
sys	0m0.008s
 
79343.34260000002 79353.49420000002 105856.4262 105868.395

real	0m2.156s
user	0m2.136s
sys	0m0.008s
 
77470.43699999999 77485.73999999999 107948.34 107966.91

real	0m1.962s
user	0m1.949s
sys	0m0.006s
 
109.241 111.7864 142.1856 145.251

real	0m1.730s
user	0m1.726s
sys	0m0.000s
 
1739639.1343 1765026.6362 3156552.835599999 3194056.931000001

real	0m2.622s
user	0m2.615s
sys	0m0.000s
 
40128631.98950006 40455680.77900002 81101463.51099998 81608296.35000008

real	0m2.023s
user	0m2.016s
sys	0m0.001s
 
185145.8628 186726.9552 353878.6176 356259.936

real	0m3.039s
user	0m3.032s
sys	0m0.000s
 
5650057.303000003 5674398.905999999 11835110.684 11873364.25000001

real	0m2.652s
user	0m2.643s
sys	0m0.002s
 
3539227257.462 3543179262.324003 8019509498.519998 8025995052.400001

real	0m0.979s
user	0m0.971s
sys	0m0.005s
 
66219776245.92168 66260257446.05717 151986883006.3699 152053753059.55

real	0m1.260s
user	0m1.237s
sys	0m0.016s
 
166212294937.3991 166288626284.498 382568140639.0098 382694366833.2999

real	0m1.142s
user	0m1.120s
sys	0m0.016s
 
608720333715.4655 608956501509.1871 1405127495482.165 1405518727998.903

real	0m2.320s
user	0m2.279s
sys	0m0.027s
 
SPECIAL
 
0.04840000000000001

real	0m0.425s
user	0m0.423s
sys	0m0.001s
 
0.04840000000000001

real	0m0.505s
user	0m0.504s
sys	0m0.000s
 
0.04840000000000001

real	0m0.304s
user	0m0.302s
sys	0m0.001s
 
53.79660000000001 53.79880000000001 58.68060000000001 58.68280000000001

real	0m1.112s
user	0m1.108s
sys	0m0.001s
 
53.79660000000001 53.79880000000001 58.68060000000001 58.68280000000001

real	0m1.054s
user	0m1.050s
sys	0m0.001s
 
9698907.663399996

real	0m0.890s
user	0m0.888s
sys	0m0.000s
 
9698907.663399996

real	0m0.888s
user	0m0.886s
sys	0m0.000s
 
0.04840000000000001

real	0m0.625s
user	0m0.622s
sys	0m0.001s
 
53.79660000000001 53.79880000000001 58.68060000000001 58.68280000000001

real	0m1.112s
user	0m1.108s
sys	0m0.001s
 
53.79660000000001 53.79880000000001 58.68060000000001 58.68280000000001

real	0m1.087s
user	0m1.083s
sys	0m0.001s
 
9698907.663399996

real	0m0.899s
user	0m0.897s
sys	0m0.000s
 
3948765877.809497 3955170852.914604 5863853434.234404 5870258409.339499

real	0m1.730s
user	0m1.710s
sys	0m0.003s
 
3948765877.809497 3955170852.914604 5863853434.234404 5870258409.339499

real	0m1.626s
user	0m1.607s
sys	0m0.003s
 
0.04840000000000001

real	0m0.774s
user	0m0.771s
sys	0m0.001s
 
53.79660000000001 53.79880000000001 58.68060000000001 58.68280000000001

real	0m1.125s
user	0m1.121s
sys	0m0.001s
 
53.79660000000001 53.79880000000001 58.68060000000001 58.68280000000001

real	0m1.055s
user	0m1.052s
sys	0m0.000s
 
9698907.663399996

real	0m0.900s
user	0m0.898s
sys	0m0.000s
 
3948765877.809497 3955170852.914604 5863853434.234404 5870258409.339499

real	0m1.634s
user	0m1.612s
sys	0m0.006s
 
3948765877.809497 3955170852.914604 5863853434.234404 5870258409.339499

real	0m1.676s
user	0m1.658s
sys	0m0.001s
 
0.04840000000000001

real	0m0.667s
user	0m0.665s
sys	0m0.000s
 
53.79660000000001 53.79880000000001 58.68060000000001 58.68280000000001

real	0m1.138s
user	0m1.134s
sys	0m0.001s
 
53.79660000000001 53.79880000000001 58.68060000000001 58.68280000000001

real	0m1.088s
user	0m1.085s
sys	0m0.000s
 
9698907.663399996

real	0m0.903s
user	0m0.899s
sys	0m0.001s
 
3948765877.809497 3955170852.914604 5863853434.234404 5870258409.339499

real	0m1.710s
user	0m1.690s
sys	0m0.002s
 
3948765877.809497 3955170852.914604 5863853434.234404 5870258409.339499

real	0m1.545s
user	0m1.522s
sys	0m0.008s
 
0.04840000000000001

real	0m0.681s
user	0m0.678s
sys	0m0.001s
 
53.79660000000001 53.79880000000001 58.68060000000001 58.68280000000001

real	0m1.130s
user	0m1.127s
sys	0m0.001s
 
53.79660000000001 53.79880000000001 58.68060000000001 58.68280000000001

real	0m1.104s
user	0m1.101s
sys	0m0.000s
 
9698907.663399996

real	0m0.905s
user	0m0.901s
sys	0m0.001s
 
3948765877.809497 3955170852.914604 5863853434.234404 5870258409.339499

real	0m1.630s
user	0m1.611s
sys	0m0.003s
 
3948765877.809497 3955170852.914604 5863853434.234404 5870258409.339499

real	0m1.537s
user	0m1.516s
sys	0m0.006s
 
3037.1121 3037.6632 3611.409 3612.01

real	0m0.930s
user	0m0.923s
sys	0m0.003s
 
3037.1121 3037.6632 3611.409 3612.01

real	0m0.942s
user	0m0.936s
sys	0m0.002s
 
3037.1121 3037.6632 3611.409 3612.01

real	0m0.942s
user	0m0.938s
sys	0m0.001s
 
3037.1121 3037.6632 3611.409 3612.01

real	0m0.939s
user	0m0.932s
sys	0m0.003s
 
SEQUENCE
 
37624.35618 38872.44188 52954.76458 54712.31628

real	0m0.907s
user	0m0.905s
sys	0m0.000s
 
4350478614.186048 4405620767.888449 7321622135.843186 7393481577.214199

real	0m1.392s
user	0m1.388s
sys	0m0.001s
 
48832437279.8918 49241016265.74157 88512227219.28583 89040617812.03206

real	0m5.106s
user	0m5.089s
sys	0m0.002s
 
18696443068.18007 18840087100.15867 37617583432.7108 37823564976.3486

real	0m1.339s
user	0m1.334s
sys	0m0.001s
 
4.901614166865179e+18 4.912723296455448e+18 1.084442578747924e+19 1.086100449795465e+19

real	0m0.948s
user	0m0.942s
sys	0m0.003s
 
1.647418946230568e+16 1.649160037624473e+16 3.768465979697054e+16 3.771108024027194e+16

real	0m1.271s
user	0m1.261s
sys	0m0.006s
 
4.48881116501821e+17 4.490640601531962e+17 1.03730934601686e+18 1.03758774958278e+18

real	0m0.887s
user	0m0.871s
sys	0m0.013s
 
4.48881116501821e+17 4.490640601531962e+17 1.03730934601686e+18 1.03758774958278e+18

real	0m1.752s
user	0m1.729s
sys	0m0.017s
 
4.48881116501821e+17 4.490640601531962e+17 1.03730934601686e+18 1.03758774958278e+18

real	0m1.734s
user	0m1.709s
sys	0m0.019s
 
8.382424294553979e+29 8.385850640122295e+29 1.937388035390321e+30 1.93790724339292e+30

real	0m0.994s
user	0m0.966s
sys	0m0.024s
 
8.382424294553979e+29 8.385850640122295e+29 1.937388035390321e+30 1.93790724339292e+30

real	0m1.011s
user	0m0.988s
sys	0m0.020s
 
8.382424294553979e+29 8.385850640122295e+29 1.937388035390321e+30 1.93790724339292e+30

real	0m1.003s
user	0m0.979s
sys	0m0.020s
 
8.382424294553979e+29 8.385850640122295e+29 1.937388035390321e+30 1.93790724339292e+30

real	0m1.025s
user	0m1.003s
sys	0m0.018s
 
8.382424294553979e+29 8.385850640122295e+29 1.937388035390321e+30 1.93790724339292e+30

real	0m0.949s
user	0m0.928s
sys	0m0.018s
 
8.382424294553979e+29 8.385850640122295e+29 1.937388035390321e+30 1.93790724339292e+30

real	0m0.944s
user	0m0.919s
sys	0m0.021s
 
374124590164.9393 378323909405.297 483306890414.2386 487506209654.5964

real	0m1.410s
user	0m1.405s
sys	0m0.001s
 
8003498375443.188 8040830216224.574 11400695886549.59 11438027727330.98

real	0m1.330s
user	0m1.325s
sys	0m0.001s
 
467292080353.7709 473215316635.7608 603526514839.5372 609449751121.5272

real	0m0.512s
user	0m0.509s
sys	0m0.002s
 
22856685758006.32 23032721850853.32 32186598678896.97 32362634771743.98

real	0m0.606s
user	0m0.602s
sys	0m0.002s
