 
SCALAR_VEC
 
0.5808000000000001 0.5830000000000002 0.6270000000000002 0.6292000000000002

real	0m0.492s
user	0m0.490s
sys	0m0.001s
 
46.0284 46.03060000000001 50.20620000000001 50.2084

real	0m0.559s
user	0m0.557s
sys	0m0.000s
 
29876.5456 29876.5478 32592.58860000001 32592.59080000001

real	0m0.562s
user	0m0.546s
sys	0m0.010s
 
VEC_VEC
 
174.0387

real	0m0.871s
user	0m0.868s
sys	0m0.001s
 
9698907.663399996

real	0m0.877s
user	0m0.875s
sys	0m0.000s
 
24900423491.09201

real	0m1.243s
user	0m1.238s
sys	0m0.001s
 
24900741320632.71

real	0m1.261s
user	0m1.254s
sys	0m0.001s
 
2.490083360868967e+16

real	0m1.446s
user	0m1.420s
sys	0m0.013s
 
VEC_MAT
 
178.7929000000001 178.8030000000001 201.2149000000001 201.2250000000001

real	0m0.876s
user	0m0.873s
sys	0m0.000s
 
992.6821000000002 992.6922000000003 1117.3464 1117.3565

real	0m0.527s
user	0m0.524s
sys	0m0.001s
 
390.3932 390.4204 450.7772000000001 450.8044

real	0m2.052s
user	0m2.046s
sys	0m0.001s
 
2166.9797 2167.0069 2502.7093 2502.7365

real	0m1.254s
user	0m1.251s
sys	0m0.000s
 
157975690.7399002 164380665.8450001

real	0m0.486s
user	0m0.483s
sys	0m0.001s
 
27065907086.64726 28163538210.734

real	0m0.539s
user	0m0.537s
sys	0m0.001s
 
128614163.4402999 133441028.6953997 138267893.9505

real	0m0.415s
user	0m0.414s
sys	0m0.000s
 
17202407856.50187 17848340807.38918 18494273758.27599

real	0m0.425s
user	0m0.424s
sys	0m0.000s
 
2.2266 2.2836 2.3406 2.397600000000001

real	0m0.399s
user	0m0.396s
sys	0m0.001s
 
73.52180000000001 74.6944 86.4204 87.59300000000002

real	0m1.593s
user	0m1.589s
sys	0m0.001s
 
609.1862 615.0844000000001 774.3358000000001 780.2340000000002

real	0m1.959s
user	0m1.954s
sys	0m0.001s
 
31020069.53999998 31057579.07999998 45948866.45999996 45986376.00000001

real	0m2.258s
user	0m2.251s
sys	0m0.000s
 
3948765877.809497 3955170852.914604 5863853434.234404 5870258409.339499

real	0m2.223s
user	0m2.197s
sys	0m0.004s
 
629070346650.9426 630167977775.031 934211799147.1235 935309430271.2021

real	0m1.248s
user	0m1.221s
sys	0m0.014s
 
72549439.0166 72565446.85879999 108086848.7006 108102856.5428001

real	0m2.914s
user	0m2.880s
sys	0m0.005s
 
324096005.6180002 324108897.3359997 483218480.892 483231372.6099998

real	0m1.515s
user	0m1.485s
sys	0m0.015s
 
10829665.1294 10829701.4254 15310551.5134 15310587.8094

real	0m1.109s
user	0m1.075s
sys	0m0.023s
 
107135690886248 108233331157370.3 147748380917728.1 148846021188851.3

real	0m0.831s
user	0m0.803s
sys	0m0.020s
 
MAT_VEC
 
178.7929000000001 178.8030000000001 201.2149000000001 201.2250000000001

real	0m1.022s
user	0m1.018s
sys	0m0.001s
 
992.6821000000002 992.6922000000003 1117.3464 1117.3565

real	0m0.622s
user	0m0.620s
sys	0m0.001s
 
390.3932 390.4204 450.7772000000001 450.8044

real	0m2.897s
user	0m2.891s
sys	0m0.000s
 
2166.9797 2167.0069 2502.7093 2502.7365

real	0m1.654s
user	0m1.648s
sys	0m0.001s
 
157975690.7399002 164380665.8450001

real	0m0.508s
user	0m0.506s
sys	0m0.001s
 
27065907086.64726 28163538210.734

real	0m0.594s
user	0m0.592s
sys	0m0.000s
 
128614163.4402999 133441028.6953997 138267893.9505

real	0m0.428s
user	0m0.426s
sys	0m0.001s
 
17202407856.50187 17848340807.38918 18494273758.27599

real	0m0.536s
user	0m0.533s
sys	0m0.001s
 
2.2266 2.2836 2.3406 2.397600000000001

real	0m0.262s
user	0m0.260s
sys	0m0.001s
 
73.52180000000001 74.6944 86.4204 87.59300000000002

real	0m2.100s
user	0m2.094s
sys	0m0.001s
 
609.1862 615.0844000000001 774.3358000000001 780.2340000000002

real	0m4.062s
user	0m4.052s
sys	0m0.001s
 
31020069.53999998 31057579.07999998 45948866.45999996 45986376.00000001

real	0m5.598s
user	0m5.578s
sys	0m0.003s
 
3948765877.809497 3955170852.914604 5863853434.234404 5870258409.339499

real	0m5.293s
user	0m5.252s
sys	0m0.005s
 
629070346650.9426 630167977775.031 934211799147.1235 935309430271.2021

real	0m2.718s
user	0m2.687s
sys	0m0.016s
 
72549439.0166 72565446.85879999 108086848.7006 108102856.5428001

real	0m5.003s
user	0m4.955s
sys	0m0.005s
 
324096005.6180002 324108897.3359997 483218480.892 483231372.6099998

real	0m2.698s
user	0m2.668s
sys	0m0.014s
 
10829665.1294 10829701.4254 15310551.5134 15310587.8094

real	0m1.819s
user	0m1.780s
sys	0m0.024s
 
107135690886248 108233331157370.3 147748380917728.1 148846021188851.3

real	0m1.798s
user	0m1.763s
sys	0m0.022s
 
OUTER
 
101.277 104.346 110.4774 113.8252

real	0m1.889s
user	0m1.883s
sys	0m0.001s
 
96.84840000000001 99.04950000000002 108.045 110.446

real	0m1.767s
user	0m1.762s
sys	0m0.001s
 
94.13800000000002 95.84960000000002 106.419 108.286

real	0m3.497s
user	0m3.487s
sys	0m0.001s
 
14.5684 14.5728 16.60140000000001 16.606

real	0m0.674s
user	0m0.672s
sys	0m0.000s
 
10.164 10.2025 11.913 11.9548

real	0m0.741s
user	0m0.740s
sys	0m0.000s
 
955.9242 956.3004 1135.8438 1136.254

real	0m1.167s
user	0m1.161s
sys	0m0.002s
 
86477.05440000001 86480.57660000001 102897.9582 102901.8004

real	0m1.124s
user	0m1.086s
sys	0m0.026s
 
27312.9912 27313.3443 32486.685 32487.07

real	0m0.681s
user	0m0.662s
sys	0m0.012s
 
MAT_MAT
 
8054296.570499997 8377212.617400005 11041896.78059999 11521723.02599998

real	0m1.205s
user	0m1.201s
sys	0m0.001s
 
67005585.50399998 69693523.28640002 92209626.6390001 96222702.65399998

real	0m1.531s
user	0m1.526s
sys	0m0.001s
 
56602.02200000002 58658.48450000003 83130.86099999996 86296.01680000003

real	0m1.524s
user	0m1.520s
sys	0m0.000s
 
297546749.5919997 308581623.7314994 440770097.583 457946307.1219999

real	0m1.557s
user	0m1.551s
sys	0m0.001s
 
8054296.570499997 8144829.910200007 11426434.83180001 11521723.02599998

real	0m1.317s
user	0m1.313s
sys	0m0.001s
 
67005585.50399998 67746880.83150004 95442432.67260008 96222702.65399998

real	0m1.675s
user	0m1.670s
sys	0m0.001s
 
56602.02200000002 56765.4044 86117.12820000002 86296.01680000003

real	0m1.064s
user	0m1.061s
sys	0m0.000s
 
297546749.5919997 299613096.1240003 455678605.3310006 457946307.1219999

real	0m1.123s
user	0m1.118s
sys	0m0.001s
 
301.3441 301.7106 379.168 379.5840000000001

real	0m1.337s
user	0m1.334s
sys	0m0.000s
 
45022.4809 45027.16379999999 57025.89409999999 57031.226

real	0m1.590s
user	0m1.566s
sys	0m0.009s
 
79343.34260000002 79353.49420000002 105856.4262 105868.395

real	0m1.363s
user	0m1.344s
sys	0m0.010s
 
77470.43699999999 77485.73999999999 107948.34 107966.91

real	0m0.999s
user	0m0.990s
sys	0m0.004s
 
109.241 111.7864 142.1856 145.251

real	0m1.710s
user	0m1.705s
sys	0m0.001s
 
1739639.1343 1765026.6362 3156552.835599999 3194056.931000001

real	0m2.695s
user	0m2.688s
sys	0m0.001s
 
40128631.98950006 40455680.77900002 81101463.51099998 81608296.35000008

real	0m2.007s
user	0m2.000s
sys	0m0.002s
 
185145.8628 186726.9552 353878.6176 356259.936

real	0m2.906s
user	0m2.898s
sys	0m0.001s
 
5650057.303000003 5674398.905999999 11835110.684 11873364.25000001

real	0m2.596s
user	0m2.588s
sys	0m0.001s
 
3539227257.462 3543179262.324003 8019509498.519998 8025995052.400001

real	0m0.878s
user	0m0.872s
sys	0m0.003s
 
66219776245.92168 66260257446.05717 151986883006.3699 152053753059.55

real	0m1.019s
user	0m1.004s
sys	0m0.011s
 
166212294937.3991 166288626284.498 382568140639.0098 382694366833.2999

real	0m0.935s
user	0m0.912s
sys	0m0.019s
 
608720333715.4655 608956501509.1871 1405127495482.165 1405518727998.903

real	0m1.863s
user	0m1.833s
sys	0m0.023s
 
TRANS1
 
8054296.570499997 8377212.617400005 11041896.78059999 11521723.02599998

real	0m1.293s
user	0m1.290s
sys	0m0.000s
 
67005585.50399998 69693523.28640002 92209626.6390001 96222702.65399998

real	0m1.613s
user	0m1.607s
sys	0m0.001s
 
56602.02200000002 58658.48450000003 83130.86099999996 86296.01680000003

real	0m1.060s
user	0m1.058s
sys	0m0.000s
 
297546749.5919997 308581623.7314994 440770097.583 457946307.1219999

real	0m1.123s
user	0m1.119s
sys	0m0.001s
 
8054296.570499997 8144829.910200007 11426434.83180001 11521723.02599998

real	0m1.239s
user	0m1.235s
sys	0m0.001s
 
67005585.50399998 67746880.83150004 95442432.67260008 96222702.65399998

real	0m1.563s
user	0m1.558s
sys	0m0.001s
 
56602.02200000002 56765.4044 86117.12820000002 86296.01680000003

real	0m1.022s
user	0m1.019s
sys	0m0.000s
 
297546749.5919997 299613096.1240003 455678605.3310006 457946307.1219999

real	0m1.113s
user	0m1.107s
sys	0m0.002s
 
301.3441 301.7106 379.168 379.5840000000001

real	0m0.784s
user	0m0.781s
sys	0m0.001s
 
45022.4809 45027.16379999999 57025.89409999999 57031.226

real	0m1.113s
user	0m1.092s
sys	0m0.009s
 
79343.34260000002 79353.49420000002 105856.4262 105868.395

real	0m1.164s
user	0m1.150s
sys	0m0.007s
 
77470.43699999999 77485.73999999999 107948.34 107966.91

real	0m1.081s
user	0m1.071s
sys	0m0.005s
 
109.241 111.7864 142.1856 145.251

real	0m1.417s
user	0m1.413s
sys	0m0.001s
 
1739639.1343 1765026.6362 3156552.835599999 3194056.931000001

real	0m2.467s
user	0m2.461s
sys	0m0.000s
 
40128631.98950006 40455680.77900002 81101463.51099998 81608296.35000008

real	0m1.895s
user	0m1.889s
sys	0m0.001s
 
185145.8628 186726.9552 353878.6176 356259.936

real	0m2.793s
user	0m2.787s
sys	0m0.000s
 
5650057.303000003 5674398.905999999 11835110.684 11873364.25000001

real	0m2.403s
user	0m2.396s
sys	0m0.000s
 
3539227257.462 3543179262.324003 8019509498.519998 8025995052.400001

real	0m0.852s
user	0m0.845s
sys	0m0.004s
 
66219776245.92168 66260257446.05717 151986883006.3699 152053753059.55

real	0m1.003s
user	0m0.989s
sys	0m0.010s
 
166212294937.3991 166288626284.498 382568140639.0098 382694366833.2999

real	0m0.911s
user	0m0.895s
sys	0m0.013s
 
608720333715.4655 608956501509.1871 1405127495482.165 1405518727998.903

real	0m1.872s
user	0m1.847s
sys	0m0.019s
 
1512441.733 1524415.266 2968657.650000001 2986772.5

real	0m1.424s
user	0m1.420s
sys	0m0.001s
 
608720333715.4655 608956501509.1871 1405127495482.165 1405518727998.903

real	0m0.985s
user	0m0.963s
sys	0m0.018s
 
TRANS2
 
8054296.570499997 8377212.617400005 11041896.78059999 11521723.02599998

real	0m1.349s
user	0m1.346s
sys	0m0.000s
 
67005585.50399998 69693523.28640002 92209626.6390001 96222702.65399998

real	0m2.193s
user	0m2.185s
sys	0m0.001s
 
56602.02200000002 58658.48450000003 83130.86099999996 86296.01680000003

real	0m1.476s
user	0m1.424s
sys	0m0.001s
 
297546749.5919997 308581623.7314994 440770097.583 457946307.1219999

real	0m2.065s
user	0m2.058s
sys	0m0.000s
 
8054296.570499997 8144829.910200007 11426434.83180001 11521723.02599998

real	0m1.315s
user	0m1.312s
sys	0m0.000s
 
67005585.50399998 67746880.83150004 95442432.67260008 96222702.65399998

real	0m1.670s
user	0m1.664s
sys	0m0.001s
 
56602.02200000002 56765.4044 86117.12820000002 86296.01680000003

real	0m1.041s
user	0m1.037s
sys	0m0.001s
 
297546749.5919997 299613096.1240003 455678605.3310006 457946307.1219999

real	0m1.099s
user	0m1.094s
sys	0m0.001s
 
301.3441 301.7106 379.168 379.5840000000001

real	0m1.337s
user	0m1.334s
sys	0m0.000s
 
45022.4809 45027.16379999999 57025.89409999999 57031.226

real	0m1.587s
user	0m1.563s
sys	0m0.010s
 
79343.34260000002 79353.49420000002 105856.4262 105868.395

real	0m1.150s
user	0m1.133s
sys	0m0.008s
 
77470.43699999999 77485.73999999999 107948.34 107966.91

real	0m1.004s
user	0m0.993s
sys	0m0.006s
 
109.241 111.7864 142.1856 145.251

real	0m1.493s
user	0m1.489s
sys	0m0.001s
 
1739639.1343 1765026.6362 3156552.835599999 3194056.931000001

real	0m2.768s
user	0m2.761s
sys	0m0.001s
 
40128631.98950006 40455680.77900002 81101463.51099998 81608296.35000008

real	0m2.139s
user	0m2.132s
sys	0m0.001s
 
185145.8628 186726.9552 353878.6176 356259.936

real	0m2.913s
user	0m2.905s
sys	0m0.001s
 
5650057.303000003 5674398.905999999 11835110.684 11873364.25000001

real	0m2.595s
user	0m2.587s
sys	0m0.001s
 
3539227257.462 3543179262.324003 8019509498.519998 8025995052.400001

real	0m0.898s
user	0m0.892s
sys	0m0.003s
 
66219776245.92168 66260257446.05717 151986883006.3699 152053753059.55

real	0m1.041s
user	0m1.024s
sys	0m0.013s
 
166212294937.3991 166288626284.498 382568140639.0098 382694366833.2999

real	0m0.969s
user	0m0.951s
sys	0m0.014s
 
608720333715.4655 608956501509.1871 1405127495482.165 1405518727998.903

real	0m1.953s
user	0m1.924s
sys	0m0.021s
 
1512441.733 1524415.266 2968657.650000001 2986772.5

real	0m1.590s
user	0m1.585s
sys	0m0.001s
 
608720333715.4655 608956501509.1871 1405127495482.165 1405518727998.903

real	0m1.026s
user	0m1.004s
sys	0m0.018s
 
TRANS12
 
8054296.570499997 8377212.617400005 11041896.78059999 11521723.02599998

real	0m1.348s
user	0m1.321s
sys	0m0.000s
 
67005585.50399998 69693523.28640002 92209626.6390001 96222702.65399998

real	0m1.680s
user	0m1.674s
sys	0m0.001s
 
56602.02200000002 58658.48450000003 83130.86099999996 86296.01680000003

real	0m1.121s
user	0m1.117s
sys	0m0.001s
 
297546749.5919997 308581623.7314994 440770097.583 457946307.1219999

real	0m1.123s
user	0m1.118s
sys	0m0.001s
 
8054296.570499997 8144829.910200007 11426434.83180001 11521723.02599998

real	0m1.212s
user	0m1.209s
sys	0m0.000s
 
67005585.50399998 67746880.83150004 95442432.67260008 96222702.65399998

real	0m1.534s
user	0m1.528s
sys	0m0.002s
 
56602.02200000002 56765.4044 86117.12820000002 86296.01680000003

real	0m1.563s
user	0m1.558s
sys	0m0.001s
 
297546749.5919997 299613096.1240003 455678605.3310006 457946307.1219999

real	0m1.469s
user	0m1.463s
sys	0m0.001s
 
301.3441 301.7106 379.168 379.5840000000001

real	0m2.664s
user	0m2.656s
sys	0m0.001s
 
45022.4809 45027.16379999999 57025.89409999999 57031.226

real	0m2.984s
user	0m2.960s
sys	0m0.007s
 
79343.34260000002 79353.49420000002 105856.4262 105868.395

real	0m2.321s
user	0m2.302s
sys	0m0.007s
 
77470.43699999999 77485.73999999999 107948.34 107966.91

real	0m2.045s
user	0m2.030s
sys	0m0.006s
 
109.241 111.7864 142.1856 145.251

real	0m1.748s
user	0m1.743s
sys	0m0.001s
 
1739639.1343 1765026.6362 3156552.835599999 3194056.931000001

real	0m2.625s
user	0m2.618s
sys	0m0.001s
 
40128631.98950006 40455680.77900002 81101463.51099998 81608296.35000008

real	0m2.015s
user	0m2.009s
sys	0m0.000s
 
185145.8628 186726.9552 353878.6176 356259.936

real	0m3.104s
user	0m3.095s
sys	0m0.001s
 
5650057.303000003 5674398.905999999 11835110.684 11873364.25000001

real	0m2.627s
user	0m2.619s
sys	0m0.000s
 
3539227257.462 3543179262.324003 8019509498.519998 8025995052.400001

real	0m0.975s
user	0m0.969s
sys	0m0.003s
 
66219776245.92168 66260257446.05717 151986883006.3699 152053753059.55

real	0m1.217s
user	0m1.200s
sys	0m0.010s
 
166212294937.3991 166288626284.498 382568140639.0098 382694366833.2999

real	0m1.145s
user	0m1.126s
sys	0m0.013s
 
608720333715.4655 608956501509.1871 1405127495482.165 1405518727998.903

real	0m2.316s
user	0m2.274s
sys	0m0.028s
 
SPECIAL
 
0.04840000000000001

real	0m0.424s
user	0m0.423s
sys	0m0.000s
 
0.04840000000000001

real	0m0.466s
user	0m0.463s
sys	0m0.001s
 
0.04840000000000001

real	0m0.284s
user	0m0.282s
sys	0m0.001s
 
53.79660000000001 53.79880000000001 58.68060000000001 58.68280000000001

real	0m1.406s
user	0m1.401s
sys	0m0.001s
 
53.79660000000001 53.79880000000001 58.68060000000001 58.68280000000001

real	0m1.352s
user	0m1.347s
sys	0m0.001s
 
9698907.663399996

real	0m0.892s
user	0m0.888s
sys	0m0.001s
 
9698907.663399996

real	0m0.887s
user	0m0.883s
sys	0m0.001s
 
0.04840000000000001

real	0m0.627s
user	0m0.623s
sys	0m0.002s
 
53.79660000000001 53.79880000000001 58.68060000000001 58.68280000000001

real	0m1.433s
user	0m1.430s
sys	0m0.000s
 
53.79660000000001 53.79880000000001 58.68060000000001 58.68280000000001

real	0m1.377s
user	0m1.373s
sys	0m0.001s
 
9698907.663399996

real	0m0.900s
user	0m0.898s
sys	0m0.000s
 
3948765877.809497 3955170852.914604 5863853434.234404 5870258409.339499

real	0m3.972s
user	0m3.941s
sys	0m0.004s
 
3948765877.809497 3955170852.914604 5863853434.234404 5870258409.339499

real	0m1.668s
user	0m1.648s
sys	0m0.003s
 
0.04840000000000001

real	0m0.788s
user	0m0.786s
sys	0m0.001s
 
53.79660000000001 53.79880000000001 58.68060000000001 58.68280000000001

real	0m1.411s
user	0m1.408s
sys	0m0.000s
 
53.79660000000001 53.79880000000001 58.68060000000001 58.68280000000001

real	0m1.353s
user	0m1.349s
sys	0m0.001s
 
9698907.663399996

real	0m0.899s
user	0m0.896s
sys	0m0.001s
 
3948765877.809497 3955170852.914604 5863853434.234404 5870258409.339499

real	0m1.631s
user	0m1.612s
sys	0m0.003s
 
3948765877.809497 3955170852.914604 5863853434.234404 5870258409.339499

real	0m1.677s
user	0m1.656s
sys	0m0.004s
 
0.04840000000000001

real	0m0.646s
user	0m0.645s
sys	0m0.000s
 
53.79660000000001 53.79880000000001 58.68060000000001 58.68280000000001

real	0m1.453s
user	0m1.419s
sys	0m0.002s
 
53.79660000000001 53.79880000000001 58.68060000000001 58.68280000000001

real	0m1.358s
user	0m1.354s
sys	0m0.001s
 
9698907.663399996

real	0m0.902s
user	0m0.899s
sys	0m0.001s
 
3948765877.809497 3955170852.914604 5863853434.234404 5870258409.339499

real	0m3.979s
user	0m3.949s
sys	0m0.002s
 
3948765877.809497 3955170852.914604 5863853434.234404 5870258409.339499

real	0m3.988s
user	0m3.956s
sys	0m0.004s
 
0.04840000000000001

real	0m0.713s
user	0m0.711s
sys	0m0.000s
 
53.79660000000001 53.79880000000001 58.68060000000001 58.68280000000001

real	0m1.396s
user	0m1.390s
sys	0m0.002s
 
53.79660000000001 53.79880000000001 58.68060000000001 58.68280000000001

real	0m1.395s
user	0m1.392s
sys	0m0.000s
 
9698907.663399996

real	0m0.908s
user	0m0.903s
sys	0m0.002s
 
3948765877.809497 3955170852.914604 5863853434.234404 5870258409.339499

real	0m1.675s
user	0m1.655s
sys	0m0.003s
 
3948765877.809497 3955170852.914604 5863853434.234404 5870258409.339499

real	0m4.084s
user	0m4.048s
sys	0m0.005s
 
3037.1121 3037.6632 3611.409 3612.01

real	0m0.976s
user	0m0.972s
sys	0m0.000s
 
3037.1121 3037.6632 3611.409 3612.01

real	0m0.956s
user	0m0.949s
sys	0m0.002s
 
3037.1121 3037.6632 3611.409 3612.01

real	0m0.964s
user	0m0.958s
sys	0m0.002s
 
3037.1121 3037.6632 3611.409 3612.01

real	0m0.968s
user	0m0.963s
sys	0m0.001s
 
SEQUENCE
 
37624.35618 38872.44188 52954.76458 54712.31628

real	0m0.911s
user	0m0.909s
sys	0m0.000s
 
4350478614.186048 4405620767.888449 7321622135.843186 7393481577.214199

real	0m1.442s
user	0m1.439s
sys	0m0.000s
 
48832437279.8918 49241016265.74157 88512227219.28583 89040617812.03206

real	0m5.097s
user	0m5.081s
sys	0m0.001s
 
18696443068.18007 18840087100.15867 37617583432.7108 37823564976.3486

real	0m1.403s
user	0m1.397s
sys	0m0.001s
 
4.901614166865179e+18 4.912723296455448e+18 1.084442578747924e+19 1.086100449795465e+19

real	0m0.950s
user	0m0.946s
sys	0m0.000s
 
1.647418946230568e+16 1.649160037624473e+16 3.768465979697054e+16 3.771108024027194e+16

real	0m1.272s
user	0m1.263s
sys	0m0.004s
 
4.48881116501821e+17 4.490640601531962e+17 1.03730934601686e+18 1.03758774958278e+18

real	0m0.887s
user	0m0.866s
sys	0m0.018s
 
4.48881116501821e+17 4.490640601531962e+17 1.03730934601686e+18 1.03758774958278e+18

real	0m1.751s
user	0m1.727s
sys	0m0.018s
 
4.48881116501821e+17 4.490640601531962e+17 1.03730934601686e+18 1.03758774958278e+18

real	0m1.743s
user	0m1.720s
sys	0m0.017s
 
8.382424294553979e+29 8.385850640122295e+29 1.937388035390321e+30 1.93790724339292e+30

real	0m0.993s
user	0m0.970s
sys	0m0.019s
 
8.382424294553979e+29 8.385850640122295e+29 1.937388035390321e+30 1.93790724339292e+30

real	0m1.015s
user	0m0.990s
sys	0m0.022s
 
8.382424294553979e+29 8.385850640122295e+29 1.937388035390321e+30 1.93790724339292e+30

real	0m1.009s
user	0m0.986s
sys	0m0.020s
 
8.382424294553979e+29 8.385850640122295e+29 1.937388035390321e+30 1.93790724339292e+30

real	0m1.156s
user	0m1.008s
sys	0m0.021s
 
8.382424294553979e+29 8.385850640122295e+29 1.937388035390321e+30 1.93790724339292e+30

real	0m0.955s
user	0m0.935s
sys	0m0.017s
 
8.382424294553979e+29 8.385850640122295e+29 1.937388035390321e+30 1.93790724339292e+30

real	0m0.949s
user	0m0.925s
sys	0m0.020s
 
374124590164.9393 378323909405.297 483306890414.2386 487506209654.5964

real	0m1.439s
user	0m1.434s
sys	0m0.001s
 
8003498375443.188 8040830216224.574 11400695886549.59 11438027727330.98

real	0m1.341s
user	0m1.336s
sys	0m0.001s
 
467292080353.7709 473215316635.7608 603526514839.5372 609449751121.5272

real	0m2.023s
user	0m2.017s
sys	0m0.001s
 
22856685758006.32 23032721850853.32 32186598678896.97 32362634771743.98

real	0m2.371s
user	0m2.364s
sys	0m0.000s
