 
SCALAR_VEC
 
0.5808000000000001 0.5830000000000002 0.6270000000000002 0.6292000000000002

real	0m26.227s
user	0m52.335s
sys	0m0.002s
 
46.0284 46.03060000000001 50.20620000000001 50.2084

real	0m1.068s
user	0m2.129s
sys	0m0.001s
 
29876.5456 29876.5478 32592.58860000001 32592.59080000001

real	0m0.544s
user	0m1.042s
sys	0m0.010s
 
VEC_VEC
 
174.0387

real	0m26.534s
user	0m52.951s
sys	0m0.000s
 
9698907.663399996

real	0m1.345s
user	0m2.681s
sys	0m0.002s
 
24900423491.09201

real	0m1.292s
user	0m2.575s
sys	0m0.000s
 
24900741320632.71

real	0m1.259s
user	0m2.504s
sys	0m0.002s
 
2.490083360868967e+16

real	0m1.449s
user	0m2.839s
sys	0m0.013s
 
VEC_MAT
 
178.7929000000001 178.8030000000001 201.2149000000001 201.2250000000001

real	0m0.942s
user	0m1.877s
sys	0m0.001s
 
992.6821000000002 992.6922000000003 1117.3464 1117.3565

real	0m0.231s
user	0m0.456s
sys	0m0.002s
 
390.3932 390.4204 450.7772000000001 450.8044

real	0m2.731s
user	0m5.447s
sys	0m0.000s
 
2166.9797 2167.0069 2502.7093 2502.7365

real	0m1.320s
user	0m2.629s
sys	0m0.002s
 
157975690.7399002 164380665.8450001

real	0m0.559s
user	0m1.111s
sys	0m0.002s
 
27065907086.64726 28163538210.734

real	0m0.531s
user	0m1.056s
sys	0m0.002s
 
128614163.4402999 133441028.6953997 138267893.9505

real	0m0.512s
user	0m1.018s
sys	0m0.001s
 
17202407856.50187 17848340807.38918 18494273758.27599

real	0m0.463s
user	0m0.918s
sys	0m0.003s
 
2.2266 2.2836 2.3406 2.397600000000001

real	0m9.406s
user	0m18.770s
sys	0m0.000s
 
73.52180000000001 74.6944 86.4204 87.59300000000002

real	0m10.149s
user	0m20.249s
sys	0m0.001s
 
609.1862 615.0844000000001 774.3358000000001 780.2340000000002

real	0m5.288s
user	0m10.551s
sys	0m0.000s
 
31020069.53999998 31057579.07999998 45948866.45999996 45986376.00000001

real	0m0.972s
user	0m1.933s
sys	0m0.003s
 
3948765877.809497 3955170852.914604 5863853434.234404 5870258409.339499

real	0m1.804s
user	0m3.572s
sys	0m0.003s
 
629070346650.9426 630167977775.031 934211799147.1235 935309430271.2021

real	0m1.089s
user	0m2.122s
sys	0m0.016s
 
72549439.0166 72565446.85879999 108086848.7006 108102856.5428001

real	0m1.881s
user	0m3.724s
sys	0m0.005s
 
324096005.6180002 324108897.3359997 483218480.892 483231372.6099998

real	0m1.071s
user	0m2.084s
sys	0m0.016s
 
10829665.1294 10829701.4254 15310551.5134 15310587.8094

real	0m0.808s
user	0m1.548s
sys	0m0.022s
 
107135690886248 108233331157370.3 147748380917728.1 148846021188851.3

real	0m0.741s
user	0m1.417s
sys	0m0.023s
 
MAT_VEC
 
178.7929000000001 178.8030000000001 201.2149000000001 201.2250000000001

real	0m0.891s
user	0m1.775s
sys	0m0.001s
 
992.6821000000002 992.6922000000003 1117.3464 1117.3565

real	0m0.220s
user	0m0.437s
sys	0m0.001s
 
390.3932 390.4204 450.7772000000001 450.8044

real	0m1.162s
user	0m2.316s
sys	0m0.001s
 
2166.9797 2167.0069 2502.7093 2502.7365

real	0m0.330s
user	0m0.654s
sys	0m0.002s
 
157975690.7399002 164380665.8450001

real	0m0.539s
user	0m1.073s
sys	0m0.001s
 
27065907086.64726 28163538210.734

real	0m0.518s
user	0m1.031s
sys	0m0.000s
 
128614163.4402999 133441028.6953997 138267893.9505

real	0m0.501s
user	0m0.997s
sys	0m0.000s
 
17202407856.50187 17848340807.38918 18494273758.27599

real	0m0.476s
user	0m0.946s
sys	0m0.002s
 
2.2266 2.2836 2.3406 2.397600000000001

real	0m9.237s
user	0m18.430s
sys	0m0.002s
 
73.52180000000001 74.6944 86.4204 87.59300000000002

real	0m9.983s
user	0m19.919s
sys	0m0.001s
 
609.1862 615.0844000000001 774.3358000000001 780.2340000000002

real	0m4.437s
user	0m8.853s
sys	0m0.000s
 
31020069.53999998 31057579.07999998 45948866.45999996 45986376.00000001

real	0m0.918s
user	0m1.827s
sys	0m0.002s
 
3948765877.809497 3955170852.914604 5863853434.234404 5870258409.339499

real	0m1.758s
user	0m3.473s
sys	0m0.005s
 
629070346650.9426 630167977775.031 934211799147.1235 935309430271.2021

real	0m0.961s
user	0m1.868s
sys	0m0.017s
 
72549439.0166 72565446.85879999 108086848.7006 108102856.5428001

real	0m1.644s
user	0m3.249s
sys	0m0.006s
 
324096005.6180002 324108897.3359997 483218480.892 483231372.6099998

real	0m1.095s
user	0m2.137s
sys	0m0.012s
 
10829665.1294 10829701.4254 15310551.5134 15310587.8094

real	0m0.728s
user	0m1.391s
sys	0m0.024s
 
107135690886248 108233331157370.3 147748380917728.1 148846021188851.3

real	0m0.761s
user	0m1.458s
sys	0m0.018s
 
OUTER
 
101.277 104.346 110.4774 113.8252

real	0m2.245s
user	0m4.476s
sys	0m0.002s
 
96.84840000000001 99.04950000000002 108.045 110.446

real	0m2.252s
user	0m4.491s
sys	0m0.000s
 
94.13800000000002 95.84960000000002 106.419 108.286

real	0m2.264s
user	0m4.514s
sys	0m0.002s
 
14.5684 14.5728 16.60140000000001 16.606

real	0m2.699s
user	0m5.384s
sys	0m0.001s
 
10.164 10.2025 11.913 11.9548

real	0m4.085s
user	0m8.149s
sys	0m0.002s
 
955.9242 956.3004 1135.8438 1136.254

real	0m0.893s
user	0m1.778s
sys	0m0.001s
 
86477.05440000001 86480.57660000001 102897.9582 102901.8004

real	0m1.118s
user	0m2.139s
sys	0m0.030s
 
27312.9912 27313.3443 32486.685 32487.07

real	0m0.679s
user	0m1.321s
sys	0m0.008s
 
MAT_MAT
 
8054296.570499997 8377212.617400005 11041896.78059999 11521723.02599998

real	0m0.552s
user	0m1.098s
sys	0m0.002s
 
67005585.50399998 69693523.28640002 92209626.6390001 96222702.65399998

real	0m0.691s
user	0m1.375s
sys	0m0.001s
 
56602.02200000002 58658.48450000003 83130.86099999996 86296.01680000003

real	0m0.796s
user	0m1.585s
sys	0m0.001s
 
297546749.5919997 308581623.7314994 440770097.583 457946307.1219999

real	0m0.651s
user	0m1.293s
sys	0m0.003s
 
8054296.570499997 8144829.910200007 11426434.83180001 11521723.02599998

real	0m0.627s
user	0m1.249s
sys	0m0.000s
 
67005585.50399998 67746880.83150004 95442432.67260008 96222702.65399998

real	0m0.879s
user	0m1.750s
sys	0m0.001s
 
56602.02200000002 56765.4044 86117.12820000002 86296.01680000003

real	0m0.423s
user	0m0.841s
sys	0m0.001s
 
297546749.5919997 299613096.1240003 455678605.3310006 457946307.1219999

real	0m0.516s
user	0m1.026s
sys	0m0.002s
 
301.3441 301.7106 379.168 379.5840000000001

real	0m1.072s
user	0m2.136s
sys	0m0.001s
 
45022.4809 45027.16379999999 57025.89409999999 57031.226

real	0m1.167s
user	0m2.291s
sys	0m0.007s
 
79343.34260000002 79353.49420000002 105856.4262 105868.395

real	0m0.715s
user	0m1.394s
sys	0m0.009s
 
77470.43699999999 77485.73999999999 107948.34 107966.91

real	0m0.463s
user	0m0.903s
sys	0m0.006s
 
109.241 111.7864 142.1856 145.251

real	0m3.039s
user	0m6.062s
sys	0m0.001s
 
1739639.1343 1765026.6362 3156552.835599999 3194056.931000001

real	0m0.758s
user	0m1.510s
sys	0m0.001s
 
40128631.98950006 40455680.77900002 81101463.51099998 81608296.35000008

real	0m0.521s
user	0m1.035s
sys	0m0.001s
 
185145.8628 186726.9552 353878.6176 356259.936

real	0m0.679s
user	0m1.353s
sys	0m0.001s
 
5650057.303000003 5674398.905999999 11835110.684 11873364.25000001

real	0m0.449s
user	0m0.892s
sys	0m0.002s
 
3539227257.462 3543179262.324003 8019509498.519998 8025995052.400001

real	0m0.192s
user	0m0.373s
sys	0m0.003s
 
66219776245.92168 66260257446.05717 151986883006.3699 152053753059.55

real	0m0.220s
user	0m0.413s
sys	0m0.010s
 
166212294937.3991 166288626284.498 382568140639.0098 382694366833.2999

real	0m0.227s
user	0m0.414s
sys	0m0.016s
 
608720333715.4655 608956501509.1871 1405127495482.165 1405518727998.903

real	0m0.466s
user	0m0.872s
sys	0m0.019s
 
TRANS1
 
8054296.570499997 8377212.617400005 11041896.78059999 11521723.02599998

real	0m0.610s
user	0m1.215s
sys	0m0.000s
 
67005585.50399998 69693523.28640002 92209626.6390001 96222702.65399998

real	0m0.753s
user	0m1.500s
sys	0m0.000s
 
56602.02200000002 58658.48450000003 83130.86099999996 86296.01680000003

real	0m0.642s
user	0m1.278s
sys	0m0.001s
 
297546749.5919997 308581623.7314994 440770097.583 457946307.1219999

real	0m0.546s
user	0m1.084s
sys	0m0.002s
 
8054296.570499997 8144829.910200007 11426434.83180001 11521723.02599998

real	0m0.832s
user	0m1.656s
sys	0m0.002s
 
67005585.50399998 67746880.83150004 95442432.67260008 96222702.65399998

real	0m1.054s
user	0m2.098s
sys	0m0.002s
 
56602.02200000002 56765.4044 86117.12820000002 86296.01680000003

real	0m0.860s
user	0m1.712s
sys	0m0.003s
 
297546749.5919997 299613096.1240003 455678605.3310006 457946307.1219999

real	0m0.892s
user	0m1.774s
sys	0m0.003s
 
301.3441 301.7106 379.168 379.5840000000001

real	0m0.595s
user	0m1.183s
sys	0m0.002s
 
45022.4809 45027.16379999999 57025.89409999999 57031.226

real	0m1.079s
user	0m2.122s
sys	0m0.006s
 
79343.34260000002 79353.49420000002 105856.4262 105868.395

real	0m0.678s
user	0m1.326s
sys	0m0.008s
 
77470.43699999999 77485.73999999999 107948.34 107966.91

real	0m0.436s
user	0m0.848s
sys	0m0.006s
 
109.241 111.7864 142.1856 145.251

real	0m2.908s
user	0m5.800s
sys	0m0.002s
 
1739639.1343 1765026.6362 3156552.835599999 3194056.931000001

real	0m0.910s
user	0m1.813s
sys	0m0.001s
 
40128631.98950006 40455680.77900002 81101463.51099998 81608296.35000008

real	0m0.673s
user	0m1.339s
sys	0m0.001s
 
185145.8628 186726.9552 353878.6176 356259.936

real	0m0.945s
user	0m1.882s
sys	0m0.001s
 
5650057.303000003 5674398.905999999 11835110.684 11873364.25000001

real	0m0.782s
user	0m1.557s
sys	0m0.001s
 
3539227257.462 3543179262.324003 8019509498.519998 8025995052.400001

real	0m0.269s
user	0m0.524s
sys	0m0.005s
 
66219776245.92168 66260257446.05717 151986883006.3699 152053753059.55

real	0m0.335s
user	0m0.636s
sys	0m0.013s
 
166212294937.3991 166288626284.498 382568140639.0098 382694366833.2999

real	0m0.304s
user	0m0.559s
sys	0m0.013s
 
608720333715.4655 608956501509.1871 1405127495482.165 1405518727998.903

real	0m0.654s
user	0m1.214s
sys	0m0.023s
 
1512441.733 1524415.266 2968657.650000001 2986772.5

real	0m0.619s
user	0m1.232s
sys	0m0.001s
 
608720333715.4655 608956501509.1871 1405127495482.165 1405518727998.903

real	0m0.357s
user	0m0.639s
sys	0m0.015s
 
TRANS2
 
8054296.570499997 8377212.617400005 11041896.78059999 11521723.02599998

real	0m0.640s
user	0m1.274s
sys	0m0.000s
 
67005585.50399998 69693523.28640002 92209626.6390001 96222702.65399998

real	0m1.032s
user	0m1.988s
sys	0m0.001s
 
56602.02200000002 58658.48450000003 83130.86099999996 86296.01680000003

real	0m0.755s
user	0m1.501s
sys	0m0.002s
 
297546749.5919997 308581623.7314994 440770097.583 457946307.1219999

real	0m0.804s
user	0m1.600s
sys	0m0.001s
 
8054296.570499997 8144829.910200007 11426434.83180001 11521723.02599998

real	0m0.561s
user	0m1.116s
sys	0m0.001s
 
67005585.50399998 67746880.83150004 95442432.67260008 96222702.65399998

real	0m0.789s
user	0m1.571s
sys	0m0.000s
 
56602.02200000002 56765.4044 86117.12820000002 86296.01680000003

real	0m0.419s
user	0m0.833s
sys	0m0.001s
 
297546749.5919997 299613096.1240003 455678605.3310006 457946307.1219999

real	0m0.487s
user	0m0.967s
sys	0m0.002s
 
301.3441 301.7106 379.168 379.5840000000001

real	0m1.063s
user	0m2.118s
sys	0m0.001s
 
45022.4809 45027.16379999999 57025.89409999999 57031.226

real	0m1.267s
user	0m2.290s
sys	0m0.009s
 
79343.34260000002 79353.49420000002 105856.4262 105868.395

real	0m0.714s
user	0m1.395s
sys	0m0.007s
 
77470.43699999999 77485.73999999999 107948.34 107966.91

real	0m0.469s
user	0m0.916s
sys	0m0.006s
 
109.241 111.7864 142.1856 145.251

real	0m2.827s
user	0m5.639s
sys	0m0.001s
 
1739639.1343 1765026.6362 3156552.835599999 3194056.931000001

real	0m0.708s
user	0m1.409s
sys	0m0.000s
 
40128631.98950006 40455680.77900002 81101463.51099998 81608296.35000008

real	0m0.537s
user	0m1.068s
sys	0m0.001s
 
185145.8628 186726.9552 353878.6176 356259.936

real	0m0.665s
user	0m1.323s
sys	0m0.002s
 
5650057.303000003 5674398.905999999 11835110.684 11873364.25000001

real	0m0.492s
user	0m0.975s
sys	0m0.003s
 
3539227257.462 3543179262.324003 8019509498.519998 8025995052.400001

real	0m0.196s
user	0m0.378s
sys	0m0.005s
 
66219776245.92168 66260257446.05717 151986883006.3699 152053753059.55

real	0m0.222s
user	0m0.411s
sys	0m0.011s
 
166212294937.3991 166288626284.498 382568140639.0098 382694366833.2999

real	0m0.243s
user	0m0.433s
sys	0m0.014s
 
608720333715.4655 608956501509.1871 1405127495482.165 1405518727998.903

real	0m0.508s
user	0m0.914s
sys	0m0.029s
 
1512441.733 1524415.266 2968657.650000001 2986772.5

real	0m0.478s
user	0m0.950s
sys	0m0.002s
 
608720333715.4655 608956501509.1871 1405127495482.165 1405518727998.903

real	0m0.276s
user	0m0.475s
sys	0m0.017s
 
TRANS12
 
8054296.570499997 8377212.617400005 11041896.78059999 11521723.02599998

real	0m0.454s
user	0m0.903s
sys	0m0.001s
 
67005585.50399998 69693523.28640002 92209626.6390001 96222702.65399998

real	0m0.661s
user	0m1.314s
sys	0m0.001s
 
56602.02200000002 58658.48450000003 83130.86099999996 86296.01680000003

real	0m0.294s
user	0m0.584s
sys	0m0.001s
 
297546749.5919997 308581623.7314994 440770097.583 457946307.1219999

real	0m0.379s
user	0m0.751s
sys	0m0.003s
 
8054296.570499997 8144829.910200007 11426434.83180001 11521723.02599998

real	0m0.945s
user	0m1.883s
sys	0m0.001s
 
67005585.50399998 67746880.83150004 95442432.67260008 96222702.65399998

real	0m1.192s
user	0m2.375s
sys	0m0.001s
 
56602.02200000002 56765.4044 86117.12820000002 86296.01680000003

real	0m1.318s
user	0m2.627s
sys	0m0.001s
 
297546749.5919997 299613096.1240003 455678605.3310006 457946307.1219999

real	0m1.180s
user	0m2.349s
sys	0m0.002s
 
301.3441 301.7106 379.168 379.5840000000001

real	0m1.421s
user	0m2.832s
sys	0m0.002s
 
45022.4809 45027.16379999999 57025.89409999999 57031.226

real	0m1.630s
user	0m3.216s
sys	0m0.008s
 
79343.34260000002 79353.49420000002 105856.4262 105868.395

real	0m1.055s
user	0m2.075s
sys	0m0.007s
 
77470.43699999999 77485.73999999999 107948.34 107966.91

real	0m0.855s
user	0m1.692s
sys	0m0.004s
 
109.241 111.7864 142.1856 145.251

real	0m2.932s
user	0m5.848s
sys	0m0.001s
 
1739639.1343 1765026.6362 3156552.835599999 3194056.931000001

real	0m0.784s
user	0m1.561s
sys	0m0.001s
 
40128631.98950006 40455680.77900002 81101463.51099998 81608296.35000008

real	0m0.607s
user	0m1.208s
sys	0m0.000s
 
185145.8628 186726.9552 353878.6176 356259.936

real	0m0.657s
user	0m1.308s
sys	0m0.002s
 
5650057.303000003 5674398.905999999 11835110.684 11873364.25000001

real	0m0.519s
user	0m1.034s
sys	0m0.000s
 
3539227257.462 3543179262.324003 8019509498.519998 8025995052.400001

real	0m0.228s
user	0m0.440s
sys	0m0.006s
 
66219776245.92168 66260257446.05717 151986883006.3699 152053753059.55

real	0m0.328s
user	0m0.614s
sys	0m0.013s
 
166212294937.3991 166288626284.498 382568140639.0098 382694366833.2999

real	0m0.358s
user	0m0.647s
sys	0m0.013s
 
608720333715.4655 608956501509.1871 1405127495482.165 1405518727998.903

real	0m0.728s
user	0m1.320s
sys	0m0.024s
 
SPECIAL
 
0.04840000000000001

real	0m25.978s
user	0m51.841s
sys	0m0.001s
 
0.04840000000000001

real	0m26.532s
user	0m52.949s
sys	0m0.000s
 
0.04840000000000001

real	0m25.945s
user	0m51.776s
sys	0m0.001s
 
53.79660000000001 53.79880000000001 58.68060000000001 58.68280000000001

real	0m1.836s
user	0m3.661s
sys	0m0.001s
 
53.79660000000001 53.79880000000001 58.68060000000001 58.68280000000001

real	0m2.100s
user	0m4.187s
sys	0m0.003s
 
9698907.663399996

real	0m1.347s
user	0m2.684s
sys	0m0.002s
 
9698907.663399996

real	0m1.343s
user	0m2.677s
sys	0m0.001s
 
0.04840000000000001

real	0m28.520s
user	0m56.914s
sys	0m0.000s
 
53.79660000000001 53.79880000000001 58.68060000000001 58.68280000000001

real	0m2.173s
user	0m4.333s
sys	0m0.001s
 
53.79660000000001 53.79880000000001 58.68060000000001 58.68280000000001

real	0m2.204s
user	0m4.395s
sys	0m0.001s
 
9698907.663399996

real	0m1.449s
user	0m2.747s
sys	0m0.000s
 
3948765877.809497 3955170852.914604 5863853434.234404 5870258409.339499

real	0m1.531s
user	0m3.025s
sys	0m0.007s
 
3948765877.809497 3955170852.914604 5863853434.234404 5870258409.339499

real	0m1.265s
user	0m2.504s
sys	0m0.003s
 
0.04840000000000001

real	0m28.274s
user	0m56.424s
sys	0m0.000s
 
53.79660000000001 53.79880000000001 58.68060000000001 58.68280000000001

real	0m2.105s
user	0m4.197s
sys	0m0.002s
 
53.79660000000001 53.79880000000001 58.68060000000001 58.68280000000001

real	0m2.147s
user	0m4.282s
sys	0m0.001s
 
9698907.663399996

real	0m1.382s
user	0m2.756s
sys	0m0.000s
 
3948765877.809497 3955170852.914604 5863853434.234404 5870258409.339499

real	0m1.598s
user	0m3.158s
sys	0m0.005s
 
3948765877.809497 3955170852.914604 5863853434.234404 5870258409.339499

real	0m1.356s
user	0m2.680s
sys	0m0.006s
 
0.04840000000000001

real	0m28.076s
user	0m56.026s
sys	0m0.003s
 
53.79660000000001 53.79880000000001 58.68060000000001 58.68280000000001

real	0m2.197s
user	0m4.380s
sys	0m0.002s
 
53.79660000000001 53.79880000000001 58.68060000000001 58.68280000000001

real	0m2.061s
user	0m4.111s
sys	0m0.001s
 
9698907.663399996

real	0m1.383s
user	0m2.758s
sys	0m0.001s
 
3948765877.809497 3955170852.914604 5863853434.234404 5870258409.339499

real	0m1.695s
user	0m3.352s
sys	0m0.006s
 
3948765877.809497 3955170852.914604 5863853434.234404 5870258409.339499

real	0m1.333s
user	0m2.627s
sys	0m0.005s
 
0.04840000000000001

real	0m27.552s
user	0m54.982s
sys	0m0.000s
 
53.79660000000001 53.79880000000001 58.68060000000001 58.68280000000001

real	0m2.106s
user	0m4.200s
sys	0m0.000s
 
53.79660000000001 53.79880000000001 58.68060000000001 58.68280000000001

real	0m2.072s
user	0m4.132s
sys	0m0.001s
 
9698907.663399996

real	0m1.375s
user	0m2.741s
sys	0m0.002s
 
3948765877.809497 3955170852.914604 5863853434.234404 5870258409.339499

real	0m1.504s
user	0m2.972s
sys	0m0.005s
 
3948765877.809497 3955170852.914604 5863853434.234404 5870258409.339499

real	0m1.267s
user	0m2.496s
sys	0m0.003s
 
3037.1121 3037.6632 3611.409 3612.01

real	0m0.614s
user	0m1.220s
sys	0m0.001s
 
3037.1121 3037.6632 3611.409 3612.01

real	0m0.619s
user	0m1.226s
sys	0m0.003s
 
3037.1121 3037.6632 3611.409 3612.01

real	0m0.618s
user	0m1.226s
sys	0m0.001s
 
3037.1121 3037.6632 3611.409 3612.01

real	0m0.576s
user	0m1.142s
sys	0m0.002s
 
SEQUENCE
 
37624.35618 38872.44188 52954.76458 54712.31628

real	0m0.450s
user	0m0.893s
sys	0m0.001s
 
4350478614.186048 4405620767.888449 7321622135.843186 7393481577.214199

real	0m0.445s
user	0m0.884s
sys	0m0.003s
 
48832437279.8918 49241016265.74157 88512227219.28583 89040617812.03206

real	0m1.168s
user	0m2.323s
sys	0m0.003s
 
18696443068.18007 18840087100.15867 37617583432.7108 37823564976.3486

real	0m0.325s
user	0m0.646s
sys	0m0.001s
 
4.901614166865179e+18 4.912723296455448e+18 1.084442578747924e+19 1.086100449795465e+19

real	0m0.208s
user	0m0.406s
sys	0m0.004s
 
1.647418946230568e+16 1.649160037624473e+16 3.768465979697054e+16 3.771108024027194e+16

real	0m0.301s
user	0m0.582s
sys	0m0.007s
 
4.48881116501821e+17 4.490640601531962e+17 1.03730934601686e+18 1.03758774958278e+18

real	0m0.226s
user	0m0.410s
sys	0m0.016s
 
4.48881116501821e+17 4.490640601531962e+17 1.03730934601686e+18 1.03758774958278e+18

real	0m0.544s
user	0m1.014s
sys	0m0.017s
 
4.48881116501821e+17 4.490640601531962e+17 1.03730934601686e+18 1.03758774958278e+18

real	0m0.618s
user	0m1.150s
sys	0m0.016s
 
8.382424294553979e+29 8.385850640122295e+29 1.937388035390321e+30 1.93790724339292e+30

real	0m0.256s
user	0m0.459s
sys	0m0.023s
 
8.382424294553979e+29 8.385850640122295e+29 1.937388035390321e+30 1.93790724339292e+30

real	0m0.348s
user	0m0.614s
sys	0m0.019s
 
8.382424294553979e+29 8.385850640122295e+29 1.937388035390321e+30 1.93790724339292e+30

real	0m0.360s
user	0m0.633s
sys	0m0.022s
 
8.382424294553979e+29 8.385850640122295e+29 1.937388035390321e+30 1.93790724339292e+30

real	0m0.354s
user	0m0.617s
sys	0m0.025s
 
8.382424294553979e+29 8.385850640122295e+29 1.937388035390321e+30 1.93790724339292e+30

real	0m0.331s
user	0m0.586s
sys	0m0.014s
 
8.382424294553979e+29 8.385850640122295e+29 1.937388035390321e+30 1.93790724339292e+30

real	0m0.341s
user	0m0.599s
sys	0m0.019s
 
374124590164.9393 378323909405.297 483306890414.2386 487506209654.5964

real	0m0.485s
user	0m0.964s
sys	0m0.001s
 
8003498375443.188 8040830216224.574 11400695886549.59 11438027727330.98

real	0m0.330s
user	0m0.654s
sys	0m0.002s
 
467292080353.7709 473215316635.7608 603526514839.5372 609449751121.5272

real	0m1.239s
user	0m2.469s
sys	0m0.002s
 
22856685758006.32 23032721850853.32 32186598678896.97 32362634771743.98

real	0m0.669s
user	0m1.332s
sys	0m0.001s
