 
SCALAR_VEC
 
0.5808000000000001 0.5830000000000002 0.6270000000000002 0.6292000000000002

real	0m1.048s
user	0m1.044s
sys	0m0.001s
 
46.0284 46.03060000000001 50.20620000000001 50.2084

real	0m0.415s
user	0m0.413s
sys	0m0.001s
 
29876.5456 29876.5478 32592.58860000001 32592.59080000001

real	0m0.555s
user	0m0.535s
sys	0m0.014s
 
VEC_VEC
 
174.0387

real	0m1.492s
user	0m1.488s
sys	0m0.001s
 
9698907.663399996

real	0m0.904s
user	0m0.902s
sys	0m0.000s
 
24900423491.09201

real	0m1.243s
user	0m1.240s
sys	0m0.000s
 
24900741320632.71

real	0m1.255s
user	0m1.247s
sys	0m0.003s
 
2.490083360868967e+16

real	0m1.447s
user	0m1.423s
sys	0m0.010s
 
VEC_MAT
 
178.7929000000001 178.8030000000001 201.2149000000001 201.2250000000001

real	0m0.667s
user	0m0.663s
sys	0m0.002s
 
992.6821000000002 992.6922000000003 1117.3464 1117.3565

real	0m0.468s
user	0m0.465s
sys	0m0.002s
 
390.3932 390.4204 450.7772000000001 450.8044

real	0m1.721s
user	0m1.716s
sys	0m0.001s
 
2166.9797 2167.0069 2502.7093 2502.7365

real	0m1.060s
user	0m1.054s
sys	0m0.002s
 
157975690.7399002 164380665.8450001

real	0m0.469s
user	0m0.467s
sys	0m0.001s
 
27065907086.64726 28163538210.734

real	0m0.516s
user	0m0.512s
sys	0m0.002s
 
128614163.4402999 133441028.6953997 138267893.9505

real	0m0.427s
user	0m0.425s
sys	0m0.001s
 
17202407856.50187 17848340807.38918 18494273758.27599

real	0m0.446s
user	0m0.443s
sys	0m0.001s
 
2.2266 2.2836 2.3406 2.397600000000001

real	0m0.623s
user	0m0.620s
sys	0m0.002s
 
73.52180000000001 74.6944 86.4204 87.59300000000002

real	0m1.327s
user	0m1.322s
sys	0m0.002s
 
609.1862 615.0844000000001 774.3358000000001 780.2340000000002

real	0m1.657s
user	0m1.651s
sys	0m0.002s
 
31020069.53999998 31057579.07999998 45948866.45999996 45986376.00000001

real	0m1.729s
user	0m1.721s
sys	0m0.002s
 
3948765877.809497 3955170852.914604 5863853434.234404 5870258409.339499

real	0m2.106s
user	0m2.083s
sys	0m0.002s
 
629070346650.9426 630167977775.031 934211799147.1235 935309430271.2021

real	0m1.284s
user	0m1.254s
sys	0m0.017s
 
72549439.0166 72565446.85879999 108086848.7006 108102856.5428001

real	0m2.711s
user	0m2.678s
sys	0m0.006s
 
324096005.6180002 324108897.3359997 483218480.892 483231372.6099998

real	0m1.377s
user	0m1.349s
sys	0m0.015s
 
10829665.1294 10829701.4254 15310551.5134 15310587.8094

real	0m1.025s
user	0m0.993s
sys	0m0.022s
 
107135690886248 108233331157370.3 147748380917728.1 148846021188851.3

real	0m0.795s
user	0m0.765s
sys	0m0.022s
 
MAT_VEC
 
178.7929000000001 178.8030000000001 201.2149000000001 201.2250000000001

real	0m0.607s
user	0m0.605s
sys	0m0.001s
 
992.6821000000002 992.6922000000003 1117.3464 1117.3565

real	0m0.408s
user	0m0.404s
sys	0m0.003s
 
390.3932 390.4204 450.7772000000001 450.8044

real	0m0.885s
user	0m0.882s
sys	0m0.001s
 
2166.9797 2167.0069 2502.7093 2502.7365

real	0m0.772s
user	0m0.769s
sys	0m0.001s
 
157975690.7399002 164380665.8450001

real	0m0.450s
user	0m0.448s
sys	0m0.001s
 
27065907086.64726 28163538210.734

real	0m0.502s
user	0m0.499s
sys	0m0.001s
 
128614163.4402999 133441028.6953997 138267893.9505

real	0m0.416s
user	0m0.415s
sys	0m0.000s
 
17202407856.50187 17848340807.38918 18494273758.27599

real	0m0.470s
user	0m0.467s
sys	0m0.001s
 
2.2266 2.2836 2.3406 2.397600000000001

real	0m0.366s
user	0m0.364s
sys	0m0.000s
 
73.52180000000001 74.6944 86.4204 87.59300000000002

real	0m1.025s
user	0m1.021s
sys	0m0.001s
 
609.1862 615.0844000000001 774.3358000000001 780.2340000000002

real	0m0.939s
user	0m0.936s
sys	0m0.001s
 
31020069.53999998 31057579.07999998 45948866.45999996 45986376.00000001

real	0m1.477s
user	0m1.471s
sys	0m0.001s
 
3948765877.809497 3955170852.914604 5863853434.234404 5870258409.339499

real	0m2.234s
user	0m2.206s
sys	0m0.006s
 
629070346650.9426 630167977775.031 934211799147.1235 935309430271.2021

real	0m1.186s
user	0m1.162s
sys	0m0.012s
 
72549439.0166 72565446.85879999 108086848.7006 108102856.5428001

real	0m1.967s
user	0m1.943s
sys	0m0.004s
 
324096005.6180002 324108897.3359997 483218480.892 483231372.6099998

real	0m1.189s
user	0m1.163s
sys	0m0.014s
 
10829665.1294 10829701.4254 15310551.5134 15310587.8094

real	0m0.819s
user	0m0.787s
sys	0m0.024s
 
107135690886248 108233331157370.3 147748380917728.1 148846021188851.3

real	0m0.802s
user	0m0.773s
sys	0m0.022s
 
OUTER
 
101.277 104.346 110.4774 113.8252

real	0m1.796s
user	0m1.791s
sys	0m0.001s
 
96.84840000000001 99.04950000000002 108.045 110.446

real	0m1.833s
user	0m1.828s
sys	0m0.001s
 
94.13800000000002 95.84960000000002 106.419 108.286

real	0m1.836s
user	0m1.830s
sys	0m0.002s
 
14.5684 14.5728 16.60140000000001 16.606

real	0m0.678s
user	0m0.674s
sys	0m0.002s
 
10.164 10.2025 11.913 11.9548

real	0m0.954s
user	0m0.951s
sys	0m0.001s
 
955.9242 956.3004 1135.8438 1136.254

real	0m1.158s
user	0m1.152s
sys	0m0.002s
 
86477.05440000001 86480.57660000001 102897.9582 102901.8004

real	0m1.126s
user	0m1.081s
sys	0m0.034s
 
27312.9912 27313.3443 32486.685 32487.07

real	0m0.681s
user	0m0.665s
sys	0m0.009s
 
MAT_MAT
 
8054296.570499997 8377212.617400005 11041896.78059999 11521723.02599998

real	0m0.901s
user	0m0.897s
sys	0m0.001s
 
67005585.50399998 69693523.28640002 92209626.6390001 96222702.65399998

real	0m1.158s
user	0m1.153s
sys	0m0.002s
 
56602.02200000002 58658.48450000003 83130.86099999996 86296.01680000003

real	0m1.276s
user	0m1.271s
sys	0m0.001s
 
297546749.5919997 308581623.7314994 440770097.583 457946307.1219999

real	0m1.143s
user	0m1.139s
sys	0m0.001s
 
8054296.570499997 8144829.910200007 11426434.83180001 11521723.02599998

real	0m0.579s
user	0m0.575s
sys	0m0.002s
 
67005585.50399998 67746880.83150004 95442432.67260008 96222702.65399998

real	0m0.852s
user	0m0.848s
sys	0m0.001s
 
56602.02200000002 56765.4044 86117.12820000002 86296.01680000003

real	0m0.370s
user	0m0.367s
sys	0m0.001s
 
297546749.5919997 299613096.1240003 455678605.3310006 457946307.1219999

real	0m0.499s
user	0m0.495s
sys	0m0.002s
 
301.3441 301.7106 379.168 379.5840000000001

real	0m1.313s
user	0m1.308s
sys	0m0.002s
 
45022.4809 45027.16379999999 57025.89409999999 57031.226

real	0m1.298s
user	0m1.281s
sys	0m0.004s
 
79343.34260000002 79353.49420000002 105856.4262 105868.395

real	0m0.888s
user	0m0.874s
sys	0m0.006s
 
77470.43699999999 77485.73999999999 107948.34 107966.91

real	0m0.749s
user	0m0.739s
sys	0m0.005s
 
109.241 111.7864 142.1856 145.251

real	0m1.156s
user	0m1.152s
sys	0m0.001s
 
1739639.1343 1765026.6362 3156552.835599999 3194056.931000001

real	0m1.399s
user	0m1.395s
sys	0m0.000s
 
40128631.98950006 40455680.77900002 81101463.51099998 81608296.35000008

real	0m0.935s
user	0m0.932s
sys	0m0.000s
 
185145.8628 186726.9552 353878.6176 356259.936

real	0m1.220s
user	0m1.215s
sys	0m0.002s
 
5650057.303000003 5674398.905999999 11835110.684 11873364.25000001

real	0m0.944s
user	0m0.882s
sys	0m0.000s
 
3539227257.462 3543179262.324003 8019509498.519998 8025995052.400001

real	0m0.381s
user	0m0.372s
sys	0m0.007s
 
66219776245.92168 66260257446.05717 151986883006.3699 152053753059.55

real	0m0.406s
user	0m0.396s
sys	0m0.008s
 
166212294937.3991 166288626284.498 382568140639.0098 382694366833.2999

real	0m0.429s
user	0m0.410s
sys	0m0.017s
 
608720333715.4655 608956501509.1871 1405127495482.165 1405518727998.903

real	0m0.882s
user	0m0.855s
sys	0m0.023s
 
TRANS1
 
8054296.570499997 8377212.617400005 11041896.78059999 11521723.02599998

real	0m0.954s
user	0m0.951s
sys	0m0.000s
 
67005585.50399998 69693523.28640002 92209626.6390001 96222702.65399998

real	0m1.249s
user	0m1.244s
sys	0m0.002s
 
56602.02200000002 58658.48450000003 83130.86099999996 86296.01680000003

real	0m0.877s
user	0m0.874s
sys	0m0.000s
 
297546749.5919997 308581623.7314994 440770097.583 457946307.1219999

real	0m0.973s
user	0m0.970s
sys	0m0.000s
 
8054296.570499997 8144829.910200007 11426434.83180001 11521723.02599998

real	0m0.784s
user	0m0.781s
sys	0m0.001s
 
67005585.50399998 67746880.83150004 95442432.67260008 96222702.65399998

real	0m1.024s
user	0m1.020s
sys	0m0.001s
 
56602.02200000002 56765.4044 86117.12820000002 86296.01680000003

real	0m0.809s
user	0m0.806s
sys	0m0.001s
 
297546749.5919997 299613096.1240003 455678605.3310006 457946307.1219999

real	0m0.885s
user	0m0.882s
sys	0m0.000s
 
301.3441 301.7106 379.168 379.5840000000001

real	0m0.849s
user	0m0.847s
sys	0m0.000s
 
45022.4809 45027.16379999999 57025.89409999999 57031.226

real	0m1.069s
user	0m1.050s
sys	0m0.009s
 
79343.34260000002 79353.49420000002 105856.4262 105868.395

real	0m0.891s
user	0m0.872s
sys	0m0.011s
 
77470.43699999999 77485.73999999999 107948.34 107966.91

real	0m0.662s
user	0m0.651s
sys	0m0.006s
 
109.241 111.7864 142.1856 145.251

real	0m1.115s
user	0m1.111s
sys	0m0.001s
 
1739639.1343 1765026.6362 3156552.835599999 3194056.931000001

real	0m1.625s
user	0m1.620s
sys	0m0.001s
 
40128631.98950006 40455680.77900002 81101463.51099998 81608296.35000008

real	0m1.222s
user	0m1.218s
sys	0m0.001s
 
185145.8628 186726.9552 353878.6176 356259.936

real	0m1.739s
user	0m1.733s
sys	0m0.001s
 
5650057.303000003 5674398.905999999 11835110.684 11873364.25000001

real	0m1.535s
user	0m1.529s
sys	0m0.001s
 
3539227257.462 3543179262.324003 8019509498.519998 8025995052.400001

real	0m0.524s
user	0m0.517s
sys	0m0.005s
 
66219776245.92168 66260257446.05717 151986883006.3699 152053753059.55

real	0m0.647s
user	0m0.633s
sys	0m0.011s
 
166212294937.3991 166288626284.498 382568140639.0098 382694366833.2999

real	0m0.567s
user	0m0.546s
sys	0m0.019s
 
608720333715.4655 608956501509.1871 1405127495482.165 1405518727998.903

real	0m1.219s
user	0m1.191s
sys	0m0.023s
 
1512441.733 1524415.266 2968657.650000001 2986772.5

real	0m0.927s
user	0m0.925s
sys	0m0.000s
 
608720333715.4655 608956501509.1871 1405127495482.165 1405518727998.903

real	0m0.640s
user	0m0.617s
sys	0m0.021s
 
TRANS2
 
8054296.570499997 8377212.617400005 11041896.78059999 11521723.02599998

real	0m1.072s
user	0m1.068s
sys	0m0.001s
 
67005585.50399998 69693523.28640002 92209626.6390001 96222702.65399998

real	0m1.833s
user	0m1.827s
sys	0m0.001s
 
56602.02200000002 58658.48450000003 83130.86099999996 86296.01680000003

real	0m1.166s
user	0m1.162s
sys	0m0.001s
 
297546749.5919997 308581623.7314994 440770097.583 457946307.1219999

real	0m1.432s
user	0m1.426s
sys	0m0.002s
 
8054296.570499997 8144829.910200007 11426434.83180001 11521723.02599998

real	0m0.536s
user	0m0.534s
sys	0m0.001s
 
67005585.50399998 67746880.83150004 95442432.67260008 96222702.65399998

real	0m0.746s
user	0m0.742s
sys	0m0.002s
 
56602.02200000002 56765.4044 86117.12820000002 86296.01680000003

real	0m0.368s
user	0m0.366s
sys	0m0.001s
 
297546749.5919997 299613096.1240003 455678605.3310006 457946307.1219999

real	0m0.486s
user	0m0.484s
sys	0m0.000s
 
301.3441 301.7106 379.168 379.5840000000001

real	0m1.344s
user	0m1.339s
sys	0m0.002s
 
45022.4809 45027.16379999999 57025.89409999999 57031.226

real	0m1.297s
user	0m1.277s
sys	0m0.007s
 
79343.34260000002 79353.49420000002 105856.4262 105868.395

real	0m0.890s
user	0m0.877s
sys	0m0.005s
 
77470.43699999999 77485.73999999999 107948.34 107966.91

real	0m0.768s
user	0m0.757s
sys	0m0.006s
 
109.241 111.7864 142.1856 145.251

real	0m1.010s
user	0m1.006s
sys	0m0.001s
 
1739639.1343 1765026.6362 3156552.835599999 3194056.931000001

real	0m1.277s
user	0m1.275s
sys	0m0.000s
 
40128631.98950006 40455680.77900002 81101463.51099998 81608296.35000008

real	0m0.903s
user	0m0.898s
sys	0m0.002s
 
185145.8628 186726.9552 353878.6176 356259.936

real	0m1.188s
user	0m1.185s
sys	0m0.001s
 
5650057.303000003 5674398.905999999 11835110.684 11873364.25000001

real	0m0.908s
user	0m0.902s
sys	0m0.003s
 
3539227257.462 3543179262.324003 8019509498.519998 8025995052.400001

real	0m0.378s
user	0m0.371s
sys	0m0.005s
 
66219776245.92168 66260257446.05717 151986883006.3699 152053753059.55

real	0m0.412s
user	0m0.396s
sys	0m0.015s
 
166212294937.3991 166288626284.498 382568140639.0098 382694366833.2999

real	0m0.445s
user	0m0.424s
sys	0m0.018s
 
608720333715.4655 608956501509.1871 1405127495482.165 1405518727998.903

real	0m0.930s
user	0m0.901s
sys	0m0.025s
 
1512441.733 1524415.266 2968657.650000001 2986772.5

real	0m0.669s
user	0m0.666s
sys	0m0.001s
 
608720333715.4655 608956501509.1871 1405127495482.165 1405518727998.903

real	0m0.483s
user	0m0.464s
sys	0m0.017s
 
TRANS12
 
8054296.570499997 8377212.617400005 11041896.78059999 11521723.02599998

real	0m0.584s
user	0m0.581s
sys	0m0.002s
 
67005585.50399998 69693523.28640002 92209626.6390001 96222702.65399998

real	0m0.860s
user	0m0.857s
sys	0m0.001s
 
56602.02200000002 58658.48450000003 83130.86099999996 86296.01680000003

real	0m0.402s
user	0m0.398s
sys	0m0.003s
 
297546749.5919997 308581623.7314994 440770097.583 457946307.1219999

real	0m0.500s
user	0m0.497s
sys	0m0.001s
 
8054296.570499997 8144829.910200007 11426434.83180001 11521723.02599998

real	0m0.900s
user	0m0.896s
sys	0m0.002s
 
67005585.50399998 67746880.83150004 95442432.67260008 96222702.65399998

real	0m1.160s
user	0m1.156s
sys	0m0.001s
 
56602.02200000002 56765.4044 86117.12820000002 86296.01680000003

real	0m1.266s
user	0m1.262s
sys	0m0.001s
 
297546749.5919997 299613096.1240003 455678605.3310006 457946307.1219999

real	0m1.176s
user	0m1.172s
sys	0m0.000s
 
301.3441 301.7106 379.168 379.5840000000001

real	0m2.436s
user	0m2.428s
sys	0m0.002s
 
45022.4809 45027.16379999999 57025.89409999999 57031.226

real	0m2.771s
user	0m2.747s
sys	0m0.007s
 
79343.34260000002 79353.49420000002 105856.4262 105868.395

real	0m1.822s
user	0m1.806s
sys	0m0.006s
 
77470.43699999999 77485.73999999999 107948.34 107966.91

real	0m1.617s
user	0m1.605s
sys	0m0.006s
 
109.241 111.7864 142.1856 145.251

real	0m1.161s
user	0m1.156s
sys	0m0.002s
 
1739639.1343 1765026.6362 3156552.835599999 3194056.931000001

real	0m1.232s
user	0m1.228s
sys	0m0.001s
 
40128631.98950006 40455680.77900002 81101463.51099998 81608296.35000008

real	0m0.922s
user	0m0.918s
sys	0m0.001s
 
185145.8628 186726.9552 353878.6176 356259.936

real	0m1.159s
user	0m1.155s
sys	0m0.001s
 
5650057.303000003 5674398.905999999 11835110.684 11873364.25000001

real	0m0.928s
user	0m0.923s
sys	0m0.003s
 
3539227257.462 3543179262.324003 8019509498.519998 8025995052.400001

real	0m0.413s
user	0m0.406s
sys	0m0.005s
 
66219776245.92168 66260257446.05717 151986883006.3699 152053753059.55

real	0m0.566s
user	0m0.549s
sys	0m0.013s
 
166212294937.3991 166288626284.498 382568140639.0098 382694366833.2999

real	0m0.566s
user	0m0.552s
sys	0m0.010s
 
608720333715.4655 608956501509.1871 1405127495482.165 1405518727998.903

real	0m1.178s
user	0m1.151s
sys	0m0.018s
 
SPECIAL
 
0.04840000000000001

real	0m0.907s
user	0m0.904s
sys	0m0.001s
 
0.04840000000000001

real	0m1.068s
user	0m1.064s
sys	0m0.001s
 
0.04840000000000001

real	0m0.774s
user	0m0.771s
sys	0m0.001s
 
53.79660000000001 53.79880000000001 58.68060000000001 58.68280000000001

real	0m1.176s
user	0m1.174s
sys	0m0.000s
 
53.79660000000001 53.79880000000001 58.68060000000001 58.68280000000001

real	0m1.148s
user	0m1.144s
sys	0m0.001s
 
9698907.663399996

real	0m0.907s
user	0m0.905s
sys	0m0.000s
 
9698907.663399996

real	0m0.915s
user	0m0.913s
sys	0m0.000s
 
0.04840000000000001

real	0m2.537s
user	0m2.531s
sys	0m0.000s
 
53.79660000000001 53.79880000000001 58.68060000000001 58.68280000000001

real	0m1.228s
user	0m1.225s
sys	0m0.000s
 
53.79660000000001 53.79880000000001 58.68060000000001 58.68280000000001

real	0m1.184s
user	0m1.180s
sys	0m0.001s
 
9698907.663399996

real	0m0.927s
user	0m0.923s
sys	0m0.002s
 
3948765877.809497 3955170852.914604 5863853434.234404 5870258409.339499

real	0m1.690s
user	0m1.669s
sys	0m0.004s
 
3948765877.809497 3955170852.914604 5863853434.234404 5870258409.339499

real	0m1.586s
user	0m1.566s
sys	0m0.005s
 
0.04840000000000001

real	0m2.315s
user	0m2.308s
sys	0m0.002s
 
53.79660000000001 53.79880000000001 58.68060000000001 58.68280000000001

real	0m1.248s
user	0m1.244s
sys	0m0.001s
 
53.79660000000001 53.79880000000001 58.68060000000001 58.68280000000001

real	0m1.143s
user	0m1.138s
sys	0m0.002s
 
9698907.663399996

real	0m0.929s
user	0m0.925s
sys	0m0.001s
 
3948765877.809497 3955170852.914604 5863853434.234404 5870258409.339499

real	0m1.584s
user	0m1.563s
sys	0m0.005s
 
3948765877.809497 3955170852.914604 5863853434.234404 5870258409.339499

real	0m1.585s
user	0m1.564s
sys	0m0.005s
 
0.04840000000000001

real	0m2.372s
user	0m2.366s
sys	0m0.001s
 
53.79660000000001 53.79880000000001 58.68060000000001 58.68280000000001

real	0m1.206s
user	0m1.204s
sys	0m0.000s
 
53.79660000000001 53.79880000000001 58.68060000000001 58.68280000000001

real	0m1.147s
user	0m1.143s
sys	0m0.001s
 
9698907.663399996

real	0m0.921s
user	0m0.918s
sys	0m0.001s
 
3948765877.809497 3955170852.914604 5863853434.234404 5870258409.339499

real	0m1.692s
user	0m1.671s
sys	0m0.004s
 
3948765877.809497 3955170852.914604 5863853434.234404 5870258409.339499

real	0m1.685s
user	0m1.663s
sys	0m0.005s
 
0.04840000000000001

real	0m2.383s
user	0m2.375s
sys	0m0.003s
 
53.79660000000001 53.79880000000001 58.68060000000001 58.68280000000001

real	0m1.195s
user	0m1.192s
sys	0m0.000s
 
53.79660000000001 53.79880000000001 58.68060000000001 58.68280000000001

real	0m1.149s
user	0m1.144s
sys	0m0.002s
 
9698907.663399996

real	0m0.922s
user	0m0.919s
sys	0m0.001s
 
3948765877.809497 3955170852.914604 5863853434.234404 5870258409.339499

real	0m1.632s
user	0m1.611s
sys	0m0.005s
 
3948765877.809497 3955170852.914604 5863853434.234404 5870258409.339499

real	0m1.681s
user	0m1.660s
sys	0m0.005s
 
3037.1121 3037.6632 3611.409 3612.01

real	0m0.955s
user	0m0.950s
sys	0m0.001s
 
3037.1121 3037.6632 3611.409 3612.01

real	0m1.042s
user	0m0.947s
sys	0m0.002s
 
3037.1121 3037.6632 3611.409 3612.01

real	0m0.958s
user	0m0.953s
sys	0m0.001s
 
3037.1121 3037.6632 3611.409 3612.01

real	0m0.937s
user	0m0.931s
sys	0m0.002s
 
SEQUENCE
 
37624.35618 38872.44188 52954.76458 54712.31628

real	0m0.667s
user	0m0.664s
sys	0m0.001s
 
4350478614.186048 4405620767.888449 7321622135.843186 7393481577.214199

real	0m0.561s
user	0m0.557s
sys	0m0.002s
 
48832437279.8918 49241016265.74157 88512227219.28583 89040617812.03206

real	0m2.237s
user	0m2.228s
sys	0m0.002s
 
18696443068.18007 18840087100.15867 37617583432.7108 37823564976.3486

real	0m0.597s
user	0m0.594s
sys	0m0.001s
 
4.901614166865179e+18 4.912723296455448e+18 1.084442578747924e+19 1.086100449795465e+19

real	0m0.393s
user	0m0.389s
sys	0m0.002s
 
1.647418946230568e+16 1.649160037624473e+16 3.768465979697054e+16 3.771108024027194e+16

real	0m0.573s
user	0m0.564s
sys	0m0.007s
 
4.48881116501821e+17 4.490640601531962e+17 1.03730934601686e+18 1.03758774958278e+18

real	0m0.414s
user	0m0.394s
sys	0m0.018s
 
4.48881116501821e+17 4.490640601531962e+17 1.03730934601686e+18 1.03758774958278e+18

real	0m1.019s
user	0m0.999s
sys	0m0.016s
 
4.48881116501821e+17 4.490640601531962e+17 1.03730934601686e+18 1.03758774958278e+18

real	0m1.114s
user	0m1.087s
sys	0m0.023s
 
8.382424294553979e+29 8.385850640122295e+29 1.937388035390321e+30 1.93790724339292e+30

real	0m0.456s
user	0m0.432s
sys	0m0.022s
 
8.382424294553979e+29 8.385850640122295e+29 1.937388035390321e+30 1.93790724339292e+30

real	0m0.688s
user	0m0.600s
sys	0m0.023s
 
8.382424294553979e+29 8.385850640122295e+29 1.937388035390321e+30 1.93790724339292e+30

real	0m0.643s
user	0m0.612s
sys	0m0.029s
 
8.382424294553979e+29 8.385850640122295e+29 1.937388035390321e+30 1.93790724339292e+30

real	0m0.633s
user	0m0.609s
sys	0m0.022s
 
8.382424294553979e+29 8.385850640122295e+29 1.937388035390321e+30 1.93790724339292e+30

real	0m0.594s
user	0m0.571s
sys	0m0.021s
 
8.382424294553979e+29 8.385850640122295e+29 1.937388035390321e+30 1.93790724339292e+30

real	0m0.613s
user	0m0.593s
sys	0m0.018s
 
374124590164.9393 378323909405.297 483306890414.2386 487506209654.5964

real	0m0.596s
user	0m0.595s
sys	0m0.000s
 
8003498375443.188 8040830216224.574 11400695886549.59 11438027727330.98

real	0m0.603s
user	0m0.599s
sys	0m0.002s
 
467292080353.7709 473215316635.7608 603526514839.5372 609449751121.5272

real	0m0.512s
user	0m0.509s
sys	0m0.001s
 
22856685758006.32 23032721850853.32 32186598678896.97 32362634771743.98

real	0m0.554s
user	0m0.553s
sys	0m0.000s
