 
SCALAR_VEC
 
0.5808000000000001 0.5830000000000002 0.6270000000000002 0.6292000000000002

real	0m27.093s
user	0m54.064s
sys	0m0.001s
 
46.0284 46.03060000000001 50.20620000000001 50.2084

real	0m1.054s
user	0m2.099s
sys	0m0.001s
 
29876.5456 29876.5478 32592.58860000001 32592.59080000001

real	0m0.543s
user	0m1.040s
sys	0m0.012s
 
VEC_VEC
 
174.0387

real	0m27.509s
user	0m54.896s
sys	0m0.001s
 
9698907.663399996

real	0m1.342s
user	0m2.675s
sys	0m0.001s
 
24900423491.09201

real	0m1.290s
user	0m2.571s
sys	0m0.001s
 
24900741320632.71

real	0m1.254s
user	0m2.493s
sys	0m0.002s
 
2.490083360868967e+16

real	0m1.450s
user	0m2.844s
sys	0m0.012s
 
VEC_MAT
 
178.7929000000001 178.8030000000001 201.2149000000001 201.2250000000001

real	0m0.942s
user	0m1.875s
sys	0m0.002s
 
992.6821000000002 992.6922000000003 1117.3464 1117.3565

real	0m0.231s
user	0m0.458s
sys	0m0.001s
 
390.3932 390.4204 450.7772000000001 450.8044

real	0m2.130s
user	0m4.248s
sys	0m0.001s
 
2166.9797 2167.0069 2502.7093 2502.7365

real	0m1.154s
user	0m2.297s
sys	0m0.002s
 
157975690.7399002 164380665.8450001

real	0m0.557s
user	0m1.107s
sys	0m0.002s
 
27065907086.64726 28163538210.734

real	0m0.532s
user	0m1.058s
sys	0m0.001s
 
128614163.4402999 133441028.6953997 138267893.9505

real	0m0.514s
user	0m1.021s
sys	0m0.002s
 
17202407856.50187 17848340807.38918 18494273758.27599

real	0m0.463s
user	0m0.920s
sys	0m0.002s
 
2.2266 2.2836 2.3406 2.397600000000001

real	0m9.215s
user	0m18.387s
sys	0m0.001s
 
73.52180000000001 74.6944 86.4204 87.59300000000002

real	0m10.159s
user	0m20.271s
sys	0m0.001s
 
609.1862 615.0844000000001 774.3358000000001 780.2340000000002

real	0m5.228s
user	0m10.432s
sys	0m0.000s
 
31020069.53999998 31057579.07999998 45948866.45999996 45986376.00000001

real	0m0.951s
user	0m1.891s
sys	0m0.002s
 
3948765877.809497 3955170852.914604 5863853434.234404 5870258409.339499

real	0m1.818s
user	0m3.600s
sys	0m0.004s
 
629070346650.9426 630167977775.031 934211799147.1235 935309430271.2021

real	0m1.089s
user	0m2.122s
sys	0m0.015s
 
72549439.0166 72565446.85879999 108086848.7006 108102856.5428001

real	0m1.449s
user	0m2.866s
sys	0m0.004s
 
324096005.6180002 324108897.3359997 483218480.892 483231372.6099998

real	0m1.022s
user	0m1.990s
sys	0m0.015s
 
10829665.1294 10829701.4254 15310551.5134 15310587.8094

real	0m0.789s
user	0m1.504s
sys	0m0.025s
 
107135690886248 108233331157370.3 147748380917728.1 148846021188851.3

real	0m0.742s
user	0m1.417s
sys	0m0.023s
 
MAT_VEC
 
178.7929000000001 178.8030000000001 201.2149000000001 201.2250000000001

real	0m0.889s
user	0m1.771s
sys	0m0.001s
 
992.6821000000002 992.6922000000003 1117.3464 1117.3565

real	0m0.220s
user	0m0.438s
sys	0m0.000s
 
390.3932 390.4204 450.7772000000001 450.8044

real	0m1.146s
user	0m2.282s
sys	0m0.003s
 
2166.9797 2167.0069 2502.7093 2502.7365

real	0m0.332s
user	0m0.658s
sys	0m0.001s
 
157975690.7399002 164380665.8450001

real	0m0.540s
user	0m1.074s
sys	0m0.001s
 
27065907086.64726 28163538210.734

real	0m0.519s
user	0m1.032s
sys	0m0.001s
 
128614163.4402999 133441028.6953997 138267893.9505

real	0m0.505s
user	0m1.005s
sys	0m0.001s
 
17202407856.50187 17848340807.38918 18494273758.27599

real	0m0.485s
user	0m0.965s
sys	0m0.000s
 
2.2266 2.2836 2.3406 2.397600000000001

real	0m9.238s
user	0m18.433s
sys	0m0.000s
 
73.52180000000001 74.6944 86.4204 87.59300000000002

real	0m9.671s
user	0m19.297s
sys	0m0.001s
 
609.1862 615.0844000000001 774.3358000000001 780.2340000000002

real	0m4.397s
user	0m8.771s
sys	0m0.001s
 
31020069.53999998 31057579.07999998 45948866.45999996 45986376.00000001

real	0m0.906s
user	0m1.801s
sys	0m0.002s
 
3948765877.809497 3955170852.914604 5863853434.234404 5870258409.339499

real	0m1.770s
user	0m3.500s
sys	0m0.003s
 
629070346650.9426 630167977775.031 934211799147.1235 935309430271.2021

real	0m0.969s
user	0m1.885s
sys	0m0.013s
 
72549439.0166 72565446.85879999 108086848.7006 108102856.5428001

real	0m1.604s
user	0m3.172s
sys	0m0.005s
 
324096005.6180002 324108897.3359997 483218480.892 483231372.6099998

real	0m1.115s
user	0m2.133s
sys	0m0.014s
 
10829665.1294 10829701.4254 15310551.5134 15310587.8094

real	0m0.730s
user	0m1.400s
sys	0m0.017s
 
107135690886248 108233331157370.3 147748380917728.1 148846021188851.3

real	0m0.767s
user	0m1.473s
sys	0m0.016s
 
OUTER
 
101.277 104.346 110.4774 113.8252

real	0m2.223s
user	0m4.432s
sys	0m0.001s
 
96.84840000000001 99.04950000000002 108.045 110.446

real	0m2.257s
user	0m4.501s
sys	0m0.001s
 
94.13800000000002 95.84960000000002 106.419 108.286

real	0m2.265s
user	0m4.515s
sys	0m0.001s
 
14.5684 14.5728 16.60140000000001 16.606

real	0m2.421s
user	0m4.829s
sys	0m0.001s
 
10.164 10.2025 11.913 11.9548

real	0m2.876s
user	0m5.737s
sys	0m0.000s
 
955.9242 956.3004 1135.8438 1136.254

real	0m0.798s
user	0m1.590s
sys	0m0.000s
 
86477.05440000001 86480.57660000001 102897.9582 102901.8004

real	0m1.117s
user	0m2.141s
sys	0m0.027s
 
27312.9912 27313.3443 32486.685 32487.07

real	0m0.682s
user	0m1.320s
sys	0m0.013s
 
MAT_MAT
 
8054296.570499997 8377212.617400005 11041896.78059999 11521723.02599998

real	0m0.552s
user	0m1.099s
sys	0m0.001s
 
67005585.50399998 69693523.28640002 92209626.6390001 96222702.65399998

real	0m0.693s
user	0m1.380s
sys	0m0.002s
 
56602.02200000002 58658.48450000003 83130.86099999996 86296.01680000003

real	0m0.779s
user	0m1.553s
sys	0m0.000s
 
297546749.5919997 308581623.7314994 440770097.583 457946307.1219999

real	0m0.651s
user	0m1.292s
sys	0m0.003s
 
8054296.570499997 8144829.910200007 11426434.83180001 11521723.02599998

real	0m0.625s
user	0m1.243s
sys	0m0.002s
 
67005585.50399998 67746880.83150004 95442432.67260008 96222702.65399998

real	0m0.873s
user	0m1.741s
sys	0m0.000s
 
56602.02200000002 56765.4044 86117.12820000002 86296.01680000003

real	0m0.418s
user	0m0.830s
sys	0m0.002s
 
297546749.5919997 299613096.1240003 455678605.3310006 457946307.1219999

real	0m0.523s
user	0m1.039s
sys	0m0.002s
 
301.3441 301.7106 379.168 379.5840000000001

real	0m0.987s
user	0m1.967s
sys	0m0.001s
 
45022.4809 45027.16379999999 57025.89409999999 57031.226

real	0m1.164s
user	0m2.286s
sys	0m0.008s
 
79343.34260000002 79353.49420000002 105856.4262 105868.395

real	0m0.714s
user	0m1.390s
sys	0m0.010s
 
77470.43699999999 77485.73999999999 107948.34 107966.91

real	0m0.466s
user	0m0.905s
sys	0m0.007s
 
109.241 111.7864 142.1856 145.251

real	0m2.999s
user	0m5.981s
sys	0m0.001s
 
1739639.1343 1765026.6362 3156552.835599999 3194056.931000001

real	0m0.742s
user	0m1.478s
sys	0m0.000s
 
40128631.98950006 40455680.77900002 81101463.51099998 81608296.35000008

real	0m0.520s
user	0m1.034s
sys	0m0.002s
 
185145.8628 186726.9552 353878.6176 356259.936

real	0m0.673s
user	0m1.342s
sys	0m0.000s
 
5650057.303000003 5674398.905999999 11835110.684 11873364.25000001

real	0m0.443s
user	0m0.883s
sys	0m0.000s
 
3539227257.462 3543179262.324003 8019509498.519998 8025995052.400001

real	0m0.191s
user	0m0.372s
sys	0m0.004s
 
66219776245.92168 66260257446.05717 151986883006.3699 152053753059.55

real	0m0.212s
user	0m0.397s
sys	0m0.010s
 
166212294937.3991 166288626284.498 382568140639.0098 382694366833.2999

real	0m0.226s
user	0m0.411s
sys	0m0.018s
 
608720333715.4655 608956501509.1871 1405127495482.165 1405518727998.903

real	0m0.470s
user	0m0.873s
sys	0m0.025s
 
TRANS1
 
8054296.570499997 8377212.617400005 11041896.78059999 11521723.02599998

real	0m0.607s
user	0m1.209s
sys	0m0.001s
 
67005585.50399998 69693523.28640002 92209626.6390001 96222702.65399998

real	0m0.754s
user	0m1.502s
sys	0m0.001s
 
56602.02200000002 58658.48450000003 83130.86099999996 86296.01680000003

real	0m0.613s
user	0m1.221s
sys	0m0.001s
 
297546749.5919997 308581623.7314994 440770097.583 457946307.1219999

real	0m0.546s
user	0m1.085s
sys	0m0.001s
 
8054296.570499997 8144829.910200007 11426434.83180001 11521723.02599998

real	0m0.832s
user	0m1.657s
sys	0m0.001s
 
67005585.50399998 67746880.83150004 95442432.67260008 96222702.65399998

real	0m1.053s
user	0m2.095s
sys	0m0.003s
 
56602.02200000002 56765.4044 86117.12820000002 86296.01680000003

real	0m0.853s
user	0m1.699s
sys	0m0.001s
 
297546749.5919997 299613096.1240003 455678605.3310006 457946307.1219999

real	0m0.893s
user	0m1.779s
sys	0m0.001s
 
301.3441 301.7106 379.168 379.5840000000001

real	0m0.597s
user	0m1.189s
sys	0m0.000s
 
45022.4809 45027.16379999999 57025.89409999999 57031.226

real	0m1.119s
user	0m2.196s
sys	0m0.008s
 
79343.34260000002 79353.49420000002 105856.4262 105868.395

real	0m0.692s
user	0m1.352s
sys	0m0.008s
 
77470.43699999999 77485.73999999999 107948.34 107966.91

real	0m0.435s
user	0m0.848s
sys	0m0.005s
 
109.241 111.7864 142.1856 145.251

real	0m2.936s
user	0m5.855s
sys	0m0.001s
 
1739639.1343 1765026.6362 3156552.835599999 3194056.931000001

real	0m0.904s
user	0m1.801s
sys	0m0.001s
 
40128631.98950006 40455680.77900002 81101463.51099998 81608296.35000008

real	0m0.677s
user	0m1.347s
sys	0m0.002s
 
185145.8628 186726.9552 353878.6176 356259.936

real	0m0.938s
user	0m1.869s
sys	0m0.000s
 
5650057.303000003 5674398.905999999 11835110.684 11873364.25000001

real	0m0.781s
user	0m1.555s
sys	0m0.000s
 
3539227257.462 3543179262.324003 8019509498.519998 8025995052.400001

real	0m0.268s
user	0m0.523s
sys	0m0.005s
 
66219776245.92168 66260257446.05717 151986883006.3699 152053753059.55

real	0m0.334s
user	0m0.634s
sys	0m0.011s
 
166212294937.3991 166288626284.498 382568140639.0098 382694366833.2999

real	0m0.303s
user	0m0.551s
sys	0m0.018s
 
608720333715.4655 608956501509.1871 1405127495482.165 1405518727998.903

real	0m0.650s
user	0m1.197s
sys	0m0.026s
 
1512441.733 1524415.266 2968657.650000001 2986772.5

real	0m0.597s
user	0m1.187s
sys	0m0.002s
 
608720333715.4655 608956501509.1871 1405127495482.165 1405518727998.903

real	0m0.369s
user	0m0.658s
sys	0m0.018s
 
TRANS2
 
8054296.570499997 8377212.617400005 11041896.78059999 11521723.02599998

real	0m0.621s
user	0m1.235s
sys	0m0.001s
 
67005585.50399998 69693523.28640002 92209626.6390001 96222702.65399998

real	0m1.086s
user	0m2.163s
sys	0m0.001s
 
56602.02200000002 58658.48450000003 83130.86099999996 86296.01680000003

real	0m0.718s
user	0m1.429s
sys	0m0.001s
 
297546749.5919997 308581623.7314994 440770097.583 457946307.1219999

real	0m0.807s
user	0m1.604s
sys	0m0.002s
 
8054296.570499997 8144829.910200007 11426434.83180001 11521723.02599998

real	0m0.558s
user	0m1.109s
sys	0m0.002s
 
67005585.50399998 67746880.83150004 95442432.67260008 96222702.65399998

real	0m0.783s
user	0m1.558s
sys	0m0.001s
 
56602.02200000002 56765.4044 86117.12820000002 86296.01680000003

real	0m0.417s
user	0m0.830s
sys	0m0.001s
 
297546749.5919997 299613096.1240003 455678605.3310006 457946307.1219999

real	0m0.488s
user	0m0.971s
sys	0m0.000s
 
301.3441 301.7106 379.168 379.5840000000001

real	0m0.978s
user	0m1.948s
sys	0m0.001s
 
45022.4809 45027.16379999999 57025.89409999999 57031.226

real	0m1.166s
user	0m2.289s
sys	0m0.008s
 
79343.34260000002 79353.49420000002 105856.4262 105868.395

real	0m0.714s
user	0m1.398s
sys	0m0.004s
 
77470.43699999999 77485.73999999999 107948.34 107966.91

real	0m0.466s
user	0m0.909s
sys	0m0.007s
 
109.241 111.7864 142.1856 145.251

real	0m2.791s
user	0m5.568s
sys	0m0.001s
 
1739639.1343 1765026.6362 3156552.835599999 3194056.931000001

real	0m0.694s
user	0m1.380s
sys	0m0.003s
 
40128631.98950006 40455680.77900002 81101463.51099998 81608296.35000008

real	0m0.547s
user	0m1.086s
sys	0m0.003s
 
185145.8628 186726.9552 353878.6176 356259.936

real	0m0.654s
user	0m1.303s
sys	0m0.001s
 
5650057.303000003 5674398.905999999 11835110.684 11873364.25000001

real	0m0.479s
user	0m0.953s
sys	0m0.000s
 
3539227257.462 3543179262.324003 8019509498.519998 8025995052.400001

real	0m0.196s
user	0m0.379s
sys	0m0.005s
 
66219776245.92168 66260257446.05717 151986883006.3699 152053753059.55

real	0m0.227s
user	0m0.418s
sys	0m0.013s
 
166212294937.3991 166288626284.498 382568140639.0098 382694366833.2999

real	0m0.251s
user	0m0.440s
sys	0m0.019s
 
608720333715.4655 608956501509.1871 1405127495482.165 1405518727998.903

real	0m0.514s
user	0m0.922s
sys	0m0.026s
 
1512441.733 1524415.266 2968657.650000001 2986772.5

real	0m0.469s
user	0m0.934s
sys	0m0.000s
 
608720333715.4655 608956501509.1871 1405127495482.165 1405518727998.903

real	0m0.276s
user	0m0.474s
sys	0m0.017s
 
TRANS12
 
8054296.570499997 8377212.617400005 11041896.78059999 11521723.02599998

real	0m0.454s
user	0m0.903s
sys	0m0.001s
 
67005585.50399998 69693523.28640002 92209626.6390001 96222702.65399998

real	0m0.659s
user	0m1.309s
sys	0m0.002s
 
56602.02200000002 58658.48450000003 83130.86099999996 86296.01680000003

real	0m0.294s
user	0m0.583s
sys	0m0.001s
 
297546749.5919997 308581623.7314994 440770097.583 457946307.1219999

real	0m0.379s
user	0m0.752s
sys	0m0.001s
 
8054296.570499997 8144829.910200007 11426434.83180001 11521723.02599998

real	0m0.945s
user	0m1.883s
sys	0m0.000s
 
67005585.50399998 67746880.83150004 95442432.67260008 96222702.65399998

real	0m1.189s
user	0m2.370s
sys	0m0.000s
 
56602.02200000002 56765.4044 86117.12820000002 86296.01680000003

real	0m1.314s
user	0m2.619s
sys	0m0.002s
 
297546749.5919997 299613096.1240003 455678605.3310006 457946307.1219999

real	0m1.188s
user	0m2.366s
sys	0m0.002s
 
301.3441 301.7106 379.168 379.5840000000001

real	0m1.417s
user	0m2.825s
sys	0m0.000s
 
45022.4809 45027.16379999999 57025.89409999999 57031.226

real	0m1.634s
user	0m3.219s
sys	0m0.009s
 
79343.34260000002 79353.49420000002 105856.4262 105868.395

real	0m1.047s
user	0m2.060s
sys	0m0.008s
 
77470.43699999999 77485.73999999999 107948.34 107966.91

real	0m0.845s
user	0m1.669s
sys	0m0.006s
 
109.241 111.7864 142.1856 145.251

real	0m3.002s
user	0m5.988s
sys	0m0.001s
 
1739639.1343 1765026.6362 3156552.835599999 3194056.931000001

real	0m0.789s
user	0m1.572s
sys	0m0.000s
 
40128631.98950006 40455680.77900002 81101463.51099998 81608296.35000008

real	0m0.606s
user	0m1.205s
sys	0m0.001s
 
185145.8628 186726.9552 353878.6176 356259.936

real	0m0.660s
user	0m1.314s
sys	0m0.001s
 
5650057.303000003 5674398.905999999 11835110.684 11873364.25000001

real	0m0.507s
user	0m1.009s
sys	0m0.000s
 
3539227257.462 3543179262.324003 8019509498.519998 8025995052.400001

real	0m0.224s
user	0m0.434s
sys	0m0.004s
 
66219776245.92168 66260257446.05717 151986883006.3699 152053753059.55

real	0m0.341s
user	0m0.644s
sys	0m0.008s
 
166212294937.3991 166288626284.498 382568140639.0098 382694366833.2999

real	0m0.376s
user	0m0.687s
sys	0m0.010s
 
608720333715.4655 608956501509.1871 1405127495482.165 1405518727998.903

real	0m0.724s
user	0m1.300s
sys	0m0.030s
 
SPECIAL
 
0.04840000000000001

real	0m26.575s
user	0m53.032s
sys	0m0.001s
 
0.04840000000000001

real	0m25.878s
user	0m51.639s
sys	0m0.002s
 
0.04840000000000001

real	0m26.477s
user	0m52.837s
sys	0m0.001s
 
53.79660000000001 53.79880000000001 58.68060000000001 58.68280000000001

real	0m1.973s
user	0m3.934s
sys	0m0.001s
 
53.79660000000001 53.79880000000001 58.68060000000001 58.68280000000001

real	0m1.913s
user	0m3.815s
sys	0m0.001s
 
9698907.663399996

real	0m1.357s
user	0m2.705s
sys	0m0.001s
 
9698907.663399996

real	0m1.345s
user	0m2.681s
sys	0m0.000s
 
0.04840000000000001

real	0m27.806s
user	0m55.490s
sys	0m0.000s
 
53.79660000000001 53.79880000000001 58.68060000000001 58.68280000000001

real	0m2.106s
user	0m4.199s
sys	0m0.001s
 
53.79660000000001 53.79880000000001 58.68060000000001 58.68280000000001

real	0m2.049s
user	0m4.086s
sys	0m0.000s
 
9698907.663399996

real	0m1.376s
user	0m2.744s
sys	0m0.001s
 
3948765877.809497 3955170852.914604 5863853434.234404 5870258409.339499

real	0m1.508s
user	0m2.984s
sys	0m0.004s
 
3948765877.809497 3955170852.914604 5863853434.234404 5870258409.339499

real	0m1.371s
user	0m2.709s
sys	0m0.005s
 
0.04840000000000001

real	0m28.842s
user	0m57.555s
sys	0m0.001s
 
53.79660000000001 53.79880000000001 58.68060000000001 58.68280000000001

real	0m2.078s
user	0m4.143s
sys	0m0.001s
 
53.79660000000001 53.79880000000001 58.68060000000001 58.68280000000001

real	0m1.819s
user	0m3.627s
sys	0m0.001s
 
9698907.663399996

real	0m1.382s
user	0m2.755s
sys	0m0.001s
 
3948765877.809497 3955170852.914604 5863853434.234404 5870258409.339499

real	0m1.508s
user	0m2.975s
sys	0m0.006s
 
3948765877.809497 3955170852.914604 5863853434.234404 5870258409.339499

real	0m1.367s
user	0m2.707s
sys	0m0.001s
 
0.04840000000000001

real	0m28.103s
user	0m56.081s
sys	0m0.000s
 
53.79660000000001 53.79880000000001 58.68060000000001 58.68280000000001

real	0m2.090s
user	0m4.168s
sys	0m0.001s
 
53.79660000000001 53.79880000000001 58.68060000000001 58.68280000000001

real	0m2.066s
user	0m4.045s
sys	0m0.003s
 
9698907.663399996

real	0m1.373s
user	0m2.738s
sys	0m0.001s
 
3948765877.809497 3955170852.914604 5863853434.234404 5870258409.339499

real	0m1.539s
user	0m3.042s
sys	0m0.006s
 
3948765877.809497 3955170852.914604 5863853434.234404 5870258409.339499

real	0m1.337s
user	0m2.632s
sys	0m0.004s
 
0.04840000000000001

real	0m27.618s
user	0m55.112s
sys	0m0.001s
 
53.79660000000001 53.79880000000001 58.68060000000001 58.68280000000001

real	0m2.105s
user	0m4.199s
sys	0m0.000s
 
53.79660000000001 53.79880000000001 58.68060000000001 58.68280000000001

real	0m2.037s
user	0m4.061s
sys	0m0.001s
 
9698907.663399996

real	0m1.370s
user	0m2.731s
sys	0m0.001s
 
3948765877.809497 3955170852.914604 5863853434.234404 5870258409.339499

real	0m1.603s
user	0m3.170s
sys	0m0.003s
 
3948765877.809497 3955170852.914604 5863853434.234404 5870258409.339499

real	0m1.344s
user	0m2.649s
sys	0m0.003s
 
3037.1121 3037.6632 3611.409 3612.01

real	0m0.572s
user	0m1.136s
sys	0m0.000s
 
3037.1121 3037.6632 3611.409 3612.01

real	0m0.569s
user	0m1.128s
sys	0m0.001s
 
3037.1121 3037.6632 3611.409 3612.01

real	0m0.582s
user	0m1.152s
sys	0m0.002s
 
3037.1121 3037.6632 3611.409 3612.01

real	0m0.572s
user	0m1.133s
sys	0m0.003s
 
SEQUENCE
 
37624.35618 38872.44188 52954.76458 54712.31628

real	0m0.451s
user	0m0.897s
sys	0m0.002s
 
4350478614.186048 4405620767.888449 7321622135.843186 7393481577.214199

real	0m0.445s
user	0m0.885s
sys	0m0.002s
 
48832437279.8918 49241016265.74157 88512227219.28583 89040617812.03206

real	0m1.158s
user	0m2.305s
sys	0m0.001s
 
18696443068.18007 18840087100.15867 37617583432.7108 37823564976.3486

real	0m0.320s
user	0m0.636s
sys	0m0.001s
 
4.901614166865179e+18 4.912723296455448e+18 1.084442578747924e+19 1.086100449795465e+19

real	0m0.205s
user	0m0.402s
sys	0m0.003s
 
1.647418946230568e+16 1.649160037624473e+16 3.768465979697054e+16 3.771108024027194e+16

real	0m0.299s
user	0m0.578s
sys	0m0.008s
 
4.48881116501821e+17 4.490640601531962e+17 1.03730934601686e+18 1.03758774958278e+18

real	0m0.222s
user	0m0.402s
sys	0m0.017s
 
4.48881116501821e+17 4.490640601531962e+17 1.03730934601686e+18 1.03758774958278e+18

real	0m0.565s
user	0m1.056s
sys	0m0.017s
 
4.48881116501821e+17 4.490640601531962e+17 1.03730934601686e+18 1.03758774958278e+18

real	0m0.679s
user	0m1.141s
sys	0m0.017s
 
8.382424294553979e+29 8.385850640122295e+29 1.937388035390321e+30 1.93790724339292e+30

real	0m0.247s
user	0m0.441s
sys	0m0.021s
 
8.382424294553979e+29 8.385850640122295e+29 1.937388035390321e+30 1.93790724339292e+30

real	0m0.348s
user	0m0.615s
sys	0m0.020s
 
8.382424294553979e+29 8.385850640122295e+29 1.937388035390321e+30 1.93790724339292e+30

real	0m0.356s
user	0m0.628s
sys	0m0.021s
 
8.382424294553979e+29 8.385850640122295e+29 1.937388035390321e+30 1.93790724339292e+30

real	0m0.354s
user	0m0.619s
sys	0m0.025s
 
8.382424294553979e+29 8.385850640122295e+29 1.937388035390321e+30 1.93790724339292e+30

real	0m0.330s
user	0m0.582s
sys	0m0.018s
 
8.382424294553979e+29 8.385850640122295e+29 1.937388035390321e+30 1.93790724339292e+30

real	0m0.335s
user	0m0.587s
sys	0m0.023s
 
374124590164.9393 378323909405.297 483306890414.2386 487506209654.5964

real	0m0.489s
user	0m0.972s
sys	0m0.001s
 
8003498375443.188 8040830216224.574 11400695886549.59 11438027727330.98

real	0m0.333s
user	0m0.661s
sys	0m0.000s
 
467292080353.7709 473215316635.7608 603526514839.5372 609449751121.5272

real	0m1.260s
user	0m2.511s
sys	0m0.001s
 
22856685758006.32 23032721850853.32 32186598678896.97 32362634771743.98

real	0m0.702s
user	0m1.398s
sys	0m0.000s
