 
SCALAR_VEC
 
0.5808000000000001 0.5830000000000002 0.6270000000000002 0.6292000000000002

real	0m11.948s
user	0m11.923s
sys	0m0.000s
 
46.0284 46.03060000000001 50.20620000000001 50.2084

real	0m0.753s
user	0m0.751s
sys	0m0.001s
 
29876.5456 29876.5478 32592.58860000001 32592.59080000001

real	0m0.555s
user	0m0.538s
sys	0m0.011s
 
VEC_VEC
 
174.0387

real	0m12.880s
user	0m12.852s
sys	0m0.001s
 
9698907.663399996

real	0m1.104s
user	0m1.101s
sys	0m0.001s
 
24900423491.09201

real	0m1.267s
user	0m1.263s
sys	0m0.001s
 
24900741320632.71

real	0m1.255s
user	0m1.249s
sys	0m0.002s
 
2.490083360868967e+16

real	0m1.452s
user	0m1.426s
sys	0m0.012s
 
VEC_MAT
 
178.7929000000001 178.8030000000001 201.2149000000001 201.2250000000001

real	0m0.792s
user	0m0.788s
sys	0m0.002s
 
992.6821000000002 992.6922000000003 1117.3464 1117.3565

real	0m0.505s
user	0m0.501s
sys	0m0.002s
 
390.3932 390.4204 450.7772000000001 450.8044

real	0m1.982s
user	0m1.977s
sys	0m0.000s
 
2166.9797 2167.0069 2502.7093 2502.7365

real	0m1.142s
user	0m1.137s
sys	0m0.002s
 
157975690.7399002 164380665.8450001

real	0m0.509s
user	0m0.506s
sys	0m0.001s
 
27065907086.64726 28163538210.734

real	0m0.525s
user	0m0.522s
sys	0m0.002s
 
128614163.4402999 133441028.6953997 138267893.9505

real	0m0.464s
user	0m0.462s
sys	0m0.001s
 
17202407856.50187 17848340807.38918 18494273758.27599

real	0m0.455s
user	0m0.452s
sys	0m0.001s
 
2.2266 2.2836 2.3406 2.397600000000001

real	0m4.369s
user	0m4.360s
sys	0m0.000s
 
73.52180000000001 74.6944 86.4204 87.59300000000002

real	0m5.123s
user	0m5.112s
sys	0m0.001s
 
609.1862 615.0844000000001 774.3358000000001 780.2340000000002

real	0m3.217s
user	0m3.210s
sys	0m0.000s
 
31020069.53999998 31057579.07999998 45948866.45999996 45986376.00000001

real	0m1.714s
user	0m1.708s
sys	0m0.001s
 
3948765877.809497 3955170852.914604 5863853434.234404 5870258409.339499

real	0m2.127s
user	0m2.101s
sys	0m0.005s
 
629070346650.9426 630167977775.031 934211799147.1235 935309430271.2021

real	0m1.288s
user	0m1.261s
sys	0m0.014s
 
72549439.0166 72565446.85879999 108086848.7006 108102856.5428001

real	0m2.533s
user	0m2.507s
sys	0m0.002s
 
324096005.6180002 324108897.3359997 483218480.892 483231372.6099998

real	0m1.384s
user	0m1.354s
sys	0m0.017s
 
10829665.1294 10829701.4254 15310551.5134 15310587.8094

real	0m1.025s
user	0m0.992s
sys	0m0.023s
 
107135690886248 108233331157370.3 147748380917728.1 148846021188851.3

real	0m0.798s
user	0m0.770s
sys	0m0.020s
 
MAT_VEC
 
178.7929000000001 178.8030000000001 201.2149000000001 201.2250000000001

real	0m0.726s
user	0m0.722s
sys	0m0.002s
 
992.6821000000002 992.6922000000003 1117.3464 1117.3565

real	0m0.422s
user	0m0.420s
sys	0m0.001s
 
390.3932 390.4204 450.7772000000001 450.8044

real	0m1.006s
user	0m1.001s
sys	0m0.002s
 
2166.9797 2167.0069 2502.7093 2502.7365

real	0m0.803s
user	0m0.798s
sys	0m0.002s
 
157975690.7399002 164380665.8450001

real	0m0.493s
user	0m0.492s
sys	0m0.000s
 
27065907086.64726 28163538210.734

real	0m0.509s
user	0m0.505s
sys	0m0.003s
 
128614163.4402999 133441028.6953997 138267893.9505

real	0m0.453s
user	0m0.452s
sys	0m0.000s
 
17202407856.50187 17848340807.38918 18494273758.27599

real	0m0.484s
user	0m0.481s
sys	0m0.002s
 
2.2266 2.2836 2.3406 2.397600000000001

real	0m4.080s
user	0m4.069s
sys	0m0.002s
 
73.52180000000001 74.6944 86.4204 87.59300000000002

real	0m4.819s
user	0m4.808s
sys	0m0.001s
 
609.1862 615.0844000000001 774.3358000000001 780.2340000000002

real	0m2.474s
user	0m2.468s
sys	0m0.000s
 
31020069.53999998 31057579.07999998 45948866.45999996 45986376.00000001

real	0m1.495s
user	0m1.488s
sys	0m0.003s
 
3948765877.809497 3955170852.914604 5863853434.234404 5870258409.339499

real	0m2.270s
user	0m2.243s
sys	0m0.004s
 
629070346650.9426 630167977775.031 934211799147.1235 935309430271.2021

real	0m1.186s
user	0m1.163s
sys	0m0.011s
 
72549439.0166 72565446.85879999 108086848.7006 108102856.5428001

real	0m1.982s
user	0m1.958s
sys	0m0.004s
 
324096005.6180002 324108897.3359997 483218480.892 483231372.6099998

real	0m1.188s
user	0m1.161s
sys	0m0.014s
 
10829665.1294 10829701.4254 15310551.5134 15310587.8094

real	0m0.820s
user	0m0.792s
sys	0m0.020s
 
107135690886248 108233331157370.3 147748380917728.1 148846021188851.3

real	0m0.805s
user	0m0.776s
sys	0m0.022s
 
OUTER
 
101.277 104.346 110.4774 113.8252

real	0m1.969s
user	0m1.963s
sys	0m0.001s
 
96.84840000000001 99.04950000000002 108.045 110.446

real	0m2.004s
user	0m1.997s
sys	0m0.002s
 
94.13800000000002 95.84960000000002 106.419 108.286

real	0m2.006s
user	0m2.000s
sys	0m0.001s
 
14.5684 14.5728 16.60140000000001 16.606

real	0m1.412s
user	0m1.407s
sys	0m0.002s
 
10.164 10.2025 11.913 11.9548

real	0m1.752s
user	0m1.748s
sys	0m0.000s
 
955.9242 956.3004 1135.8438 1136.254

real	0m1.277s
user	0m1.272s
sys	0m0.001s
 
86477.05440000001 86480.57660000001 102897.9582 102901.8004

real	0m1.125s
user	0m1.083s
sys	0m0.031s
 
27312.9912 27313.3443 32486.685 32487.07

real	0m0.682s
user	0m0.667s
sys	0m0.008s
 
MAT_MAT
 
8054296.570499997 8377212.617400005 11041896.78059999 11521723.02599998

real	0m0.922s
user	0m0.920s
sys	0m0.000s
 
67005585.50399998 69693523.28640002 92209626.6390001 96222702.65399998

real	0m1.176s
user	0m1.172s
sys	0m0.000s
 
56602.02200000002 58658.48450000003 83130.86099999996 86296.01680000003

real	0m1.290s
user	0m1.287s
sys	0m0.000s
 
297546749.5919997 308581623.7314994 440770097.583 457946307.1219999

real	0m1.147s
user	0m1.143s
sys	0m0.001s
 
8054296.570499997 8144829.910200007 11426434.83180001 11521723.02599998

real	0m0.620s
user	0m0.616s
sys	0m0.003s
 
67005585.50399998 67746880.83150004 95442432.67260008 96222702.65399998

real	0m0.920s
user	0m0.916s
sys	0m0.001s
 
56602.02200000002 56765.4044 86117.12820000002 86296.01680000003

real	0m0.388s
user	0m0.387s
sys	0m0.000s
 
297546749.5919997 299613096.1240003 455678605.3310006 457946307.1219999

real	0m0.500s
user	0m0.497s
sys	0m0.001s
 
301.3441 301.7106 379.168 379.5840000000001

real	0m1.389s
user	0m1.382s
sys	0m0.003s
 
45022.4809 45027.16379999999 57025.89409999999 57031.226

real	0m1.299s
user	0m1.279s
sys	0m0.007s
 
79343.34260000002 79353.49420000002 105856.4262 105868.395

real	0m0.891s
user	0m0.879s
sys	0m0.004s
 
77470.43699999999 77485.73999999999 107948.34 107966.91

real	0m0.753s
user	0m0.745s
sys	0m0.003s
 
109.241 111.7864 142.1856 145.251

real	0m1.949s
user	0m1.944s
sys	0m0.001s
 
1739639.1343 1765026.6362 3156552.835599999 3194056.931000001

real	0m1.398s
user	0m1.393s
sys	0m0.001s
 
40128631.98950006 40455680.77900002 81101463.51099998 81608296.35000008

real	0m0.938s
user	0m0.934s
sys	0m0.001s
 
185145.8628 186726.9552 353878.6176 356259.936

real	0m1.227s
user	0m1.223s
sys	0m0.001s
 
5650057.303000003 5674398.905999999 11835110.684 11873364.25000001

real	0m0.876s
user	0m0.873s
sys	0m0.000s
 
3539227257.462 3543179262.324003 8019509498.519998 8025995052.400001

real	0m0.376s
user	0m0.369s
sys	0m0.005s
 
66219776245.92168 66260257446.05717 151986883006.3699 152053753059.55

real	0m0.407s
user	0m0.394s
sys	0m0.011s
 
166212294937.3991 166288626284.498 382568140639.0098 382694366833.2999

real	0m0.427s
user	0m0.411s
sys	0m0.014s
 
608720333715.4655 608956501509.1871 1405127495482.165 1405518727998.903

real	0m0.881s
user	0m0.850s
sys	0m0.027s
 
TRANS1
 
8054296.570499997 8377212.617400005 11041896.78059999 11521723.02599998

real	0m0.976s
user	0m0.972s
sys	0m0.001s
 
67005585.50399998 69693523.28640002 92209626.6390001 96222702.65399998

real	0m1.265s
user	0m1.261s
sys	0m0.001s
 
56602.02200000002 58658.48450000003 83130.86099999996 86296.01680000003

real	0m0.910s
user	0m0.907s
sys	0m0.000s
 
297546749.5919997 308581623.7314994 440770097.583 457946307.1219999

real	0m0.978s
user	0m0.974s
sys	0m0.001s
 
8054296.570499997 8144829.910200007 11426434.83180001 11521723.02599998

real	0m0.804s
user	0m0.802s
sys	0m0.000s
 
67005585.50399998 67746880.83150004 95442432.67260008 96222702.65399998

real	0m1.038s
user	0m1.033s
sys	0m0.002s
 
56602.02200000002 56765.4044 86117.12820000002 86296.01680000003

real	0m0.832s
user	0m0.830s
sys	0m0.000s
 
297546749.5919997 299613096.1240003 455678605.3310006 457946307.1219999

real	0m0.889s
user	0m0.886s
sys	0m0.001s
 
301.3441 301.7106 379.168 379.5840000000001

real	0m0.891s
user	0m0.888s
sys	0m0.001s
 
45022.4809 45027.16379999999 57025.89409999999 57031.226

real	0m1.113s
user	0m1.093s
sys	0m0.008s
 
79343.34260000002 79353.49420000002 105856.4262 105868.395

real	0m0.891s
user	0m0.872s
sys	0m0.011s
 
77470.43699999999 77485.73999999999 107948.34 107966.91

real	0m0.664s
user	0m0.651s
sys	0m0.008s
 
109.241 111.7864 142.1856 145.251

real	0m1.905s
user	0m1.899s
sys	0m0.001s
 
1739639.1343 1765026.6362 3156552.835599999 3194056.931000001

real	0m1.639s
user	0m1.634s
sys	0m0.001s
 
40128631.98950006 40455680.77900002 81101463.51099998 81608296.35000008

real	0m1.224s
user	0m1.217s
sys	0m0.003s
 
185145.8628 186726.9552 353878.6176 356259.936

real	0m1.753s
user	0m1.749s
sys	0m0.000s
 
5650057.303000003 5674398.905999999 11835110.684 11873364.25000001

real	0m1.538s
user	0m1.533s
sys	0m0.000s
 
3539227257.462 3543179262.324003 8019509498.519998 8025995052.400001

real	0m0.524s
user	0m0.520s
sys	0m0.003s
 
66219776245.92168 66260257446.05717 151986883006.3699 152053753059.55

real	0m0.651s
user	0m0.635s
sys	0m0.014s
 
166212294937.3991 166288626284.498 382568140639.0098 382694366833.2999

real	0m0.568s
user	0m0.548s
sys	0m0.017s
 
608720333715.4655 608956501509.1871 1405127495482.165 1405518727998.903

real	0m1.219s
user	0m1.193s
sys	0m0.021s
 
1512441.733 1524415.266 2968657.650000001 2986772.5

real	0m0.935s
user	0m0.932s
sys	0m0.001s
 
608720333715.4655 608956501509.1871 1405127495482.165 1405518727998.903

real	0m0.640s
user	0m0.626s
sys	0m0.011s
 
TRANS2
 
8054296.570499997 8377212.617400005 11041896.78059999 11521723.02599998

real	0m1.035s
user	0m1.031s
sys	0m0.001s
 
67005585.50399998 69693523.28640002 92209626.6390001 96222702.65399998

real	0m1.565s
user	0m1.558s
sys	0m0.002s
 
56602.02200000002 58658.48450000003 83130.86099999996 86296.01680000003

real	0m1.190s
user	0m1.186s
sys	0m0.002s
 
297546749.5919997 308581623.7314994 440770097.583 457946307.1219999

real	0m1.417s
user	0m1.412s
sys	0m0.001s
 
8054296.570499997 8144829.910200007 11426434.83180001 11521723.02599998

real	0m0.533s
user	0m0.531s
sys	0m0.000s
 
67005585.50399998 67746880.83150004 95442432.67260008 96222702.65399998

real	0m0.767s
user	0m0.765s
sys	0m0.000s
 
56602.02200000002 56765.4044 86117.12820000002 86296.01680000003

real	0m0.389s
user	0m0.386s
sys	0m0.002s
 
297546749.5919997 299613096.1240003 455678605.3310006 457946307.1219999

real	0m0.475s
user	0m0.470s
sys	0m0.003s
 
301.3441 301.7106 379.168 379.5840000000001

real	0m1.397s
user	0m1.393s
sys	0m0.000s
 
45022.4809 45027.16379999999 57025.89409999999 57031.226

real	0m1.299s
user	0m1.281s
sys	0m0.005s
 
79343.34260000002 79353.49420000002 105856.4262 105868.395

real	0m0.890s
user	0m0.875s
sys	0m0.007s
 
77470.43699999999 77485.73999999999 107948.34 107966.91

real	0m0.762s
user	0m0.752s
sys	0m0.005s
 
109.241 111.7864 142.1856 145.251

real	0m1.765s
user	0m1.760s
sys	0m0.001s
 
1739639.1343 1765026.6362 3156552.835599999 3194056.931000001

real	0m1.286s
user	0m1.281s
sys	0m0.002s
 
40128631.98950006 40455680.77900002 81101463.51099998 81608296.35000008

real	0m0.954s
user	0m0.950s
sys	0m0.001s
 
185145.8628 186726.9552 353878.6176 356259.936

real	0m1.199s
user	0m1.194s
sys	0m0.002s
 
5650057.303000003 5674398.905999999 11835110.684 11873364.25000001

real	0m0.968s
user	0m0.964s
sys	0m0.001s
 
3539227257.462 3543179262.324003 8019509498.519998 8025995052.400001

real	0m0.377s
user	0m0.370s
sys	0m0.005s
 
66219776245.92168 66260257446.05717 151986883006.3699 152053753059.55

real	0m0.408s
user	0m0.393s
sys	0m0.013s
 
166212294937.3991 166288626284.498 382568140639.0098 382694366833.2999

real	0m0.445s
user	0m0.434s
sys	0m0.009s
 
608720333715.4655 608956501509.1871 1405127495482.165 1405518727998.903

real	0m0.932s
user	0m0.904s
sys	0m0.023s
 
1512441.733 1524415.266 2968657.650000001 2986772.5

real	0m0.672s
user	0m0.669s
sys	0m0.001s
 
608720333715.4655 608956501509.1871 1405127495482.165 1405518727998.903

real	0m0.481s
user	0m0.464s
sys	0m0.014s
 
TRANS12
 
8054296.570499997 8377212.617400005 11041896.78059999 11521723.02599998

real	0m0.606s
user	0m0.603s
sys	0m0.001s
 
67005585.50399998 69693523.28640002 92209626.6390001 96222702.65399998

real	0m0.869s
user	0m0.864s
sys	0m0.002s
 
56602.02200000002 58658.48450000003 83130.86099999996 86296.01680000003

real	0m0.423s
user	0m0.420s
sys	0m0.001s
 
297546749.5919997 308581623.7314994 440770097.583 457946307.1219999

real	0m0.501s
user	0m0.498s
sys	0m0.002s
 
8054296.570499997 8144829.910200007 11426434.83180001 11521723.02599998

real	0m0.921s
user	0m0.918s
sys	0m0.001s
 
67005585.50399998 67746880.83150004 95442432.67260008 96222702.65399998

real	0m1.175s
user	0m1.170s
sys	0m0.002s
 
56602.02200000002 56765.4044 86117.12820000002 86296.01680000003

real	0m1.347s
user	0m1.342s
sys	0m0.002s
 
297546749.5919997 299613096.1240003 455678605.3310006 457946307.1219999

real	0m1.178s
user	0m1.173s
sys	0m0.001s
 
301.3441 301.7106 379.168 379.5840000000001

real	0m2.464s
user	0m2.458s
sys	0m0.001s
 
45022.4809 45027.16379999999 57025.89409999999 57031.226

real	0m2.794s
user	0m2.768s
sys	0m0.010s
 
79343.34260000002 79353.49420000002 105856.4262 105868.395

real	0m1.830s
user	0m1.809s
sys	0m0.010s
 
77470.43699999999 77485.73999999999 107948.34 107966.91

real	0m1.654s
user	0m1.641s
sys	0m0.005s
 
109.241 111.7864 142.1856 145.251

real	0m1.946s
user	0m1.941s
sys	0m0.001s
 
1739639.1343 1765026.6362 3156552.835599999 3194056.931000001

real	0m1.169s
user	0m1.165s
sys	0m0.001s
 
40128631.98950006 40455680.77900002 81101463.51099998 81608296.35000008

real	0m0.948s
user	0m0.943s
sys	0m0.002s
 
185145.8628 186726.9552 353878.6176 356259.936

real	0m1.134s
user	0m1.130s
sys	0m0.001s
 
5650057.303000003 5674398.905999999 11835110.684 11873364.25000001

real	0m0.935s
user	0m0.930s
sys	0m0.002s
 
3539227257.462 3543179262.324003 8019509498.519998 8025995052.400001

real	0m0.407s
user	0m0.400s
sys	0m0.005s
 
66219776245.92168 66260257446.05717 151986883006.3699 152053753059.55

real	0m0.567s
user	0m0.554s
sys	0m0.009s
 
166212294937.3991 166288626284.498 382568140639.0098 382694366833.2999

real	0m0.565s
user	0m0.540s
sys	0m0.021s
 
608720333715.4655 608956501509.1871 1405127495482.165 1405518727998.903

real	0m1.196s
user	0m1.163s
sys	0m0.024s
 
SPECIAL
 
0.04840000000000001

real	0m12.069s
user	0m12.043s
sys	0m0.001s
 
0.04840000000000001

real	0m11.736s
user	0m11.709s
sys	0m0.002s
 
0.04840000000000001

real	0m11.549s
user	0m11.523s
sys	0m0.001s
 
53.79660000000001 53.79880000000001 58.68060000000001 58.68280000000001

real	0m1.673s
user	0m1.582s
sys	0m0.000s
 
53.79660000000001 53.79880000000001 58.68060000000001 58.68280000000001

real	0m1.536s
user	0m1.532s
sys	0m0.000s
 
9698907.663399996

real	0m1.109s
user	0m1.106s
sys	0m0.000s
 
9698907.663399996

real	0m1.105s
user	0m1.103s
sys	0m0.000s
 
0.04840000000000001

real	0m13.216s
user	0m13.187s
sys	0m0.001s
 
53.79660000000001 53.79880000000001 58.68060000000001 58.68280000000001

real	0m1.630s
user	0m1.625s
sys	0m0.001s
 
53.79660000000001 53.79880000000001 58.68060000000001 58.68280000000001

real	0m1.604s
user	0m1.598s
sys	0m0.002s
 
9698907.663399996

real	0m1.127s
user	0m1.124s
sys	0m0.001s
 
3948765877.809497 3955170852.914604 5863853434.234404 5870258409.339499

real	0m1.712s
user	0m1.673s
sys	0m0.002s
 
3948765877.809497 3955170852.914604 5863853434.234404 5870258409.339499

real	0m1.597s
user	0m1.578s
sys	0m0.004s
 
0.04840000000000001

real	0m13.119s
user	0m13.090s
sys	0m0.001s
 
53.79660000000001 53.79880000000001 58.68060000000001 58.68280000000001

real	0m1.609s
user	0m1.604s
sys	0m0.001s
 
53.79660000000001 53.79880000000001 58.68060000000001 58.68280000000001

real	0m1.573s
user	0m1.569s
sys	0m0.000s
 
9698907.663399996

real	0m1.131s
user	0m1.127s
sys	0m0.001s
 
3948765877.809497 3955170852.914604 5863853434.234404 5870258409.339499

real	0m1.604s
user	0m1.583s
sys	0m0.004s
 
3948765877.809497 3955170852.914604 5863853434.234404 5870258409.339499

real	0m1.593s
user	0m1.573s
sys	0m0.004s
 
0.04840000000000001

real	0m13.288s
user	0m13.260s
sys	0m0.000s
 
53.79660000000001 53.79880000000001 58.68060000000001 58.68280000000001

real	0m1.649s
user	0m1.643s
sys	0m0.002s
 
53.79660000000001 53.79880000000001 58.68060000000001 58.68280000000001

real	0m1.573s
user	0m1.569s
sys	0m0.001s
 
9698907.663399996

real	0m1.128s
user	0m1.126s
sys	0m0.000s
 
3948765877.809497 3955170852.914604 5863853434.234404 5870258409.339499

real	0m1.692s
user	0m1.672s
sys	0m0.003s
 
3948765877.809497 3955170852.914604 5863853434.234404 5870258409.339499

real	0m1.709s
user	0m1.688s
sys	0m0.004s
 
0.04840000000000001

real	0m13.051s
user	0m13.024s
sys	0m0.001s
 
53.79660000000001 53.79880000000001 58.68060000000001 58.68280000000001

real	0m1.617s
user	0m1.612s
sys	0m0.001s
 
53.79660000000001 53.79880000000001 58.68060000000001 58.68280000000001

real	0m1.569s
user	0m1.563s
sys	0m0.002s
 
9698907.663399996

real	0m1.128s
user	0m1.125s
sys	0m0.001s
 
3948765877.809497 3955170852.914604 5863853434.234404 5870258409.339499

real	0m1.610s
user	0m1.586s
sys	0m0.008s
 
3948765877.809497 3955170852.914604 5863853434.234404 5870258409.339499

real	0m1.711s
user	0m1.690s
sys	0m0.004s
 
3037.1121 3037.6632 3611.409 3612.01

real	0m0.988s
user	0m0.981s
sys	0m0.003s
 
3037.1121 3037.6632 3611.409 3612.01

real	0m0.994s
user	0m0.986s
sys	0m0.003s
 
3037.1121 3037.6632 3611.409 3612.01

real	0m0.999s
user	0m0.995s
sys	0m0.000s
 
3037.1121 3037.6632 3611.409 3612.01

real	0m0.998s
user	0m0.991s
sys	0m0.003s
 
SEQUENCE
 
37624.35618 38872.44188 52954.76458 54712.31628

real	0m0.706s
user	0m0.703s
sys	0m0.001s
 
4350478614.186048 4405620767.888449 7321622135.843186 7393481577.214199

real	0m0.595s
user	0m0.594s
sys	0m0.000s
 
48832437279.8918 49241016265.74157 88512227219.28583 89040617812.03206

real	0m2.346s
user	0m2.338s
sys	0m0.001s
 
18696443068.18007 18840087100.15867 37617583432.7108 37823564976.3486

real	0m0.598s
user	0m0.594s
sys	0m0.002s
 
4.901614166865179e+18 4.912723296455448e+18 1.084442578747924e+19 1.086100449795465e+19

real	0m0.395s
user	0m0.391s
sys	0m0.003s
 
1.647418946230568e+16 1.649160037624473e+16 3.768465979697054e+16 3.771108024027194e+16

real	0m0.606s
user	0m0.566s
sys	0m0.007s
 
4.48881116501821e+17 4.490640601531962e+17 1.03730934601686e+18 1.03758774958278e+18

real	0m0.413s
user	0m0.394s
sys	0m0.017s
 
4.48881116501821e+17 4.490640601531962e+17 1.03730934601686e+18 1.03758774958278e+18

real	0m1.018s
user	0m0.997s
sys	0m0.017s
 
4.48881116501821e+17 4.490640601531962e+17 1.03730934601686e+18 1.03758774958278e+18

real	0m1.114s
user	0m1.090s
sys	0m0.020s
 
8.382424294553979e+29 8.385850640122295e+29 1.937388035390321e+30 1.93790724339292e+30

real	0m0.456s
user	0m0.436s
sys	0m0.018s
 
8.382424294553979e+29 8.385850640122295e+29 1.937388035390321e+30 1.93790724339292e+30

real	0m0.626s
user	0m0.599s
sys	0m0.025s
 
8.382424294553979e+29 8.385850640122295e+29 1.937388035390321e+30 1.93790724339292e+30

real	0m0.643s
user	0m0.623s
sys	0m0.017s
 
8.382424294553979e+29 8.385850640122295e+29 1.937388035390321e+30 1.93790724339292e+30

real	0m0.633s
user	0m0.610s
sys	0m0.021s
 
8.382424294553979e+29 8.385850640122295e+29 1.937388035390321e+30 1.93790724339292e+30

real	0m0.596s
user	0m0.575s
sys	0m0.018s
 
8.382424294553979e+29 8.385850640122295e+29 1.937388035390321e+30 1.93790724339292e+30

real	0m0.604s
user	0m0.584s
sys	0m0.018s
 
374124590164.9393 378323909405.297 483306890414.2386 487506209654.5964

real	0m0.622s
user	0m0.621s
sys	0m0.000s
 
8003498375443.188 8040830216224.574 11400695886549.59 11438027727330.98

real	0m0.605s
user	0m0.600s
sys	0m0.003s
 
467292080353.7709 473215316635.7608 603526514839.5372 609449751121.5272

real	0m1.006s
user	0m1.002s
sys	0m0.001s
 
22856685758006.32 23032721850853.32 32186598678896.97 32362634771743.98

real	0m0.645s
user	0m0.642s
sys	0m0.001s
