 
SCALAR_VEC
 
0.5808000000000001 0.5830000000000002 0.6270000000000002 0.6292000000000002

real	0m1.112s
user	0m1.112s
sys	0m0.001s
 
46.0284 46.03060000000001 50.20620000000001 50.2084

real	0m0.417s
user	0m0.418s
sys	0m0.001s
 
29876.5456 29876.5478 32592.58860000001 32592.59080000001

real	0m0.543s
user	0m1.043s
sys	0m0.009s
 
VEC_VEC
 
174.0387

real	0m1.570s
user	0m1.567s
sys	0m0.002s
 
9698907.663399996

real	0m0.908s
user	0m0.908s
sys	0m0.001s
 
24900423491.09201

real	0m1.244s
user	0m1.244s
sys	0m0.000s
 
24900741320632.71

real	0m1.266s
user	0m2.517s
sys	0m0.002s
 
2.490083360868967e+16

real	0m1.447s
user	0m2.840s
sys	0m0.009s
 
VEC_MAT
 
178.7929000000001 178.8030000000001 201.2149000000001 201.2250000000001

real	0m0.679s
user	0m0.679s
sys	0m0.001s
 
992.6821000000002 992.6922000000003 1117.3464 1117.3565

real	0m0.231s
user	0m0.457s
sys	0m0.001s
 
390.3932 390.4204 450.7772000000001 450.8044

real	0m1.697s
user	0m1.695s
sys	0m0.001s
 
2166.9797 2167.0069 2502.7093 2502.7365

real	0m1.310s
user	0m2.611s
sys	0m0.000s
 
157975690.7399002 164380665.8450001

real	0m0.467s
user	0m0.468s
sys	0m0.001s
 
27065907086.64726 28163538210.734

real	0m0.533s
user	0m1.062s
sys	0m0.000s
 
128614163.4402999 133441028.6953997 138267893.9505

real	0m0.426s
user	0m0.427s
sys	0m0.001s
 
17202407856.50187 17848340807.38918 18494273758.27599

real	0m0.477s
user	0m0.946s
sys	0m0.003s
 
2.2266 2.2836 2.3406 2.397600000000001

real	0m0.812s
user	0m0.813s
sys	0m0.000s
 
73.52180000000001 74.6944 86.4204 87.59300000000002

real	0m1.392s
user	0m1.391s
sys	0m0.001s
 
609.1862 615.0844000000001 774.3358000000001 780.2340000000002

real	0m1.726s
user	0m1.725s
sys	0m0.000s
 
31020069.53999998 31057579.07999998 45948866.45999996 45986376.00000001

real	0m0.974s
user	0m1.937s
sys	0m0.002s
 
3948765877.809497 3955170852.914604 5863853434.234404 5870258409.339499

real	0m1.795s
user	0m3.552s
sys	0m0.004s
 
629070346650.9426 630167977775.031 934211799147.1235 935309430271.2021

real	0m1.086s
user	0m2.117s
sys	0m0.016s
 
72549439.0166 72565446.85879999 108086848.7006 108102856.5428001

real	0m1.540s
user	0m3.047s
sys	0m0.005s
 
324096005.6180002 324108897.3359997 483218480.892 483231372.6099998

real	0m1.027s
user	0m1.997s
sys	0m0.014s
 
10829665.1294 10829701.4254 15310551.5134 15310587.8094

real	0m0.815s
user	0m1.563s
sys	0m0.022s
 
107135690886248 108233331157370.3 147748380917728.1 148846021188851.3

real	0m0.742s
user	0m1.418s
sys	0m0.023s
 
MAT_VEC
 
178.7929000000001 178.8030000000001 201.2149000000001 201.2250000000001

real	0m0.595s
user	0m0.596s
sys	0m0.001s
 
992.6821000000002 992.6922000000003 1117.3464 1117.3565

real	0m0.220s
user	0m0.437s
sys	0m0.000s
 
390.3932 390.4204 450.7772000000001 450.8044

real	0m0.885s
user	0m0.885s
sys	0m0.001s
 
2166.9797 2167.0069 2502.7093 2502.7365

real	0m0.328s
user	0m0.652s
sys	0m0.001s
 
157975690.7399002 164380665.8450001

real	0m0.452s
user	0m0.452s
sys	0m0.001s
 
27065907086.64726 28163538210.734

real	0m0.518s
user	0m1.032s
sys	0m0.000s
 
128614163.4402999 133441028.6953997 138267893.9505

real	0m0.415s
user	0m0.416s
sys	0m0.001s
 
17202407856.50187 17848340807.38918 18494273758.27599

real	0m0.488s
user	0m0.970s
sys	0m0.002s
 
2.2266 2.2836 2.3406 2.397600000000001

real	0m0.364s
user	0m0.366s
sys	0m0.000s
 
73.52180000000001 74.6944 86.4204 87.59300000000002

real	0m1.053s
user	0m1.053s
sys	0m0.000s
 
609.1862 615.0844000000001 774.3358000000001 780.2340000000002

real	0m0.952s
user	0m0.952s
sys	0m0.001s
 
31020069.53999998 31057579.07999998 45948866.45999996 45986376.00000001

real	0m0.904s
user	0m1.799s
sys	0m0.001s
 
3948765877.809497 3955170852.914604 5863853434.234404 5870258409.339499

real	0m1.667s
user	0m3.292s
sys	0m0.006s
 
629070346650.9426 630167977775.031 934211799147.1235 935309430271.2021

real	0m0.966s
user	0m1.876s
sys	0m0.017s
 
72549439.0166 72565446.85879999 108086848.7006 108102856.5428001

real	0m1.605s
user	0m3.176s
sys	0m0.002s
 
324096005.6180002 324108897.3359997 483218480.892 483231372.6099998

real	0m1.123s
user	0m2.191s
sys	0m0.014s
 
10829665.1294 10829701.4254 15310551.5134 15310587.8094

real	0m0.731s
user	0m1.400s
sys	0m0.019s
 
107135690886248 108233331157370.3 147748380917728.1 148846021188851.3

real	0m0.763s
user	0m1.459s
sys	0m0.021s
 
OUTER
 
101.277 104.346 110.4774 113.8252

real	0m1.803s
user	0m1.800s
sys	0m0.002s
 
96.84840000000001 99.04950000000002 108.045 110.446

real	0m1.839s
user	0m1.838s
sys	0m0.000s
 
94.13800000000002 95.84960000000002 106.419 108.286

real	0m1.837s
user	0m1.834s
sys	0m0.002s
 
14.5684 14.5728 16.60140000000001 16.606

real	0m0.687s
user	0m0.690s
sys	0m0.001s
 
10.164 10.2025 11.913 11.9548

real	0m0.940s
user	0m0.940s
sys	0m0.001s
 
955.9242 956.3004 1135.8438 1136.254

real	0m0.867s
user	0m1.724s
sys	0m0.002s
 
86477.05440000001 86480.57660000001 102897.9582 102901.8004

real	0m1.117s
user	0m2.138s
sys	0m0.030s
 
27312.9912 27313.3443 32486.685 32487.07

real	0m0.679s
user	0m1.320s
sys	0m0.009s
 
MAT_MAT
 
8054296.570499997 8377212.617400005 11041896.78059999 11521723.02599998

real	0m0.553s
user	0m1.098s
sys	0m0.004s
 
67005585.50399998 69693523.28640002 92209626.6390001 96222702.65399998

real	0m0.692s
user	0m1.376s
sys	0m0.002s
 
56602.02200000002 58658.48450000003 83130.86099999996 86296.01680000003

real	0m0.803s
user	0m1.597s
sys	0m0.002s
 
297546749.5919997 308581623.7314994 440770097.583 457946307.1219999

real	0m0.652s
user	0m1.296s
sys	0m0.002s
 
8054296.570499997 8144829.910200007 11426434.83180001 11521723.02599998

real	0m0.648s
user	0m1.291s
sys	0m0.000s
 
67005585.50399998 67746880.83150004 95442432.67260008 96222702.65399998

real	0m0.877s
user	0m1.747s
sys	0m0.000s
 
56602.02200000002 56765.4044 86117.12820000002 86296.01680000003

real	0m0.422s
user	0m0.840s
sys	0m0.001s
 
297546749.5919997 299613096.1240003 455678605.3310006 457946307.1219999

real	0m0.515s
user	0m1.022s
sys	0m0.003s
 
301.3441 301.7106 379.168 379.5840000000001

real	0m1.077s
user	0m2.148s
sys	0m0.000s
 
45022.4809 45027.16379999999 57025.89409999999 57031.226

real	0m1.170s
user	0m2.287s
sys	0m0.013s
 
79343.34260000002 79353.49420000002 105856.4262 105868.395

real	0m0.715s
user	0m1.398s
sys	0m0.006s
 
77470.43699999999 77485.73999999999 107948.34 107966.91

real	0m0.463s
user	0m0.904s
sys	0m0.006s
 
109.241 111.7864 142.1856 145.251

real	0m1.168s
user	0m1.168s
sys	0m0.000s
 
1739639.1343 1765026.6362 3156552.835599999 3194056.931000001

real	0m0.768s
user	0m1.528s
sys	0m0.001s
 
40128631.98950006 40455680.77900002 81101463.51099998 81608296.35000008

real	0m0.541s
user	0m1.076s
sys	0m0.002s
 
185145.8628 186726.9552 353878.6176 356259.936

real	0m0.678s
user	0m1.348s
sys	0m0.002s
 
5650057.303000003 5674398.905999999 11835110.684 11873364.25000001

real	0m0.446s
user	0m0.886s
sys	0m0.001s
 
3539227257.462 3543179262.324003 8019509498.519998 8025995052.400001

real	0m0.194s
user	0m0.375s
sys	0m0.006s
 
66219776245.92168 66260257446.05717 151986883006.3699 152053753059.55

real	0m0.218s
user	0m0.409s
sys	0m0.010s
 
166212294937.3991 166288626284.498 382568140639.0098 382694366833.2999

real	0m0.227s
user	0m0.413s
sys	0m0.017s
 
608720333715.4655 608956501509.1871 1405127495482.165 1405518727998.903

real	0m0.486s
user	0m0.905s
sys	0m0.028s
 
TRANS1
 
8054296.570499997 8377212.617400005 11041896.78059999 11521723.02599998

real	0m0.608s
user	0m1.209s
sys	0m0.003s
 
67005585.50399998 69693523.28640002 92209626.6390001 96222702.65399998

real	0m0.754s
user	0m1.503s
sys	0m0.000s
 
56602.02200000002 58658.48450000003 83130.86099999996 86296.01680000003

real	0m0.642s
user	0m1.278s
sys	0m0.001s
 
297546749.5919997 308581623.7314994 440770097.583 457946307.1219999

real	0m0.546s
user	0m1.084s
sys	0m0.002s
 
8054296.570499997 8144829.910200007 11426434.83180001 11521723.02599998

real	0m0.831s
user	0m1.656s
sys	0m0.000s
 
67005585.50399998 67746880.83150004 95442432.67260008 96222702.65399998

real	0m1.060s
user	0m2.110s
sys	0m0.002s
 
56602.02200000002 56765.4044 86117.12820000002 86296.01680000003

real	0m0.858s
user	0m1.710s
sys	0m0.001s
 
297546749.5919997 299613096.1240003 455678605.3310006 457946307.1219999

real	0m0.894s
user	0m1.782s
sys	0m0.000s
 
301.3441 301.7106 379.168 379.5840000000001

real	0m0.596s
user	0m1.187s
sys	0m0.001s
 
45022.4809 45027.16379999999 57025.89409999999 57031.226

real	0m1.120s
user	0m2.199s
sys	0m0.008s
 
79343.34260000002 79353.49420000002 105856.4262 105868.395

real	0m0.694s
user	0m1.353s
sys	0m0.011s
 
77470.43699999999 77485.73999999999 107948.34 107966.91

real	0m0.403s
user	0m0.784s
sys	0m0.006s
 
109.241 111.7864 142.1856 145.251

real	0m1.107s
user	0m1.107s
sys	0m0.001s
 
1739639.1343 1765026.6362 3156552.835599999 3194056.931000001

real	0m0.909s
user	0m1.811s
sys	0m0.001s
 
40128631.98950006 40455680.77900002 81101463.51099998 81608296.35000008

real	0m0.676s
user	0m1.347s
sys	0m0.000s
 
185145.8628 186726.9552 353878.6176 356259.936

real	0m0.943s
user	0m1.878s
sys	0m0.002s
 
5650057.303000003 5674398.905999999 11835110.684 11873364.25000001

real	0m0.781s
user	0m1.555s
sys	0m0.001s
 
3539227257.462 3543179262.324003 8019509498.519998 8025995052.400001

real	0m0.268s
user	0m0.524s
sys	0m0.004s
 
66219776245.92168 66260257446.05717 151986883006.3699 152053753059.55

real	0m0.341s
user	0m0.648s
sys	0m0.013s
 
166212294937.3991 166288626284.498 382568140639.0098 382694366833.2999

real	0m0.303s
user	0m0.555s
sys	0m0.014s
 
608720333715.4655 608956501509.1871 1405127495482.165 1405518727998.903

real	0m0.652s
user	0m1.205s
sys	0m0.023s
 
1512441.733 1524415.266 2968657.650000001 2986772.5

real	0m0.604s
user	0m1.203s
sys	0m0.000s
 
608720333715.4655 608956501509.1871 1405127495482.165 1405518727998.903

real	0m0.357s
user	0m0.638s
sys	0m0.016s
 
TRANS2
 
8054296.570499997 8377212.617400005 11041896.78059999 11521723.02599998

real	0m0.636s
user	0m1.267s
sys	0m0.001s
 
67005585.50399998 69693523.28640002 92209626.6390001 96222702.65399998

real	0m0.892s
user	0m1.776s
sys	0m0.002s
 
56602.02200000002 58658.48450000003 83130.86099999996 86296.01680000003

real	0m0.753s
user	0m1.500s
sys	0m0.000s
 
297546749.5919997 308581623.7314994 440770097.583 457946307.1219999

real	0m0.820s
user	0m1.631s
sys	0m0.001s
 
8054296.570499997 8144829.910200007 11426434.83180001 11521723.02599998

real	0m0.558s
user	0m1.110s
sys	0m0.003s
 
67005585.50399998 67746880.83150004 95442432.67260008 96222702.65399998

real	0m0.774s
user	0m1.541s
sys	0m0.000s
 
56602.02200000002 56765.4044 86117.12820000002 86296.01680000003

real	0m0.416s
user	0m0.827s
sys	0m0.001s
 
297546749.5919997 299613096.1240003 455678605.3310006 457946307.1219999

real	0m0.485s
user	0m0.965s
sys	0m0.001s
 
301.3441 301.7106 379.168 379.5840000000001

real	0m1.066s
user	0m2.125s
sys	0m0.001s
 
45022.4809 45027.16379999999 57025.89409999999 57031.226

real	0m1.168s
user	0m2.296s
sys	0m0.006s
 
79343.34260000002 79353.49420000002 105856.4262 105868.395

real	0m0.716s
user	0m1.400s
sys	0m0.007s
 
77470.43699999999 77485.73999999999 107948.34 107966.91

real	0m0.467s
user	0m0.912s
sys	0m0.005s
 
109.241 111.7864 142.1856 145.251

real	0m0.988s
user	0m0.987s
sys	0m0.001s
 
1739639.1343 1765026.6362 3156552.835599999 3194056.931000001

real	0m0.695s
user	0m1.384s
sys	0m0.001s
 
40128631.98950006 40455680.77900002 81101463.51099998 81608296.35000008

real	0m0.545s
user	0m1.084s
sys	0m0.001s
 
185145.8628 186726.9552 353878.6176 356259.936

real	0m0.663s
user	0m1.319s
sys	0m0.002s
 
5650057.303000003 5674398.905999999 11835110.684 11873364.25000001

real	0m0.448s
user	0m0.891s
sys	0m0.000s
 
3539227257.462 3543179262.324003 8019509498.519998 8025995052.400001

real	0m0.196s
user	0m0.382s
sys	0m0.002s
 
66219776245.92168 66260257446.05717 151986883006.3699 152053753059.55

real	0m0.223s
user	0m0.412s
sys	0m0.013s
 
166212294937.3991 166288626284.498 382568140639.0098 382694366833.2999

real	0m0.241s
user	0m0.428s
sys	0m0.017s
 
608720333715.4655 608956501509.1871 1405127495482.165 1405518727998.903

real	0m0.509s
user	0m0.912s
sys	0m0.029s
 
1512441.733 1524415.266 2968657.650000001 2986772.5

real	0m0.481s
user	0m0.956s
sys	0m0.002s
 
608720333715.4655 608956501509.1871 1405127495482.165 1405518727998.903

real	0m0.278s
user	0m0.474s
sys	0m0.018s
 
TRANS12
 
8054296.570499997 8377212.617400005 11041896.78059999 11521723.02599998

real	0m0.455s
user	0m0.905s
sys	0m0.001s
 
67005585.50399998 69693523.28640002 92209626.6390001 96222702.65399998

real	0m0.657s
user	0m1.307s
sys	0m0.001s
 
56602.02200000002 58658.48450000003 83130.86099999996 86296.01680000003

real	0m0.294s
user	0m0.583s
sys	0m0.002s
 
297546749.5919997 308581623.7314994 440770097.583 457946307.1219999

real	0m0.378s
user	0m0.749s
sys	0m0.002s
 
8054296.570499997 8144829.910200007 11426434.83180001 11521723.02599998

real	0m0.944s
user	0m1.880s
sys	0m0.002s
 
67005585.50399998 67746880.83150004 95442432.67260008 96222702.65399998

real	0m1.189s
user	0m2.369s
sys	0m0.000s
 
56602.02200000002 56765.4044 86117.12820000002 86296.01680000003

real	0m1.309s
user	0m2.609s
sys	0m0.001s
 
297546749.5919997 299613096.1240003 455678605.3310006 457946307.1219999

real	0m1.182s
user	0m2.355s
sys	0m0.000s
 
301.3441 301.7106 379.168 379.5840000000001

real	0m1.421s
user	0m2.833s
sys	0m0.000s
 
45022.4809 45027.16379999999 57025.89409999999 57031.226

real	0m1.632s
user	0m3.221s
sys	0m0.007s
 
79343.34260000002 79353.49420000002 105856.4262 105868.395

real	0m1.056s
user	0m2.078s
sys	0m0.009s
 
77470.43699999999 77485.73999999999 107948.34 107966.91

real	0m0.882s
user	0m1.741s
sys	0m0.005s
 
109.241 111.7864 142.1856 145.251

real	0m1.193s
user	0m1.192s
sys	0m0.002s
 
1739639.1343 1765026.6362 3156552.835599999 3194056.931000001

real	0m0.786s
user	0m1.566s
sys	0m0.001s
 
40128631.98950006 40455680.77900002 81101463.51099998 81608296.35000008

real	0m0.587s
user	0m1.163s
sys	0m0.004s
 
185145.8628 186726.9552 353878.6176 356259.936

real	0m0.662s
user	0m1.317s
sys	0m0.001s
 
5650057.303000003 5674398.905999999 11835110.684 11873364.25000001

real	0m0.502s
user	0m0.999s
sys	0m0.000s
 
3539227257.462 3543179262.324003 8019509498.519998 8025995052.400001

real	0m0.216s
user	0m0.418s
sys	0m0.004s
 
66219776245.92168 66260257446.05717 151986883006.3699 152053753059.55

real	0m0.342s
user	0m0.647s
sys	0m0.007s
 
166212294937.3991 166288626284.498 382568140639.0098 382694366833.2999

real	0m0.357s
user	0m0.632s
sys	0m0.018s
 
608720333715.4655 608956501509.1871 1405127495482.165 1405518727998.903

real	0m0.733s
user	0m1.319s
sys	0m0.030s
 
SPECIAL
 
0.04840000000000001

real	0m1.010s
user	0m1.010s
sys	0m0.002s
 
0.04840000000000001

real	0m1.170s
user	0m1.169s
sys	0m0.001s
 
0.04840000000000001

real	0m0.868s
user	0m0.868s
sys	0m0.001s
 
53.79660000000001 53.79880000000001 58.68060000000001 58.68280000000001

real	0m1.165s
user	0m1.166s
sys	0m0.000s
 
53.79660000000001 53.79880000000001 58.68060000000001 58.68280000000001

real	0m1.134s
user	0m1.134s
sys	0m0.001s
 
9698907.663399996

real	0m0.911s
user	0m0.911s
sys	0m0.001s
 
9698907.663399996

real	0m0.917s
user	0m0.917s
sys	0m0.001s
 
0.04840000000000001

real	0m2.571s
user	0m2.568s
sys	0m0.001s
 
53.79660000000001 53.79880000000001 58.68060000000001 58.68280000000001

real	0m1.202s
user	0m1.201s
sys	0m0.001s
 
53.79660000000001 53.79880000000001 58.68060000000001 58.68280000000001

real	0m1.150s
user	0m1.149s
sys	0m0.001s
 
9698907.663399996

real	0m0.931s
user	0m0.929s
sys	0m0.003s
 
3948765877.809497 3955170852.914604 5863853434.234404 5870258409.339499

real	0m1.508s
user	0m2.984s
sys	0m0.004s
 
3948765877.809497 3955170852.914604 5863853434.234404 5870258409.339499

real	0m1.369s
user	0m2.708s
sys	0m0.004s
 
0.04840000000000001

real	0m2.356s
user	0m2.353s
sys	0m0.000s
 
53.79660000000001 53.79880000000001 58.68060000000001 58.68280000000001

real	0m1.221s
user	0m1.219s
sys	0m0.002s
 
53.79660000000001 53.79880000000001 58.68060000000001 58.68280000000001

real	0m1.163s
user	0m1.163s
sys	0m0.001s
 
9698907.663399996

real	0m0.928s
user	0m0.929s
sys	0m0.000s
 
3948765877.809497 3955170852.914604 5863853434.234404 5870258409.339499

real	0m1.605s
user	0m3.170s
sys	0m0.007s
 
3948765877.809497 3955170852.914604 5863853434.234404 5870258409.339499

real	0m1.376s
user	0m2.724s
sys	0m0.002s
 
0.04840000000000001

real	0m2.453s
user	0m2.450s
sys	0m0.000s
 
53.79660000000001 53.79880000000001 58.68060000000001 58.68280000000001

real	0m1.216s
user	0m1.216s
sys	0m0.000s
 
53.79660000000001 53.79880000000001 58.68060000000001 58.68280000000001

real	0m1.127s
user	0m1.126s
sys	0m0.001s
 
9698907.663399996

real	0m0.923s
user	0m0.922s
sys	0m0.002s
 
3948765877.809497 3955170852.914604 5863853434.234404 5870258409.339499

real	0m1.703s
user	0m3.370s
sys	0m0.003s
 
3948765877.809497 3955170852.914604 5863853434.234404 5870258409.339499

real	0m1.342s
user	0m2.644s
sys	0m0.005s
 
0.04840000000000001

real	0m2.473s
user	0m2.469s
sys	0m0.002s
 
53.79660000000001 53.79880000000001 58.68060000000001 58.68280000000001

real	0m1.178s
user	0m1.178s
sys	0m0.000s
 
53.79660000000001 53.79880000000001 58.68060000000001 58.68280000000001

real	0m1.139s
user	0m1.138s
sys	0m0.001s
 
9698907.663399996

real	0m0.924s
user	0m0.923s
sys	0m0.002s
 
3948765877.809497 3955170852.914604 5863853434.234404 5870258409.339499

real	0m1.603s
user	0m3.166s
sys	0m0.006s
 
3948765877.809497 3955170852.914604 5863853434.234404 5870258409.339499

real	0m1.335s
user	0m2.630s
sys	0m0.003s
 
3037.1121 3037.6632 3611.409 3612.01

real	0m0.631s
user	0m1.249s
sys	0m0.003s
 
3037.1121 3037.6632 3611.409 3612.01

real	0m0.617s
user	0m1.226s
sys	0m0.001s
 
3037.1121 3037.6632 3611.409 3612.01

real	0m0.618s
user	0m1.226s
sys	0m0.002s
 
3037.1121 3037.6632 3611.409 3612.01

real	0m0.569s
user	0m1.127s
sys	0m0.003s
 
SEQUENCE
 
37624.35618 38872.44188 52954.76458 54712.31628

real	0m0.429s
user	0m0.853s
sys	0m0.001s
 
4350478614.186048 4405620767.888449 7321622135.843186 7393481577.214199

real	0m0.445s
user	0m0.884s
sys	0m0.002s
 
48832437279.8918 49241016265.74157 88512227219.28583 89040617812.03206

real	0m1.163s
user	0m2.318s
sys	0m0.000s
 
18696443068.18007 18840087100.15867 37617583432.7108 37823564976.3486

real	0m0.326s
user	0m0.646s
sys	0m0.002s
 
4.901614166865179e+18 4.912723296455448e+18 1.084442578747924e+19 1.086100449795465e+19

real	0m0.206s
user	0m0.403s
sys	0m0.003s
 
1.647418946230568e+16 1.649160037624473e+16 3.768465979697054e+16 3.771108024027194e+16

real	0m0.300s
user	0m0.582s
sys	0m0.006s
 
4.48881116501821e+17 4.490640601531962e+17 1.03730934601686e+18 1.03758774958278e+18

real	0m0.223s
user	0m0.402s
sys	0m0.018s
 
4.48881116501821e+17 4.490640601531962e+17 1.03730934601686e+18 1.03758774958278e+18

real	0m0.545s
user	0m1.019s
sys	0m0.014s
 
4.48881116501821e+17 4.490640601531962e+17 1.03730934601686e+18 1.03758774958278e+18

real	0m0.596s
user	0m1.107s
sys	0m0.017s
 
8.382424294553979e+29 8.385850640122295e+29 1.937388035390321e+30 1.93790724339292e+30

real	0m0.247s
user	0m0.440s
sys	0m0.023s
 
8.382424294553979e+29 8.385850640122295e+29 1.937388035390321e+30 1.93790724339292e+30

real	0m0.347s
user	0m0.613s
sys	0m0.018s
 
8.382424294553979e+29 8.385850640122295e+29 1.937388035390321e+30 1.93790724339292e+30

real	0m0.360s
user	0m0.638s
sys	0m0.020s
 
8.382424294553979e+29 8.385850640122295e+29 1.937388035390321e+30 1.93790724339292e+30

real	0m0.356s
user	0m0.621s
sys	0m0.026s
 
8.382424294553979e+29 8.385850640122295e+29 1.937388035390321e+30 1.93790724339292e+30

real	0m0.332s
user	0m0.585s
sys	0m0.016s
 
8.382424294553979e+29 8.385850640122295e+29 1.937388035390321e+30 1.93790724339292e+30

real	0m0.339s
user	0m0.590s
sys	0m0.023s
 
374124590164.9393 378323909405.297 483306890414.2386 487506209654.5964

real	0m0.472s
user	0m0.939s
sys	0m0.000s
 
8003498375443.188 8040830216224.574 11400695886549.59 11438027727330.98

real	0m0.332s
user	0m0.659s
sys	0m0.002s
 
467292080353.7709 473215316635.7608 603526514839.5372 609449751121.5272

real	0m0.501s
user	0m0.503s
sys	0m0.000s
 
22856685758006.32 23032721850853.32 32186598678896.97 32362634771743.98

real	0m0.622s
user	0m0.622s
sys	0m0.002s
