 
SCALAR_VEC
 
0.5808000000000001 0.5830000000000002 0.6270000000000002 0.6292000000000002

real	0m26.738s
user	0m53.356s
sys	0m0.001s
 
46.0284 46.03060000000001 50.20620000000001 50.2084

real	0m1.094s
user	0m2.179s
sys	0m0.002s
 
29876.5456 29876.5478 32592.58860000001 32592.59080000001

real	0m0.542s
user	0m1.041s
sys	0m0.010s
 
VEC_VEC
 
174.0387

real	0m26.880s
user	0m53.640s
sys	0m0.001s
 
9698907.663399996

real	0m1.344s
user	0m2.681s
sys	0m0.000s
 
24900423491.09201

real	0m1.291s
user	0m2.572s
sys	0m0.002s
 
24900741320632.71

real	0m1.262s
user	0m2.509s
sys	0m0.002s
 
2.490083360868967e+16

real	0m1.451s
user	0m2.843s
sys	0m0.014s
 
VEC_MAT
 
178.7929000000001 178.8030000000001 201.2149000000001 201.2250000000001

real	0m1.063s
user	0m2.120s
sys	0m0.000s
 
992.6821000000002 992.6922000000003 1117.3464 1117.3565

real	0m0.265s
user	0m0.525s
sys	0m0.001s
 
390.3932 390.4204 450.7772000000001 450.8044

real	0m2.789s
user	0m5.563s
sys	0m0.001s
 
2166.9797 2167.0069 2502.7093 2502.7365

real	0m1.361s
user	0m2.712s
sys	0m0.001s
 
157975690.7399002 164380665.8450001

real	0m0.559s
user	0m1.111s
sys	0m0.002s
 
27065907086.64726 28163538210.734

real	0m0.532s
user	0m1.059s
sys	0m0.001s
 
128614163.4402999 133441028.6953997 138267893.9505

real	0m0.514s
user	0m1.021s
sys	0m0.002s
 
17202407856.50187 17848340807.38918 18494273758.27599

real	0m0.462s
user	0m0.919s
sys	0m0.001s
 
2.2266 2.2836 2.3406 2.397600000000001

real	0m9.365s
user	0m18.686s
sys	0m0.000s
 
73.52180000000001 74.6944 86.4204 87.59300000000002

real	0m10.461s
user	0m20.872s
sys	0m0.002s
 
609.1862 615.0844000000001 774.3358000000001 780.2340000000002

real	0m5.081s
user	0m10.135s
sys	0m0.003s
 
31020069.53999998 31057579.07999998 45948866.45999996 45986376.00000001

real	0m0.977s
user	0m1.943s
sys	0m0.002s
 
3948765877.809497 3955170852.914604 5863853434.234404 5870258409.339499

real	0m1.819s
user	0m3.602s
sys	0m0.003s
 
629070346650.9426 630167977775.031 934211799147.1235 935309430271.2021

real	0m1.090s
user	0m2.124s
sys	0m0.015s
 
72549439.0166 72565446.85879999 108086848.7006 108102856.5428001

real	0m1.571s
user	0m3.110s
sys	0m0.004s
 
324096005.6180002 324108897.3359997 483218480.892 483231372.6099998

real	0m1.029s
user	0m2.005s
sys	0m0.014s
 
10829665.1294 10829701.4254 15310551.5134 15310587.8094

real	0m0.894s
user	0m1.724s
sys	0m0.018s
 
107135690886248 108233331157370.3 147748380917728.1 148846021188851.3

real	0m0.745s
user	0m1.427s
sys	0m0.021s
 
MAT_VEC
 
178.7929000000001 178.8030000000001 201.2149000000001 201.2250000000001

real	0m0.877s
user	0m1.748s
sys	0m0.001s
 
992.6821000000002 992.6922000000003 1117.3464 1117.3565

real	0m0.228s
user	0m0.450s
sys	0m0.002s
 
390.3932 390.4204 450.7772000000001 450.8044

real	0m1.157s
user	0m2.308s
sys	0m0.000s
 
2166.9797 2167.0069 2502.7093 2502.7365

real	0m0.337s
user	0m0.669s
sys	0m0.002s
 
157975690.7399002 164380665.8450001

real	0m0.538s
user	0m1.070s
sys	0m0.001s
 
27065907086.64726 28163538210.734

real	0m0.519s
user	0m1.033s
sys	0m0.000s
 
128614163.4402999 133441028.6953997 138267893.9505

real	0m0.504s
user	0m1.004s
sys	0m0.001s
 
17202407856.50187 17848340807.38918 18494273758.27599

real	0m0.472s
user	0m0.939s
sys	0m0.001s
 
2.2266 2.2836 2.3406 2.397600000000001

real	0m9.059s
user	0m18.074s
sys	0m0.002s
 
73.52180000000001 74.6944 86.4204 87.59300000000002

real	0m9.929s
user	0m19.811s
sys	0m0.001s
 
609.1862 615.0844000000001 774.3358000000001 780.2340000000002

real	0m4.495s
user	0m8.966s
sys	0m0.001s
 
31020069.53999998 31057579.07999998 45948866.45999996 45986376.00000001

real	0m0.980s
user	0m1.950s
sys	0m0.001s
 
3948765877.809497 3955170852.914604 5863853434.234404 5870258409.339499

real	0m1.822s
user	0m3.602s
sys	0m0.004s
 
629070346650.9426 630167977775.031 934211799147.1235 935309430271.2021

real	0m0.983s
user	0m1.913s
sys	0m0.015s
 
72549439.0166 72565446.85879999 108086848.7006 108102856.5428001

real	0m1.648s
user	0m3.258s
sys	0m0.004s
 
324096005.6180002 324108897.3359997 483218480.892 483231372.6099998

real	0m1.100s
user	0m2.134s
sys	0m0.021s
 
10829665.1294 10829701.4254 15310551.5134 15310587.8094

real	0m0.730s
user	0m1.394s
sys	0m0.023s
 
107135690886248 108233331157370.3 147748380917728.1 148846021188851.3

real	0m0.818s
user	0m1.567s
sys	0m0.025s
 
OUTER
 
101.277 104.346 110.4774 113.8252

real	0m2.277s
user	0m4.541s
sys	0m0.001s
 
96.84840000000001 99.04950000000002 108.045 110.446

real	0m2.249s
user	0m4.484s
sys	0m0.002s
 
94.13800000000002 95.84960000000002 106.419 108.286

real	0m2.277s
user	0m4.540s
sys	0m0.001s
 
14.5684 14.5728 16.60140000000001 16.606

real	0m2.719s
user	0m5.423s
sys	0m0.001s
 
10.164 10.2025 11.913 11.9548

real	0m4.111s
user	0m8.202s
sys	0m0.001s
 
955.9242 956.3004 1135.8438 1136.254

real	0m0.896s
user	0m1.782s
sys	0m0.003s
 
86477.05440000001 86480.57660000001 102897.9582 102901.8004

real	0m1.118s
user	0m2.143s
sys	0m0.025s
 
27312.9912 27313.3443 32486.685 32487.07

real	0m0.668s
user	0m1.293s
sys	0m0.014s
 
MAT_MAT
 
8054296.570499997 8377212.617400005 11041896.78059999 11521723.02599998

real	0m0.577s
user	0m1.147s
sys	0m0.002s
 
67005585.50399998 69693523.28640002 92209626.6390001 96222702.65399998

real	0m0.719s
user	0m1.431s
sys	0m0.001s
 
56602.02200000002 58658.48450000003 83130.86099999996 86296.01680000003

real	0m0.788s
user	0m1.570s
sys	0m0.001s
 
297546749.5919997 308581623.7314994 440770097.583 457946307.1219999

real	0m0.790s
user	0m1.570s
sys	0m0.003s
 
8054296.570499997 8144829.910200007 11426434.83180001 11521723.02599998

real	0m0.702s
user	0m1.399s
sys	0m0.001s
 
67005585.50399998 67746880.83150004 95442432.67260008 96222702.65399998

real	0m0.837s
user	0m1.663s
sys	0m0.003s
 
56602.02200000002 56765.4044 86117.12820000002 86296.01680000003

real	0m0.428s
user	0m0.852s
sys	0m0.001s
 
297546749.5919997 299613096.1240003 455678605.3310006 457946307.1219999

real	0m0.539s
user	0m1.072s
sys	0m0.001s
 
301.3441 301.7106 379.168 379.5840000000001

real	0m1.096s
user	0m2.183s
sys	0m0.001s
 
45022.4809 45027.16379999999 57025.89409999999 57031.226

real	0m1.212s
user	0m2.385s
sys	0m0.008s
 
79343.34260000002 79353.49420000002 105856.4262 105868.395

real	0m0.717s
user	0m1.400s
sys	0m0.008s
 
77470.43699999999 77485.73999999999 107948.34 107966.91

real	0m0.466s
user	0m0.909s
sys	0m0.007s
 
109.241 111.7864 142.1856 145.251

real	0m2.930s
user	0m5.843s
sys	0m0.002s
 
1739639.1343 1765026.6362 3156552.835599999 3194056.931000001

real	0m0.723s
user	0m1.439s
sys	0m0.001s
 
40128631.98950006 40455680.77900002 81101463.51099998 81608296.35000008

real	0m0.583s
user	0m1.160s
sys	0m0.001s
 
185145.8628 186726.9552 353878.6176 356259.936

real	0m0.669s
user	0m1.331s
sys	0m0.002s
 
5650057.303000003 5674398.905999999 11835110.684 11873364.25000001

real	0m0.481s
user	0m0.957s
sys	0m0.001s
 
3539227257.462 3543179262.324003 8019509498.519998 8025995052.400001

real	0m0.197s
user	0m0.383s
sys	0m0.003s
 
66219776245.92168 66260257446.05717 151986883006.3699 152053753059.55

real	0m0.218s
user	0m0.405s
sys	0m0.012s
 
166212294937.3991 166288626284.498 382568140639.0098 382694366833.2999

real	0m0.226s
user	0m0.415s
sys	0m0.014s
 
608720333715.4655 608956501509.1871 1405127495482.165 1405518727998.903

real	0m0.468s
user	0m0.874s
sys	0m0.023s
 
TRANS1
 
8054296.570499997 8377212.617400005 11041896.78059999 11521723.02599998

real	0m0.609s
user	0m1.213s
sys	0m0.001s
 
67005585.50399998 69693523.28640002 92209626.6390001 96222702.65399998

real	0m0.776s
user	0m1.544s
sys	0m0.002s
 
56602.02200000002 58658.48450000003 83130.86099999996 86296.01680000003

real	0m0.646s
user	0m1.287s
sys	0m0.001s
 
297546749.5919997 308581623.7314994 440770097.583 457946307.1219999

real	0m0.553s
user	0m1.098s
sys	0m0.002s
 
8054296.570499997 8144829.910200007 11426434.83180001 11521723.02599998

real	0m0.832s
user	0m1.658s
sys	0m0.000s
 
67005585.50399998 67746880.83150004 95442432.67260008 96222702.65399998

real	0m1.071s
user	0m2.131s
sys	0m0.001s
 
56602.02200000002 56765.4044 86117.12820000002 86296.01680000003

real	0m0.858s
user	0m1.710s
sys	0m0.000s
 
297546749.5919997 299613096.1240003 455678605.3310006 457946307.1219999

real	0m0.896s
user	0m1.783s
sys	0m0.002s
 
301.3441 301.7106 379.168 379.5840000000001

real	0m0.611s
user	0m1.216s
sys	0m0.002s
 
45022.4809 45027.16379999999 57025.89409999999 57031.226

real	0m1.118s
user	0m2.197s
sys	0m0.005s
 
79343.34260000002 79353.49420000002 105856.4262 105868.395

real	0m0.695s
user	0m1.359s
sys	0m0.006s
 
77470.43699999999 77485.73999999999 107948.34 107966.91

real	0m0.440s
user	0m0.856s
sys	0m0.006s
 
109.241 111.7864 142.1856 145.251

real	0m3.049s
user	0m6.081s
sys	0m0.002s
 
1739639.1343 1765026.6362 3156552.835599999 3194056.931000001

real	0m0.920s
user	0m1.835s
sys	0m0.000s
 
40128631.98950006 40455680.77900002 81101463.51099998 81608296.35000008

real	0m0.677s
user	0m1.347s
sys	0m0.001s
 
185145.8628 186726.9552 353878.6176 356259.936

real	0m1.002s
user	0m1.995s
sys	0m0.001s
 
5650057.303000003 5674398.905999999 11835110.684 11873364.25000001

real	0m0.785s
user	0m1.563s
sys	0m0.000s
 
3539227257.462 3543179262.324003 8019509498.519998 8025995052.400001

real	0m0.291s
user	0m0.567s
sys	0m0.006s
 
66219776245.92168 66260257446.05717 151986883006.3699 152053753059.55

real	0m0.335s
user	0m0.637s
sys	0m0.012s
 
166212294937.3991 166288626284.498 382568140639.0098 382694366833.2999

real	0m0.316s
user	0m0.581s
sys	0m0.015s
 
608720333715.4655 608956501509.1871 1405127495482.165 1405518727998.903

real	0m0.648s
user	0m1.192s
sys	0m0.029s
 
1512441.733 1524415.266 2968657.650000001 2986772.5

real	0m0.618s
user	0m1.230s
sys	0m0.001s
 
608720333715.4655 608956501509.1871 1405127495482.165 1405518727998.903

real	0m0.357s
user	0m0.630s
sys	0m0.022s
 
TRANS2
 
8054296.570499997 8377212.617400005 11041896.78059999 11521723.02599998

real	0m0.725s
user	0m1.443s
sys	0m0.001s
 
67005585.50399998 69693523.28640002 92209626.6390001 96222702.65399998

real	0m0.972s
user	0m1.935s
sys	0m0.001s
 
56602.02200000002 58658.48450000003 83130.86099999996 86296.01680000003

real	0m0.768s
user	0m1.529s
sys	0m0.002s
 
297546749.5919997 308581623.7314994 440770097.583 457946307.1219999

real	0m1.072s
user	0m2.135s
sys	0m0.001s
 
8054296.570499997 8144829.910200007 11426434.83180001 11521723.02599998

real	0m0.630s
user	0m1.253s
sys	0m0.003s
 
67005585.50399998 67746880.83150004 95442432.67260008 96222702.65399998

real	0m0.804s
user	0m1.600s
sys	0m0.002s
 
56602.02200000002 56765.4044 86117.12820000002 86296.01680000003

real	0m0.546s
user	0m1.086s
sys	0m0.001s
 
297546749.5919997 299613096.1240003 455678605.3310006 457946307.1219999

real	0m0.597s
user	0m1.186s
sys	0m0.001s
 
301.3441 301.7106 379.168 379.5840000000001

real	0m1.052s
user	0m2.095s
sys	0m0.001s
 
45022.4809 45027.16379999999 57025.89409999999 57031.226

real	0m1.179s
user	0m2.317s
sys	0m0.006s
 
79343.34260000002 79353.49420000002 105856.4262 105868.395

real	0m0.747s
user	0m1.463s
sys	0m0.006s
 
77470.43699999999 77485.73999999999 107948.34 107966.91

real	0m0.464s
user	0m0.908s
sys	0m0.003s
 
109.241 111.7864 142.1856 145.251

real	0m2.873s
user	0m5.731s
sys	0m0.001s
 
1739639.1343 1765026.6362 3156552.835599999 3194056.931000001

real	0m0.798s
user	0m1.589s
sys	0m0.001s
 
40128631.98950006 40455680.77900002 81101463.51099998 81608296.35000008

real	0m0.543s
user	0m1.080s
sys	0m0.001s
 
185145.8628 186726.9552 353878.6176 356259.936

real	0m0.751s
user	0m1.496s
sys	0m0.001s
 
5650057.303000003 5674398.905999999 11835110.684 11873364.25000001

real	0m0.620s
user	0m1.233s
sys	0m0.001s
 
3539227257.462 3543179262.324003 8019509498.519998 8025995052.400001

real	0m0.203s
user	0m0.392s
sys	0m0.005s
 
66219776245.92168 66260257446.05717 151986883006.3699 152053753059.55

real	0m0.265s
user	0m0.497s
sys	0m0.012s
 
166212294937.3991 166288626284.498 382568140639.0098 382694366833.2999

real	0m0.248s
user	0m0.442s
sys	0m0.015s
 
608720333715.4655 608956501509.1871 1405127495482.165 1405518727998.903

real	0m0.516s
user	0m0.938s
sys	0m0.019s
 
1512441.733 1524415.266 2968657.650000001 2986772.5

real	0m0.534s
user	0m1.062s
sys	0m0.001s
 
608720333715.4655 608956501509.1871 1405127495482.165 1405518727998.903

real	0m0.282s
user	0m0.491s
sys	0m0.014s
 
TRANS12
 
8054296.570499997 8377212.617400005 11041896.78059999 11521723.02599998

real	0m0.506s
user	0m1.007s
sys	0m0.001s
 
67005585.50399998 69693523.28640002 92209626.6390001 96222702.65399998

real	0m0.622s
user	0m1.239s
sys	0m0.000s
 
56602.02200000002 58658.48450000003 83130.86099999996 86296.01680000003

real	0m0.303s
user	0m0.602s
sys	0m0.001s
 
297546749.5919997 308581623.7314994 440770097.583 457946307.1219999

real	0m0.392s
user	0m0.778s
sys	0m0.002s
 
8054296.570499997 8144829.910200007 11426434.83180001 11521723.02599998

real	0m0.986s
user	0m1.966s
sys	0m0.000s
 
67005585.50399998 67746880.83150004 95442432.67260008 96222702.65399998

real	0m1.252s
user	0m2.493s
sys	0m0.002s
 
56602.02200000002 56765.4044 86117.12820000002 86296.01680000003

real	0m1.329s
user	0m2.651s
sys	0m0.000s
 
297546749.5919997 299613096.1240003 455678605.3310006 457946307.1219999

real	0m1.114s
user	0m2.218s
sys	0m0.001s
 
301.3441 301.7106 379.168 379.5840000000001

real	0m1.461s
user	0m2.912s
sys	0m0.001s
 
45022.4809 45027.16379999999 57025.89409999999 57031.226

real	0m1.634s
user	0m3.223s
sys	0m0.008s
 
79343.34260000002 79353.49420000002 105856.4262 105868.395

real	0m1.055s
user	0m2.077s
sys	0m0.007s
 
77470.43699999999 77485.73999999999 107948.34 107966.91

real	0m0.896s
user	0m1.770s
sys	0m0.005s
 
109.241 111.7864 142.1856 145.251

real	0m3.069s
user	0m6.121s
sys	0m0.001s
 
1739639.1343 1765026.6362 3156552.835599999 3194056.931000001

real	0m0.905s
user	0m1.802s
sys	0m0.001s
 
40128631.98950006 40455680.77900002 81101463.51099998 81608296.35000008

real	0m0.607s
user	0m1.206s
sys	0m0.002s
 
185145.8628 186726.9552 353878.6176 356259.936

real	0m0.768s
user	0m1.529s
sys	0m0.001s
 
5650057.303000003 5674398.905999999 11835110.684 11873364.25000001

real	0m0.554s
user	0m1.101s
sys	0m0.001s
 
3539227257.462 3543179262.324003 8019509498.519998 8025995052.400001

real	0m0.231s
user	0m0.446s
sys	0m0.005s
 
66219776245.92168 66260257446.05717 151986883006.3699 152053753059.55

real	0m0.334s
user	0m0.627s
sys	0m0.013s
 
166212294937.3991 166288626284.498 382568140639.0098 382694366833.2999

real	0m0.360s
user	0m0.652s
sys	0m0.014s
 
608720333715.4655 608956501509.1871 1405127495482.165 1405518727998.903

real	0m0.745s
user	0m1.345s
sys	0m0.026s
 
SPECIAL
 
0.04840000000000001

real	0m26.513s
user	0m52.907s
sys	0m0.001s
 
0.04840000000000001

real	0m26.482s
user	0m52.843s
sys	0m0.001s
 
0.04840000000000001

real	0m26.057s
user	0m51.997s
sys	0m0.002s
 
53.79660000000001 53.79880000000001 58.68060000000001 58.68280000000001

real	0m2.051s
user	0m4.091s
sys	0m0.000s
 
53.79660000000001 53.79880000000001 58.68060000000001 58.68280000000001

real	0m1.882s
user	0m3.750s
sys	0m0.003s
 
9698907.663399996

real	0m1.352s
user	0m2.696s
sys	0m0.001s
 
9698907.663399996

real	0m1.344s
user	0m2.679s
sys	0m0.001s
 
0.04840000000000001

real	0m27.599s
user	0m55.075s
sys	0m0.001s
 
53.79660000000001 53.79880000000001 58.68060000000001 58.68280000000001

real	0m2.210s
user	0m4.408s
sys	0m0.001s
 
53.79660000000001 53.79880000000001 58.68060000000001 58.68280000000001

real	0m2.163s
user	0m4.312s
sys	0m0.003s
 
9698907.663399996

real	0m1.385s
user	0m2.763s
sys	0m0.000s
 
3948765877.809497 3955170852.914604 5863853434.234404 5870258409.339499

real	0m1.509s
user	0m2.983s
sys	0m0.004s
 
3948765877.809497 3955170852.914604 5863853434.234404 5870258409.339499

real	0m1.269s
user	0m2.511s
sys	0m0.003s
 
0.04840000000000001

real	0m28.109s
user	0m56.092s
sys	0m0.002s
 
53.79660000000001 53.79880000000001 58.68060000000001 58.68280000000001

real	0m2.207s
user	0m4.400s
sys	0m0.001s
 
53.79660000000001 53.79880000000001 58.68060000000001 58.68280000000001

real	0m1.946s
user	0m3.880s
sys	0m0.000s
 
9698907.663399996

real	0m1.386s
user	0m2.763s
sys	0m0.001s
 
3948765877.809497 3955170852.914604 5863853434.234404 5870258409.339499

real	0m1.601s
user	0m3.166s
sys	0m0.002s
 
3948765877.809497 3955170852.914604 5863853434.234404 5870258409.339499

real	0m1.272s
user	0m2.516s
sys	0m0.004s
 
0.04840000000000001

real	0m27.611s
user	0m54.939s
sys	0m0.001s
 
53.79660000000001 53.79880000000001 58.68060000000001 58.68280000000001

real	0m2.195s
user	0m4.377s
sys	0m0.001s
 
53.79660000000001 53.79880000000001 58.68060000000001 58.68280000000001

real	0m2.132s
user	0m4.253s
sys	0m0.000s
 
9698907.663399996

real	0m1.384s
user	0m2.757s
sys	0m0.002s
 
3948765877.809497 3955170852.914604 5863853434.234404 5870258409.339499

real	0m1.510s
user	0m2.985s
sys	0m0.004s
 
3948765877.809497 3955170852.914604 5863853434.234404 5870258409.339499

real	0m1.380s
user	0m2.718s
sys	0m0.003s
 
0.04840000000000001

real	0m28.188s
user	0m56.250s
sys	0m0.000s
 
53.79660000000001 53.79880000000001 58.68060000000001 58.68280000000001

real	0m2.053s
user	0m4.092s
sys	0m0.002s
 
53.79660000000001 53.79880000000001 58.68060000000001 58.68280000000001

real	0m2.088s
user	0m4.163s
sys	0m0.001s
 
9698907.663399996

real	0m1.427s
user	0m2.746s
sys	0m0.001s
 
3948765877.809497 3955170852.914604 5863853434.234404 5870258409.339499

real	0m1.508s
user	0m2.979s
sys	0m0.004s
 
3948765877.809497 3955170852.914604 5863853434.234404 5870258409.339499

real	0m1.363s
user	0m2.686s
sys	0m0.005s
 
3037.1121 3037.6632 3611.409 3612.01

real	0m0.610s
user	0m1.210s
sys	0m0.002s
 
3037.1121 3037.6632 3611.409 3612.01

real	0m0.623s
user	0m1.237s
sys	0m0.001s
 
3037.1121 3037.6632 3611.409 3612.01

real	0m0.612s
user	0m1.215s
sys	0m0.001s
 
3037.1121 3037.6632 3611.409 3612.01

real	0m0.612s
user	0m1.213s
sys	0m0.003s
 
SEQUENCE
 
37624.35618 38872.44188 52954.76458 54712.31628

real	0m0.453s
user	0m0.901s
sys	0m0.001s
 
4350478614.186048 4405620767.888449 7321622135.843186 7393481577.214199

real	0m0.467s
user	0m0.930s
sys	0m0.001s
 
48832437279.8918 49241016265.74157 88512227219.28583 89040617812.03206

real	0m1.255s
user	0m2.499s
sys	0m0.002s
 
18696443068.18007 18840087100.15867 37617583432.7108 37823564976.3486

real	0m0.322s
user	0m0.639s
sys	0m0.000s
 
4.901614166865179e+18 4.912723296455448e+18 1.084442578747924e+19 1.086100449795465e+19

real	0m0.208s
user	0m0.408s
sys	0m0.003s
 
1.647418946230568e+16 1.649160037624473e+16 3.768465979697054e+16 3.771108024027194e+16

real	0m0.300s
user	0m0.582s
sys	0m0.007s
 
4.48881116501821e+17 4.490640601531962e+17 1.03730934601686e+18 1.03758774958278e+18

real	0m0.222s
user	0m0.401s
sys	0m0.018s
 
4.48881116501821e+17 4.490640601531962e+17 1.03730934601686e+18 1.03758774958278e+18

real	0m0.560s
user	0m1.042s
sys	0m0.019s
 
4.48881116501821e+17 4.490640601531962e+17 1.03730934601686e+18 1.03758774958278e+18

real	0m0.598s
user	0m1.105s
sys	0m0.022s
 
8.382424294553979e+29 8.385850640122295e+29 1.937388035390321e+30 1.93790724339292e+30

real	0m0.246s
user	0m0.440s
sys	0m0.021s
 
8.382424294553979e+29 8.385850640122295e+29 1.937388035390321e+30 1.93790724339292e+30

real	0m0.354s
user	0m0.619s
sys	0m0.022s
 
8.382424294553979e+29 8.385850640122295e+29 1.937388035390321e+30 1.93790724339292e+30

real	0m0.359s
user	0m0.630s
sys	0m0.025s
 
8.382424294553979e+29 8.385850640122295e+29 1.937388035390321e+30 1.93790724339292e+30

real	0m0.369s
user	0m0.654s
sys	0m0.020s
 
8.382424294553979e+29 8.385850640122295e+29 1.937388035390321e+30 1.93790724339292e+30

real	0m0.336s
user	0m0.584s
sys	0m0.025s
 
8.382424294553979e+29 8.385850640122295e+29 1.937388035390321e+30 1.93790724339292e+30

real	0m0.339s
user	0m0.595s
sys	0m0.022s
 
374124590164.9393 378323909405.297 483306890414.2386 487506209654.5964

real	0m0.520s
user	0m1.035s
sys	0m0.000s
 
8003498375443.188 8040830216224.574 11400695886549.59 11438027727330.98

real	0m0.329s
user	0m0.652s
sys	0m0.001s
 
467292080353.7709 473215316635.7608 603526514839.5372 609449751121.5272

real	0m1.244s
user	0m2.480s
sys	0m0.001s
 
22856685758006.32 23032721850853.32 32186598678896.97 32362634771743.98

real	0m0.659s
user	0m1.311s
sys	0m0.001s
